2016/02/06 13:35:42 this is an event
2016/02/06 13:37:33 this is an event
2016/02/06 13:38:33 this is an event
logscommand.go:40: XXX REGISTER 0xc82001a1b0 0xc82001a1b0
logscommand.go:40: XXX REGISTER 0xc82001a2d0 0xc82001a2d0
logscommand.go:40: XXX REGISTER 0xc82001a360 0xc82001a360
logscommand.go:40: XXX REGISTER 0xc82001a3f0 0xc82001a3f0
logscommand.go:40: XXX REGISTER 0xc820122000 0xc820122000
logscommand.go:40: XXX REGISTER 0xc82001a480 0xc82001a480
logscommand.go:40: XXX REGISTER 0xc820122090 0xc820122090
logscommand.go:40: XXX REGISTER 0xc82013e000 0xc82013e000
logscommand.go:40: XXX REGISTER 0xc82001a1b0 0xc82001a1b0
logscommand.go:40: XXX REGISTER 0xc82001a2d0 0xc82001a2d0
logscommand.go:40: XXX REGISTER 0xc82011a000 0xc82011a000
logscommand.go:40: XXX REGISTER 0xc82001a360 0xc82001a360
logscommand.go:40: XXX REGISTER 0xc820136000 0xc820136000
logscommand.go:40: XXX REGISTER 0xc82011a090 0xc82011a090
logscommand.go:40: XXX REGISTER 0xc82001a3f0 0xc82001a3f0
logscommand.go:40: XXX REGISTER 0xc820136090 0xc820136090
logscommand.go:40: XXX REGISTER 0xc82001a480 0xc82001a480
logscommand.go:40: XXX REGISTER 0xc820136120 0xc820136120
logscommand.go:40: XXX REGISTER 0xc82011a120 0xc82011a120
logscommand.go:40: XXX REGISTER 0xc82001a510 0xc82001a510
logscommand.go:40: XXX REGISTER 0xc8201361b0 0xc8201361b0
logscommand.go:40: XXX REGISTER 0xc82001a5a0 0xc82001a5a0
logscommand.go:40: XXX REGISTER 0xc820136240 0xc820136240
logscommand.go:40: XXX REGISTER 0xc82001a630 0xc82001a630
logscommand.go:40: XXX REGISTER 0xc82011a1b0 0xc82011a1b0
logscommand.go:40: XXX REGISTER 0xc82001a6c0 0xc82001a6c0
logscommand.go:40: XXX REGISTER 0xc8201362d0 0xc8201362d0
logscommand.go:40: XXX REGISTER 0xc820136360 0xc820136360
logscommand.go:40: XXX REGISTER 0xc82011a240 0xc82011a240
logscommand.go:40: XXX REGISTER 0xc82001a750 0xc82001a750
logscommand.go:40: XXX REGISTER 0xc82011a2d0 0xc82011a2d0
logscommand.go:40: XXX REGISTER 0xc82001a7e0 0xc82001a7e0
logscommand.go:40: XXX REGISTER 0xc82011a360 0xc82011a360
logscommand.go:40: XXX REGISTER 0xc8201363f0 0xc8201363f0
logscommand.go:40: XXX REGISTER 0xc82001a870 0xc82001a870
logscommand.go:40: XXX REGISTER 0xc820136480 0xc820136480
logscommand.go:40: XXX REGISTER 0xc82011a3f0 0xc82011a3f0
logscommand.go:40: XXX REGISTER 0xc820136510 0xc820136510
logscommand.go:40: XXX REGISTER 0xc82011a480 0xc82011a480
logscommand.go:40: XXX REGISTER 0xc82001a900 0xc82001a900
logscommand.go:40: XXX REGISTER 0xc82011a510 0xc82011a510
logscommand.go:40: XXX REGISTER 0xc82001a990 0xc82001a990
logscommand.go:40: XXX REGISTER 0xc82011a5a0 0xc82011a5a0
logscommand.go:40: XXX REGISTER 0xc82001aa20 0xc82001aa20
logscommand.go:40: XXX REGISTER 0xc82011a630 0xc82011a630
logscommand.go:40: XXX REGISTER 0xc82001aab0 0xc82001aab0
logscommand.go:40: XXX REGISTER 0xc82001ab40 0xc82001ab40
logscommand.go:40: XXX REGISTER 0xc8201365a0 0xc8201365a0
logscommand.go:40: XXX REGISTER 0xc82001abd0 0xc82001abd0
logscommand.go:40: XXX IN REGISTER 0xc8200e4000 0xc8200e4000
logscommand.go:40: XXX IN REGISTER 0xc82001a1b0 0xc82001a1b0
logscommand.go:40: XXX IN REGISTER 0xc82001a240 0xc82001a240
logscommand.go:40: XXX IN REGISTER 0xc82001a240 0xc82001a240
logscommand.go:40: XXX IN REGISTER 0xc82001a1b0 0xc82001a1b0
logscommand.go:40: XXX IN REGISTER 0xc82001a1b0 0xc82001a1b0
logscommand.go:40: XXX IN REGISTER 0xc82001a240 0xc82001a240
logscommand.go:40: XXX IN REGISTER 0xc82001a1b0 0xc82001a1b0
logskomanda.go:53: BEFORE REGISTER 0xc8200a2280 0xc8200a2280
logscommand.go:40: XXX IN REGISTER 0xc82001a1b0 0xc82001a1b0
logskomanda.go:100: BEFORE REGISTER 0xc8200a2280 0xc8200a2280
logskomanda.go:53: BEFORE REGISTER 0xc8200a2280 0xc8200a2280
logscommand.go:40: XXX IN REGISTER 0xc82001a1b0 0xc82001a1b0
logskomanda.go:100: BEFORE REGISTER 0xc8200a2280 0xc8200a2280
logskomanda.go:53: BEFORE REGISTER 0xc8200a2280 0xc8200a2280
logscommand.go:40: XXX IN REGISTER 0xc82001a1b0 0xc82001a1b0
logskomanda.go:100: BEFORE REGISTER 0xc8200a2280 0xc8200a2280
logskomanda.go:53: BEFORE REGISTER 0xc8200a2280 0xc8200a2280
logscommand.go:40: XXX IN REGISTER 0xc82001a1b0 0xc82001a1b0
logskomanda.go:100: BEFORE REGISTER 0xc8200a2280 0xc8200a2280
logscommand.go:40: XXX IN REGISTER 0xc82001a1b0 0xc82001a1b0
logskomanda.go:55: BEFORE REGISTER 0xc8200a2280 0xc8200a2280
logskomanda.go:100: BEFORE REGISTER 0xc8200a2280 0xc8200a2280
logscommand.go:40: XXX IN REGISTER 0xc82001a1b0 0xc82001a1b0
logskomanda.go:55: BEFORE REGISTER 0xc8200a2280 0xc8200a2280
logskomanda.go:100: BEFORE REGISTER 0xc8200a2280 0xc8200a2280
logslayout.go:33: LAYOUT 0xc8200a2280 0xc8200a2280
logslayout.go:33: LAYOUT 0xc8200a2280 0xc8200a2280
logscommand.go:40: XXX IN REGISTER 0xc82001a1b0 0xc82001a1b0
logskomanda.go:55: BEFORE REGISTER 0xc8200a2280 0xc8200a2280
logskomanda.go:100: BEFORE REGISTER 0xc8200a2280 0xc8200a2280
logslayout.go:35: LAYOUT 0xc8200a2280 0xc8200a2280
logscommand.go:40: XXX IN REGISTER 0xc82001a1b0 0xc82001a1b0
logskomanda.go:55: BEFORE REGISTER 0xc8200a2280 0xc8200a2280
logskomanda.go:100: BEFORE REGISTER 0xc8200a2280 0xc8200a2280
logslayout.go:35: LAYOUT 0xc8200a2280 0xc8200a2280
logscommand.go:40: XXX IN REGISTER 0xc82001a2d0 0xc82001a2d0
logskomanda.go:55: BEFORE REGISTER 0xc8200a2280 0xc8200a2280
logskomanda.go:100: BEFORE REGISTER 0xc8200a2280 0xc8200a2280
logslayout.go:34: LAYOUT 0xc8200a2280 0xc8200a2280
logscommand.go:40: XXX IN REGISTER 0xc82001a2d0 0xc82001a2d0
logskomanda.go:55: BEFORE REGISTER 0xc8200a2280 0xc8200a2280
logskomanda.go:100: BEFORE REGISTER 0xc8200a2280 0xc8200a2280
logslayout.go:34: LAYOUT 0xc8200a2280 0xc8200a2280
logscommand.go:40: XXX IN REGISTER 0xc82001a1b0 0xc82001a1b0
logskomanda.go:56: BEFORE REGISTER 0xc8200a2280 0xc8200a2280
logskomanda.go:101: BEFORE REGISTER 0xc8200a2280 0xc8200a2280
logslayout.go:34: LAYOUT 0xc8200a2280 0xc8200a2280
logscommand.go:40: XXX IN REGISTER 0xc82001a240 0xc82001a240
logskomanda.go:56: BEFORE REGISTER 0xc8200a2280 0xc8200a2280
logskomanda.go:101: BEFORE REGISTER 0xc8200a2280 0xc8200a2280
logslayout.go:34: LAYOUT 0xc8200a2280 0xc8200a2280
logscommand.go:40: XXX IN REGISTER 0xc82001a1b0 0xc82001a1b0
logskomanda.go:56: BEFORE REGISTER 0xc8200a2280 0xc8200a2280
logskomanda.go:101: BEFORE REGISTER 0xc8200a2280 0xc8200a2280
logslayout.go:34: LAYOUT 0xc8200a2280 0xc8200a2280
logscommand.go:40: XXX IN REGISTER 0xc8200c0120 0xc8200c0120
logskomanda.go:56: BEFORE REGISTER 0xc8200b8280 0xc8200b8280
logskomanda.go:101: BEFORE REGISTER 0xc8200b8280 0xc8200b8280
logslayout.go:34: LAYOUT 0xc8200b8280 0xc8200b8280
logscommand.go:40: XXX IN REGISTER 0xc82001a1b0 0xc82001a1b0
logskomanda.go:56: BEFORE REGISTER 0xc8200a2280 0xc8200a2280
logskomanda.go:101: BEFORE REGISTER 0xc8200a2280 0xc8200a2280
logslayout.go:34: LAYOUT 0xc8200a2280 0xc8200a2280
logscommand.go:40: XXX IN REGISTER 0xc82001a1b0 0xc82001a1b0
logskomanda.go:56: BEFORE REGISTER 0xc8200a2280 0xc8200a2280
logskomanda.go:101: BEFORE REGISTER 0xc8200a2280 0xc8200a2280
logslayout.go:34: LAYOUT 0xc8200a2280 0xc8200a2280
logscommand.go:40: XXX IN REGISTER 0xc82001a240 0xc82001a240
logskomanda.go:56: BEFORE REGISTER 0xc8200a2280 0xc8200a2280
logskomanda.go:101: BEFORE REGISTER 0xc8200a2280 0xc8200a2280
logslayout.go:34: LAYOUT 0xc8200a2280 0xc8200a2280
logscommand.go:40: XXX IN REGISTER 0xc82001a1b0 0xc82001a1b0
logskomanda.go:56: BEFORE REGISTER 0xc8200a2280 0xc8200a2280
logskomanda.go:101: BEFORE REGISTER 0xc8200a2280 0xc8200a2280
logslayout.go:34: LAYOUT 0xc8200a2280 0xc8200a2280
logscommand.go:40: XXX IN REGISTER 0xc82001a1b0 0xc82001a1b0
logskomanda.go:56: BEFORE REGISTER 0xc8200a2280 0xc8200a2280
logskomanda.go:108: BEFORE REGISTER 0xc8200a2280 0xc8200a2280
logslayout.go:34: LAYOUT 0xc8200a2280 0xc8200a2280
logscommand.go:40: XXX IN REGISTER 0xc82001a1b0 0xc82001a1b0
logskomanda.go:56: BEFORE REGISTER 0xc8200a2280 0xc8200a2280
logskomanda.go:108: BEFORE REGISTER 0xc8200a2280 0xc8200a2280
logslayout.go:34: LAYOUT 0xc8200a2280 0xc8200a2280
logsutil.go:122: SET CHANNEL status
logsutil.go:122: SET CHANNEL status
logsutil.go:122: SET CHANNEL status
logsutil.go:122: SET CHANNEL status
logsutil.go:122: SET CHANNEL status
logsutil.go:122: SET CHANNEL status
logsutil.go:122: SET CHANNEL status
logscommand.go:40: XXX IN REGISTER 0xc82001a1b0 0xc82001a1b0
logskomanda.go:56: BEFORE REGISTER 0xc8200a2280 0xc8200a2280
logskomanda.go:108: BEFORE REGISTER 0xc8200a2280 0xc8200a2280
logslayout.go:34: LAYOUT 0xc8200a2280 0xc8200a2280
logsutil.go:122: SET CHANNEL #i3
logsutil.go:122: SET CHANNEL status
logsutil.go:122: SET CHANNEL #i3
logsutil.go:122: SET CHANNEL status
logsutil.go:122: SET CHANNEL #i3
logsutil.go:122: SET CHANNEL status
logsutil.go:122: SET CHANNEL #i3
logsutil.go:122: SET CHANNEL status
logsutil.go:122: SET CHANNEL #i3
logsutil.go:122: SET CHANNEL status
logsutil.go:122: SET CHANNEL #i3
logsutil.go:122: SET CHANNEL status
logsutil.go:122: SET CHANNEL #i3
logsutil.go:122: SET CHANNEL status
logsutil.go:122: SET CHANNEL #i3
logsutil.go:122: SET CHANNEL status
logsutil.go:122: SET CHANNEL status
logsutil.go:122: SET CHANNEL status
logsutil.go:122: SET CHANNEL status
logsutil.go:122: SET CHANNEL status
logscommand.go:40: XXX IN REGISTER 0xc82001a1b0 0xc82001a1b0
logskomanda.go:56: BEFORE REGISTER 0xc8200a2280 0xc8200a2280
logskomanda.go:108: BEFORE REGISTER 0xc8200a2280 0xc8200a2280
logslayout.go:34: LAYOUT 0xc8200a2280 0xc8200a2280
logscommand.go:40: XXX IN REGISTER 0xc82001a1b0 0xc82001a1b0
logskomanda.go:56: BEFORE REGISTER 0xc8200a2280 0xc8200a2280
logskomanda.go:108: BEFORE REGISTER 0xc8200a2280 0xc8200a2280
logslayout.go:34: LAYOUT 0xc8200a2280 0xc8200a2280
logscommand.go:40: XXX IN REGISTER 0xc82001a1b0 0xc82001a1b0
logskomanda.go:56: BEFORE REGISTER 0xc8200a2280 0xc8200a2280
logskomanda.go:108: BEFORE REGISTER 0xc8200a2280 0xc8200a2280
logslayout.go:34: LAYOUT 0xc8200a2280 0xc8200a2280
logscommand.go:40: XXX IN REGISTER 0xc82001a1b0 0xc82001a1b0
logskomanda.go:56: BEFORE REGISTER 0xc8200a2280 0xc8200a2280
logskomanda.go:108: BEFORE REGISTER 0xc8200a2280 0xc8200a2280
logslayout.go:34: LAYOUT 0xc8200a2280 0xc8200a2280
logscommand.go:40: XXX IN REGISTER 0xc82001a1b0 0xc82001a1b0
logskomanda.go:56: BEFORE REGISTER 0xc8200a2280 0xc8200a2280
logskomanda.go:108: BEFORE REGISTER 0xc8200a2280 0xc8200a2280
logslayout.go:34: LAYOUT 0xc8200a2280 0xc8200a2280
logsutil.go:25: LINE 
logsutil.go:25: LINE 
logsutil.go:25: LINE 
logsutil.go:25: LINE 
logsutil.go:25: LINE 
logsutil.go:25: LINE asdasdasdadf,kjbhasdlfk jhalsdkjfh laksjdf asdf
logsutil.go:25: LINE 
logsutil.go:25: LINE 
logsutil.go:25: LINE 
logsutil.go:25: LINE 
logsutil.go:25: LINE 
logsutil.go:25: LINE /exit
logscommand.go:40: XXX IN REGISTER 0xc82001a240 0xc82001a240
logskomanda.go:56: BEFORE REGISTER 0xc8200a2280 0xc8200a2280
logskomanda.go:108: BEFORE REGISTER 0xc8200a2280 0xc8200a2280
logslayout.go:34: LAYOUT 0xc8200a2280 0xc8200a2280
logsutil.go:25: LINE 
logsutil.go:25: LINE 
logsutil.go:25: LINE 
logsutil.go:25: LINE 
logsutil.go:25: LINE 
logsutil.go:25: LINE 
logsutil.go:25: LINE 
logsutil.go:25: LINE 
logsutil.go:25: LINE 
logsutil.go:25: LINE 
logsutil.go:25: LINE 
logsutil.go:25: LINE 
logsutil.go:25: LINE 
logsutil.go:25: LINE 
logsutil.go:25: LINE 
logsutil.go:25: LINE 
logsutil.go:25: LINE 
logsutil.go:25: LINE 
logsutil.go:25: LINE 
logscommand.go:40: XXX IN REGISTER 0xc82001a1b0 0xc82001a1b0
logskomanda.go:56: BEFORE REGISTER 0xc8200a2280 0xc8200a2280
logskomanda.go:108: BEFORE REGISTER 0xc8200a2280 0xc8200a2280
logslayout.go:34: LAYOUT 0xc8200a2280 0xc8200a2280
logsutil.go:25: LINE 
logsutil.go:25: LINE 
logsutil.go:25: LINE 
logsutil.go:25: LINE 
logsutil.go:25: LINE /exit
logscommand.go:40: XXX IN REGISTER 0xc82001a1b0 0xc82001a1b0
logskomanda.go:56: BEFORE REGISTER 0xc820096280 0xc820096280
logskomanda.go:108: BEFORE REGISTER 0xc820096280 0xc820096280
logslayout.go:34: LAYOUT 0xc820096280 0xc820096280
logsutil.go:25: LINE asdlfjkhnlaksdjh flkajsdf
logsutil.go:25: LINE /connect
logsutil.go:25: LINE /join #cooltestword
logsutil.go:25: LINE hello
logsutil.go:25: LINE 
logsutil.go:25: LINE 
logsutil.go:25: LINE 
logsutil.go:25: LINE asd
logsutil.go:25: LINE /exit
logscommand.go:40: XXX IN REGISTER 0xc82001a240 0xc82001a240
logskomanda.go:56: BEFORE REGISTER 0xc8200a2280 0xc8200a2280
logskomanda.go:108: BEFORE REGISTER 0xc8200a2280 0xc8200a2280
logslayout.go:34: LAYOUT 0xc8200a2280 0xc8200a2280
logsutil.go:25: LINE /connect
logsutil.go:25: LINE /join #cooltestword
logsutil.go:25: LINE hello
logsutil.go:25: LINE /join #i3
logsutil.go:125: SET CHANNEL #cooltestword
logsutil.go:125: SET CHANNEL #i3
logsutil.go:125: SET CHANNEL status
logsutil.go:125: SET CHANNEL #cooltestword
logsutil.go:125: SET CHANNEL #i3
logsutil.go:125: SET CHANNEL status
logsutil.go:125: SET CHANNEL #cooltestword
logsutil.go:125: SET CHANNEL #i3
logsutil.go:125: SET CHANNEL status
logsutil.go:125: SET CHANNEL #cooltestword
logsutil.go:25: LINE /exit
logscommand.go:40: XXX IN REGISTER 0xc82001a1b0 0xc82001a1b0
logskomanda.go:56: BEFORE REGISTER 0xc8200a2280 0xc8200a2280
logskomanda.go:108: BEFORE REGISTER 0xc8200a2280 0xc8200a2280
logslayout.go:34: LAYOUT 0xc8200a2280 0xc8200a2280
logsutil.go:128: SET CHANNEL status
logsutil.go:128: SET CHANNEL status
logsutil.go:128: SET CHANNEL status
logsutil.go:128: SET CHANNEL status
logsutil.go:128: SET CHANNEL status
logsutil.go:128: SET CHANNEL status
logsutil.go:25: LINE /connect
logsutil.go:25: LINE /join #cooltestword
logsutil.go:25: LINE hello
logsutil.go:128: SET CHANNEL #cooltestword
logsutil.go:128: SET CHANNEL status
logsutil.go:128: SET CHANNEL #cooltestword
logsutil.go:128: SET CHANNEL status
logsutil.go:128: SET CHANNEL #cooltestword
logsutil.go:128: SET CHANNEL status
logsutil.go:25: LINE /exit
logscommand.go:40: XXX IN REGISTER 0xc82001a1b0 0xc82001a1b0
logskomanda.go:56: BEFORE REGISTER 0xc8200a2280 0xc8200a2280
logskomanda.go:108: BEFORE REGISTER 0xc8200a2280 0xc8200a2280
logslayout.go:34: LAYOUT 0xc8200a2280 0xc8200a2280
logsutil.go:128: SET CHANNEL status
logsutil.go:128: SET CHANNEL status
logsutil.go:128: SET CHANNEL status
logsutil.go:25: LINE /connect
logsutil.go:25: LINE /join #cooltestword
logsutil.go:128: SET CHANNEL #cooltestword
logsutil.go:128: SET CHANNEL status
logsutil.go:128: SET CHANNEL #cooltestword
logsutil.go:128: SET CHANNEL status
logsutil.go:128: SET CHANNEL #cooltestword
logsutil.go:128: SET CHANNEL status
logsutil.go:128: SET CHANNEL #cooltestword
logsutil.go:25: LINE /exit
logscommand.go:40: XXX IN REGISTER 0xc82001a1b0 0xc82001a1b0
logskomanda.go:56: BEFORE REGISTER 0xc8200a2280 0xc8200a2280
logskomanda.go:108: BEFORE REGISTER 0xc8200a2280 0xc8200a2280
logslayout.go:34: LAYOUT 0xc8200a2280 0xc8200a2280
logsutil.go:128: SET CHANNEL status
logsutil.go:128: SET CHANNEL status
logsutil.go:128: SET CHANNEL status
logsutil.go:128: SET CHANNEL status
logsutil.go:128: SET CHANNEL status
logsutil.go:128: SET CHANNEL status
logsutil.go:25: LINE /exit
logscommand.go:40: XXX IN REGISTER 0xc82001a1b0 0xc82001a1b0
logskomanda.go:56: BEFORE REGISTER 0xc8200a2280 0xc8200a2280
logskomanda.go:108: BEFORE REGISTER 0xc8200a2280 0xc8200a2280
logslayout.go:34: LAYOUT 0xc8200a2280 0xc8200a2280
logsutil.go:144: RESIZE -10000000 -9999962 -9999883 -9999959
logsutil.go:144: RESIZE -1 -1 116 37
logsutil.go:128: SET CHANNEL status
logsutil.go:144: RESIZE -10000000 -9999962 -9999883 -9999959
logsutil.go:144: RESIZE -1 -1 116 37
logsutil.go:128: SET CHANNEL status
logsutil.go:144: RESIZE -10000000 -9999962 -9999883 -9999959
logsutil.go:144: RESIZE -1 -1 116 37
logsutil.go:128: SET CHANNEL status
logsutil.go:144: RESIZE -10000000 -9999962 -9999883 -9999959
logsutil.go:144: RESIZE -1 -1 116 37
logsutil.go:128: SET CHANNEL status
logsutil.go:144: RESIZE -10000000 -9999962 -9999883 -9999959
logsutil.go:144: RESIZE -1 -1 116 37
logsutil.go:128: SET CHANNEL status
logsutil.go:144: RESIZE -10000000 -9999962 -9999883 -9999959
logsutil.go:144: RESIZE -1 -1 116 37
logsutil.go:128: SET CHANNEL status
logsutil.go:144: RESIZE -10000000 -9999962 -9999883 -9999959
logsutil.go:144: RESIZE -1 -1 116 37
logsutil.go:128: SET CHANNEL status
logsutil.go:144: RESIZE -10000000 -9999962 -9999883 -9999959
logsutil.go:144: RESIZE -1 -1 116 37
logsutil.go:128: SET CHANNEL status
logsutil.go:144: RESIZE -10000000 -9999962 -9999883 -9999959
logsutil.go:144: RESIZE -1 -1 116 37
logsutil.go:128: SET CHANNEL status
logsutil.go:144: RESIZE -10000000 -9999962 -9999883 -9999959
logsutil.go:144: RESIZE -1 -1 116 37
logsutil.go:128: SET CHANNEL status
logsutil.go:144: RESIZE -10000000 -9999962 -9999883 -9999959
logsutil.go:144: RESIZE -1 -1 116 37
logsutil.go:128: SET CHANNEL status
logsutil.go:144: RESIZE -10000000 -9999962 -9999883 -9999959
logsutil.go:144: RESIZE -1 -1 116 37
logsutil.go:128: SET CHANNEL status
logsutil.go:144: RESIZE -10000000 -9999962 -9999883 -9999959
logsutil.go:144: RESIZE -1 -1 116 37
logsutil.go:128: SET CHANNEL status
logsutil.go:144: RESIZE -10000000 -9999962 -9999883 -9999959
logsutil.go:144: RESIZE -1 -1 116 37
logsutil.go:128: SET CHANNEL status
logsutil.go:25: LINE /connect
logsutil.go:25: LINE /join #cooltestword
logsutil.go:144: RESIZE -10000000 -9999962 -9999883 -9999959
logsutil.go:144: RESIZE -1 -1 116 37
logsutil.go:128: SET CHANNEL #cooltestword
logsutil.go:144: RESIZE -10000000 -9999962 -9999883 -9999959
logsutil.go:144: RESIZE -1 -1 116 37
logsutil.go:128: SET CHANNEL status
logsutil.go:144: RESIZE -10000000 -9999962 -9999883 -9999959
logsutil.go:144: RESIZE -1 -1 116 37
logsutil.go:128: SET CHANNEL #cooltestword
logsutil.go:144: RESIZE -10000000 -9999962 -9999883 -9999959
logsutil.go:144: RESIZE -1 -1 116 37
logsutil.go:128: SET CHANNEL status
logsutil.go:144: RESIZE -10000000 -9999962 -9999883 -9999959
logsutil.go:144: RESIZE -1 -1 116 37
logsutil.go:128: SET CHANNEL #cooltestword
logsutil.go:144: RESIZE -10000000 -9999962 -9999883 -9999959
logsutil.go:144: RESIZE -1 -1 116 37
logsutil.go:128: SET CHANNEL status
logsutil.go:144: RESIZE -10000000 -9999962 -9999883 -9999959
logsutil.go:144: RESIZE -1 -1 116 37
logsutil.go:128: SET CHANNEL #cooltestword
logsutil.go:144: RESIZE -10000000 -9999962 -9999883 -9999959
logsutil.go:144: RESIZE -1 -1 116 37
logsutil.go:128: SET CHANNEL status
logsutil.go:25: LINE ////asdasd
logsutil.go:25: LINE /exit
logscommand.go:40: XXX IN REGISTER 0xc82001a1b0 0xc82001a1b0
logskomanda.go:56: BEFORE REGISTER 0xc8200a2280 0xc8200a2280
logskomanda.go:108: BEFORE REGISTER 0xc8200a2280 0xc8200a2280
logslayout.go:34: LAYOUT 0xc8200a2280 0xc8200a2280
logsutil.go:144: RESIZE -10000000 37 -9999883 40
logsutil.go:144: RESIZE -1 -1 116 37
logsutil.go:128: SET CHANNEL status
logsutil.go:144: RESIZE -10000000 37 -9999883 40
logsutil.go:144: RESIZE -1 -1 116 37
logsutil.go:128: SET CHANNEL status
logsutil.go:144: RESIZE -10000000 37 -9999883 40
logsutil.go:144: RESIZE -1 -1 116 37
logsutil.go:128: SET CHANNEL status
logsutil.go:144: RESIZE -10000000 37 -9999883 40
logsutil.go:144: RESIZE -1 -1 116 37
logsutil.go:128: SET CHANNEL status
logsutil.go:144: RESIZE -10000000 37 -9999883 40
logsutil.go:144: RESIZE -1 -1 116 37
logsutil.go:128: SET CHANNEL status
logsutil.go:25: LINE 
logsutil.go:25: LINE 1;5C1;5B1;5B1;5B1;5B1;5A1;5C1;5C1;5C1;5C1;5C1;5C1;5C1;5C1;5C1;5C1;5C1;5C1;
logsutil.go:25: LINE 
logsutil.go:25: LINE 
logsutil.go:25: LINE 
logsutil.go:25: LINE 
logsutil.go:25: LINE 
logsutil.go:25: LINE 
logsutil.go:25: LINE /connect
logsutil.go:25: LINE /join #cooltestword
logsutil.go:25: LINE hello
logsutil.go:25: LINE sadfasdf
logsutil.go:25: LINE asdf
logsutil.go:25: LINE omg
logsutil.go:144: RESIZE -10000000 37 -9999883 40
logsutil.go:144: RESIZE -1 -1 116 37
logsutil.go:128: SET CHANNEL #cooltestword
logsutil.go:144: RESIZE -10000000 37 -9999883 40
logsutil.go:144: RESIZE -1 -1 116 37
logsutil.go:128: SET CHANNEL status
logsutil.go:144: RESIZE -10000000 37 -9999883 40
logsutil.go:144: RESIZE -1 -1 116 37
logsutil.go:128: SET CHANNEL #cooltestword
logsutil.go:144: RESIZE -10000000 37 -9999883 40
logsutil.go:144: RESIZE -1 -1 116 37
logsutil.go:128: SET CHANNEL status
logsutil.go:144: RESIZE -10000000 37 -9999883 40
logsutil.go:144: RESIZE -1 -1 116 37
logsutil.go:128: SET CHANNEL #cooltestword
logsutil.go:144: RESIZE -10000000 37 -9999883 40
logsutil.go:144: RESIZE -1 -1 116 37
logsutil.go:128: SET CHANNEL status
logsutil.go:25: LINE 
logsutil.go:25: LINE /exit
logscommand.go:40: XXX IN REGISTER 0xc82001a1b0 0xc82001a1b0
logskomanda.go:56: BEFORE REGISTER 0xc8200a2280 0xc8200a2280
logskomanda.go:108: BEFORE REGISTER 0xc8200a2280 0xc8200a2280
logslayout.go:34: LAYOUT 0xc8200a2280 0xc8200a2280
logsutil.go:25: LINE /connect
logsutil.go:25: LINE /join #cooltestword
logsstatus.go:55: JOIN (*irc.Event)(0xc8201ce100)({
 Code: (string) (len=4) "JOIN",
 Raw: (string) (len=97) ":mephuxtestconnec!~mephux@209-6-205-162.c3-0.smr-ubr2.sbo-smr.ma.cable.rcn.com JOIN #cooltestword",
 Nick: (string) (len=16) "mephuxtestconnec",
 Host: (string) (len=52) "209-6-205-162.c3-0.smr-ubr2.sbo-smr.ma.cable.rcn.com",
 Source: (string) (len=77) "mephuxtestconnec!~mephux@209-6-205-162.c3-0.smr-ubr2.sbo-smr.ma.cable.rcn.com",
 User: (string) (len=7) "~mephux",
 Arguments: ([]string) (len=1 cap=1) {
  (string) (len=13) "#cooltestword"
 },
 Connection: (*irc.Connection)(0xc820090360)({
  WaitGroup: (sync.WaitGroup) {
   state1: ([12]uint8) (len=12 cap=12) {
    00000000  00 00 00 00 03 00 00 00  00 00 00 00              |............|
   },
   sema: (uint32) 0
  },
  Debug: (bool) false,
  Error: (chan error) (cap=2) 0xc820146180,
  Password: (string) "",
  UseTLS: (bool) false,
  TLSConfig: (*tls.Config)(<nil>),
  Version: (string) (len=16) "go-ircevent v2.1",
  Timeout: (time.Duration) 1m0s,
  PingFreq: (time.Duration) 15m0s,
  KeepAlive: (time.Duration) 4m0s,
  Server: (string) (len=21) "irc.freenode.net:6667",
  socket: (*net.TCPConn)(0xc820130080)({
   conn: (net.conn) {
    fd: (*net.netFD)(0xc82012ea80)({
     fdmu: (net.fdMutex) {
      state: (uint64) 10,
      rsema: (uint32) 0,
      wsema: (uint32) 0
     },
     sysfd: (int) 7,
     family: (int) 2,
     sotype: (int) 1,
     isConnected: (bool) true,
     net: (string) (len=3) "tcp",
     laddr: (*net.TCPAddr)(0xc82011f500)(192.168.0.7:49374),
     raddr: (*net.TCPAddr)(0xc82011f530)(192.186.157.43:6667),
     pd: (net.pollDesc) {
      runtimeCtx: (uintptr) 0x7fcf87a26698
     }
    })
   }
  }),
  pwrite: (chan string) (cap=10) 0xc820146120,
  end: (chan struct {}) 0xc82001e7e0,
  nick: (string) (len=17) "mephuxtestconnect",
  nickcurrent: (string) (len=16) "mephuxtestconnec",
  user: (string) (len=6) "mephux",
  registered: (bool) false,
  events: (map[string]map[string]func(*irc.Event)) (len=26) {
   (string) (len=3) "221": (map[string]func(*irc.Event)) (len=1) {
    (string) (len=40) "4f378eac7b58ca47296dd443af52616a64f31866": (func(*irc.Event)) 0x487290
   },
   (string) (len=4) "JOIN": (map[string]func(*irc.Event)) (len=1) {
    (string) (len=40) "802232746507aeb639ae4b71a6a371d2d412dab2": (func(*irc.Event)) 0x487340
   },
   (string) (len=5) "ERROR": (map[string]func(*irc.Event)) (len=1) {
    (string) (len=40) "2772a737ac68b77b2b2028bf18a404f12cf0e84e": (func(*irc.Event)) 0x4e4020
   },
   (string) (len=9) "CTCP_TIME": (map[string]func(*irc.Event)) (len=1) {
    (string) (len=40) "476bfdb7a433fee0eb6b807fed41ec73a3041459": (func(*irc.Event)) 0x4e46a0
   },
   (string) (len=4) "PONG": (map[string]func(*irc.Event)) (len=1) {
    (string) (len=40) "26c27eb410b611505f2c7a60c3e6a5503d245112": (func(*irc.Event)) 0x4e5070
   },
   (string) (len=3) "005": (map[string]func(*irc.Event)) (len=1) {
    (string) (len=40) "1281f38d5fafce71399226c9ae0b9e9375d8b2a6": (func(*irc.Event)) 0x487290
   },
   (string) (len=3) "378": (map[string]func(*irc.Event)) (len=1) {
    (string) (len=40) "a75a9e785c9143ff620c8bcbe56fa04189b81879": (func(*irc.Event)) 0x487290
   },
   (string) (len=3) "004": (map[string]func(*irc.Event)) (len=1) {
    (string) (len=40) "c2f68c741ab05743dc089c07c53b6f3c72ebe74b": (func(*irc.Event)) 0x487290
   },
   (string) (len=7) "PRIVMSG": (map[string]func(*irc.Event)) (len=1) {
    (string) (len=40) "e72b31d7ffb40cc4633fb7780895cc52f7b9362b": (func(*irc.Event)) 0x482b00
   },
   (string) (len=4) "PING": (map[string]func(*irc.Event)) (len=1) {
    (string) (len=40) "6405186c5e28ed3a2004aaccc8b24bf14600e884": (func(*irc.Event)) 0x4e4050
   },
   (string) (len=12) "CTCP_VERSION": (map[string]func(*irc.Event)) (len=1) {
    (string) (len=40) "bd0e6591663a94084e1f92c6c9f2ba7850d91511": (func(*irc.Event)) 0x4e41d0
   },
   (string) (len=15) "CTCP_CLIENTINFO": (map[string]func(*irc.Event)) (len=1) {
    (string) (len=40) "2fa4ccec7bfe2a05416392198f35c78f56744779": (func(*irc.Event)) 0x4e4570
   },
   (string) (len=9) "CTCP_PING": (map[string]func(*irc.Event)) (len=1) {
    (string) (len=40) "2b3b3d053e2420bfa5378519ccb02aeb1ee590da": (func(*irc.Event)) 0x4e48b0
   },
   (string) (len=3) "003": (map[string]func(*irc.Event)) (len=1) {
    (string) (len=40) "e9ba4275a79cdc702848b429285c92de91dec290": (func(*irc.Event)) 0x487290
   },
   (string) (len=3) "007": (map[string]func(*irc.Event)) (len=1) {
    (string) (len=40) "dc73156382d56669723c10a3c56f02142c2de2b3": (func(*irc.Event)) 0x487290
   },
   (string) (len=3) "375": (map[string]func(*irc.Event)) (len=1) {
    (string) (len=40) "dc404bc7cc3a073a29e25017078d9e3d85734017": (func(*irc.Event)) 0x487290
   },
   (string) (len=3) "372": (map[string]func(*irc.Event)) (len=1) {
    (string) (len=40) "edb607806ecaea3f9fdc4b5533a16e455dda0957": (func(*irc.Event)) 0x487290
   },
   (string) (len=13) "CTCP_USERINFO": (map[string]func(*irc.Event)) (len=1) {
    (string) (len=40) "591561ec5b151176a752c1c7c8abccd3eab7c0ab": (func(*irc.Event)) 0x4e43a0
   },
   (string) (len=3) "433": (map[string]func(*irc.Event)) (len=1) {
    (string) (len=40) "02dd4ccca13a5f38c8835777379e918ddea77177": (func(*irc.Event)) 0x4e4db0
   },
   (string) (len=3) "001": (map[string]func(*irc.Event)) (len=2) {
    (string) (len=40) "dcf767e041cc9477d55300154f0ed82e478d4cc1": (func(*irc.Event)) 0x4e5410,
    (string) (len=40) "590892dbb93be9f7e7b87628dac739207b596532": (func(*irc.Event)) 0x487290
   },
   (string) (len=1) "0": (map[string]func(*irc.Event)) (len=1) {
    (string) (len=40) "fc051c92d8b17cd9d1d0fcc64d4d500b3d89e3e2": (func(*irc.Event)) 0x487290
   },
   (string) (len=3) "002": (map[string]func(*irc.Event)) (len=1) {
    (string) (len=40) "1ae2a86600e34064ae45b2e11ac6009ee0e8fdae": (func(*irc.Event)) 0x487290
   },
   (string) (len=3) "377": (map[string]func(*irc.Event)) (len=1) {
    (string) (len=40) "e52d89cea7406c3917fe6e40ff831bc93619842c": (func(*irc.Event)) 0x487290
   },
   (string) (len=3) "376": (map[string]func(*irc.Event)) (len=1) {
    (string) (len=40) "4adc5880c2a3b4269e80c25e54b49724921dfb18": (func(*irc.Event)) 0x487290
   },
   (string) (len=3) "437": (map[string]func(*irc.Event)) (len=1) {
    (string) (len=40) "71e23e67d50ee1417460c1cca878f1413527ade7": (func(*irc.Event)) 0x4e4af0
   },
   (string) (len=4) "NICK": (map[string]func(*irc.Event)) (len=1) {
    (string) (len=40) "dbe371664ca6b9d98aa4b097731d64250c0d7f60": (func(*irc.Event)) 0x4e52b0
   }
  },
  lastMessage: (time.Time) 2016-02-06 15:43:13.623507348 -0500 EST,
  VerboseCallbackHandler: (bool) false,
  Log: (*log.Logger)(0xc820014780)({
   mu: (sync.Mutex) {
    state: (int32) 0,
    sema: (uint32) 0
   },
   prefix: (string) "",
   flag: (int) 0,
   out: (*gocui.View)(0xc8200e6000)({
    name: (string) (len=6) "status",
    x0: (int) -1,
    y0: (int) -1,
    x1: (int) 116,
    y1: (int) 37,
    ox: (int) 0,
    oy: (int) 30,
    cx: (int) 0,
    cy: (int) 0,
    lines: ([][]int32) (len=60 cap=64) {
     ([]int32) <nil>,
     ([]int32) (len=64 cap=64) {
      (int32) 32,
      (int32) 32,
      (int32) 9608,
      (int32) 9608,
      (int32) 9559,
      (int32) 32,
      (int32) 32,
      (int32) 9608,
      (int32) 9608,
      (int32) 9559,
      (int32) 32,
      (int32) 9608,
      (int32) 9608,
      (int32) 9608,
      (int32) 9608,
      (int32) 9608,
      (int32) 9608,
      (int32) 9559,
      (int32) 32,
      (int32) 9608,
      (int32) 9608,
      (int32) 9608,
      (int32) 9559,
      (int32) 32,
      (int32) 32,
      (int32) 32,
      (int32) 9608,
      (int32) 9608,
      (int32) 9608,
      (int32) 9559,
      (int32) 32,
      (int32) 9608,
      (int32) 9608,
      (int32) 9608,
      (int32) 9608,
      (int32) 9608,
      (int32) 9559,
      (int32) 32,
      (int32) 9608,
      (int32) 9608,
      (int32) 9608,
      (int32) 9559,
      (int32) 32,
      (int32) 32,
      (int32) 32,
      (int32) 9608,
      (int32) 9608,
      (int32) 9559,
      (int32) 9608,
      (int32) 9608,
      (int32) 9608,
      (int32) 9608,
      (int32) 9608,
      (int32) 9608,
      (int32) 9559,
      (int32) 32,
      (int32) 32,
      (int32) 9608,
      (int32) 9608,
      (int32) 9608,
      (int32) 9608,
      (int32) 9608,
      (int32) 9559,
      (int32) 32
     },
     ([]int32) (len=64 cap=64) {
      (int32) 32,
      (int32) 32,
      (int32) 9608,
      (int32) 9608,
      (int32) 9553,
      (int32) 32,
      (int32) 9608,
      (int32) 9608,
      (int32) 9556,
      (int32) 9565,
      (int32) 9608,
      (int32) 9608,
      (int32) 9556,
      (int32) 9552,
      (int32) 9552,
      (int32) 9552,
      (int32) 9608,
      (int32) 9608,
      (int32) 9559,
      (int32) 9608,
      (int32) 9608,
      (int32) 9608,
      (int32) 9608,
      (int32) 9559,
      (int32) 32,
      (int32) 9608,
      (int32) 9608,
      (int32) 9608,
      (int32) 9608,
      (int32) 9553,
      (int32) 9608,
      (int32) 9608,
      (int32) 9556,
      (int32) 9552,
      (int32) 9552,
      (int32) 9608,
      (int32) 9608,
      (int32) 9559,
      (int32) 9608,
      (int32) 9608,
      (int32) 9608,
      (int32) 9608,
      (int32) 9559,
      (int32) 32,
      (int32) 32,
      (int32) 9608,
      (int32) 9608,
      (int32) 9553,
      (int32) 9608,
      (int32) 9608,
      (int32) 9556,
      (int32) 9552,
      (int32) 9552,
      (int32) 9608,
      (int32) 9608,
      (int32) 9559,
      (int32) 9608,
      (int32) 9608,
      (int32) 9556,
      (int32) 9552,
      (int32) 9552,
      (int32) 9608,
      (int32) 9608,
      (int32) 9559
     },
     ([]int32) (len=64 cap=64) {
      (int32) 32,
      (int32) 32,
      (int32) 9608,
      (int32) 9608,
      (int32) 9608,
      (int32) 9608,
      (int32) 9608,
      (int32) 9556,
      (int32) 9565,
      (int32) 32,
      (int32) 9608,
      (int32) 9608,
      (int32) 9553,
      (int32) 32,
      (int32) 32,
      (int32) 32,
      (int32) 9608,
      (int32) 9608,
      (int32) 9553,
      (int32) 9608,
      (int32) 9608,
      (int32) 9556,
      (int32) 9608,
      (int32) 9608,
      (int32) 9608,
      (int32) 9608,
      (int32) 9556,
      (int32) 9608,
      (int32) 9608,
      (int32) 9553,
      (int32) 9608,
      (int32) 9608,
      (int32) 9608,
      (int32) 9608,
      (int32) 9608,
      (int32) 9608,
      (int32) 9608,
      (int32) 9553,
      (int32) 9608,
      (int32) 9608,
      (int32) 9556,
      (int32) 9608,
      (int32) 9608,
      (int32) 9559,
      (int32) 32,
      (int32) 9608,
      (int32) 9608,
      (int32) 9553,
      (int32) 9608,
      (int32) 9608,
      (int32) 9553,
      (int32) 32,
      (int32) 32,
      (int32) 9608,
      (int32) 9608,
      (int32) 9553,
      (int32) 9608,
      (int32) 9608,
      (int32) 9608,
      (int32) 9608,
      (int32) 9608,
      (int32) 9608,
      (int32) 9608,
      (int32) 9553
     },
     ([]int32) (len=64 cap=64) {
      (int32) 32,
      (int32) 32,
      (int32) 9608,
      (int32) 9608,
      (int32) 9556,
      (int32) 9552,
      (int32) 9608,
      (int32) 9608,
      (int32) 9559,
      (int32) 32,
      (int32) 9608,
      (int32) 9608,
      (int32) 9553,
      (int32) 32,
      (int32) 32,
      (int32) 32,
      (int32) 9608,
      (int32) 9608,
      (int32) 9553,
      (int32) 9608,
      (int32) 9608,
      (int32) 9553,
      (int32) 9562,
      (int32) 9608,
      (int32) 9608,
      (int32) 9556,
      (int32) 9565,
      (int32) 9608,
      (int32) 9608,
      (int32) 9553,
      (int32) 9608,
      (int32) 9608,
      (int32) 9556,
      (int32) 9552,
      (int32) 9552,
      (int32) 9608,
      (int32) 9608,
      (int32) 9553,
      (int32) 9608,
      (int32) 9608,
      (int32) 9553,
      (int32) 9562,
      (int32) 9608,
      (int32) 9608,
      (int32) 9559,
      (int32) 9608,
      (int32) 9608,
      (int32) 9553,
      (int32) 9608,
      (int32) 9608,
      (int32) 9553,
      (int32) 32,
      (int32) 32,
      (int32) 9608,
      (int32) 9608,
      (int32) 9553,
      (int32) 9608,
      (int32) 9608,
      (int32) 9556,
      (int32) 9552,
      (int32) 9552,
      (int32) 9608,
      (int32) 9608,
      (int32) 9553
     },
     ([]int32) (len=64 cap=64) {
      (int32) 32,
      (int32) 32,
      (int32) 9608,
      (int32) 9608,
      (int32) 9553,
      (int32) 32,
      (int32) 32,
      (int32) 9608,
      (int32) 9608,
      (int32) 9559,
      (int32) 9562,
      (int32) 9608,
      (int32) 9608,
      (int32) 9608,
      (int32) 9608,
      (int32) 9608,
      (int32) 9608,
      (int32) 9556,
      (int32) 9565,
      (int32) 9608,
      (int32) 9608,
      (int32) 9553,
      (int32) 32,
      (int32) 9562,
      (int32) 9552,
      (int32) 9565,
      (int32) 32,
      (int32) 9608,
      (int32) 9608,
      (int32) 9553,
      (int32) 9608,
      (int32) 9608,
      (int32) 9553,
      (int32) 32,
      (int32) 32,
      (int32) 9608,
      (int32) 9608,
      (int32) 9553,
      (int32) 9608,
      (int32) 9608,
      (int32) 9553,
      (int32) 32,
      (int32) 9562,
      (int32) 9608,
      (int32) 9608,
      (int32) 9608,
      (int32) 9608,
      (int32) 9553,
      (int32) 9608,
      (int32) 9608,
      (int32) 9608,
      (int32) 9608,
      (int32) 9608,
      (int32) 9608,
      (int32) 9556,
      (int32) 9565,
      (int32) 9608,
      (int32) 9608,
      (int32) 9553,
      (int32) 32,
      (int32) 32,
      (int32) 9608,
      (int32) 9608,
      (int32) 9553
     },
     ([]int32) (len=64 cap=64) {
      (int32) 32,
      (int32) 32,
      (int32) 9562,
      (int32) 9552,
      (int32) 9565,
      (int32) 32,
      (int32) 32,
      (int32) 9562,
      (int32) 9552,
      (int32) 9565,
      (int32) 32,
      (int32) 9562,
      (int32) 9552,
      (int32) 9552,
      (int32) 9552,
      (int32) 9552,
      (int32) 9552,
      (int32) 9565,
      (int32) 32,
      (int32) 9562,
      (int32) 9552,
      (int32) 9565,
      (int32) 32,
      (int32) 32,
      (int32) 32,
      (int32) 32,
      (int32) 32,
      (int32) 9562,
      (int32) 9552,
      (int32) 9565,
      (int32) 9562,
      (int32) 9552,
      (int32) 9565,
      (int32) 32,
      (int32) 32,
      (int32) 9562,
      (int32) 9552,
      (int32) 9565,
      (int32) 9562,
      (int32) 9552,
      (int32) 9565,
      (int32) 32,
      (int32) 32,
      (int32) 9562,
      (int32) 9552,
      (int32) 9552,
      (int32) 9552,
      (int32) 9565,
      (int32) 9562,
      (int32) 9552,
      (int32) 9552,
      (int32) 9552,
      (int32) 9552,
      (int32) 9552,
      (int32) 9565,
      (int32) 32,
      (int32) 9562,
      (int32) 9552,
      (int32) 9565,
      (int32) 32,
      (int32) 32,
      (int32) 9562,
      (int32) 9552,
      (int32) 9565
     },
     ([]int32) (len=55 cap=64) {
      (int32) 32,
      (int32) 32,
      (int32) 86,
      (int32) 101,
      (int32) 114,
      (int32) 115,
      (int32) 105,
      (int32) 111,
      (int32) 110,
      (int32) 58,
      (int32) 32,
      (int32) 48,
      (int32) 46,
      (int32) 49,
      (int32) 46,
      (int32) 48,
      (int32) 32,
      (int32) 83,
      (int32) 111,
      (int32) 117,
      (int32) 114,
      (int32) 99,
      (int32) 101,
      (int32) 32,
      (int32) 67,
      (int32) 111,
      (int32) 100,
      (int32) 101,
      (int32) 58,
      (int32) 32,
      (int32) 103,
      (int32) 105,
      (int32) 116,
      (int32) 104,
      (int32) 117,
      (int32) 98,
      (int32) 46,
      (int32) 99,
      (int32) 111,
      (int32) 109,
      (int32) 47,
      (int32) 109,
      (int32) 101,
      (int32) 112,
      (int32) 104,
      (int32) 117,
      (int32) 120,
      (int32) 47,
      (int32) 107,
      (int32) 111,
      (int32) 109,
      (int32) 97,
      (int32) 110,
      (int32) 100,
      (int32) 97
     },
     ([]int32) <nil>,
     ([]int32) (len=19 cap=32) {
      (int32) 71,
      (int32) 79,
      (int32) 32,
      (int32) 67,
      (int32) 79,
      (int32) 77,
      (int32) 60,
      (int32) 77,
      (int32) 65,
      (int32) 78,
      (int32) 68,
      (int32) 32,
      (int32) 99,
      (int32) 111,
      (int32) 110,
      (int32) 110,
      (int32) 101,
      (int32) 99,
      (int32) 116
     },
     ([]int32) (len=29 cap=32) {
      (int32) 71,
      (int32) 111,
      (int32) 116,
      (int32) 32,
      (int32) 67,
      (int32) 111,
      (int32) 110,
      (int32) 110,
      (int32) 101,
      (int32) 99,
      (int32) 116,
      (int32) 32,
      (int32) 67,
      (int32) 111,
      (int32) 109,
      (int32) 109,
      (int32) 97,
      (int32) 110,
      (int32) 100,
      (int32) 32,
      (int32) 91,
      (int32) 99,
      (int32) 111,
      (int32) 110,
      (int32) 110,
      (int32) 101,
      (int32) 99,
      (int32) 116,
      (int32) 93
     },
     ([]int32) (len=56 cap=64) {
      (int32) 67,
      (int32) 111,
      (int32) 110,
      (int32) 110,
      (int32) 101,
      (int32) 99,
      (int32) 116,
      (int32) 101,
      (int32) 100,
      (int32) 32,
      (int32) 116,
      (int32) 111,
      (int32) 32,
      (int32) 105,
      (int32) 114,
      (int32) 99,
      (int32) 46,
      (int32) 102,
      (int32) 114,
      (int32) 101,
      (int32) 101,
      (int32) 110,
      (int32) 111,
      (int32) 100,
      (int32) 101,
      (int32) 46,
      (int32) 110,
      (int32) 101,
      (int32) 116,
      (int32) 58,
      (int32) 54,
      (int32) 54,
      (int32) 54,
      (int32) 55,
      (int32) 32,
      (int32) 40,
      (int32) 49,
      (int32) 57,
      (int32) 50,
      (int32) 46,
      (int32) 49,
      (int32) 56,
      (int32) 54,
      (int32) 46,
      (int32) 49,
      (int32) 53,
      (int32) 55,
      (int32) 46,
      (int32) 52,
      (int32) 51,
      (int32) 58,
      (int32) 54,
      (int32) 54,
      (int32) 54,
      (int32) 55,
      (int32) 41
     },
     ([]int32) (len=124 cap=128) {
      (int32) 58,
      (int32) 116,
      (int32) 101,
      (int32) 112,
      (int32) 112,
      (int32) 101,
      (int32) 114,
      (int32) 46,
      (int32) 102,
      (int32) 114,
      (int32) 101,
      (int32) 101,
      (int32) 110,
      (int32) 111,
      (int32) 100,
      (int32) 101,
      (int32) 46,
      (int32) 110,
      (int32) 101,
      (int32) 116,
      (int32) 32,
      (int32) 48,
      (int32) 48,
      (int32) 53,
      (int32) 32,
      (int32) 109,
      (int32) 101,
      (int32) 112,
      (int32) 104,
      (int32) 117,
      (int32) 120,
      (int32) 116,
      (int32) 101,
      (int32) 115,
      (int32) 116,
      (int32) 99,
      (int32) 111,
      (int32) 110,
      (int32) 110,
      (int32) 101,
      (int32) 99,
      (int32) 32,
      (int32) 69,
      (int32) 88,
      (int32) 84,
      (int32) 66,
      (int32) 65,
      (int32) 78,
      (int32) 61,
      (int32) 36,
      (int32) 44,
      (int32) 97,
      (int32) 106,
      (int32) 114,
      (int32) 120,
      (int32) 122,
      (int32) 32,
      (int32) 87,
      (int32) 72,
      (int32) 79,
      (int32) 88,
      (int32) 32,
      (int32) 67,
      (int32) 76,
      (int32) 73,
      (int32) 69,
      (int32) 78,
      (int32) 84,
      (int32) 86,
      (int32) 69,
      (int32) 82,
      (int32) 61,
      (int32) 51,
      (int32) 46,
      (int32) 48,
      (int32) 32,
      (int32) 83,
      (int32) 65,
      (int32) 70,
      (int32) 69,
      (int32) 76,
      (int32) 73,
      (int32) 83,
      (int32) 84,
      (int32) 32,
      (int32) 69,
      (int32) 76,
      (int32) 73,
      (int32) 83,
      (int32) 84,
      (int32) 61,
      (int32) 67,
      (int32) 84,
      (int32) 85,
      (int32) 32,
      (int32) 58,
      (int32) 97,
      (int32) 114,
      (int32) 101,
      (int32) 32,
      (int32) 115,
      (int32) 117,
      (int32) 112,
      (int32) 112,
      (int32) 111,
      (int32) 114,
      (int32) 116,
      (int32) 101,
      (int32) 100,
      (int32) 32,
      (int32) 98,
      (int32) 121,
      (int32) 32,
      (int32) 116,
      (int32) 104,
      (int32) 105,
      (int32) 115,
      (int32) 32,
      (int32) 115,
      (int32) 101,
      (int32) 114,
      (int32) 118,
      (int32) 101,
      (int32) 114
     },
     ([]int32) (len=98 cap=128) {
      (int32) 58,
      (int32) 116,
      (int32) 101,
      (int32) 112,
      (int32) 112,
      (int32) 101,
      (int32) 114,
      (int32) 46,
      (int32) 102,
      (int32) 114,
      (int32) 101,
      (int32) 101,
      (int32) 110,
      (int32) 111,
      (int32) 100,
      (int32) 101,
      (int32) 46,
      (int32) 110,
      (int32) 101,
      (int32) 116,
      (int32) 32,
      (int32) 48,
      (int32) 48,
      (int32) 51,
      (int32) 32,
      (int32) 109,
      (int32) 101,
      (int32) 112,
      (int32) 104,
      (int32) 117,
      (int32) 120,
      (int32) 116,
      (int32) 101,
      (int32) 115,
      (int32) 116,
      (int32) 99,
      (int32) 111,
      (int32) 110,
      (int32) 110,
      (int32) 101,
      (int32) 99,
      (int32) 32,
      (int32) 58,
      (int32) 84,
      (int32) 104,
      (int32) 105,
      (int32) 115,
      (int32) 32,
      (int32) 115,
      (int32) 101,
      (int32) 114,
      (int32) 118,
      (int32) 101,
      (int32) 114,
      (int32) 32,
      (int32) 119,
      (int32) 97,
      (int32) 115,
      (int32) 32,
      (int32) 99,
      (int32) 114,
      (int32) 101,
      (int32) 97,
      (int32) 116,
      (int32) 101,
      (int32) 100,
      (int32) 32,
      (int32) 84,
      (int32) 104,
      (int32) 117,
      (int32) 32,
      (int32) 74,
      (int32) 117,
      (int32) 110,
      (int32) 32,
      (int32) 49,
      (int32) 56,
      (int32) 32,
      (int32) 50,
      (int32) 48,
      (int32) 49,
      (int32) 53,
      (int32) 32,
      (int32) 97,
      (int32) 116,
      (int32) 32,
      (int32) 49,
      (int32) 57,
      (int32) 58,
      (int32) 53,
      (int32) 55,
      (int32) 58,
      (int32) 49,
      (int32) 57,
      (int32) 32,
      (int32) 85,
      (int32) 84,
      (int32) 67
     },
     ([]int32) (len=111 cap=128) {
      (int32) 58,
      (int32) 116,
      (int32) 101,
      (int32) 112,
      (int32) 112,
      (int32) 101,
      (int32) 114,
      (int32) 46,
      (int32) 102,
      (int32) 114,
      (int32) 101,
      (int32) 101,
      (int32) 110,
      (int32) 111,
      (int32) 100,
      (int32) 101,
      (int32) 46,
      (int32) 110,
      (int32) 101,
      (int32) 116,
      (int32) 32,
      (int32) 48,
      (int32) 48,
      (int32) 49,
      (int32) 32,
      (int32) 109,
      (int32) 101,
      (int32) 112,
      (int32) 104,
      (int32) 117,
      (int32) 120,
      (int32) 116,
      (int32) 101,
      (int32) 115,
      (int32) 116,
      (int32) 99,
      (int32) 111,
      (int32) 110,
      (int32) 110,
      (int32) 101,
      (int32) 99,
      (int32) 32,
      (int32) 58,
      (int32) 87,
      (int32) 101,
      (int32) 108,
      (int32) 99,
      (int32) 111,
      (int32) 109,
      (int32) 101,
      (int32) 32,
      (int32) 116,
      (int32) 111,
      (int32) 32,
      (int32) 116,
      (int32) 104,
      (int32) 101,
      (int32) 32,
      (int32) 102,
      (int32) 114,
      (int32) 101,
      (int32) 101,
      (int32) 110,
      (int32) 111,
      (int32) 100,
      (int32) 101,
      (int32) 32,
      (int32) 73,
      (int32) 110,
      (int32) 116,
      (int32) 101,
      (int32) 114,
      (int32) 110,
      (int32) 101,
      (int32) 116,
      (int32) 32,
      (int32) 82,
      (int32) 101,
      (int32) 108,
      (int32) 97,
      (int32) 121,
      (int32) 32,
      (int32) 67,
      (int32) 104,
      (int32) 97,
      (int32) 116,
      (int32) 32,
      (int32) 78,
      (int32) 101,
      (int32) 116,
      (int32) 119,
      (int32) 111,
      (int32) 114,
      (int32) 107,
      (int32) 32,
      (int32) 109,
      (int32) 101,
      (int32) 112,
      (int32) 104,
      (int32) 117,
      (int32) 120,
      (int32) 116,
      (int32) 101,
      (int32) 115,
      (int32) 116,
      (int32) 99,
      (int32) 111,
      (int32) 110,
      (int32) 110,
      (int32) 101,
      (int32) 99
     },
     ([]int32) (len=130 cap=256) {
      (int32) 58,
      (int32) 116,
      (int32) 101,
      (int32) 112,
      (int32) 112,
      (int32) 101,
      (int32) 114,
      (int32) 46,
      (int32) 102,
      (int32) 114,
      (int32) 101,
      (int32) 101,
      (int32) 110,
      (int32) 111,
      (int32) 100,
      (int32) 101,
      (int32) 46,
      (int32) 110,
      (int32) 101,
      (int32) 116,
      (int32) 32,
      (int32) 48,
      (int32) 48,
      (int32) 50,
      (int32) 32,
      (int32) 109,
      (int32) 101,
      (int32) 112,
      (int32) 104,
      (int32) 117,
      (int32) 120,
      (int32) 116,
      (int32) 101,
      (int32) 115,
      (int32) 116,
      (int32) 99,
      (int32) 111,
      (int32) 110,
      (int32) 110,
      (int32) 101,
      (int32) 99,
      (int32) 32,
      (int32) 58,
      (int32) 89,
      (int32) 111,
      (int32) 117,
      (int32) 114,
      (int32) 32,
      (int32) 104,
      (int32) 111,
      (int32) 115,
      (int32) 116,
      (int32) 32,
      (int32) 105,
      (int32) 115,
      (int32) 32,
      (int32) 116,
      (int32) 101,
      (int32) 112,
      (int32) 112,
      (int32) 101,
      (int32) 114,
      (int32) 46,
      (int32) 102,
      (int32) 114,
      (int32) 101,
      (int32) 101,
      (int32) 110,
      (int32) 111,
      (int32) 100,
      (int32) 101,
      (int32) 46,
      (int32) 110,
      (int32) 101,
      (int32) 116,
      (int32) 91,
      (int32) 49,
      (int32) 57,
      (int32) 50,
      (int32) 46,
      (int32) 49,
      (int32) 56,
      (int32) 54,
      (int32) 46,
      (int32) 49,
      (int32) 53,
      (int32) 55,
      (int32) 46,
      (int32) 52,
      (int32) 51,
      (int32) 47,
      (int32) 54,
      (int32) 54,
      (int32) 54,
      (int32) 55,
      (int32) 93,
      (int32) 44,
      (int32) 32,
      (int32) 114,
      (int32) 117,
      (int32) 110,
      (int32) 110,
      (int32) 105,
      (int32) 110,
      (int32) 103,
      (int32) 32,
      (int32) 118,
      (int32) 101,
      (int32) 114,
      (int32) 115,
      (int32) 105,
      (int32) 111,
      (int32) 110,
      (int32) 32,
      (int32) 105,
      (int32) 114,
      (int32) 99,
      (int32) 100,
      (int32) 45,
      (int32) 115,
      (int32) 101,
      (int32) 118,
      (int32) 101,
      (int32) 110,
      (int32) 45,
      (int32) 49,
      (int32) 46,
      (int32) 49,
      (int32) 46,
      (int32) 51
     },
     ([]int32) (len=238 cap=256) {
      (int32) 58,
      (int32) 116,
      (int32) 101,
      (int32) 112,
      (int32) 112,
      (int32) 101,
      (int32) 114,
      (int32) 46,
      (int32) 102,
      (int32) 114,
      (int32) 101,
      (int32) 101,
      (int32) 110,
      (int32) 111,
      (int32) 100,
      (int32) 101,
      (int32) 46,
      (int32) 110,
      (int32) 101,
      (int32) 116,
      (int32) 32,
      (int32) 48,
      (int32) 48,
      (int32) 53,
      (int32) 32,
      (int32) 109,
      (int32) 101,
      (int32) 112,
      (int32) 104,
      (int32) 117,
      (int32) 120,
      (int32) 116,
      (int32) 101,
      (int32) 115,
      (int32) 116,
      (int32) 99,
      (int32) 111,
      (int32) 110,
      (int32) 110,
      (int32) 101,
      (int32) 99,
      (int32) 32,
      (int32) 67,
      (int32) 72,
      (int32) 65,
      (int32) 78,
      (int32) 84,
      (int32) 89,
      (int32) 80,
      (int32) 69,
      (int32) 83,
      (int32) 61,
      (int32) 35,
      (int32) 32,
      (int32) 69,
      (int32) 88,
      (int32) 67,
      (int32) 69,
      (int32) 80,
      (int32) 84,
      (int32) 83,
      (int32) 32,
      (int32) 73,
      (int32) 78,
      (int32) 86,
      (int32) 69,
      (int32) 88,
      (int32) 32,
      (int32) 67,
      (int32) 72,
      (int32) 65,
      (int32) 78,
      (int32) 77,
      (int32) 79,
      (int32) 68,
      (int32) 69,
      (int32) 83,
      (int32) 61,
      (int32) 101,
      (int32) 73,
      (int32) 98,
      (int32) 113,
      (int32) 44,
      (int32) 107,
      (int32) 44,
      (int32) 102,
      (int32) 108,
      (int32) 106,
      (int32) 44,
      (int32) 67,
      (int32) 70,
      (int32) 76,
      (int32) 77,
      (int32) 80,
      (int32) 81,
      (int32) 83,
      (int32) 99,
      (int32) 103,
      (int32) 105,
      (int32) 109,
      (int32) 110,
      (int32) 112,
      (int32) 114,
      (int32) 115,
      (int32) 116,
      (int32) 122,
      (int32) 32,
      (int32) 67,
      (int32) 72,
      (int32) 65,
      (int32) 78,
      (int32) 76,
      (int32) 73,
      (int32) 77,
      (int32) 73,
      (int32) 84,
      (int32) 61,
      (int32) 35,
      (int32) 58,
      (int32) 49,
      (int32) 50,
      (int32) 48,
      (int32) 32,
      (int32) 80,
      (int32) 82,
      (int32) 69,
      (int32) 70,
      (int32) 73,
      (int32) 88,
      (int32) 61,
      (int32) 40,
      (int32) 111,
      (int32) 118,
      (int32) 41,
      (int32) 64,
      (int32) 43,
      (int32) 32,
      (int32) 77,
      (int32) 65,
      (int32) 88,
      (int32) 76,
      (int32) 73,
      (int32) 83,
      (int32) 84,
      (int32) 61,
      (int32) 98,
      (int32) 113,
      (int32) 101,
      (int32) 73,
      (int32) 58,
      (int32) 49,
      (int32) 48,
      (int32) 48,
      (int32) 32,
      (int32) 77,
      (int32) 79,
      (int32) 68,
      (int32) 69,
      (int32) 83,
      (int32) 61,
      (int32) 52,
      (int32) 32,
      (int32) 78,
      (int32) 69,
      (int32) 84,
      (int32) 87,
      (int32) 79,
      (int32) 82,
      (int32) 75,
      (int32) 61,
      (int32) 102,
      (int32) 114,
      (int32) 101,
      (int32) 101,
      (int32) 110,
      (int32) 111,
      (int32) 100,
      (int32) 101,
      (int32) 32,
      (int32) 75,
      (int32) 78,
      (int32) 79,
      (int32) 67,
      (int32) 75,
      (int32) 32,
      (int32) 83,
      (int32) 84,
      (int32) 65,
      (int32) 84,
      (int32) 85,
      (int32) 83,
      (int32) 77,
      (int32) 83,
      (int32) 71,
      (int32) 61,
      (int32) 64,
      (int32) 43,
      (int32) 32,
      (int32) 67,
      (int32) 65,
      (int32) 76,
      (int32) 76,
      (int32) 69,
      (int32) 82,
      (int32) 73,
      (int32) 68,
      (int32) 61,
      (int32) 103,
      (int32) 32,
      (int32) 58,
      (int32) 97,
      (int32) 114,
      (int32) 101,
      (int32) 32,
      (int32) 115,
      (int32) 117,
      (int32) 112,
      (int32) 112,
      (int32) 111,
      (int32) 114,
      (int32) 116,
      (int32) 101,
      (int32) 100,
      (int32) 32,
      (int32) 98,
      (int32) 121,
      (int32) 32,
      (int32) 116,
      (int32) 104,
      (int32) 105,
      (int32) 115,
      (int32) 32,
      (int32) 115,
      (int32) 101,
      (int32) 114,
      (int32) 118,
      (int32) 101,
      (int32) 114
     },
     ([]int32) (len=134 cap=256) {
      (int32) 58,
      (int32) 116,
      (int32) 101,
      (int32) 112,
      (int32) 112,
      (int32) 101,
      (int32) 114,
      (int32) 46,
      (int32) 102,
      (int32) 114,
      (int32) 101,
      (int32) 101,
      (int32) 110,
      (int32) 111,
      (int32) 100,
      (int32) 101,
      (int32) 46,
      (int32) 110,
      (int32) 101,
      (int32) 116,
      (int32) 32,
      (int32) 48,
      (int32) 48,
      (int32) 52,
      (int32) 32,
      (int32) 109,
      (int32) 101,
      (int32) 112,
      (int32) 104,
      (int32) 117,
      (int32) 120,
      (int32) 116,
      (int32) 101,
      (int32) 115,
      (int32) 116,
      (int32) 99,
      (int32) 111,
      (int32) 110,
      (int32) 110,
      (int32) 101,
      (int32) 99,
      (int32) 32,
      (int32) 116,
      (int32) 101,
      (int32) 112,
      (int32) 112,
      (int32) 101,
      (int32) 114,
      (int32) 46,
      (int32) 102,
      (int32) 114,
      (int32) 101,
      (int32) 101,
      (int32) 110,
      (int32) 111,
      (int32) 100,
      (int32) 101,
      (int32) 46,
      (int32) 110,
      (int32) 101,
      (int32) 116,
      (int32) 32,
      (int32) 105,
      (int32) 114,
      (int32) 99,
      (int32) 100,
      (int32) 45,
      (int32) 115,
      (int32) 101,
      (int32) 118,
      (int32) 101,
      (int32) 110,
      (int32) 45,
      (int32) 49,
      (int32) 46,
      (int32) 49,
      (int32) 46,
      (int32) 51,
      (int32) 32,
      (int32) 68,
      (int32) 79,
      (int32) 81,
      (int32) 82,
      (int32) 83,
      (int32) 90,
      (int32) 97,
      (int32) 103,
      (int32) 104,
      (int32) 105,
      (int32) 108,
      (int32) 111,
      (int32) 112,
      (int32) 115,
      (int32) 119,
      (int32) 122,
      (int32) 32,
      (int32) 67,
      (int32) 70,
      (int32) 73,
      (int32) 76,
      (int32) 77,
      (int32) 80,
      (int32) 81,
      (int32) 83,
      (int32) 98,
      (int32) 99,
      (int32) 101,
      (int32) 102,
      (int32) 103,
      (int32) 105,
      (int32) 106,
      (int32) 107,
      (int32) 108,
      (int32) 109,
      (int32) 110,
      (int32) 111,
      (int32) 112,
      (int32) 113,
      (int32) 114,
      (int32) 115,
      (int32) 116,
      (int32) 118,
      (int32) 122,
      (int32) 32,
      (int32) 98,
      (int32) 107,
      (int32) 108,
      (int32) 111,
      (int32) 118,
      (int32) 101,
      (int32) 113,
      (int32) 106,
      (int32) 102,
      (int32) 73
     },
     ([]int32) (len=264 cap=512) {
      (int32) 58,
      (int32) 116,
      (int32) 101,
      (int32) 112,
      (int32) 112,
      (int32) 101,
      (int32) 114,
      (int32) 46,
      (int32) 102,
      (int32) 114,
      (int32) 101,
      (int32) 101,
      (int32) 110,
      (int32) 111,
      (int32) 100,
      (int32) 101,
      (int32) 46,
      (int32) 110,
      (int32) 101,
      (int32) 116,
      (int32) 32,
      (int32) 48,
      (int32) 48,
      (int32) 53,
      (int32) 32,
      (int32) 109,
      (int32) 101,
      (int32) 112,
      (int32) 104,
      (int32) 117,
      (int32) 120,
      (int32) 116,
      (int32) 101,
      (int32) 115,
      (int32) 116,
      (int32) 99,
      (int32) 111,
      (int32) 110,
      (int32) 110,
      (int32) 101,
      (int32) 99,
      (int32) 32,
      (int32) 67,
      (int32) 65,
      (int32) 83,
      (int32) 69,
      (int32) 77,
      (int32) 65,
      (int32) 80,
      (int32) 80,
      (int32) 73,
      (int32) 78,
      (int32) 71,
      (int32) 61,
      (int32) 114,
      (int32) 102,
      (int32) 99,
      (int32) 49,
      (int32) 52,
      (int32) 53,
      (int32) 57,
      (int32) 32,
      (int32) 67,
      (int32) 72,
      (int32) 65,
      (int32) 82,
      (int32) 83,
      (int32) 69,
      (int32) 84,
      (int32) 61,
      (int32) 97,
      (int32) 115,
      (int32) 99,
      (int32) 105,
      (int32) 105,
      (int32) 32,
      (int32) 78,
      (int32) 73,
      (int32) 67,
      (int32) 75,
      (int32) 76,
      (int32) 69,
      (int32) 78,
      (int32) 61,
      (int32) 49,
      (int32) 54,
      (int32) 32,
      (int32) 67,
      (int32) 72,
      (int32) 65,
      (int32) 78,
      (int32) 78,
      (int32) 69,
      (int32) 76,
      (int32) 76,
      (int32) 69,
      (int32) 78,
      (int32) 61,
      (int32) 53,
      (int32) 48,
      (int32) 32,
      (int32) 84,
      (int32) 79,
      (int32) 80,
      (int32) 73,
      (int32) 67,
      (int32) 76,
      (int32) 69,
      (int32) 78,
      (int32) 61,
      (int32) 51,
      (int32) 57,
      (int32) 48,
      (int32) 32,
      (int32) 69,
      (int32) 84,
      (int32) 82,
      (int32) 65,
      (int32) 67,
      (int32) 69,
      (int32) 32,
      (int32) 67,
      (int32) 80,
      (int32) 82,
      (int32) 73,
      (int32) 86,
      (int32) 77,
      (int32) 83,
      (int32) 71,
      (int32) 32,
      (int32) 67,
      (int32) 78,
      (int32) 79,
      (int32) 84,
      (int32) 73,
      (int32) 67,
      (int32) 69,
      (int32) 32,
      (int32) 68,
      (int32) 69,
      (int32) 65,
      (int32) 70,
      (int32) 61,
      (int32) 68,
      (int32) 32,
      (int32) 77,
      (int32) 79,
      (int32) 78,
      (int32) 73,
      (int32) 84,
      (int32) 79,
      (int32) 82,
      (int32) 61,
      (int32) 49,
      (int32) 48,
      (int32) 48,
      (int32) 32,
      (int32) 70,
      (int32) 78,
      (int32) 67,
      (int32) 32,
      (int32) 84,
      (int32) 65,
      (int32) 82,
      (int32) 71,
      (int32) 77,
      (int32) 65,
      (int32) 88,
      (int32) 61,
      (int32) 78,
      (int32) 65,
      (int32) 77,
      (int32) 69,
      (int32) 83,
      (int32) 58,
      (int32) 49,
      (int32) 44,
      (int32) 76,
      (int32) 73,
      (int32) 83,
      (int32) 84,
      (int32) 58,
      (int32) 49,
      (int32) 44,
      (int32) 75,
      (int32) 73,
      (int32) 67,
      (int32) 75,
      (int32) 58,
      (int32) 49,
      (int32) 44,
      (int32) 87,
      (int32) 72,
      (int32) 79,
      (int32) 73,
      (int32) 83,
      (int32) 58,
      (int32) 49,
      (int32) 44,
      (int32) 80,
      (int32) 82,
      (int32) 73,
      (int32) 86,
      (int32) 77,
      (int32) 83,
      (int32) 71,
      (int32) 58,
      (int32) 52,
      (int32) 44,
      (int32) 78,
      (int32) 79,
      (int32) 84,
      (int32) 73,
      (int32) 67,
      (int32) 69,
      (int32) 58,
      (int32) 52,
      (int32) 44,
      (int32) 65,
      (int32) 67,
      (int32) 67,
      (int32) 69,
      (int32) 80,
      (int32) 84,
      (int32) 58,
      (int32) 44,
      (int32) 77,
      (int32) 79,
      (int32) 78,
      (int32) 73,
      (int32) 84,
      (int32) 79,
      (int32) 82,
      (int32) 58,
      (int32) 32,
      (int32) 58,
      (int32) 97,
      (int32) 114,
      (int32) 101,
      (int32) 32,
      (int32) 115,
      (int32) 117,
      (int32) 112,
      (int32) 112,
      (int32) 111,
      (int32) 114,
      (int32) 116,
      (int32) 101,
      (int32) 100,
      (int32) 32,
      (int32) 98,
      (int32) 121,
      (int32) 32,
      (int32) 116,
      (int32) 104,
      (int32) 105,
      (int32) 115,
      (int32) 32,
      (int32) 115,
      (int32) 101,
      (int32) 114,
      (int32) 118,
      (int32) 101,
      (int32) 114
     },
     ([]int32) (len=86 cap=128) {
      (int32) 58,
      (int32) 116,
      (int32) 101,
      (int32) 112,
      (int32) 112,
      (int32) 101,
      (int32) 114,
      (int32) 46,
      (int32) 102,
      (int32) 114,
      (int32) 101,
      (int32) 101,
      (int32) 110,
      (int32) 111,
      (int32) 100,
      (int32) 101,
      (int32) 46,
      (int32) 110,
      (int32) 101,
      (int32) 116,
      (int32) 32,
      (int32) 51,
      (int32) 55,
      (int32) 53,
      (int32) 32,
      (int32) 109,
      (int32) 101,
      (int32) 112,
      (int32) 104,
      (int32) 117,
      (int32) 120,
      (int32) 116,
      (int32) 101,
      (int32) 115,
      (int32) 116,
      (int32) 99,
      (int32) 111,
      (int32) 110,
      (int32) 110,
      (int32) 101,
      (int32) 99,
      (int32) 32,
      (int32) 58,
      (int32) 45,
      (int32) 32,
      (int32) 116,
      (int32) 101,
      (int32) 112,
      (int32) 112,
      (int32) 101,
      (int32) 114,
      (int32) 46,
      (int32) 102,
      (int32) 114,
      (int32) 101,
      (int32) 101,
      (int32) 110,
      (int32) 111,
      (int32) 100,
      (int32) 101,
      (int32) 46,
      (int32) 110,
      (int32) 101,
      (int32) 116,
      (int32) 32,
      (int32) 77,
      (int32) 101,
      (int32) 115,
      (int32) 115,
      (int32) 97,
      (int32) 103,
      (int32) 101,
      (int32) 32,
      (int32) 111,
      (int32) 102,
      (int32) 32,
      (int32) 116,
      (int32) 104,
      (int32) 101,
      (int32) 32,
      (int32) 68,
      (int32) 97,
      (int32) 121,
      (int32) 32,
      (int32) 45,
      (int32) 32
     },
     ([]int32) (len=57 cap=64) {
      (int32) 58,
      (int32) 116,
      (int32) 101,
      (int32) 112,
      (int32) 112,
      (int32) 101,
      (int32) 114,
      (int32) 46,
      (int32) 102,
      (int32) 114,
      (int32) 101,
      (int32) 101,
      (int32) 110,
      (int32) 111,
      (int32) 100,
      (int32) 101,
      (int32) 46,
      (int32) 110,
      (int32) 101,
      (int32) 116,
      (int32) 32,
      (int32) 51,
      (int32) 55,
      (int32) 50,
      (int32) 32,
      (int32) 109,
      (int32) 101,
      (int32) 112,
      (int32) 104,
      (int32) 117,
      (int32) 120,
      (int32) 116,
      (int32) 101,
      (int32) 115,
      (int32) 116,
      (int32) 99,
      (int32) 111,
      (int32) 110,
      (int32) 110,
      (int32) 101,
      (int32) 99,
      (int32) 32,
      (int32) 58,
      (int32) 45,
      (int32) 32,
      (int32) 116,
      (int32) 104,
      (int32) 105,
      (int32) 115,
      (int32) 32,
      (int32) 115,
      (int32) 101,
      (int32) 114,
      (int32) 118,
      (int32) 101,
      (int32) 114,
      (int32) 33
     },
     ([]int32) (len=97 cap=128) {
      (int32) 58,
      (int32) 116,
      (int32) 101,
      (int32) 112,
      (int32) 112,
      (int32) 101,
      (int32) 114,
      (int32) 46,
      (int32) 102,
      (int32) 114,
      (int32) 101,
      (int32) 101,
      (int32) 110,
      (int32) 111,
      (int32) 100,
      (int32) 101,
      (int32) 46,
      (int32) 110,
      (int32) 101,
      (int32) 116,
      (int32) 32,
      (int32) 51,
      (int32) 55,
      (int32) 50,
      (int32) 32,
      (int32) 109,
      (int32) 101,
      (int32) 112,
      (int32) 104,
      (int32) 117,
      (int32) 120,
      (int32) 116,
      (int32) 101,
      (int32) 115,
      (int32) 116,
      (int32) 99,
      (int32) 111,
      (int32) 110,
      (int32) 110,
      (int32) 101,
      (int32) 99,
      (int32) 32,
      (int32) 58,
      (int32) 45,
      (int32) 32,
      (int32) 84,
      (int32) 104,
      (int32) 97,
      (int32) 110,
      (int32) 107,
      (int32) 115,
      (int32) 32,
      (int32) 116,
      (int32) 111,
      (int32) 32,
      (int32) 104,
      (int32) 116,
      (int32) 116,
      (int32) 112,
      (int32) 58,
      (int32) 47,
      (int32) 47,
      (int32) 119,
      (int32) 119,
      (int32) 119,
      (int32) 46,
      (int32) 115,
      (int32) 101,
      (int32) 114,
      (int32) 118,
      (int32) 101,
      (int32) 114,
      (int32) 109,
      (int32) 97,
      (int32) 110,
      (int32) 105,
      (int32) 97,
      (int32) 46,
      (int32) 99,
      (int32) 111,
      (int32) 109,
      (int32) 47,
      (int32) 32,
      (int32) 102,
      (int32) 111,
      (int32) 114,
      (int32) 32,
      (int32) 115,
      (int32) 112,
      (int32) 111,
      (int32) 110,
      (int32) 115,
      (int32) 111,
      (int32) 114,
      (int32) 105,
      (int32) 110,
      (int32) 103
     },
     ([]int32) (len=46 cap=64) {
      (int32) 58,
      (int32) 116,
      (int32) 101,
      (int32) 112,
      (int32) 112,
      (int32) 101,
      (int32) 114,
      (int32) 46,
      (int32) 102,
      (int32) 114,
      (int32) 101,
      (int32) 101,
      (int32) 110,
      (int32) 111,
      (int32) 100,
      (int32) 101,
      (int32) 46,
      (int32) 110,
      (int32) 101,
      (int32) 116,
      (int32) 32,
      (int32) 51,
      (int32) 55,
      (int32) 50,
      (int32) 32,
      (int32) 109,
      (int32) 101,
      (int32) 112,
      (int32) 104,
      (int32) 117,
      (int32) 120,
      (int32) 116,
      (int32) 101,
      (int32) 115,
      (int32) 116,
      (int32) 99,
      (int32) 111,
      (int32) 110,
      (int32) 110,
      (int32) 101,
      (int32) 99,
      (int32) 32,
      (int32) 58,
      (int32) 45,
      (int32) 32,
      (int32) 32
     },
     ([]int32) (len=46 cap=64) {
      (int32) 58,
      (int32) 116,
      (int32) 101,
      (int32) 112,
      (int32) 112,
      (int32) 101,
      (int32) 114,
      (int32) 46,
      (int32) 102,
      (int32) 114,
      (int32) 101,
      (int32) 101,
      (int32) 110,
      (int32) 111,
      (int32) 100,
      (int32) 101,
      (int32) 46,
      (int32) 110,
      (int32) 101,
      (int32) 116,
      (int32) 32,
      (int32) 51,
      (int32) 55,
      (int32) 50,
      (int32) 32,
      (int32) 109,
      (int32) 101,
      (int32) 112,
      (int32) 104,
      (int32) 117,
      (int32) 120,
      (int32) 116,
      (int32) 101,
      (int32) 115,
      (int32) 116,
      (int32) 99,
      (int32) 111,
      (int32) 110,
      (int32) 110,
      (int32) 101,
      (int32) 99,
      (int32) 32,
      (int32) 58,
      (int32) 45,
      (int32) 32,
      (int32) 32
     },
     ([]int32) (len=101 cap=128) {
      (int32) 58,
      (int32) 116,
      (int32) 101,
      (int32) 112,
      (int32) 112,
      (int32) 101,
      (int32) 114,
      (int32) 46,
      (int32) 102,
      (int32) 114,
      (int32) 101,
      (int32) 101,
      (int32) 110,
      (int32) 111,
      (int32) 100,
      (int32) 101,
      (int32) 46,
      (int32) 110,
      (int32) 101,
      (int32) 116,
      (int32) 32,
      (int32) 51,
      (int32) 55,
      (int32) 50,
      (int32) 32,
      (int32) 109,
      (int32) 101,
      (int32) 112,
      (int32) 104,
      (int32) 117,
      (int32) 120,
      (int32) 116,
      (int32) 101,
      (int32) 115,
      (int32) 116,
      (int32) 99,
      (int32) 111,
      (int32) 110,
      (int32) 110,
      (int32) 101,
      (int32) 99,
      (int32) 32,
      (int32) 58,
      (int32) 45,
      (int32) 32,
      (int32) 39,
      (int32) 66,
      (int32) 101,
      (int32) 97,
      (int32) 117,
      (int32) 116,
      (int32) 121,
      (int32) 39,
      (int32) 32,
      (int32) 115,
      (int32) 104,
      (int32) 101,
      (int32) 32,
      (int32) 119,
      (int32) 111,
      (int32) 110,
      (int32) 32,
      (int32) 116,
      (int32) 104,
      (int32) 101,
      (int32) 32,
      (int32) 76,
      (int32) 111,
      (int32) 99,
      (int32) 117,
      (int32) 115,
      (int32) 32,
      (int32) 97,
      (int32) 119,
      (int32) 97,
      (int32) 114,
      (int32) 100,
      (int32) 32,
      (int32) 102,
      (int32) 111,
      (int32) 114,
      (int32) 32,
      (int32) 66,
      (int32) 101,
      (int32) 115,
      (int32) 116,
      (int32) 32,
      (int32) 70,
      (int32) 97,
      (int32) 110,
      (int32) 116,
      (int32) 97,
      (int32) 115,
      (int32) 121,
      (int32) 32,
      (int32) 78,
      (int32) 111,
      (int32) 118,
      (int32) 101,
      (int32) 108,
      (int32) 46
     },
     ([]int32) (len=99 cap=128) {
      (int32) 58,
      (int32) 116,
      (int32) 101,
      (int32) 112,
      (int32) 112,
      (int32) 101,
      (int32) 114,
      (int32) 46,
      (int32) 102,
      (int32) 114,
      (int32) 101,
      (int32) 101,
      (int32) 110,
      (int32) 111,
      (int32) 100,
      (int32) 101,
      (int32) 46,
      (int32) 110,
      (int32) 101,
      (int32) 116,
      (int32) 32,
      (int32) 51,
      (int32) 55,
      (int32) 50,
      (int32) 32,
      (int32) 109,
      (int32) 101,
      (int32) 112,
      (int32) 104,
      (int32) 117,
      (int32) 120,
      (int32) 116,
      (int32) 101,
      (int32) 115,
      (int32) 116,
      (int32) 99,
      (int32) 111,
      (int32) 110,
      (int32) 110,
      (int32) 101,
      (int32) 99,
      (int32) 32,
      (int32) 58,
      (int32) 45,
      (int32) 32,
      (int32) 84,
      (int32) 69,
      (int32) 80,
      (int32) 80,
      (int32) 69,
      (int32) 82,
      (int32) 44,
      (int32) 32,
      (int32) 83,
      (int32) 72,
      (int32) 69,
      (int32) 82,
      (int32) 73,
      (int32) 32,
      (int32) 83,
      (int32) 46,
      (int32) 32,
      (int32) 40,
      (int32) 49,
      (int32) 57,
      (int32) 50,
      (int32) 57,
      (int32) 45,
      (int32) 41,
      (int32) 44,
      (int32) 32,
      (int32) 97,
      (int32) 110,
      (int32) 32,
      (int32) 65,
      (int32) 109,
      (int32) 101,
      (int32) 114,
      (int32) 105,
      (int32) 99,
      (int32) 97,
      (int32) 110,
      (int32) 32,
      (int32) 115,
      (int32) 99,
      (int32) 105,
      (int32) 101,
      (int32) 110,
      (int32) 99,
      (int32) 101,
      (int32) 32,
      (int32) 102,
      (int32) 105,
      (int32) 99,
      (int32) 116,
      (int32) 105,
      (int32) 111,
      (int32) 110,
      (int32) 44
     },
     ([]int32) (len=101 cap=128) {
      (int32) 58,
      (int32) 116,
      (int32) 101,
      (int32) 112,
      (int32) 112,
      (int32) 101,
      (int32) 114,
      (int32) 46,
      (int32) 102,
      (int32) 114,
      (int32) 101,
      (int32) 101,
      (int32) 110,
      (int32) 111,
      (int32) 100,
      (int32) 101,
      (int32) 46,
      (int32) 110,
      (int32) 101,
      (int32) 116,
      (int32) 32,
      (int32) 51,
      (int32) 55,
      (int32) 50,
      (int32) 32,
      (int32) 109,
      (int32) 101,
      (int32) 112,
      (int32) 104,
      (int32) 117,
      (int32) 120,
      (int32) 116,
      (int32) 101,
      (int32) 115,
      (int32) 116,
      (int32) 99,
      (int32) 111,
      (int32) 110,
      (int32) 110,
      (int32) 101,
      (int32) 99,
      (int32) 32,
      (int32) 58,
      (int32) 45,
      (int32) 32,
      (int32) 104,
      (int32) 111,
      (int32) 114,
      (int32) 114,
      (int32) 111,
      (int32) 114,
      (int32) 32,
      (int32) 97,
      (int32) 110,
      (int32) 100,
      (int32) 32,
      (int32) 109,
      (int32) 121,
      (int32) 115,
      (int32) 116,
      (int32) 101,
      (int32) 114,
      (int32) 121,
      (int32) 32,
      (int32) 110,
      (int32) 111,
      (int32) 118,
      (int32) 101,
      (int32) 108,
      (int32) 32,
      (int32) 97,
      (int32) 117,
      (int32) 116,
      (int32) 104,
      (int32) 111,
      (int32) 114,
      (int32) 44,
      (int32) 32,
      (int32) 98,
      (int32) 101,
      (int32) 104,
      (int32) 105,
      (int32) 110,
      (int32) 100,
      (int32) 32,
      (int32) 109,
      (int32) 111,
      (int32) 114,
      (int32) 101,
      (int32) 32,
      (int32) 116,
      (int32) 104,
      (int32) 97,
      (int32) 110,
      (int32) 32,
      (int32) 116,
      (int32) 104,
      (int32) 105,
      (int32) 114,
      (int32) 116,
      (int32) 121
     },
     ([]int32) (len=98 cap=128) {
      (int32) 58,
      (int32) 116,
      (int32) 101,
      (int32) 112,
      (int32) 112,
      (int32) 101,
      (int32) 114,
      (int32) 46,
      (int32) 102,
      (int32) 114,
      (int32) 101,
      (int32) 101,
      (int32) 110,
      (int32) 111,
      (int32) 100,
      (int32) 101,
      (int32) 46,
      (int32) 110,
      (int32) 101,
      (int32) 116,
      (int32) 32,
      (int32) 51,
      (int32) 55,
      (int32) 50,
      (int32) 32,
      (int32) 109,
      (int32) 101,
      (int32) 112,
      (int32) 104,
      (int32) 117,
      (int32) 120,
      (int32) 116,
      (int32) 101,
      (int32) 115,
      (int32) 116,
      (int32) 99,
      (int32) 111,
      (int32) 110,
      (int32) 110,
      (int32) 101,
      (int32) 99,
      (int32) 32,
      (int32) 58,
      (int32) 45,
      (int32) 32,
      (int32) 98,
      (int32) 111,
      (int32) 111,
      (int32) 107,
      (int32) 115,
      (int32) 44,
      (int32) 32,
      (int32) 109,
      (int32) 97,
      (int32) 110,
      (int32) 121,
      (int32) 32,
      (int32) 116,
      (int32) 104,
      (int32) 101,
      (int32) 109,
      (int32) 101,
      (int32) 100,
      (int32) 32,
      (int32) 117,
      (int32) 110,
      (int32) 97,
      (int32) 112,
      (int32) 111,
      (int32) 108,
      (int32) 111,
      (int32) 103,
      (int32) 101,
      (int32) 116,
      (int32) 105,
      (int32) 99,
      (int32) 97,
      (int32) 108,
      (int32) 108,
      (int32) 121,
      (int32) 32,
      (int32) 101,
      (int32) 99,
      (int32) 111,
      (int32) 45,
      (int32) 102,
      (int32) 101,
      (int32) 109,
      (int32) 105,
      (int32) 110,
      (int32) 105,
      (int32) 115,
      (int32) 116,
      (int32) 46,
      (int32) 32,
      (int32) 72,
      (int32) 101,
      (int32) 114
     },
     ([]int32) (len=101 cap=128) {
      (int32) 58,
      (int32) 116,
      (int32) 101,
      (int32) 112,
      (int32) 112,
      (int32) 101,
      (int32) 114,
      (int32) 46,
      (int32) 102,
      (int32) 114,
      (int32) 101,
      (int32) 101,
      (int32) 110,
      (int32) 111,
      (int32) 100,
      (int32) 101,
      (int32) 46,
      (int32) 110,
      (int32) 101,
      (int32) 116,
      (int32) 32,
      (int32) 51,
      (int32) 55,
      (int32) 50,
      (int32) 32,
      (int32) 109,
      (int32) 101,
      (int32) 112,
      (int32) 104,
      (int32) 117,
      (int32) 120,
      (int32) 116,
      (int32) 101,
      (int32) 115,
      (int32) 116,
      (int32) 99,
      (int32) 111,
      (int32) 110,
      (int32) 110,
      (int32) 101,
      (int32) 99,
      (int32) 32,
      (int32) 58,
      (int32) 45,
      (int32) 32,
      (int32) 119,
      (int32) 114,
      (int32) 105,
      (int32) 116,
      (int32) 105,
      (int32) 110,
      (int32) 103,
      (int32) 32,
      (int32) 99,
      (int32) 97,
      (int32) 114,
      (int32) 101,
      (int32) 101,
      (int32) 114,
      (int32) 32,
      (int32) 115,
      (int32) 116,
      (int32) 97,
      (int32) 114,
      (int32) 116,
      (int32) 101,
      (int32) 100,
      (int32) 32,
      (int32) 99,
      (int32) 111,
      (int32) 109,
      (int32) 112,
      (int32) 111,
      (int32) 115,
      (int32) 105,
      (int32) 110,
      (int32) 103,
      (int32) 32,
      (int32) 99,
      (int32) 104,
      (int32) 105,
      (int32) 108,
      (int32) 100,
      (int32) 114,
      (int32) 101,
      (int32) 110,
      (int32) 39,
      (int32) 115,
      (int32) 32,
      (int32) 115,
      (int32) 116,
      (int32) 111,
      (int32) 114,
      (int32) 105,
      (int32) 101,
      (int32) 115,
      (int32) 44,
      (int32) 32,
      (int32) 98,
      (int32) 117,
      (int32) 116
     },
     ([]int32) (len=96 cap=128) {
      (int32) 58,
      (int32) 116,
      (int32) 101,
      (int32) 112,
      (int32) 112,
      (int32) 101,
      (int32) 114,
      (int32) 46,
      (int32) 102,
      (int32) 114,
      (int32) 101,
      (int32) 101,
      (int32) 110,
      (int32) 111,
      (int32) 100,
      (int32) 101,
      (int32) 46,
      (int32) 110,
      (int32) 101,
      (int32) 116,
      (int32) 32,
      (int32) 51,
      (int32) 55,
      (int32) 50,
      (int32) 32,
      (int32) 109,
      (int32) 101,
      (int32) 112,
      (int32) 104,
      (int32) 117,
      (int32) 120,
      (int32) 116,
      (int32) 101,
      (int32) 115,
      (int32) 116,
      (int32) 99,
      (int32) 111,
      (int32) 110,
      (int32) 110,
      (int32) 101,
      (int32) 99,
      (int32) 32,
      (int32) 58,
      (int32) 45,
      (int32) 32,
      (int32) 109,
      (int32) 111,
      (int32) 118,
      (int32) 101,
      (int32) 100,
      (int32) 32,
      (int32) 116,
      (int32) 111,
      (int32) 32,
      (int32) 97,
      (int32) 100,
      (int32) 117,
      (int32) 108,
      (int32) 116,
      (int32) 32,
      (int32) 102,
      (int32) 105,
      (int32) 99,
      (int32) 116,
      (int32) 105,
      (int32) 111,
      (int32) 110,
      (int32) 32,
      (int32) 105,
      (int32) 110,
      (int32) 32,
      (int32) 49,
      (int32) 57,
      (int32) 56,
      (int32) 50,
      (int32) 46,
      (int32) 32,
      (int32) 87,
      (int32) 105,
      (int32) 116,
      (int32) 104,
      (int32) 32,
      (int32) 116,
      (int32) 104,
      (int32) 101,
      (int32) 32,
      (int32) 49,
      (int32) 57,
      (int32) 57,
      (int32) 49,
      (int32) 32,
      (int32) 110,
      (int32) 111,
      (int32) 118,
      (int32) 101,
      (int32) 108
     },
     ([]int32) (len=46 cap=64) {
      (int32) 58,
      (int32) 116,
      (int32) 101,
      (int32) 112,
      (int32) 112,
      (int32) 101,
      (int32) 114,
      (int32) 46,
      (int32) 102,
      (int32) 114,
      (int32) 101,
      (int32) 101,
      (int32) 110,
      (int32) 111,
      (int32) 100,
      (int32) 101,
      (int32) 46,
      (int32) 110,
      (int32) 101,
      (int32) 116,
      (int32) 32,
      (int32) 51,
      (int32) 55,
      (int32) 50,
      (int32) 32,
      (int32) 109,
      (int32) 101,
      (int32) 112,
      (int32) 104,
      (int32) 117,
      (int32) 120,
      (int32) 116,
      (int32) 101,
      (int32) 115,
      (int32) 116,
      (int32) 99,
      (int32) 111,
      (int32) 110,
      (int32) 110,
      (int32) 101,
      (int32) 99,
      (int32) 32,
      (int32) 58,
      (int32) 45,
      (int32) 32,
      (int32) 32
     },
     ([]int32) (len=104 cap=128) {
      (int32) 58,
      (int32) 116,
      (int32) 101,
      (int32) 112,
      (int32) 112,
      (int32) 101,
      (int32) 114,
      (int32) 46,
      (int32) 102,
      (int32) 114,
      (int32) 101,
      (int32) 101,
      (int32) 110,
      (int32) 111,
      (int32) 100,
      (int32) 101,
      (int32) 46,
      (int32) 110,
      (int32) 101,
      (int32) 116,
      (int32) 32,
      (int32) 51,
      (int32) 55,
      (int32) 50,
      (int32) 32,
      (int32) 109,
      (int32) 101,
      (int32) 112,
      (int32) 104,
      (int32) 117,
      (int32) 120,
      (int32) 116,
      (int32) 101,
      (int32) 115,
      (int32) 116,
      (int32) 99,
      (int32) 111,
      (int32) 110,
      (int32) 110,
      (int32) 101,
      (int32) 99,
      (int32) 32,
      (int32) 58,
      (int32) 45,
      (int32) 32,
      (int32) 72,
      (int32) 101,
      (int32) 114,
      (int32) 32,
      (int32) 111,
      (int32) 116,
      (int32) 104,
      (int32) 101,
      (int32) 114,
      (int32) 32,
      (int32) 119,
      (int32) 101,
      (int32) 108,
      (int32) 108,
      (int32) 45,
      (int32) 107,
      (int32) 110,
      (int32) 111,
      (int32) 119,
      (int32) 110,
      (int32) 32,
      (int32) 119,
      (int32) 111,
      (int32) 114,
      (int32) 107,
      (int32) 115,
      (int32) 32,
      (int32) 105,
      (int32) 110,
      (int32) 99,
      (int32) 108,
      (int32) 117,
      (int32) 100,
      (int32) 101,
      (int32) 32,
      (int32) 39,
      (int32) 71,
      (int32) 114,
      (int32) 97,
      (int32) 115,
      (int32) 115,
      (int32) 39,
      (int32) 32,
      (int32) 40,
      (int32) 49,
      (int32) 57,
      (int32) 56,
      (int32) 57,
      (int32) 44,
      (int32) 32,
      (int32) 110,
      (int32) 111,
      (int32) 109,
      (int32) 105,
      (int32) 110,
      (int32) 97,
      (int32) 116,
      (int32) 101,
      (int32) 100
     },
     ([]int32) (len=100 cap=128) {
      (int32) 58,
      (int32) 116,
      (int32) 101,
      (int32) 112,
      (int32) 112,
      (int32) 101,
      (int32) 114,
      (int32) 46,
      (int32) 102,
      (int32) 114,
      (int32) 101,
      (int32) 101,
      (int32) 110,
      (int32) 111,
      (int32) 100,
      (int32) 101,
      (int32) 46,
      (int32) 110,
      (int32) 101,
      (int32) 116,
      (int32) 32,
      (int32) 51,
      (int32) 55,
      (int32) 50,
      (int32) 32,
      (int32) 109,
      (int32) 101,
      (int32) 112,
      (int32) 104,
      (int32) 117,
      (int32) 120,
      (int32) 116,
      (int32) 101,
      (int32) 115,
      (int32) 116,
      (int32) 99,
      (int32) 111,
      (int32) 110,
      (int32) 110,
      (int32) 101,
      (int32) 99,
      (int32) 32,
      (int32) 58,
      (int32) 45,
      (int32) 32,
      (int32) 102,
      (int32) 111,
      (int32) 114,
      (int32) 32,
      (int32) 72,
      (int32) 117,
      (int32) 103,
      (int32) 111,
      (int32) 32,
      (int32) 97,
      (int32) 110,
      (int32) 100,
      (int32) 32,
      (int32) 76,
      (int32) 111,
      (int32) 99,
      (int32) 117,
      (int32) 115,
      (int32) 32,
      (int32) 65,
      (int32) 119,
      (int32) 97,
      (int32) 114,
      (int32) 100,
      (int32) 115,
      (int32) 32,
      (int32) 105,
      (int32) 110,
      (int32) 32,
      (int32) 49,
      (int32) 57,
      (int32) 57,
      (int32) 48,
      (int32) 41,
      (int32) 32,
      (int32) 97,
      (int32) 110,
      (int32) 100,
      (int32) 32,
      (int32) 39,
      (int32) 71,
      (int32) 97,
      (int32) 116,
      (int32) 101,
      (int32) 32,
      (int32) 116,
      (int32) 111,
      (int32) 32,
      (int32) 87,
      (int32) 111,
      (int32) 109,
      (int32) 101,
      (int32) 110,
      (int32) 39,
      (int32) 115
     },
     ([]int32) (len=61 cap=64) {
      (int32) 58,
      (int32) 116,
      (int32) 101,
      (int32) 112,
      (int32) 112,
      (int32) 101,
      (int32) 114,
      (int32) 46,
      (int32) 102,
      (int32) 114,
      (int32) 101,
      (int32) 101,
      (int32) 110,
      (int32) 111,
      (int32) 100,
      (int32) 101,
      (int32) 46,
      (int32) 110,
      (int32) 101,
      (int32) 116,
      (int32) 32,
      (int32) 51,
      (int32) 55,
      (int32) 50,
      (int32) 32,
      (int32) 109,
      (int32) 101,
      (int32) 112,
      (int32) 104,
      (int32) 117,
      (int32) 120,
      (int32) 116,
      (int32) 101,
      (int32) 115,
      (int32) 116,
      (int32) 99,
      (int32) 111,
      (int32) 110,
      (int32) 110,
      (int32) 101,
      (int32) 99,
      (int32) 32,
      (int32) 58,
      (int32) 45,
      (int32) 32,
      (int32) 67,
      (int32) 111,
      (int32) 117,
      (int32) 110,
      (int32) 116,
      (int32) 114,
      (int32) 121,
      (int32) 39,
      (int32) 32,
      (int32) 40,
      (int32) 49,
      (int32) 57,
      (int32) 56,
      (int32) 56,
      (int32) 41,
      (int32) 46
     },
     ([]int32) (len=46 cap=64) {
      (int32) 58,
      (int32) 116,
      (int32) 101,
      (int32) 112,
      (int32) 112,
      (int32) 101,
      (int32) 114,
      (int32) 46,
      (int32) 102,
      (int32) 114,
      (int32) 101,
      (int32) 101,
      (int32) 110,
      (int32) 111,
      (int32) 100,
      (int32) 101,
      (int32) 46,
      (int32) 110,
      (int32) 101,
      (int32) 116,
      (int32) 32,
      (int32) 51,
      (int32) 55,
      (int32) 50,
      (int32) 32,
      (int32) 109,
      (int32) 101,
      (int32) 112,
      (int32) 104,
      (int32) 117,
      (int32) 120,
      (int32) 116,
      (int32) 101,
      (int32) 115,
      (int32) 116,
      (int32) 99,
      (int32) 111,
      (int32) 110,
      (int32) 110,
      (int32) 101,
      (int32) 99,
      (int32) 32,
      (int32) 58,
      (int32) 45,
      (int32) 32,
      (int32) 32
     },
     ([]int32) (len=102 cap=128) {
      (int32) 58,
      (int32) 116,
      (int32) 101,
      (int32) 112,
      (int32) 112,
      (int32) 101,
      (int32) 114,
      (int32) 46,
      (int32) 102,
      (int32) 114,
      (int32) 101,
      (int32) 101,
      (int32) 110,
      (int32) 111,
      (int32) 100,
      (int32) 101,
      (int32) 46,
      (int32) 110,
      (int32) 101,
      (int32) 116,
      (int32) 32,
      (int32) 51,
      (int32) 55,
      (int32) 50,
      (int32) 32,
      (int32) 109,
      (int32) 101,
      (int32) 112,
      (int32) 104,
      (int32) 117,
      (int32) 120,
      (int32) 116,
      (int32) 101,
      (int32) 115,
      (int32) 116,
      (int32) 99,
      (int32) 111,
      (int32) 110,
      (int32) 110,
      (int32) 101,
      (int32) 99,
      (int32) 32,
      (int32) 58,
      (int32) 45,
      (int32) 32,
      (int32) 87,
      (int32) 101,
      (int32) 108,
      (int32) 99,
      (int32) 111,
      (int32) 109,
      (int32) 101,
      (int32) 32,
      (int32) 116,
      (int32) 111,
      (int32) 32,
      (int32) 102,
      (int32) 114,
      (int32) 101,
      (int32) 101,
      (int32) 110,
      (int32) 111,
      (int32) 100,
      (int32) 101,
      (int32) 32,
      (int32) 45,
      (int32) 32,
      (int32) 115,
      (int32) 117,
      (int32) 112,
      (int32) 112,
      (int32) 111,
      (int32) 114,
      (int32) 116,
      (int32) 105,
      (int32) 110,
      (int32) 103,
      (int32) 32,
      (int32) 116,
      (int32) 104,
      (int32) 101,
      (int32) 32,
      (int32) 102,
      (int32) 114,
      (int32) 101,
      (int32) 101,
      (int32) 32,
      (int32) 97,
      (int32) 110,
      (int32) 100,
      (int32) 32,
      (int32) 111,
      (int32) 112,
      (int32) 101,
      (int32) 110,
      (int32) 32,
      (int32) 115,
      (int32) 111,
      (int32) 117,
      (int32) 114,
      (int32) 99,
      (int32) 101
     },
     ([]int32) (len=77 cap=128) {
      (int32) 58,
      (int32) 116,
      (int32) 101,
      (int32) 112,
      (int32) 112,
      (int32) 101,
      (int32) 114,
      (int32) 46,
      (int32) 102,
      (int32) 114,
      (int32) 101,
      (int32) 101,
      (int32) 110,
      (int32) 111,
      (int32) 100,
      (int32) 101,
      (int32) 46,
      (int32) 110,
      (int32) 101,
      (int32) 116,
      (int32) 32,
      (int32) 51,
      (int32) 55,
      (int32) 50,
      (int32) 32,
      (int32) 109,
      (int32) 101,
      (int32) 112,
      (int32) 104,
      (int32) 117,
      (int32) 120,
      (int32) 116,
      (int32) 101,
      (int32) 115,
      (int32) 116,
      (int32) 99,
      (int32) 111,
      (int32) 110,
      (int32) 110,
      (int32) 101,
      (int32) 99,
      (int32) 32,
      (int32) 58,
      (int32) 45,
      (int32) 32,
      (int32) 115,
      (int32) 111,
      (int32) 102,
      (int32) 116,
      (int32) 119,
      (int32) 97,
      (int32) 114,
      (int32) 101,
      (int32) 32,
      (int32) 99,
      (int32) 111,
      (int32) 109,
      (int32) 109,
      (int32) 117,
      (int32) 110,
      (int32) 105,
      (int32) 116,
      (int32) 105,
      (int32) 101,
      (int32) 115,
      (int32) 32,
      (int32) 115,
      (int32) 105,
      (int32) 110,
      (int32) 99,
      (int32) 101,
      (int32) 32,
      (int32) 49,
      (int32) 57,
      (int32) 57,
      (int32) 56,
      (int32) 46
     },
     ([]int32) (len=46 cap=64) {
      (int32) 58,
      (int32) 116,
      (int32) 101,
      (int32) 112,
      (int32) 112,
      (int32) 101,
      (int32) 114,
      (int32) 46,
      (int32) 102,
      (int32) 114,
      (int32) 101,
      (int32) 101,
      (int32) 110,
      (int32) 111,
      (int32) 100,
      (int32) 101,
      (int32) 46,
      (int32) 110,
      (int32) 101,
      (int32) 116,
      (int32) 32,
      (int32) 51,
      (int32) 55,
      (int32) 50,
      (int32) 32,
      (int32) 109,
      (int32) 101,
      (int32) 112,
      (int32) 104,
      (int32) 117,
      (int32) 120,
      (int32) 116,
      (int32) 101,
      (int32) 115,
      (int32) 116,
      (int32) 99,
      (int32) 111,
      (int32) 110,
      (int32) 110,
      (int32) 101,
      (int32) 99,
      (int32) 32,
      (int32) 58,
      (int32) 45,
      (int32) 32,
      (int32) 32
     },
     ([]int32) (len=106 cap=128) {
      (int32) 58,
      (int32) 116,
      (int32) 101,
      (int32) 112,
      (int32) 112,
      (int32) 101,
      (int32) 114,
      (int32) 46,
      (int32) 102,
      (int32) 114,
      (int32) 101,
      (int32) 101,
      (int32) 110,
      (int32) 111,
      (int32) 100,
      (int32) 101,
      (int32) 46,
      (int32) 110,
      (int32) 101,
      (int32) 116,
      (int32) 32,
      (int32) 51,
      (int32) 55,
      (int32) 50,
      (int32) 32,
      (int32) 109,
      (int32) 101,
      (int32) 112,
      (int32) 104,
      (int32) 117,
      (int32) 120,
      (int32) 116,
      (int32) 101,
      (int32) 115,
      (int32) 116,
      (int32) 99,
      (int32) 111,
      (int32) 110,
      (int32) 110,
      (int32) 101,
      (int32) 99,
      (int32) 32,
      (int32) 58,
      (int32) 45,
      (int32) 32,
      (int32) 66,
      (int32) 121,
      (int32) 32,
      (int32) 99,
      (int32) 111,
      (int32) 110,
      (int32) 110,
      (int32) 101,
      (int32) 99,
      (int32) 116,
      (int32) 105,
      (int32) 110,
      (int32) 103,
      (int32) 32,
      (int32) 116,
      (int32) 111,
      (int32) 32,
      (int32) 102,
      (int32) 114,
      (int32) 101,
      (int32) 101,
      (int32) 110,
      (int32) 111,
      (int32) 100,
      (int32) 101,
      (int32) 32,
      (int32) 121,
      (int32) 111,
      (int32) 117,
      (int32) 32,
      (int32) 105,
      (int32) 110,
      (int32) 100,
      (int32) 105,
      (int32) 99,
      (int32) 97,
      (int32) 116,
      (int32) 101,
      (int32) 32,
      (int32) 116,
      (int32) 104,
      (int32) 97,
      (int32) 116,
      (int32) 32,
      (int32) 121,
      (int32) 111,
      (int32) 117,
      (int32) 32,
      (int32) 104,
      (int32) 97,
      (int32) 118,
      (int32) 101,
      (int32) 32,
      (int32) 114,
      (int32) 101,
      (int32) 97,
      (int32) 100,
      (int32) 32,
      (int32) 97,
      (int32) 110,
      (int32) 100
     },
     ([]int32) (len=107 cap=128) {
      (int32) 58,
      (int32) 116,
      (int32) 101,
      (int32) 112,
      (int32) 112,
      (int32) 101,
      (int32) 114,
      (int32) 46,
      (int32) 102,
      (int32) 114,
      (int32) 101,
      (int32) 101,
      (int32) 110,
      (int32) 111,
      (int32) 100,
      (int32) 101,
      (int32) 46,
      (int32) 110,
      (int32) 101,
      (int32) 116,
      (int32) 32,
      (int32) 51,
      (int32) 55,
      (int32) 50,
      (int32) 32,
      (int32) 109,
      (int32) 101,
      (int32) 112,
      (int32) 104,
      (int32) 117,
      (int32) 120,
      (int32) 116,
      (int32) 101,
      (int32) 115,
      (int32) 116,
      (int32) 99,
      (int32) 111,
      (int32) 110,
      (int32) 110,
      (int32) 101,
      (int32) 99,
      (int32) 32,
      (int32) 58,
      (int32) 45,
      (int32) 32,
      (int32) 118,
      (int32) 111,
      (int32) 108,
      (int32) 117,
      (int32) 110,
      (int32) 116,
      (int32) 101,
      (int32) 101,
      (int32) 114,
      (int32) 32,
      (int32) 115,
      (int32) 116,
      (int32) 97,
      (int32) 102,
      (int32) 102,
      (int32) 32,
      (int32) 97,
      (int32) 110,
      (int32) 100,
      (int32) 32,
      (int32) 104,
      (int32) 101,
      (int32) 108,
      (int32) 112,
      (int32) 102,
      (int32) 117,
      (int32) 108,
      (int32) 32,
      (int32) 117,
      (int32) 115,
      (int32) 101,
      (int32) 114,
      (int32) 115,
      (int32) 32,
      (int32) 119,
      (int32) 105,
      (int32) 108,
      (int32) 108,
      (int32) 32,
      (int32) 98,
      (int32) 101,
      (int32) 32,
      (int32) 104,
      (int32) 97,
      (int32) 112,
      (int32) 112,
      (int32) 121,
      (int32) 32,
      (int32) 116,
      (int32) 111,
      (int32) 32,
      (int32) 97,
      (int32) 115,
      (int32) 115,
      (int32) 105,
      (int32) 115,
      (int32) 116,
      (int32) 32,
      (int32) 121,
      (int32) 111,
      (int32) 117,
      (int32) 46
     },
     ([]int32) (len=102 cap=128) {
      (int32) 58,
      (int32) 116,
      (int32) 101,
      (int32) 112,
      (int32) 112,
      (int32) 101,
      (int32) 114,
      (int32) 46,
      (int32) 102,
      (int32) 114,
      (int32) 101,
      (int32) 101,
      (int32) 110,
      (int32) 111,
      (int32) 100,
      (int32) 101,
      (int32) 46,
      (int32) 110,
      (int32) 101,
      (int32) 116,
      (int32) 32,
      (int32) 51,
      (int32) 55,
      (int32) 50,
      (int32) 32,
      (int32) 109,
      (int32) 101,
      (int32) 112,
      (int32) 104,
      (int32) 117,
      (int32) 120,
      (int32) 116,
      (int32) 101,
      (int32) 115,
      (int32) 116,
      (int32) 99,
      (int32) 111,
      (int32) 110,
      (int32) 110,
      (int32) 101,
      (int32) 99,
      (int32) 32,
      (int32) 58,
      (int32) 45,
      (int32) 32,
      (int32) 97,
      (int32) 99,
      (int32) 99,
      (int32) 101,
      (int32) 112,
      (int32) 116,
      (int32) 32,
      (int32) 111,
      (int32) 117,
      (int32) 114,
      (int32) 32,
      (int32) 112,
      (int32) 111,
      (int32) 108,
      (int32) 105,
      (int32) 99,
      (int32) 105,
      (int32) 101,
      (int32) 115,
      (int32) 32,
      (int32) 97,
      (int32) 115,
      (int32) 32,
      (int32) 115,
      (int32) 101,
      (int32) 116,
      (int32) 32,
      (int32) 111,
      (int32) 117,
      (int32) 116,
      (int32) 32,
      (int32) 111,
      (int32) 110,
      (int32) 32,
      (int32) 104,
      (int32) 116,
      (int32) 116,
      (int32) 112,
      (int32) 58,
      (int32) 47,
      (int32) 47,
      (int32) 119,
      (int32) 119,
      (int32) 119,
      (int32) 46,
      (int32) 102,
      (int32) 114,
      (int32) 101,
      (int32) 101,
      (int32) 110,
      (int32) 111,
      (int32) 100,
      (int32) 101,
      (int32) 46,
      (int32) 110,
      (int32) 101,
      (int32) 116
     },
     ([]int32) (len=107 cap=128) {
      (int32) 58,
      (int32) 116,
      (int32) 101,
      (int32) 112,
      (int32) 112,
      (int32) 101,
      (int32) 114,
      (int32) 46,
      (int32) 102,
      (int32) 114,
      (int32) 101,
      (int32) 101,
      (int32) 110,
      (int32) 111,
      (int32) 100,
      (int32) 101,
      (int32) 46,
      (int32) 110,
      (int32) 101,
      (int32) 116,
      (int32) 32,
      (int32) 51,
      (int32) 55,
      (int32) 50,
      (int32) 32,
      (int32) 109,
      (int32) 101,
      (int32) 112,
      (int32) 104,
      (int32) 117,
      (int32) 120,
      (int32) 116,
      (int32) 101,
      (int32) 115,
      (int32) 116,
      (int32) 99,
      (int32) 111,
      (int32) 110,
      (int32) 110,
      (int32) 101,
      (int32) 99,
      (int32) 32,
      (int32) 58,
      (int32) 45,
      (int32) 32,
      (int32) 102,
      (int32) 114,
      (int32) 101,
      (int32) 101,
      (int32) 110,
      (int32) 111,
      (int32) 100,
      (int32) 101,
      (int32) 32,
      (int32) 114,
      (int32) 117,
      (int32) 110,
      (int32) 115,
      (int32) 32,
      (int32) 97,
      (int32) 110,
      (int32) 32,
      (int32) 111,
      (int32) 112,
      (int32) 101,
      (int32) 110,
      (int32) 32,
      (int32) 112,
      (int32) 114,
      (int32) 111,
      (int32) 120,
      (int32) 121,
      (int32) 32,
      (int32) 115,
      (int32) 99,
      (int32) 97,
      (int32) 110,
      (int32) 110,
      (int32) 101,
      (int32) 114,
      (int32) 46,
      (int32) 32,
      (int32) 80,
      (int32) 108,
      (int32) 101,
      (int32) 97,
      (int32) 115,
      (int32) 101,
      (int32) 32,
      (int32) 106,
      (int32) 111,
      (int32) 105,
      (int32) 110,
      (int32) 32,
      (int32) 35,
      (int32) 102,
      (int32) 114,
      (int32) 101,
      (int32) 101,
      (int32) 110,
      (int32) 111,
      (int32) 100,
      (int32) 101,
      (int32) 32,
      (int32) 102,
      (int32) 111,
      (int32) 114
     },
     ([]int32) (len=104 cap=128) {
      (int32) 58,
      (int32) 116,
      (int32) 101,
      (int32) 112,
      (int32) 112,
      (int32) 101,
      (int32) 114,
      (int32) 46,
      (int32) 102,
      (int32) 114,
      (int32) 101,
      (int32) 101,
      (int32) 110,
      (int32) 111,
      (int32) 100,
      (int32) 101,
      (int32) 46,
      (int32) 110,
      (int32) 101,
      (int32) 116,
      (int32) 32,
      (int32) 51,
      (int32) 55,
      (int32) 50,
      (int32) 32,
      (int32) 109,
      (int32) 101,
      (int32) 112,
      (int32) 104,
      (int32) 117,
      (int32) 120,
      (int32) 116,
      (int32) 101,
      (int32) 115,
      (int32) 116,
      (int32) 99,
      (int32) 111,
      (int32) 110,
      (int32) 110,
      (int32) 101,
      (int32) 99,
      (int32) 32,
      (int32) 58,
      (int32) 45,
      (int32) 32,
      (int32) 97,
      (int32) 110,
      (int32) 121,
      (int32) 32,
      (int32) 110,
      (int32) 101,
      (int32) 116,
      (int32) 119,
      (int32) 111,
      (int32) 114,
      (int32) 107,
      (int32) 45,
      (int32) 114,
      (int32) 101,
      (int32) 108,
      (int32) 97,
      (int32) 116,
      (int32) 101,
      (int32) 100,
      (int32) 32,
      (int32) 113,
      (int32) 117,
      (int32) 101,
      (int32) 115,
      (int32) 116,
      (int32) 105,
      (int32) 111,
      (int32) 110,
      (int32) 115,
      (int32) 32,
      (int32) 111,
      (int32) 114,
      (int32) 32,
      (int32) 113,
      (int32) 117,
      (int32) 101,
      (int32) 114,
      (int32) 105,
      (int32) 101,
      (int32) 115,
      (int32) 44,
      (int32) 32,
      (int32) 119,
      (int32) 104,
      (int32) 101,
      (int32) 114,
      (int32) 101,
      (int32) 32,
      (int32) 97,
      (int32) 32,
      (int32) 110,
      (int32) 117,
      (int32) 109,
      (int32) 98,
      (int32) 101,
      (int32) 114,
      (int32) 32,
      (int32) 111,
      (int32) 102
     },
     ([]int32) (len=109 cap=128) {
      (int32) 58,
      (int32) 116,
      (int32) 101,
      (int32) 112,
      (int32) 112,
      (int32) 101,
      (int32) 114,
      (int32) 46,
      (int32) 102,
      (int32) 114,
      (int32) 101,
      (int32) 101,
      (int32) 110,
      (int32) 111,
      (int32) 100,
      (int32) 101,
      (int32) 46,
      (int32) 110,
      (int32) 101,
      (int32) 116,
      (int32) 32,
      (int32) 51,
      (int32) 55,
      (int32) 50,
      (int32) 32,
      (int32) 109,
      (int32) 101,
      (int32) 112,
      (int32) 104,
      (int32) 117,
      (int32) 120,
      (int32) 116,
      (int32) 101,
      (int32) 115,
      (int32) 116,
      (int32) 99,
      (int32) 111,
      (int32) 110,
      (int32) 110,
      (int32) 101,
      (int32) 99,
      (int32) 32,
      (int32) 58,
      (int32) 45,
      (int32) 32,
      (int32) 89,
      (int32) 111,
      (int32) 117,
      (int32) 32,
      (int32) 99,
      (int32) 97,
      (int32) 110,
      (int32) 32,
      (int32) 109,
      (int32) 101,
      (int32) 101,
      (int32) 116,
      (int32) 32,
      (int32) 117,
      (int32) 115,
      (int32) 32,
      (int32) 97,
      (int32) 116,
      (int32) 32,
      (int32) 70,
      (int32) 79,
      (int32) 83,
      (int32) 83,
      (int32) 67,
      (int32) 79,
      (int32) 78,
      (int32) 32,
      (int32) 40,
      (int32) 104,
      (int32) 116,
      (int32) 116,
      (int32) 112,
      (int32) 58,
      (int32) 47,
      (int32) 47,
      (int32) 119,
      (int32) 119,
      (int32) 119,
      (int32) 46,
      (int32) 102,
      (int32) 111,
      (int32) 115,
      (int32) 115,
      (int32) 99,
      (int32) 111,
      (int32) 110,
      (int32) 46,
      (int32) 111,
      (int32) 114,
      (int32) 103,
      (int32) 41,
      (int32) 32,
      (int32) 119,
      (int32) 104,
      (int32) 101,
      (int32) 114,
      (int32) 101,
      (int32) 32,
      (int32) 119,
      (int32) 101,
      (int32) 32,
      (int32) 103,
      (int32) 101,
      (int32) 116
     },
     ([]int32) (len=46 cap=64) {
      (int32) 58,
      (int32) 116,
      (int32) 101,
      (int32) 112,
      (int32) 112,
      (int32) 101,
      (int32) 114,
      (int32) 46,
      (int32) 102,
      (int32) 114,
      (int32) 101,
      (int32) 101,
      (int32) 110,
      (int32) 111,
      (int32) 100,
      (int32) 101,
      (int32) 46,
      (int32) 110,
      (int32) 101,
      (int32) 116,
      (int32) 32,
      (int32) 51,
      (int32) 55,
      (int32) 50,
      (int32) 32,
      (int32) 109,
      (int32) 101,
      (int32) 112,
      (int32) 104,
      (int32) 117,
      (int32) 120,
      (int32) 116,
      (int32) 101,
      (int32) 115,
      (int32) 116,
      (int32) 99,
      (int32) 111,
      (int32) 110,
      (int32) 110,
      (int32) 101,
      (int32) 99,
      (int32) 32,
      (int32) 58,
      (int32) 45,
      (int32) 32,
      (int32) 32
     },
     ([]int32) (len=101 cap=128) {
      (int32) 58,
      (int32) 116,
      (int32) 101,
      (int32) 112,
      (int32) 112,
      (int32) 101,
      (int32) 114,
      (int32) 46,
      (int32) 102,
      (int32) 114,
      (int32) 101,
      (int32) 101,
      (int32) 110,
      (int32) 111,
      (int32) 100,
      (int32) 101,
      (int32) 46,
      (int32) 110,
      (int32) 101,
      (int32) 116,
      (int32) 32,
      (int32) 51,
      (int32) 55,
      (int32) 50,
      (int32) 32,
      (int32) 109,
      (int32) 101,
      (int32) 112,
      (int32) 104,
      (int32) 117,
      (int32) 120,
      (int32) 116,
      (int32) 101,
      (int32) 115,
      (int32) 116,
      (int32) 99,
      (int32) 111,
      (int32) 110,
      (int32) 110,
      (int32) 101,
      (int32) 99,
      (int32) 32,
      (int32) 58,
      (int32) 45,
      (int32) 32,
      (int32) 116,
      (int32) 111,
      (int32) 103,
      (int32) 101,
      (int32) 116,
      (int32) 104,
      (int32) 101,
      (int32) 114,
      (int32) 32,
      (int32) 119,
      (int32) 105,
      (int32) 116,
      (int32) 104,
      (int32) 32,
      (int32) 108,
      (int32) 105,
      (int32) 107,
      (int32) 101,
      (int32) 45,
      (int32) 109,
      (int32) 105,
      (int32) 110,
      (int32) 100,
      (int32) 101,
      (int32) 100,
      (int32) 32,
      (int32) 70,
      (int32) 79,
      (int32) 83,
      (int32) 83,
      (int32) 32,
      (int32) 101,
      (int32) 110,
      (int32) 116,
      (int32) 104,
      (int32) 117,
      (int32) 115,
      (int32) 105,
      (int32) 97,
      (int32) 115,
      (int32) 116,
      (int32) 115,
      (int32) 32,
      (int32) 102,
      (int32) 111,
      (int32) 114,
      (int32) 32,
      (int32) 116,
      (int32) 97,
      (int32) 108,
      (int32) 107,
      (int32) 115,
      (int32) 32,
      (int32) 97,
      (int32) 110,
      (int32) 100
     },
     ([]int32) (len=69 cap=128) {
      (int32) 58,
      (int32) 116,
      (int32) 101,
      (int32) 112,
      (int32) 112,
      (int32) 101,
      (int32) 114,
      (int32) 46,
      (int32) 102,
      (int32) 114,
      (int32) 101,
      (int32) 101,
      (int32) 110,
      (int32) 111,
      (int32) 100,
      (int32) 101,
      (int32) 46,
      (int32) 110,
      (int32) 101,
      (int32) 116,
      (int32) 32,
      (int32) 51,
      (int32) 55,
      (int32) 50,
      (int32) 32,
      (int32) 109,
      (int32) 101,
      (int32) 112,
      (int32) 104,
      (int32) 117,
      (int32) 120,
      (int32) 116,
      (int32) 101,
      (int32) 115,
      (int32) 116,
      (int32) 99,
      (int32) 111,
      (int32) 110,
      (int32) 110,
      (int32) 101,
      (int32) 99,
      (int32) 32,
      (int32) 58,
      (int32) 45,
      (int32) 32,
      (int32) 114,
      (int32) 101,
      (int32) 97,
      (int32) 108,
      (int32) 45,
      (int32) 108,
      (int32) 105,
      (int32) 102,
      (int32) 101,
      (int32) 32,
      (int32) 99,
      (int32) 111,
      (int32) 108,
      (int32) 108,
      (int32) 97,
      (int32) 98,
      (int32) 111,
      (int32) 114,
      (int32) 97,
      (int32) 116,
      (int32) 105,
      (int32) 111,
      (int32) 110,
      (int32) 46
     },
     ([]int32) (len=91 cap=128) {
      (int32) 58,
      (int32) 116,
      (int32) 101,
      (int32) 112,
      (int32) 112,
      (int32) 101,
      (int32) 114,
      (int32) 46,
      (int32) 102,
      (int32) 114,
      (int32) 101,
      (int32) 101,
      (int32) 110,
      (int32) 111,
      (int32) 100,
      (int32) 101,
      (int32) 46,
      (int32) 110,
      (int32) 101,
      (int32) 116,
      (int32) 32,
      (int32) 51,
      (int32) 55,
      (int32) 50,
      (int32) 32,
      (int32) 109,
      (int32) 101,
      (int32) 112,
      (int32) 104,
      (int32) 117,
      (int32) 120,
      (int32) 116,
      (int32) 101,
      (int32) 115,
      (int32) 116,
      (int32) 99,
      (int32) 111,
      (int32) 110,
      (int32) 110,
      (int32) 101,
      (int32) 99,
      (int32) 32,
      (int32) 58,
      (int32) 45,
      (int32) 32,
      (int32) 87,
      (int32) 101,
      (int32) 108,
      (int32) 99,
      (int32) 111,
      (int32) 109,
      (int32) 101,
      (int32) 32,
      (int32) 116,
      (int32) 111,
      (int32) 32,
      (int32) 116,
      (int32) 101,
      (int32) 112,
      (int32) 112,
      (int32) 101,
      (int32) 114,
      (int32) 46,
      (int32) 102,
      (int32) 114,
      (int32) 101,
      (int32) 101,
      (int32) 110,
      (int32) 111,
      (int32) 100,
      (int32) 101,
      (int32) 46,
      (int32) 110,
      (int32) 101,
      (int32) 116,
      (int32) 32,
      (int32) 105,
      (int32) 110,
      (int32) 32,
      (int32) 66,
      (int32) 117,
      (int32) 102,
      (int32) 102,
      (int32) 97,
      (int32) 108,
      (int32) 111,
      (int32) 44,
      (int32) 32,
      (int32) 78,
      (int32) 89,
      (int32) 46
     },
     ([]int32) (len=99 cap=128) {
      (int32) 58,
      (int32) 116,
      (int32) 101,
      (int32) 112,
      (int32) 112,
      (int32) 101,
      (int32) 114,
      (int32) 46,
      (int32) 102,
      (int32) 114,
      (int32) 101,
      (int32) 101,
      (int32) 110,
      (int32) 111,
      (int32) 100,
      (int32) 101,
      (int32) 46,
      (int32) 110,
      (int32) 101,
      (int32) 116,
      (int32) 32,
      (int32) 51,
      (int32) 55,
      (int32) 50,
      (int32) 32,
      (int32) 109,
      (int32) 101,
      (int32) 112,
      (int32) 104,
      (int32) 117,
      (int32) 120,
      (int32) 116,
      (int32) 101,
      (int32) 115,
      (int32) 116,
      (int32) 99,
      (int32) 111,
      (int32) 110,
      (int32) 110,
      (int32) 101,
      (int32) 99,
      (int32) 32,
      (int32) 58,
      (int32) 45,
      (int32) 32,
      (int32) 40,
      (int32) 104,
      (int32) 116,
      (int32) 116,
      (int32) 112,
      (int32) 115,
      (int32) 58,
      (int32) 47,
      (int32) 47,
      (int32) 119,
      (int32) 119,
      (int32) 119,
      (int32) 46,
      (int32) 112,
      (int32) 114,
      (int32) 105,
      (int32) 118,
      (int32) 97,
      (int32) 116,
      (int32) 101,
      (int32) 105,
      (int32) 110,
      (int32) 116,
      (int32) 101,
      (int32) 114,
      (int32) 110,
      (int32) 101,
      (int32) 116,
      (int32) 97,
      (int32) 99,
      (int32) 99,
      (int32) 101,
      (int32) 115,
      (int32) 115,
      (int32) 46,
      (int32) 99,
      (int32) 111,
      (int32) 109,
      (int32) 47,
      (int32) 41,
      (int32) 32,
      (int32) 97,
      (int32) 110,
      (int32) 100,
      (int32) 32,
      (int32) 116,
      (int32) 104,
      (int32) 101,
      (int32) 32,
      (int32) 111,
      (int32) 116,
      (int32) 104,
      (int32) 101,
      (int32) 114
     },
     ([]int32) (len=64 cap=64) {
      (int32) 58,
      (int32) 116,
      (int32) 101,
      (int32) 112,
      (int32) 112,
      (int32) 101,
      (int32) 114,
      (int32) 46,
      (int32) 102,
      (int32) 114,
      (int32) 101,
      (int32) 101,
      (int32) 110,
      (int32) 111,
      (int32) 100,
      (int32) 101,
      (int32) 46,
      (int32) 110,
      (int32) 101,
      (int32) 116,
      (int32) 32,
      (int32) 51,
      (int32) 55,
      (int32) 54,
      (int32) 32,
      (int32) 109,
      (int32) 101,
      (int32) 112,
      (int32) 104,
      (int32) 117,
      (int32) 120,
      (int32) 116,
      (int32) 101,
      (int32) 115,
      (int32) 116,
      (int32) 99,
      (int32) 111,
      (int32) 110,
      (int32) 110,
      (int32) 101,
      (int32) 99,
      (int32) 32,
      (int32) 58,
      (int32) 69,
      (int32) 110,
      (int32) 100,
      (int32) 32,
      (int32) 111,
      (int32) 102,
      (int32) 32,
      (int32) 47,
      (int32) 77,
      (int32) 79,
      (int32) 84,
      (int32) 68,
      (int32) 32,
      (int32) 99,
      (int32) 111,
      (int32) 109,
      (int32) 109,
      (int32) 97,
      (int32) 110,
      (int32) 100,
      (int32) 46
     },
     ([]int32) (len=93 cap=128) {
      (int32) 58,
      (int32) 116,
      (int32) 101,
      (int32) 112,
      (int32) 112,
      (int32) 101,
      (int32) 114,
      (int32) 46,
      (int32) 102,
      (int32) 114,
      (int32) 101,
      (int32) 101,
      (int32) 110,
      (int32) 111,
      (int32) 100,
      (int32) 101,
      (int32) 46,
      (int32) 110,
      (int32) 101,
      (int32) 116,
      (int32) 32,
      (int32) 51,
      (int32) 55,
      (int32) 50,
      (int32) 32,
      (int32) 109,
      (int32) 101,
      (int32) 112,
      (int32) 104,
      (int32) 117,
      (int32) 120,
      (int32) 116,
      (int32) 101,
      (int32) 115,
      (int32) 116,
      (int32) 99,
      (int32) 111,
      (int32) 110,
      (int32) 110,
      (int32) 101,
      (int32) 99,
      (int32) 32,
      (int32) 58,
      (int32) 45,
      (int32) 32,
      (int32) 73,
      (int32) 110,
      (int32) 32,
      (int32) 112,
      (int32) 97,
      (int32) 114,
      (int32) 116,
      (int32) 105,
      (int32) 99,
      (int32) 117,
      (int32) 108,
      (int32) 97,
      (int32) 114,
      (int32) 32,
      (int32) 119,
      (int32) 101,
      (int32) 32,
      (int32) 119,
      (int32) 111,
      (int32) 117,
      (int32) 108,
      (int32) 100,
      (int32) 32,
      (int32) 108,
      (int32) 105,
      (int32) 107,
      (int32) 101,
      (int32) 32,
      (int32) 116,
      (int32) 111,
      (int32) 32,
      (int32) 116,
      (int32) 104,
      (int32) 97,
      (int32) 110,
      (int32) 107,
      (int32) 32,
      (int32) 116,
      (int32) 104,
      (int32) 101,
      (int32) 32,
      (int32) 115,
      (int32) 112,
      (int32) 111,
      (int32) 110,
      (int32) 115,
      (int32) 111,
      (int32) 114
     },
     ([]int32) (len=97 cap=128) {
      (int32) 58,
      (int32) 116,
      (int32) 101,
      (int32) 112,
      (int32) 112,
      (int32) 101,
      (int32) 114,
      (int32) 46,
      (int32) 102,
      (int32) 114,
      (int32) 101,
      (int32) 101,
      (int32) 110,
      (int32) 111,
      (int32) 100,
      (int32) 101,
      (int32) 46,
      (int32) 110,
      (int32) 101,
      (int32) 116,
      (int32) 32,
      (int32) 51,
      (int32) 55,
      (int32) 50,
      (int32) 32,
      (int32) 109,
      (int32) 101,
      (int32) 112,
      (int32) 104,
      (int32) 117,
      (int32) 120,
      (int32) 116,
      (int32) 101,
      (int32) 115,
      (int32) 116,
      (int32) 99,
      (int32) 111,
      (int32) 110,
      (int32) 110,
      (int32) 101,
      (int32) 99,
      (int32) 32,
      (int32) 58,
      (int32) 45,
      (int32) 32,
      (int32) 111,
      (int32) 102,
      (int32) 32,
      (int32) 116,
      (int32) 104,
      (int32) 105,
      (int32) 115,
      (int32) 32,
      (int32) 115,
      (int32) 101,
      (int32) 114,
      (int32) 118,
      (int32) 101,
      (int32) 114,
      (int32) 44,
      (int32) 32,
      (int32) 100,
      (int32) 101,
      (int32) 116,
      (int32) 97,
      (int32) 105,
      (int32) 108,
      (int32) 115,
      (int32) 32,
      (int32) 111,
      (int32) 102,
      (int32) 32,
      (int32) 119,
      (int32) 104,
      (int32) 105,
      (int32) 99,
      (int32) 104,
      (int32) 32,
      (int32) 99,
      (int32) 97,
      (int32) 110,
      (int32) 32,
      (int32) 98,
      (int32) 101,
      (int32) 32,
      (int32) 102,
      (int32) 111,
      (int32) 117,
      (int32) 110,
      (int32) 100,
      (int32) 32,
      (int32) 97,
      (int32) 98,
      (int32) 111,
      (int32) 118,
      (int32) 101,
      (int32) 46
     },
     ([]int32) (len=46 cap=64) {
      (int32) 58,
      (int32) 116,
      (int32) 101,
      (int32) 112,
      (int32) 112,
      (int32) 101,
      (int32) 114,
      (int32) 46,
      (int32) 102,
      (int32) 114,
      (int32) 101,
      (int32) 101,
      (int32) 110,
      (int32) 111,
      (int32) 100,
      (int32) 101,
      (int32) 46,
      (int32) 110,
      (int32) 101,
      (int32) 116,
      (int32) 32,
      (int32) 51,
      (int32) 55,
      (int32) 50,
      (int32) 32,
      (int32) 109,
      (int32) 101,
      (int32) 112,
      (int32) 104,
      (int32) 117,
      (int32) 120,
      (int32) 116,
      (int32) 101,
      (int32) 115,
      (int32) 116,
      (int32) 99,
      (int32) 111,
      (int32) 110,
      (int32) 110,
      (int32) 101,
      (int32) 99,
      (int32) 32,
      (int32) 58,
      (int32) 45,
      (int32) 32,
      (int32) 32
     },
     ([]int32) (len=105 cap=128) {
      (int32) 58,
      (int32) 116,
      (int32) 101,
      (int32) 112,
      (int32) 112,
      (int32) 101,
      (int32) 114,
      (int32) 46,
      (int32) 102,
      (int32) 114,
      (int32) 101,
      (int32) 101,
      (int32) 110,
      (int32) 111,
      (int32) 100,
      (int32) 101,
      (int32) 46,
      (int32) 110,
      (int32) 101,
      (int32) 116,
      (int32) 32,
      (int32) 51,
      (int32) 55,
      (int32) 50,
      (int32) 32,
      (int32) 109,
      (int32) 101,
      (int32) 112,
      (int32) 104,
      (int32) 117,
      (int32) 120,
      (int32) 116,
      (int32) 101,
      (int32) 115,
      (int32) 116,
      (int32) 99,
      (int32) 111,
      (int32) 110,
      (int32) 110,
      (int32) 101,
      (int32) 99,
      (int32) 32,
      (int32) 58,
      (int32) 45,
      (int32) 32,
      (int32) 111,
      (int32) 114,
      (int32) 103,
      (int32) 97,
      (int32) 110,
      (int32) 105,
      (int32) 115,
      (int32) 97,
      (int32) 116,
      (int32) 105,
      (int32) 111,
      (int32) 110,
      (int32) 115,
      (int32) 32,
      (int32) 116,
      (int32) 104,
      (int32) 97,
      (int32) 116,
      (int32) 32,
      (int32) 104,
      (int32) 101,
      (int32) 108,
      (int32) 112,
      (int32) 32,
      (int32) 107,
      (int32) 101,
      (int32) 101,
      (int32) 112,
      (int32) 32,
      (int32) 102,
      (int32) 114,
      (int32) 101,
      (int32) 101,
      (int32) 110,
      (int32) 111,
      (int32) 100,
      (int32) 101,
      (int32) 32,
      (int32) 97,
      (int32) 110,
      (int32) 100,
      (int32) 32,
      (int32) 111,
      (int32) 117,
      (int32) 114,
      (int32) 32,
      (int32) 111,
      (int32) 116,
      (int32) 104,
      (int32) 101,
      (int32) 114,
      (int32) 32,
      (int32) 112,
      (int32) 114,
      (int32) 111,
      (int32) 106,
      (int32) 101,
      (int32) 99,
      (int32) 116,
      (int32) 115
     },
     ([]int32) (len=46 cap=64) {
      (int32) 58,
      (int32) 116,
      (int32) 101,
      (int32) 112,
      (int32) 112,
      (int32) 101,
      (int32) 114,
      (int32) 46,
      (int32) 102,
      (int32) 114,
      (int32) 101,
      (int32) 101,
      (int32) 110,
      (int32) 111,
      (int32) 100,
      (int32) 101,
      (int32) 46,
      (int32) 110,
      (int32) 101,
      (int32) 116,
      (int32) 32,
      (int32) 51,
      (int32) 55,
      (int32) 50,
      (int32) 32,
      (int32) 109,
      (int32) 101,
      (int32) 112,
      (int32) 104,
      (int32) 117,
      (int32) 120,
      (int32) 116,
      (int32) 101,
      (int32) 115,
      (int32) 116,
      (int32) 99,
      (int32) 111,
      (int32) 110,
      (int32) 110,
      (int32) 101,
      (int32) 99,
      (int32) 32,
      (int32) 58,
      (int32) 45,
      (int32) 32,
      (int32) 32
     },
     ([]int32) (len=81 cap=128) {
      (int32) 58,
      (int32) 116,
      (int32) 101,
      (int32) 112,
      (int32) 112,
      (int32) 101,
      (int32) 114,
      (int32) 46,
      (int32) 102,
      (int32) 114,
      (int32) 101,
      (int32) 101,
      (int32) 110,
      (int32) 111,
      (int32) 100,
      (int32) 101,
      (int32) 46,
      (int32) 110,
      (int32) 101,
      (int32) 116,
      (int32) 32,
      (int32) 51,
      (int32) 55,
      (int32) 50,
      (int32) 32,
      (int32) 109,
      (int32) 101,
      (int32) 112,
      (int32) 104,
      (int32) 117,
      (int32) 120,
      (int32) 116,
      (int32) 101,
      (int32) 115,
      (int32) 116,
      (int32) 99,
      (int32) 111,
      (int32) 110,
      (int32) 110,
      (int32) 101,
      (int32) 99,
      (int32) 32,
      (int32) 58,
      (int32) 45,
      (int32) 32,
      (int32) 114,
      (int32) 117,
      (int32) 110,
      (int32) 110,
      (int32) 105,
      (int32) 110,
      (int32) 103,
      (int32) 32,
      (int32) 102,
      (int32) 111,
      (int32) 114,
      (int32) 32,
      (int32) 116,
      (int32) 104,
      (int32) 101,
      (int32) 105,
      (int32) 114,
      (int32) 32,
      (int32) 115,
      (int32) 117,
      (int32) 115,
      (int32) 116,
      (int32) 97,
      (int32) 105,
      (int32) 110,
      (int32) 101,
      (int32) 100,
      (int32) 32,
      (int32) 115,
      (int32) 117,
      (int32) 112,
      (int32) 112,
      (int32) 111,
      (int32) 114,
      (int32) 116,
      (int32) 46
     },
     ([]int32) (len=91 cap=128) {
      (int32) 58,
      (int32) 116,
      (int32) 101,
      (int32) 112,
      (int32) 112,
      (int32) 101,
      (int32) 114,
      (int32) 46,
      (int32) 102,
      (int32) 114,
      (int32) 101,
      (int32) 101,
      (int32) 110,
      (int32) 111,
      (int32) 100,
      (int32) 101,
      (int32) 46,
      (int32) 110,
      (int32) 101,
      (int32) 116,
      (int32) 32,
      (int32) 51,
      (int32) 55,
      (int32) 50,
      (int32) 32,
      (int32) 109,
      (int32) 101,
      (int32) 112,
      (int32) 104,
      (int32) 117,
      (int32) 120,
      (int32) 116,
      (int32) 101,
      (int32) 115,
      (int32) 116,
      (int32) 99,
      (int32) 111,
      (int32) 110,
      (int32) 110,
      (int32) 101,
      (int32) 99,
      (int32) 32,
      (int32) 58,
      (int32) 45,
      (int32) 32,
      (int32) 87,
      (int32) 101,
      (int32) 32,
      (int32) 119,
      (int32) 111,
      (int32) 117,
      (int32) 108,
      (int32) 100,
      (int32) 32,
      (int32) 108,
      (int32) 105,
      (int32) 107,
      (int32) 101,
      (int32) 32,
      (int32) 116,
      (int32) 111,
      (int32) 32,
      (int32) 116,
      (int32) 104,
      (int32) 97,
      (int32) 110,
      (int32) 107,
      (int32) 32,
      (int32) 80,
      (int32) 114,
      (int32) 105,
      (int32) 118,
      (int32) 97,
      (int32) 116,
      (int32) 101,
      (int32) 32,
      (int32) 73,
      (int32) 110,
      (int32) 116,
      (int32) 101,
      (int32) 114,
      (int32) 110,
      (int32) 101,
      (int32) 116,
      (int32) 32,
      (int32) 65,
      (int32) 99,
      (int32) 99,
      (int32) 101,
      (int32) 115,
      (int32) 115
     },
     ([]int32) (len=16 cap=16) {
      (int32) 71,
      (int32) 79,
      (int32) 32,
      (int32) 67,
      (int32) 79,
      (int32) 77,
      (int32) 60,
      (int32) 77,
      (int32) 65,
      (int32) 78,
      (int32) 68,
      (int32) 32,
      (int32) 106,
      (int32) 111,
      (int32) 105,
      (int32) 110
     },
     ([]int32) (len=30 cap=32) {
      (int32) 74,
      (int32) 111,
      (int32) 105,
      (int32) 110,
      (int32) 32,
      (int32) 65,
      (int32) 114,
      (int32) 103,
      (int32) 115,
      (int32) 32,
      (int32) 91,
      (int32) 106,
      (int32) 111,
      (int32) 105,
      (int32) 110,
      (int32) 32,
      (int32) 35,
      (int32) 99,
      (int32) 111,
      (int32) 111,
      (int32) 108,
      (int32) 116,
      (int32) 101,
      (int32) 115,
      (int32) 116,
      (int32) 119,
      (int32) 111,
      (int32) 114,
      (int32) 100,
      (int32) 93
     },
     ([]int32) <nil>
    },
    readOffset: (int) 0,
    readCache: (string) "",
    tainted: (bool) false,
    viewLines: ([]gocui.viewLine) (len=67 cap=134) {
     (gocui.viewLine) {
      linesX: (int) 0,
      linesY: (int) 0,
      line: ([]int32) <nil>
     },
     (gocui.viewLine) {
      linesX: (int) 0,
      linesY: (int) 1,
      line: ([]int32) (len=64 cap=64) {
       (int32) 32,
       (int32) 32,
       (int32) 9608,
       (int32) 9608,
       (int32) 9559,
       (int32) 32,
       (int32) 32,
       (int32) 9608,
       (int32) 9608,
       (int32) 9559,
       (int32) 32,
       (int32) 9608,
       (int32) 9608,
       (int32) 9608,
       (int32) 9608,
       (int32) 9608,
       (int32) 9608,
       (int32) 9559,
       (int32) 32,
       (int32) 9608,
       (int32) 9608,
       (int32) 9608,
       (int32) 9559,
       (int32) 32,
       (int32) 32,
       (int32) 32,
       (int32) 9608,
       (int32) 9608,
       (int32) 9608,
       (int32) 9559,
       (int32) 32,
       (int32) 9608,
       (int32) 9608,
       (int32) 9608,
       (int32) 9608,
       (int32) 9608,
       (int32) 9559,
       (int32) 32,
       (int32) 9608,
       (int32) 9608,
       (int32) 9608,
       (int32) 9559,
       (int32) 32,
       (int32) 32,
       (int32) 32,
       (int32) 9608,
       (int32) 9608,
       (int32) 9559,
       (int32) 9608,
       (int32) 9608,
       (int32) 9608,
       (int32) 9608,
       (int32) 9608,
       (int32) 9608,
       (int32) 9559,
       (int32) 32,
       (int32) 32,
       (int32) 9608,
       (int32) 9608,
       (int32) 9608,
       (int32) 9608,
       (int32) 9608,
       (int32) 9559,
       (int32) 32
      }
     },
     (gocui.viewLine) {
      linesX: (int) 0,
      linesY: (int) 2,
      line: ([]int32) (len=64 cap=64) {
       (int32) 32,
       (int32) 32,
       (int32) 9608,
       (int32) 9608,
       (int32) 9553,
       (int32) 32,
       (int32) 9608,
       (int32) 9608,
       (int32) 9556,
       (int32) 9565,
       (int32) 9608,
       (int32) 9608,
       (int32) 9556,
       (int32) 9552,
       (int32) 9552,
       (int32) 9552,
       (int32) 9608,
       (int32) 9608,
       (int32) 9559,
       (int32) 9608,
       (int32) 9608,
       (int32) 9608,
       (int32) 9608,
       (int32) 9559,
       (int32) 32,
       (int32) 9608,
       (int32) 9608,
       (int32) 9608,
       (int32) 9608,
       (int32) 9553,
       (int32) 9608,
       (int32) 9608,
       (int32) 9556,
       (int32) 9552,
       (int32) 9552,
       (int32) 9608,
       (int32) 9608,
       (int32) 9559,
       (int32) 9608,
       (int32) 9608,
       (int32) 9608,
       (int32) 9608,
       (int32) 9559,
       (int32) 32,
       (int32) 32,
       (int32) 9608,
       (int32) 9608,
       (int32) 9553,
       (int32) 9608,
       (int32) 9608,
       (int32) 9556,
       (int32) 9552,
       (int32) 9552,
       (int32) 9608,
       (int32) 9608,
       (int32) 9559,
       (int32) 9608,
       (int32) 9608,
       (int32) 9556,
       (int32) 9552,
       (int32) 9552,
       (int32) 9608,
       (int32) 9608,
       (int32) 9559
      }
     },
     (gocui.viewLine) {
      linesX: (int) 0,
      linesY: (int) 3,
      line: ([]int32) (len=64 cap=64) {
       (int32) 32,
       (int32) 32,
       (int32) 9608,
       (int32) 9608,
       (int32) 9608,
       (int32) 9608,
       (int32) 9608,
       (int32) 9556,
       (int32) 9565,
       (int32) 32,
       (int32) 9608,
       (int32) 9608,
       (int32) 9553,
       (int32) 32,
       (int32) 32,
       (int32) 32,
       (int32) 9608,
       (int32) 9608,
       (int32) 9553,
       (int32) 9608,
       (int32) 9608,
       (int32) 9556,
       (int32) 9608,
       (int32) 9608,
       (int32) 9608,
       (int32) 9608,
       (int32) 9556,
       (int32) 9608,
       (int32) 9608,
       (int32) 9553,
       (int32) 9608,
       (int32) 9608,
       (int32) 9608,
       (int32) 9608,
       (int32) 9608,
       (int32) 9608,
       (int32) 9608,
       (int32) 9553,
       (int32) 9608,
       (int32) 9608,
       (int32) 9556,
       (int32) 9608,
       (int32) 9608,
       (int32) 9559,
       (int32) 32,
       (int32) 9608,
       (int32) 9608,
       (int32) 9553,
       (int32) 9608,
       (int32) 9608,
       (int32) 9553,
       (int32) 32,
       (int32) 32,
       (int32) 9608,
       (int32) 9608,
       (int32) 9553,
       (int32) 9608,
       (int32) 9608,
       (int32) 9608,
       (int32) 9608,
       (int32) 9608,
       (int32) 9608,
       (int32) 9608,
       (int32) 9553
      }
     },
     (gocui.viewLine) {
      linesX: (int) 0,
      linesY: (int) 4,
      line: ([]int32) (len=64 cap=64) {
       (int32) 32,
       (int32) 32,
       (int32) 9608,
       (int32) 9608,
       (int32) 9556,
       (int32) 9552,
       (int32) 9608,
       (int32) 9608,
       (int32) 9559,
       (int32) 32,
       (int32) 9608,
       (int32) 9608,
       (int32) 9553,
       (int32) 32,
       (int32) 32,
       (int32) 32,
       (int32) 9608,
       (int32) 9608,
       (int32) 9553,
       (int32) 9608,
       (int32) 9608,
       (int32) 9553,
       (int32) 9562,
       (int32) 9608,
       (int32) 9608,
       (int32) 9556,
       (int32) 9565,
       (int32) 9608,
       (int32) 9608,
       (int32) 9553,
       (int32) 9608,
       (int32) 9608,
       (int32) 9556,
       (int32) 9552,
       (int32) 9552,
       (int32) 9608,
       (int32) 9608,
       (int32) 9553,
       (int32) 9608,
       (int32) 9608,
       (int32) 9553,
       (int32) 9562,
       (int32) 9608,
       (int32) 9608,
       (int32) 9559,
       (int32) 9608,
       (int32) 9608,
       (int32) 9553,
       (int32) 9608,
       (int32) 9608,
       (int32) 9553,
       (int32) 32,
       (int32) 32,
       (int32) 9608,
       (int32) 9608,
       (int32) 9553,
       (int32) 9608,
       (int32) 9608,
       (int32) 9556,
       (int32) 9552,
       (int32) 9552,
       (int32) 9608,
       (int32) 9608,
       (int32) 9553
      }
     },
     (gocui.viewLine) {
      linesX: (int) 0,
      linesY: (int) 5,
      line: ([]int32) (len=64 cap=64) {
       (int32) 32,
       (int32) 32,
       (int32) 9608,
       (int32) 9608,
       (int32) 9553,
       (int32) 32,
       (int32) 32,
       (int32) 9608,
       (int32) 9608,
       (int32) 9559,
       (int32) 9562,
       (int32) 9608,
       (int32) 9608,
       (int32) 9608,
       (int32) 9608,
       (int32) 9608,
       (int32) 9608,
       (int32) 9556,
       (int32) 9565,
       (int32) 9608,
       (int32) 9608,
       (int32) 9553,
       (int32) 32,
       (int32) 9562,
       (int32) 9552,
       (int32) 9565,
       (int32) 32,
       (int32) 9608,
       (int32) 9608,
       (int32) 9553,
       (int32) 9608,
       (int32) 9608,
       (int32) 9553,
       (int32) 32,
       (int32) 32,
       (int32) 9608,
       (int32) 9608,
       (int32) 9553,
       (int32) 9608,
       (int32) 9608,
       (int32) 9553,
       (int32) 32,
       (int32) 9562,
       (int32) 9608,
       (int32) 9608,
       (int32) 9608,
       (int32) 9608,
       (int32) 9553,
       (int32) 9608,
       (int32) 9608,
       (int32) 9608,
       (int32) 9608,
       (int32) 9608,
       (int32) 9608,
       (int32) 9556,
       (int32) 9565,
       (int32) 9608,
       (int32) 9608,
       (int32) 9553,
       (int32) 32,
       (int32) 32,
       (int32) 9608,
       (int32) 9608,
       (int32) 9553
      }
     },
     (gocui.viewLine) {
      linesX: (int) 0,
      linesY: (int) 6,
      line: ([]int32) (len=64 cap=64) {
       (int32) 32,
       (int32) 32,
       (int32) 9562,
       (int32) 9552,
       (int32) 9565,
       (int32) 32,
       (int32) 32,
       (int32) 9562,
       (int32) 9552,
       (int32) 9565,
       (int32) 32,
       (int32) 9562,
       (int32) 9552,
       (int32) 9552,
       (int32) 9552,
       (int32) 9552,
       (int32) 9552,
       (int32) 9565,
       (int32) 32,
       (int32) 9562,
       (int32) 9552,
       (int32) 9565,
       (int32) 32,
       (int32) 32,
       (int32) 32,
       (int32) 32,
       (int32) 32,
       (int32) 9562,
       (int32) 9552,
       (int32) 9565,
       (int32) 9562,
       (int32) 9552,
       (int32) 9565,
       (int32) 32,
       (int32) 32,
       (int32) 9562,
       (int32) 9552,
       (int32) 9565,
       (int32) 9562,
       (int32) 9552,
       (int32) 9565,
       (int32) 32,
       (int32) 32,
       (int32) 9562,
       (int32) 9552,
       (int32) 9552,
       (int32) 9552,
       (int32) 9565,
       (int32) 9562,
       (int32) 9552,
       (int32) 9552,
       (int32) 9552,
       (int32) 9552,
       (int32) 9552,
       (int32) 9565,
       (int32) 32,
       (int32) 9562,
       (int32) 9552,
       (int32) 9565,
       (int32) 32,
       (int32) 32,
       (int32) 9562,
       (int32) 9552,
       (int32) 9565
      }
     },
     (gocui.viewLine) {
      linesX: (int) 0,
      linesY: (int) 7,
      line: ([]int32) (len=55 cap=64) {
       (int32) 32,
       (int32) 32,
       (int32) 86,
       (int32) 101,
       (int32) 114,
       (int32) 115,
       (int32) 105,
       (int32) 111,
       (int32) 110,
       (int32) 58,
       (int32) 32,
       (int32) 48,
       (int32) 46,
       (int32) 49,
       (int32) 46,
       (int32) 48,
       (int32) 32,
       (int32) 83,
       (int32) 111,
       (int32) 117,
       (int32) 114,
       (int32) 99,
       (int32) 101,
       (int32) 32,
       (int32) 67,
       (int32) 111,
       (int32) 100,
       (int32) 101,
       (int32) 58,
       (int32) 32,
       (int32) 103,
       (int32) 105,
       (int32) 116,
       (int32) 104,
       (int32) 117,
       (int32) 98,
       (int32) 46,
       (int32) 99,
       (int32) 111,
       (int32) 109,
       (int32) 47,
       (int32) 109,
       (int32) 101,
       (int32) 112,
       (int32) 104,
       (int32) 117,
       (int32) 120,
       (int32) 47,
       (int32) 107,
       (int32) 111,
       (int32) 109,
       (int32) 97,
       (int32) 110,
       (int32) 100,
       (int32) 97
      }
     },
     (gocui.viewLine) {
      linesX: (int) 0,
      linesY: (int) 8,
      line: ([]int32) <nil>
     },
     (gocui.viewLine) {
      linesX: (int) 0,
      linesY: (int) 9,
      line: ([]int32) (len=19 cap=32) {
       (int32) 71,
       (int32) 79,
       (int32) 32,
       (int32) 67,
       (int32) 79,
       (int32) 77,
       (int32) 60,
       (int32) 77,
       (int32) 65,
       (int32) 78,
       (int32) 68,
       (int32) 32,
       (int32) 99,
       (int32) 111,
       (int32) 110,
       (int32) 110,
       (int32) 101,
       (int32) 99,
       (int32) 116
      }
     },
     (gocui.viewLine) {
      linesX: (int) 0,
      linesY: (int) 10,
      line: ([]int32) (len=29 cap=32) {
       (int32) 71,
       (int32) 111,
       (int32) 116,
       (int32) 32,
       (int32) 67,
       (int32) 111,
       (int32) 110,
       (int32) 110,
       (int32) 101,
       (int32) 99,
       (int32) 116,
       (int32) 32,
       (int32) 67,
       (int32) 111,
       (int32) 109,
       (int32) 109,
       (int32) 97,
       (int32) 110,
       (int32) 100,
       (int32) 32,
       (int32) 91,
       (int32) 99,
       (int32) 111,
       (int32) 110,
       (int32) 110,
       (int32) 101,
       (int32) 99,
       (int32) 116,
       (int32) 93
      }
     },
     (gocui.viewLine) {
      linesX: (int) 0,
      linesY: (int) 11,
      line: ([]int32) (len=56 cap=64) {
       (int32) 67,
       (int32) 111,
       (int32) 110,
       (int32) 110,
       (int32) 101,
       (int32) 99,
       (int32) 116,
       (int32) 101,
       (int32) 100,
       (int32) 32,
       (int32) 116,
       (int32) 111,
       (int32) 32,
       (int32) 105,
       (int32) 114,
       (int32) 99,
       (int32) 46,
       (int32) 102,
       (int32) 114,
       (int32) 101,
       (int32) 101,
       (int32) 110,
       (int32) 111,
       (int32) 100,
       (int32) 101,
       (int32) 46,
       (int32) 110,
       (int32) 101,
       (int32) 116,
       (int32) 58,
       (int32) 54,
       (int32) 54,
       (int32) 54,
       (int32) 55,
       (int32) 32,
       (int32) 40,
       (int32) 49,
       (int32) 57,
       (int32) 50,
       (int32) 46,
       (int32) 49,
       (int32) 56,
       (int32) 54,
       (int32) 46,
       (int32) 49,
       (int32) 53,
       (int32) 55,
       (int32) 46,
       (int32) 52,
       (int32) 51,
       (int32) 58,
       (int32) 54,
       (int32) 54,
       (int32) 54,
       (int32) 55,
       (int32) 41
      }
     },
     (gocui.viewLine) {
      linesX: (int) 0,
      linesY: (int) 12,
      line: ([]int32) (len=116 cap=128) {
       (int32) 58,
       (int32) 116,
       (int32) 101,
       (int32) 112,
       (int32) 112,
       (int32) 101,
       (int32) 114,
       (int32) 46,
       (int32) 102,
       (int32) 114,
       (int32) 101,
       (int32) 101,
       (int32) 110,
       (int32) 111,
       (int32) 100,
       (int32) 101,
       (int32) 46,
       (int32) 110,
       (int32) 101,
       (int32) 116,
       (int32) 32,
       (int32) 48,
       (int32) 48,
       (int32) 53,
       (int32) 32,
       (int32) 109,
       (int32) 101,
       (int32) 112,
       (int32) 104,
       (int32) 117,
       (int32) 120,
       (int32) 116,
       (int32) 101,
       (int32) 115,
       (int32) 116,
       (int32) 99,
       (int32) 111,
       (int32) 110,
       (int32) 110,
       (int32) 101,
       (int32) 99,
       (int32) 32,
       (int32) 69,
       (int32) 88,
       (int32) 84,
       (int32) 66,
       (int32) 65,
       (int32) 78,
       (int32) 61,
       (int32) 36,
       (int32) 44,
       (int32) 97,
       (int32) 106,
       (int32) 114,
       (int32) 120,
       (int32) 122,
       (int32) 32,
       (int32) 87,
       (int32) 72,
       (int32) 79,
       (int32) 88,
       (int32) 32,
       (int32) 67,
       (int32) 76,
       (int32) 73,
       (int32) 69,
       (int32) 78,
       (int32) 84,
       (int32) 86,
       (int32) 69,
       (int32) 82,
       (int32) 61,
       (int32) 51,
       (int32) 46,
       (int32) 48,
       (int32) 32,
       (int32) 83,
       (int32) 65,
       (int32) 70,
       (int32) 69,
       (int32) 76,
       (int32) 73,
       (int32) 83,
       (int32) 84,
       (int32) 32,
       (int32) 69,
       (int32) 76,
       (int32) 73,
       (int32) 83,
       (int32) 84,
       (int32) 61,
       (int32) 67,
       (int32) 84,
       (int32) 85,
       (int32) 32,
       (int32) 58,
       (int32) 97,
       (int32) 114,
       (int32) 101,
       (int32) 32,
       (int32) 115,
       (int32) 117,
       (int32) 112,
       (int32) 112,
       (int32) 111,
       (int32) 114,
       (int32) 116,
       (int32) 101,
       (int32) 100,
       (int32) 32,
       (int32) 98,
       (int32) 121,
       (int32) 32,
       (int32) 116,
       (int32) 104,
       (int32) 105
      }
     },
     (gocui.viewLine) {
      linesX: (int) 116,
      linesY: (int) 12,
      line: ([]int32) (len=8 cap=12) {
       (int32) 115,
       (int32) 32,
       (int32) 115,
       (int32) 101,
       (int32) 114,
       (int32) 118,
       (int32) 101,
       (int32) 114
      }
     },
     (gocui.viewLine) {
      linesX: (int) 0,
      linesY: (int) 13,
      line: ([]int32) (len=98 cap=128) {
       (int32) 58,
       (int32) 116,
       (int32) 101,
       (int32) 112,
       (int32) 112,
       (int32) 101,
       (int32) 114,
       (int32) 46,
       (int32) 102,
       (int32) 114,
       (int32) 101,
       (int32) 101,
       (int32) 110,
       (int32) 111,
       (int32) 100,
       (int32) 101,
       (int32) 46,
       (int32) 110,
       (int32) 101,
       (int32) 116,
       (int32) 32,
       (int32) 48,
       (int32) 48,
       (int32) 51,
       (int32) 32,
       (int32) 109,
       (int32) 101,
       (int32) 112,
       (int32) 104,
       (int32) 117,
       (int32) 120,
       (int32) 116,
       (int32) 101,
       (int32) 115,
       (int32) 116,
       (int32) 99,
       (int32) 111,
       (int32) 110,
       (int32) 110,
       (int32) 101,
       (int32) 99,
       (int32) 32,
       (int32) 58,
       (int32) 84,
       (int32) 104,
       (int32) 105,
       (int32) 115,
       (int32) 32,
       (int32) 115,
       (int32) 101,
       (int32) 114,
       (int32) 118,
       (int32) 101,
       (int32) 114,
       (int32) 32,
       (int32) 119,
       (int32) 97,
       (int32) 115,
       (int32) 32,
       (int32) 99,
       (int32) 114,
       (int32) 101,
       (int32) 97,
       (int32) 116,
       (int32) 101,
       (int32) 100,
       (int32) 32,
       (int32) 84,
       (int32) 104,
       (int32) 117,
       (int32) 32,
       (int32) 74,
       (int32) 117,
       (int32) 110,
       (int32) 32,
       (int32) 49,
       (int32) 56,
       (int32) 32,
       (int32) 50,
       (int32) 48,
       (int32) 49,
       (int32) 53,
       (int32) 32,
       (int32) 97,
       (int32) 116,
       (int32) 32,
       (int32) 49,
       (int32) 57,
       (int32) 58,
       (int32) 53,
       (int32) 55,
       (int32) 58,
       (int32) 49,
       (int32) 57,
       (int32) 32,
       (int32) 85,
       (int32) 84,
       (int32) 67
      }
     },
     (gocui.viewLine) {
      linesX: (int) 0,
      linesY: (int) 14,
      line: ([]int32) (len=111 cap=128) {
       (int32) 58,
       (int32) 116,
       (int32) 101,
       (int32) 112,
       (int32) 112,
       (int32) 101,
       (int32) 114,
       (int32) 46,
       (int32) 102,
       (int32) 114,
       (int32) 101,
       (int32) 101,
       (int32) 110,
       (int32) 111,
       (int32) 100,
       (int32) 101,
       (int32) 46,
       (int32) 110,
       (int32) 101,
       (int32) 116,
       (int32) 32,
       (int32) 48,
       (int32) 48,
       (int32) 49,
       (int32) 32,
       (int32) 109,
       (int32) 101,
       (int32) 112,
       (int32) 104,
       (int32) 117,
       (int32) 120,
       (int32) 116,
       (int32) 101,
       (int32) 115,
       (int32) 116,
       (int32) 99,
       (int32) 111,
       (int32) 110,
       (int32) 110,
       (int32) 101,
       (int32) 99,
       (int32) 32,
       (int32) 58,
       (int32) 87,
       (int32) 101,
       (int32) 108,
       (int32) 99,
       (int32) 111,
       (int32) 109,
       (int32) 101,
       (int32) 32,
       (int32) 116,
       (int32) 111,
       (int32) 32,
       (int32) 116,
       (int32) 104,
       (int32) 101,
       (int32) 32,
       (int32) 102,
       (int32) 114,
       (int32) 101,
       (int32) 101,
       (int32) 110,
       (int32) 111,
       (int32) 100,
       (int32) 101,
       (int32) 32,
       (int32) 73,
       (int32) 110,
       (int32) 116,
       (int32) 101,
       (int32) 114,
       (int32) 110,
       (int32) 101,
       (int32) 116,
       (int32) 32,
       (int32) 82,
       (int32) 101,
       (int32) 108,
       (int32) 97,
       (int32) 121,
       (int32) 32,
       (int32) 67,
       (int32) 104,
       (int32) 97,
       (int32) 116,
       (int32) 32,
       (int32) 78,
       (int32) 101,
       (int32) 116,
       (int32) 119,
       (int32) 111,
       (int32) 114,
       (int32) 107,
       (int32) 32,
       (int32) 109,
       (int32) 101,
       (int32) 112,
       (int32) 104,
       (int32) 117,
       (int32) 120,
       (int32) 116,
       (int32) 101,
       (int32) 115,
       (int32) 116,
       (int32) 99,
       (int32) 111,
       (int32) 110,
       (int32) 110,
       (int32) 101,
       (int32) 99
      }
     },
     (gocui.viewLine) {
      linesX: (int) 0,
      linesY: (int) 15,
      line: ([]int32) (len=116 cap=256) {
       (int32) 58,
       (int32) 116,
       (int32) 101,
       (int32) 112,
       (int32) 112,
       (int32) 101,
       (int32) 114,
       (int32) 46,
       (int32) 102,
       (int32) 114,
       (int32) 101,
       (int32) 101,
       (int32) 110,
       (int32) 111,
       (int32) 100,
       (int32) 101,
       (int32) 46,
       (int32) 110,
       (int32) 101,
       (int32) 116,
       (int32) 32,
       (int32) 48,
       (int32) 48,
       (int32) 50,
       (int32) 32,
       (int32) 109,
       (int32) 101,
       (int32) 112,
       (int32) 104,
       (int32) 117,
       (int32) 120,
       (int32) 116,
       (int32) 101,
       (int32) 115,
       (int32) 116,
       (int32) 99,
       (int32) 111,
       (int32) 110,
       (int32) 110,
       (int32) 101,
       (int32) 99,
       (int32) 32,
       (int32) 58,
       (int32) 89,
       (int32) 111,
       (int32) 117,
       (int32) 114,
       (int32) 32,
       (int32) 104,
       (int32) 111,
       (int32) 115,
       (int32) 116,
       (int32) 32,
       (int32) 105,
       (int32) 115,
       (int32) 32,
       (int32) 116,
       (int32) 101,
       (int32) 112,
       (int32) 112,
       (int32) 101,
       (int32) 114,
       (int32) 46,
       (int32) 102,
       (int32) 114,
       (int32) 101,
       (int32) 101,
       (int32) 110,
       (int32) 111,
       (int32) 100,
       (int32) 101,
       (int32) 46,
       (int32) 110,
       (int32) 101,
       (int32) 116,
       (int32) 91,
       (int32) 49,
       (int32) 57,
       (int32) 50,
       (int32) 46,
       (int32) 49,
       (int32) 56,
       (int32) 54,
       (int32) 46,
       (int32) 49,
       (int32) 53,
       (int32) 55,
       (int32) 46,
       (int32) 52,
       (int32) 51,
       (int32) 47,
       (int32) 54,
       (int32) 54,
       (int32) 54,
       (int32) 55,
       (int32) 93,
       (int32) 44,
       (int32) 32,
       (int32) 114,
       (int32) 117,
       (int32) 110,
       (int32) 110,
       (int32) 105,
       (int32) 110,
       (int32) 103,
       (int32) 32,
       (int32) 118,
       (int32) 101,
       (int32) 114,
       (int32) 115,
       (int32) 105,
       (int32) 111,
       (int32) 110,
       (int32) 32,
       (int32) 105,
       (int32) 114
      }
     },
     (gocui.viewLine) {
      linesX: (int) 116,
      linesY: (int) 15,
      line: ([]int32) (len=14 cap=140) {
       (int32) 99,
       (int32) 100,
       (int32) 45,
       (int32) 115,
       (int32) 101,
       (int32) 118,
       (int32) 101,
       (int32) 110,
       (int32) 45,
       (int32) 49,
       (int32) 46,
       (int32) 49,
       (int32) 46,
       (int32) 51
      }
     },
     (gocui.viewLine) {
      linesX: (int) 0,
      linesY: (int) 16,
      line: ([]int32) (len=116 cap=256) {
       (int32) 58,
       (int32) 116,
       (int32) 101,
       (int32) 112,
       (int32) 112,
       (int32) 101,
       (int32) 114,
       (int32) 46,
       (int32) 102,
       (int32) 114,
       (int32) 101,
       (int32) 101,
       (int32) 110,
       (int32) 111,
       (int32) 100,
       (int32) 101,
       (int32) 46,
       (int32) 110,
       (int32) 101,
       (int32) 116,
       (int32) 32,
       (int32) 48,
       (int32) 48,
       (int32) 53,
       (int32) 32,
       (int32) 109,
       (int32) 101,
       (int32) 112,
       (int32) 104,
       (int32) 117,
       (int32) 120,
       (int32) 116,
       (int32) 101,
       (int32) 115,
       (int32) 116,
       (int32) 99,
       (int32) 111,
       (int32) 110,
       (int32) 110,
       (int32) 101,
       (int32) 99,
       (int32) 32,
       (int32) 67,
       (int32) 72,
       (int32) 65,
       (int32) 78,
       (int32) 84,
       (int32) 89,
       (int32) 80,
       (int32) 69,
       (int32) 83,
       (int32) 61,
       (int32) 35,
       (int32) 32,
       (int32) 69,
       (int32) 88,
       (int32) 67,
       (int32) 69,
       (int32) 80,
       (int32) 84,
       (int32) 83,
       (int32) 32,
       (int32) 73,
       (int32) 78,
       (int32) 86,
       (int32) 69,
       (int32) 88,
       (int32) 32,
       (int32) 67,
       (int32) 72,
       (int32) 65,
       (int32) 78,
       (int32) 77,
       (int32) 79,
       (int32) 68,
       (int32) 69,
       (int32) 83,
       (int32) 61,
       (int32) 101,
       (int32) 73,
       (int32) 98,
       (int32) 113,
       (int32) 44,
       (int32) 107,
       (int32) 44,
       (int32) 102,
       (int32) 108,
       (int32) 106,
       (int32) 44,
       (int32) 67,
       (int32) 70,
       (int32) 76,
       (int32) 77,
       (int32) 80,
       (int32) 81,
       (int32) 83,
       (int32) 99,
       (int32) 103,
       (int32) 105,
       (int32) 109,
       (int32) 110,
       (int32) 112,
       (int32) 114,
       (int32) 115,
       (int32) 116,
       (int32) 122,
       (int32) 32,
       (int32) 67,
       (int32) 72,
       (int32) 65,
       (int32) 78,
       (int32) 76,
       (int32) 73,
       (int32) 77,
       (int32) 73,
       (int32) 84
      }
     },
     (gocui.viewLine) {
      linesX: (int) 116,
      linesY: (int) 16,
      line: ([]int32) (len=116 cap=140) {
       (int32) 61,
       (int32) 35,
       (int32) 58,
       (int32) 49,
       (int32) 50,
       (int32) 48,
       (int32) 32,
       (int32) 80,
       (int32) 82,
       (int32) 69,
       (int32) 70,
       (int32) 73,
       (int32) 88,
       (int32) 61,
       (int32) 40,
       (int32) 111,
       (int32) 118,
       (int32) 41,
       (int32) 64,
       (int32) 43,
       (int32) 32,
       (int32) 77,
       (int32) 65,
       (int32) 88,
       (int32) 76,
       (int32) 73,
       (int32) 83,
       (int32) 84,
       (int32) 61,
       (int32) 98,
       (int32) 113,
       (int32) 101,
       (int32) 73,
       (int32) 58,
       (int32) 49,
       (int32) 48,
       (int32) 48,
       (int32) 32,
       (int32) 77,
       (int32) 79,
       (int32) 68,
       (int32) 69,
       (int32) 83,
       (int32) 61,
       (int32) 52,
       (int32) 32,
       (int32) 78,
       (int32) 69,
       (int32) 84,
       (int32) 87,
       (int32) 79,
       (int32) 82,
       (int32) 75,
       (int32) 61,
       (int32) 102,
       (int32) 114,
       (int32) 101,
       (int32) 101,
       (int32) 110,
       (int32) 111,
       (int32) 100,
       (int32) 101,
       (int32) 32,
       (int32) 75,
       (int32) 78,
       (int32) 79,
       (int32) 67,
       (int32) 75,
       (int32) 32,
       (int32) 83,
       (int32) 84,
       (int32) 65,
       (int32) 84,
       (int32) 85,
       (int32) 83,
       (int32) 77,
       (int32) 83,
       (int32) 71,
       (int32) 61,
       (int32) 64,
       (int32) 43,
       (int32) 32,
       (int32) 67,
       (int32) 65,
       (int32) 76,
       (int32) 76,
       (int32) 69,
       (int32) 82,
       (int32) 73,
       (int32) 68,
       (int32) 61,
       (int32) 103,
       (int32) 32,
       (int32) 58,
       (int32) 97,
       (int32) 114,
       (int32) 101,
       (int32) 32,
       (int32) 115,
       (int32) 117,
       (int32) 112,
       (int32) 112,
       (int32) 111,
       (int32) 114,
       (int32) 116,
       (int32) 101,
       (int32) 100,
       (int32) 32,
       (int32) 98,
       (int32) 121,
       (int32) 32,
       (int32) 116,
       (int32) 104,
       (int32) 105,
       (int32) 115,
       (int32) 32
      }
     },
     (gocui.viewLine) {
      linesX: (int) 232,
      linesY: (int) 16,
      line: ([]int32) (len=6 cap=24) {
       (int32) 115,
       (int32) 101,
       (int32) 114,
       (int32) 118,
       (int32) 101,
       (int32) 114
      }
     },
     (gocui.viewLine) {
      linesX: (int) 0,
      linesY: (int) 17,
      line: ([]int32) (len=116 cap=256) {
       (int32) 58,
       (int32) 116,
       (int32) 101,
       (int32) 112,
       (int32) 112,
       (int32) 101,
       (int32) 114,
       (int32) 46,
       (int32) 102,
       (int32) 114,
       (int32) 101,
       (int32) 101,
       (int32) 110,
       (int32) 111,
       (int32) 100,
       (int32) 101,
       (int32) 46,
       (int32) 110,
       (int32) 101,
       (int32) 116,
       (int32) 32,
       (int32) 48,
       (int32) 48,
       (int32) 52,
       (int32) 32,
       (int32) 109,
       (int32) 101,
       (int32) 112,
       (int32) 104,
       (int32) 117,
       (int32) 120,
       (int32) 116,
       (int32) 101,
       (int32) 115,
       (int32) 116,
       (int32) 99,
       (int32) 111,
       (int32) 110,
       (int32) 110,
       (int32) 101,
       (int32) 99,
       (int32) 32,
       (int32) 116,
       (int32) 101,
       (int32) 112,
       (int32) 112,
       (int32) 101,
       (int32) 114,
       (int32) 46,
       (int32) 102,
       (int32) 114,
       (int32) 101,
       (int32) 101,
       (int32) 110,
       (int32) 111,
       (int32) 100,
       (int32) 101,
       (int32) 46,
       (int32) 110,
       (int32) 101,
       (int32) 116,
       (int32) 32,
       (int32) 105,
       (int32) 114,
       (int32) 99,
       (int32) 100,
       (int32) 45,
       (int32) 115,
       (int32) 101,
       (int32) 118,
       (int32) 101,
       (int32) 110,
       (int32) 45,
       (int32) 49,
       (int32) 46,
       (int32) 49,
       (int32) 46,
       (int32) 51,
       (int32) 32,
       (int32) 68,
       (int32) 79,
       (int32) 81,
       (int32) 82,
       (int32) 83,
       (int32) 90,
       (int32) 97,
       (int32) 103,
       (int32) 104,
       (int32) 105,
       (int32) 108,
       (int32) 111,
       (int32) 112,
       (int32) 115,
       (int32) 119,
       (int32) 122,
       (int32) 32,
       (int32) 67,
       (int32) 70,
       (int32) 73,
       (int32) 76,
       (int32) 77,
       (int32) 80,
       (int32) 81,
       (int32) 83,
       (int32) 98,
       (int32) 99,
       (int32) 101,
       (int32) 102,
       (int32) 103,
       (int32) 105,
       (int32) 106,
       (int32) 107,
       (int32) 108,
       (int32) 109,
       (int32) 110,
       (int32) 111
      }
     },
     (gocui.viewLine) {
      linesX: (int) 116,
      linesY: (int) 17,
      line: ([]int32) (len=18 cap=140) {
       (int32) 112,
       (int32) 113,
       (int32) 114,
       (int32) 115,
       (int32) 116,
       (int32) 118,
       (int32) 122,
       (int32) 32,
       (int32) 98,
       (int32) 107,
       (int32) 108,
       (int32) 111,
       (int32) 118,
       (int32) 101,
       (int32) 113,
       (int32) 106,
       (int32) 102,
       (int32) 73
      }
     },
     (gocui.viewLine) {
      linesX: (int) 0,
      linesY: (int) 18,
      line: ([]int32) (len=116 cap=512) {
       (int32) 58,
       (int32) 116,
       (int32) 101,
       (int32) 112,
       (int32) 112,
       (int32) 101,
       (int32) 114,
       (int32) 46,
       (int32) 102,
       (int32) 114,
       (int32) 101,
       (int32) 101,
       (int32) 110,
       (int32) 111,
       (int32) 100,
       (int32) 101,
       (int32) 46,
       (int32) 110,
       (int32) 101,
       (int32) 116,
       (int32) 32,
       (int32) 48,
       (int32) 48,
       (int32) 53,
       (int32) 32,
       (int32) 109,
       (int32) 101,
       (int32) 112,
       (int32) 104,
       (int32) 117,
       (int32) 120,
       (int32) 116,
       (int32) 101,
       (int32) 115,
       (int32) 116,
       (int32) 99,
       (int32) 111,
       (int32) 110,
       (int32) 110,
       (int32) 101,
       (int32) 99,
       (int32) 32,
       (int32) 67,
       (int32) 65,
       (int32) 83,
       (int32) 69,
       (int32) 77,
       (int32) 65,
       (int32) 80,
       (int32) 80,
       (int32) 73,
       (int32) 78,
       (int32) 71,
       (int32) 61,
       (int32) 114,
       (int32) 102,
       (int32) 99,
       (int32) 49,
       (int32) 52,
       (int32) 53,
       (int32) 57,
       (int32) 32,
       (int32) 67,
       (int32) 72,
       (int32) 65,
       (int32) 82,
       (int32) 83,
       (int32) 69,
       (int32) 84,
       (int32) 61,
       (int32) 97,
       (int32) 115,
       (int32) 99,
       (int32) 105,
       (int32) 105,
       (int32) 32,
       (int32) 78,
       (int32) 73,
       (int32) 67,
       (int32) 75,
       (int32) 76,
       (int32) 69,
       (int32) 78,
       (int32) 61,
       (int32) 49,
       (int32) 54,
       (int32) 32,
       (int32) 67,
       (int32) 72,
       (int32) 65,
       (int32) 78,
       (int32) 78,
       (int32) 69,
       (int32) 76,
       (int32) 76,
       (int32) 69,
       (int32) 78,
       (int32) 61,
       (int32) 53,
       (int32) 48,
       (int32) 32,
       (int32) 84,
       (int32) 79,
       (int32) 80,
       (int32) 73,
       (int32) 67,
       (int32) 76,
       (int32) 69,
       (int32) 78,
       (int32) 61,
       (int32) 51,
       (int32) 57,
       (int32) 48,
       (int32) 32,
       (int32) 69,
       (int32) 84
      }
     },
     (gocui.viewLine) {
      linesX: (int) 116,
      linesY: (int) 18,
      line: ([]int32) (len=116 cap=396) {
       (int32) 82,
       (int32) 65,
       (int32) 67,
       (int32) 69,
       (int32) 32,
       (int32) 67,
       (int32) 80,
       (int32) 82,
       (int32) 73,
       (int32) 86,
       (int32) 77,
       (int32) 83,
       (int32) 71,
       (int32) 32,
       (int32) 67,
       (int32) 78,
       (int32) 79,
       (int32) 84,
       (int32) 73,
       (int32) 67,
       (int32) 69,
       (int32) 32,
       (int32) 68,
       (int32) 69,
       (int32) 65,
       (int32) 70,
       (int32) 61,
       (int32) 68,
       (int32) 32,
       (int32) 77,
       (int32) 79,
       (int32) 78,
       (int32) 73,
       (int32) 84,
       (int32) 79,
       (int32) 82,
       (int32) 61,
       (int32) 49,
       (int32) 48,
       (int32) 48,
       (int32) 32,
       (int32) 70,
       (int32) 78,
       (int32) 67,
       (int32) 32,
       (int32) 84,
       (int32) 65,
       (int32) 82,
       (int32) 71,
       (int32) 77,
       (int32) 65,
       (int32) 88,
       (int32) 61,
       (int32) 78,
       (int32) 65,
       (int32) 77,
       (int32) 69,
       (int32) 83,
       (int32) 58,
       (int32) 49,
       (int32) 44,
       (int32) 76,
       (int32) 73,
       (int32) 83,
       (int32) 84,
       (int32) 58,
       (int32) 49,
       (int32) 44,
       (int32) 75,
       (int32) 73,
       (int32) 67,
       (int32) 75,
       (int32) 58,
       (int32) 49,
       (int32) 44,
       (int32) 87,
       (int32) 72,
       (int32) 79,
       (int32) 73,
       (int32) 83,
       (int32) 58,
       (int32) 49,
       (int32) 44,
       (int32) 80,
       (int32) 82,
       (int32) 73,
       (int32) 86,
       (int32) 77,
       (int32) 83,
       (int32) 71,
       (int32) 58,
       (int32) 52,
       (int32) 44,
       (int32) 78,
       (int32) 79,
       (int32) 84,
       (int32) 73,
       (int32) 67,
       (int32) 69,
       (int32) 58,
       (int32) 52,
       (int32) 44,
       (int32) 65,
       (int32) 67,
       (int32) 67,
       (int32) 69,
       (int32) 80,
       (int32) 84,
       (int32) 58,
       (int32) 44,
       (int32) 77,
       (int32) 79,
       (int32) 78,
       (int32) 73,
       (int32) 84,
       (int32) 79
      }
     },
     (gocui.viewLine) {
      linesX: (int) 232,
      linesY: (int) 18,
      line: ([]int32) (len=32 cap=280) {
       (int32) 82,
       (int32) 58,
       (int32) 32,
       (int32) 58,
       (int32) 97,
       (int32) 114,
       (int32) 101,
       (int32) 32,
       (int32) 115,
       (int32) 117,
       (int32) 112,
       (int32) 112,
       (int32) 111,
       (int32) 114,
       (int32) 116,
       (int32) 101,
       (int32) 100,
       (int32) 32,
       (int32) 98,
       (int32) 121,
       (int32) 32,
       (int32) 116,
       (int32) 104,
       (int32) 105,
       (int32) 115,
       (int32) 32,
       (int32) 115,
       (int32) 101,
       (int32) 114,
       (int32) 118,
       (int32) 101,
       (int32) 114
      }
     },
     (gocui.viewLine) {
      linesX: (int) 0,
      linesY: (int) 19,
      line: ([]int32) (len=86 cap=128) {
       (int32) 58,
       (int32) 116,
       (int32) 101,
       (int32) 112,
       (int32) 112,
       (int32) 101,
       (int32) 114,
       (int32) 46,
       (int32) 102,
       (int32) 114,
       (int32) 101,
       (int32) 101,
       (int32) 110,
       (int32) 111,
       (int32) 100,
       (int32) 101,
       (int32) 46,
       (int32) 110,
       (int32) 101,
       (int32) 116,
       (int32) 32,
       (int32) 51,
       (int32) 55,
       (int32) 53,
       (int32) 32,
       (int32) 109,
       (int32) 101,
       (int32) 112,
       (int32) 104,
       (int32) 117,
       (int32) 120,
       (int32) 116,
       (int32) 101,
       (int32) 115,
       (int32) 116,
       (int32) 99,
       (int32) 111,
       (int32) 110,
       (int32) 110,
       (int32) 101,
       (int32) 99,
       (int32) 32,
       (int32) 58,
       (int32) 45,
       (int32) 32,
       (int32) 116,
       (int32) 101,
       (int32) 112,
       (int32) 112,
       (int32) 101,
       (int32) 114,
       (int32) 46,
       (int32) 102,
       (int32) 114,
       (int32) 101,
       (int32) 101,
       (int32) 110,
       (int32) 111,
       (int32) 100,
       (int32) 101,
       (int32) 46,
       (int32) 110,
       (int32) 101,
       (int32) 116,
       (int32) 32,
       (int32) 77,
       (int32) 101,
       (int32) 115,
       (int32) 115,
       (int32) 97,
       (int32) 103,
       (int32) 101,
       (int32) 32,
       (int32) 111,
       (int32) 102,
       (int32) 32,
       (int32) 116,
       (int32) 104,
       (int32) 101,
       (int32) 32,
       (int32) 68,
       (int32) 97,
       (int32) 121,
       (int32) 32,
       (int32) 45,
       (int32) 32
      }
     },
     (gocui.viewLine) {
      linesX: (int) 0,
      linesY: (int) 20,
      line: ([]int32) (len=57 cap=64) {
       (int32) 58,
       (int32) 116,
       (int32) 101,
       (int32) 112,
       (int32) 112,
       (int32) 101,
       (int32) 114,
       (int32) 46,
       (int32) 102,
       (int32) 114,
       (int32) 101,
       (int32) 101,
       (int32) 110,
       (int32) 111,
       (int32) 100,
       (int32) 101,
       (int32) 46,
       (int32) 110,
       (int32) 101,
       (int32) 116,
       (int32) 32,
       (int32) 51,
       (int32) 55,
       (int32) 50,
       (int32) 32,
       (int32) 109,
       (int32) 101,
       (int32) 112,
       (int32) 104,
       (int32) 117,
       (int32) 120,
       (int32) 116,
       (int32) 101,
       (int32) 115,
       (int32) 116,
       (int32) 99,
       (int32) 111,
       (int32) 110,
       (int32) 110,
       (int32) 101,
       (int32) 99,
       (int32) 32,
       (int32) 58,
       (int32) 45,
       (int32) 32,
       (int32) 116,
       (int32) 104,
       (int32) 105,
       (int32) 115,
       (int32) 32,
       (int32) 115,
       (int32) 101,
       (int32) 114,
       (int32) 118,
       (int32) 101,
       (int32) 114,
       (int32) 33
      }
     },
     (gocui.viewLine) {
      linesX: (int) 0,
      linesY: (int) 21,
      line: ([]int32) (len=97 cap=128) {
       (int32) 58,
       (int32) 116,
       (int32) 101,
       (int32) 112,
       (int32) 112,
       (int32) 101,
       (int32) 114,
       (int32) 46,
       (int32) 102,
       (int32) 114,
       (int32) 101,
       (int32) 101,
       (int32) 110,
       (int32) 111,
       (int32) 100,
       (int32) 101,
       (int32) 46,
       (int32) 110,
       (int32) 101,
       (int32) 116,
       (int32) 32,
       (int32) 51,
       (int32) 55,
       (int32) 50,
       (int32) 32,
       (int32) 109,
       (int32) 101,
       (int32) 112,
       (int32) 104,
       (int32) 117,
       (int32) 120,
       (int32) 116,
       (int32) 101,
       (int32) 115,
       (int32) 116,
       (int32) 99,
       (int32) 111,
       (int32) 110,
       (int32) 110,
       (int32) 101,
       (int32) 99,
       (int32) 32,
       (int32) 58,
       (int32) 45,
       (int32) 32,
       (int32) 84,
       (int32) 104,
       (int32) 97,
       (int32) 110,
       (int32) 107,
       (int32) 115,
       (int32) 32,
       (int32) 116,
       (int32) 111,
       (int32) 32,
       (int32) 104,
       (int32) 116,
       (int32) 116,
       (int32) 112,
       (int32) 58,
       (int32) 47,
       (int32) 47,
       (int32) 119,
       (int32) 119,
       (int32) 119,
       (int32) 46,
       (int32) 115,
       (int32) 101,
       (int32) 114,
       (int32) 118,
       (int32) 101,
       (int32) 114,
       (int32) 109,
       (int32) 97,
       (int32) 110,
       (int32) 105,
       (int32) 97,
       (int32) 46,
       (int32) 99,
       (int32) 111,
       (int32) 109,
       (int32) 47,
       (int32) 32,
       (int32) 102,
       (int32) 111,
       (int32) 114,
       (int32) 32,
       (int32) 115,
       (int32) 112,
       (int32) 111,
       (int32) 110,
       (int32) 115,
       (int32) 111,
       (int32) 114,
       (int32) 105,
       (int32) 110,
       (int32) 103
      }
     },
     (gocui.viewLine) {
      linesX: (int) 0,
      linesY: (int) 22,
      line: ([]int32) (len=46 cap=64) {
       (int32) 58,
       (int32) 116,
       (int32) 101,
       (int32) 112,
       (int32) 112,
       (int32) 101,
       (int32) 114,
       (int32) 46,
       (int32) 102,
       (int32) 114,
       (int32) 101,
       (int32) 101,
       (int32) 110,
       (int32) 111,
       (int32) 100,
       (int32) 101,
       (int32) 46,
       (int32) 110,
       (int32) 101,
       (int32) 116,
       (int32) 32,
       (int32) 51,
       (int32) 55,
       (int32) 50,
       (int32) 32,
       (int32) 109,
       (int32) 101,
       (int32) 112,
       (int32) 104,
       (int32) 117,
       (int32) 120,
       (int32) 116,
       (int32) 101,
       (int32) 115,
       (int32) 116,
       (int32) 99,
       (int32) 111,
       (int32) 110,
       (int32) 110,
       (int32) 101,
       (int32) 99,
       (int32) 32,
       (int32) 58,
       (int32) 45,
       (int32) 32,
       (int32) 32
      }
     },
     (gocui.viewLine) {
      linesX: (int) 0,
      linesY: (int) 23,
      line: ([]int32) (len=46 cap=64) {
       (int32) 58,
       (int32) 116,
       (int32) 101,
       (int32) 112,
       (int32) 112,
       (int32) 101,
       (int32) 114,
       (int32) 46,
       (int32) 102,
       (int32) 114,
       (int32) 101,
       (int32) 101,
       (int32) 110,
       (int32) 111,
       (int32) 100,
       (int32) 101,
       (int32) 46,
       (int32) 110,
       (int32) 101,
       (int32) 116,
       (int32) 32,
       (int32) 51,
       (int32) 55,
       (int32) 50,
       (int32) 32,
       (int32) 109,
       (int32) 101,
       (int32) 112,
       (int32) 104,
       (int32) 117,
       (int32) 120,
       (int32) 116,
       (int32) 101,
       (int32) 115,
       (int32) 116,
       (int32) 99,
       (int32) 111,
       (int32) 110,
       (int32) 110,
       (int32) 101,
       (int32) 99,
       (int32) 32,
       (int32) 58,
       (int32) 45,
       (int32) 32,
       (int32) 32
      }
     },
     (gocui.viewLine) {
      linesX: (int) 0,
      linesY: (int) 24,
      line: ([]int32) (len=101 cap=128) {
       (int32) 58,
       (int32) 116,
       (int32) 101,
       (int32) 112,
       (int32) 112,
       (int32) 101,
       (int32) 114,
       (int32) 46,
       (int32) 102,
       (int32) 114,
       (int32) 101,
       (int32) 101,
       (int32) 110,
       (int32) 111,
       (int32) 100,
       (int32) 101,
       (int32) 46,
       (int32) 110,
       (int32) 101,
       (int32) 116,
       (int32) 32,
       (int32) 51,
       (int32) 55,
       (int32) 50,
       (int32) 32,
       (int32) 109,
       (int32) 101,
       (int32) 112,
       (int32) 104,
       (int32) 117,
       (int32) 120,
       (int32) 116,
       (int32) 101,
       (int32) 115,
       (int32) 116,
       (int32) 99,
       (int32) 111,
       (int32) 110,
       (int32) 110,
       (int32) 101,
       (int32) 99,
       (int32) 32,
       (int32) 58,
       (int32) 45,
       (int32) 32,
       (int32) 39,
       (int32) 66,
       (int32) 101,
       (int32) 97,
       (int32) 117,
       (int32) 116,
       (int32) 121,
       (int32) 39,
       (int32) 32,
       (int32) 115,
       (int32) 104,
       (int32) 101,
       (int32) 32,
       (int32) 119,
       (int32) 111,
       (int32) 110,
       (int32) 32,
       (int32) 116,
       (int32) 104,
       (int32) 101,
       (int32) 32,
       (int32) 76,
       (int32) 111,
       (int32) 99,
       (int32) 117,
       (int32) 115,
       (int32) 32,
       (int32) 97,
       (int32) 119,
       (int32) 97,
       (int32) 114,
       (int32) 100,
       (int32) 32,
       (int32) 102,
       (int32) 111,
       (int32) 114,
       (int32) 32,
       (int32) 66,
       (int32) 101,
       (int32) 115,
       (int32) 116,
       (int32) 32,
       (int32) 70,
       (int32) 97,
       (int32) 110,
       (int32) 116,
       (int32) 97,
       (int32) 115,
       (int32) 121,
       (int32) 32,
       (int32) 78,
       (int32) 111,
       (int32) 118,
       (int32) 101,
       (int32) 108,
       (int32) 46
      }
     },
     (gocui.viewLine) {
      linesX: (int) 0,
      linesY: (int) 25,
      line: ([]int32) (len=99 cap=128) {
       (int32) 58,
       (int32) 116,
       (int32) 101,
       (int32) 112,
       (int32) 112,
       (int32) 101,
       (int32) 114,
       (int32) 46,
       (int32) 102,
       (int32) 114,
       (int32) 101,
       (int32) 101,
       (int32) 110,
       (int32) 111,
       (int32) 100,
       (int32) 101,
       (int32) 46,
       (int32) 110,
       (int32) 101,
       (int32) 116,
       (int32) 32,
       (int32) 51,
       (int32) 55,
       (int32) 50,
       (int32) 32,
       (int32) 109,
       (int32) 101,
       (int32) 112,
       (int32) 104,
       (int32) 117,
       (int32) 120,
       (int32) 116,
       (int32) 101,
       (int32) 115,
       (int32) 116,
       (int32) 99,
       (int32) 111,
       (int32) 110,
       (int32) 110,
       (int32) 101,
       (int32) 99,
       (int32) 32,
       (int32) 58,
       (int32) 45,
       (int32) 32,
       (int32) 84,
       (int32) 69,
       (int32) 80,
       (int32) 80,
       (int32) 69,
       (int32) 82,
       (int32) 44,
       (int32) 32,
       (int32) 83,
       (int32) 72,
       (int32) 69,
       (int32) 82,
       (int32) 73,
       (int32) 32,
       (int32) 83,
       (int32) 46,
       (int32) 32,
       (int32) 40,
       (int32) 49,
       (int32) 57,
       (int32) 50,
       (int32) 57,
       (int32) 45,
       (int32) 41,
       (int32) 44,
       (int32) 32,
       (int32) 97,
       (int32) 110,
       (int32) 32,
       (int32) 65,
       (int32) 109,
       (int32) 101,
       (int32) 114,
       (int32) 105,
       (int32) 99,
       (int32) 97,
       (int32) 110,
       (int32) 32,
       (int32) 115,
       (int32) 99,
       (int32) 105,
       (int32) 101,
       (int32) 110,
       (int32) 99,
       (int32) 101,
       (int32) 32,
       (int32) 102,
       (int32) 105,
       (int32) 99,
       (int32) 116,
       (int32) 105,
       (int32) 111,
       (int32) 110,
       (int32) 44
      }
     },
     (gocui.viewLine) {
      linesX: (int) 0,
      linesY: (int) 26,
      line: ([]int32) (len=101 cap=128) {
       (int32) 58,
       (int32) 116,
       (int32) 101,
       (int32) 112,
       (int32) 112,
       (int32) 101,
       (int32) 114,
       (int32) 46,
       (int32) 102,
       (int32) 114,
       (int32) 101,
       (int32) 101,
       (int32) 110,
       (int32) 111,
       (int32) 100,
       (int32) 101,
       (int32) 46,
       (int32) 110,
       (int32) 101,
       (int32) 116,
       (int32) 32,
       (int32) 51,
       (int32) 55,
       (int32) 50,
       (int32) 32,
       (int32) 109,
       (int32) 101,
       (int32) 112,
       (int32) 104,
       (int32) 117,
       (int32) 120,
       (int32) 116,
       (int32) 101,
       (int32) 115,
       (int32) 116,
       (int32) 99,
       (int32) 111,
       (int32) 110,
       (int32) 110,
       (int32) 101,
       (int32) 99,
       (int32) 32,
       (int32) 58,
       (int32) 45,
       (int32) 32,
       (int32) 104,
       (int32) 111,
       (int32) 114,
       (int32) 114,
       (int32) 111,
       (int32) 114,
       (int32) 32,
       (int32) 97,
       (int32) 110,
       (int32) 100,
       (int32) 32,
       (int32) 109,
       (int32) 121,
       (int32) 115,
       (int32) 116,
       (int32) 101,
       (int32) 114,
       (int32) 121,
       (int32) 32,
       (int32) 110,
       (int32) 111,
       (int32) 118,
       (int32) 101,
       (int32) 108,
       (int32) 32,
       (int32) 97,
       (int32) 117,
       (int32) 116,
       (int32) 104,
       (int32) 111,
       (int32) 114,
       (int32) 44,
       (int32) 32,
       (int32) 98,
       (int32) 101,
       (int32) 104,
       (int32) 105,
       (int32) 110,
       (int32) 100,
       (int32) 32,
       (int32) 109,
       (int32) 111,
       (int32) 114,
       (int32) 101,
       (int32) 32,
       (int32) 116,
       (int32) 104,
       (int32) 97,
       (int32) 110,
       (int32) 32,
       (int32) 116,
       (int32) 104,
       (int32) 105,
       (int32) 114,
       (int32) 116,
       (int32) 121
      }
     },
     (gocui.viewLine) {
      linesX: (int) 0,
      linesY: (int) 27,
      line: ([]int32) (len=98 cap=128) {
       (int32) 58,
       (int32) 116,
       (int32) 101,
       (int32) 112,
       (int32) 112,
       (int32) 101,
       (int32) 114,
       (int32) 46,
       (int32) 102,
       (int32) 114,
       (int32) 101,
       (int32) 101,
       (int32) 110,
       (int32) 111,
       (int32) 100,
       (int32) 101,
       (int32) 46,
       (int32) 110,
       (int32) 101,
       (int32) 116,
       (int32) 32,
       (int32) 51,
       (int32) 55,
       (int32) 50,
       (int32) 32,
       (int32) 109,
       (int32) 101,
       (int32) 112,
       (int32) 104,
       (int32) 117,
       (int32) 120,
       (int32) 116,
       (int32) 101,
       (int32) 115,
       (int32) 116,
       (int32) 99,
       (int32) 111,
       (int32) 110,
       (int32) 110,
       (int32) 101,
       (int32) 99,
       (int32) 32,
       (int32) 58,
       (int32) 45,
       (int32) 32,
       (int32) 98,
       (int32) 111,
       (int32) 111,
       (int32) 107,
       (int32) 115,
       (int32) 44,
       (int32) 32,
       (int32) 109,
       (int32) 97,
       (int32) 110,
       (int32) 121,
       (int32) 32,
       (int32) 116,
       (int32) 104,
       (int32) 101,
       (int32) 109,
       (int32) 101,
       (int32) 100,
       (int32) 32,
       (int32) 117,
       (int32) 110,
       (int32) 97,
       (int32) 112,
       (int32) 111,
       (int32) 108,
       (int32) 111,
       (int32) 103,
       (int32) 101,
       (int32) 116,
       (int32) 105,
       (int32) 99,
       (int32) 97,
       (int32) 108,
       (int32) 108,
       (int32) 121,
       (int32) 32,
       (int32) 101,
       (int32) 99,
       (int32) 111,
       (int32) 45,
       (int32) 102,
       (int32) 101,
       (int32) 109,
       (int32) 105,
       (int32) 110,
       (int32) 105,
       (int32) 115,
       (int32) 116,
       (int32) 46,
       (int32) 32,
       (int32) 72,
       (int32) 101,
       (int32) 114
      }
     },
     (gocui.viewLine) {
      linesX: (int) 0,
      linesY: (int) 28,
      line: ([]int32) (len=101 cap=128) {
       (int32) 58,
       (int32) 116,
       (int32) 101,
       (int32) 112,
       (int32) 112,
       (int32) 101,
       (int32) 114,
       (int32) 46,
       (int32) 102,
       (int32) 114,
       (int32) 101,
       (int32) 101,
       (int32) 110,
       (int32) 111,
       (int32) 100,
       (int32) 101,
       (int32) 46,
       (int32) 110,
       (int32) 101,
       (int32) 116,
       (int32) 32,
       (int32) 51,
       (int32) 55,
       (int32) 50,
       (int32) 32,
       (int32) 109,
       (int32) 101,
       (int32) 112,
       (int32) 104,
       (int32) 117,
       (int32) 120,
       (int32) 116,
       (int32) 101,
       (int32) 115,
       (int32) 116,
       (int32) 99,
       (int32) 111,
       (int32) 110,
       (int32) 110,
       (int32) 101,
       (int32) 99,
       (int32) 32,
       (int32) 58,
       (int32) 45,
       (int32) 32,
       (int32) 119,
       (int32) 114,
       (int32) 105,
       (int32) 116,
       (int32) 105,
       (int32) 110,
       (int32) 103,
       (int32) 32,
       (int32) 99,
       (int32) 97,
       (int32) 114,
       (int32) 101,
       (int32) 101,
       (int32) 114,
       (int32) 32,
       (int32) 115,
       (int32) 116,
       (int32) 97,
       (int32) 114,
       (int32) 116,
       (int32) 101,
       (int32) 100,
       (int32) 32,
       (int32) 99,
       (int32) 111,
       (int32) 109,
       (int32) 112,
       (int32) 111,
       (int32) 115,
       (int32) 105,
       (int32) 110,
       (int32) 103,
       (int32) 32,
       (int32) 99,
       (int32) 104,
       (int32) 105,
       (int32) 108,
       (int32) 100,
       (int32) 114,
       (int32) 101,
       (int32) 110,
       (int32) 39,
       (int32) 115,
       (int32) 32,
       (int32) 115,
       (int32) 116,
       (int32) 111,
       (int32) 114,
       (int32) 105,
       (int32) 101,
       (int32) 115,
       (int32) 44,
       (int32) 32,
       (int32) 98,
       (int32) 117,
       (int32) 116
      }
     },
     (gocui.viewLine) {
      linesX: (int) 0,
      linesY: (int) 29,
      line: ([]int32) (len=96 cap=128) {
       (int32) 58,
       (int32) 116,
       (int32) 101,
       (int32) 112,
       (int32) 112,
       (int32) 101,
       (int32) 114,
       (int32) 46,
       (int32) 102,
       (int32) 114,
       (int32) 101,
       (int32) 101,
       (int32) 110,
       (int32) 111,
       (int32) 100,
       (int32) 101,
       (int32) 46,
       (int32) 110,
       (int32) 101,
       (int32) 116,
       (int32) 32,
       (int32) 51,
       (int32) 55,
       (int32) 50,
       (int32) 32,
       (int32) 109,
       (int32) 101,
       (int32) 112,
       (int32) 104,
       (int32) 117,
       (int32) 120,
       (int32) 116,
       (int32) 101,
       (int32) 115,
       (int32) 116,
       (int32) 99,
       (int32) 111,
       (int32) 110,
       (int32) 110,
       (int32) 101,
       (int32) 99,
       (int32) 32,
       (int32) 58,
       (int32) 45,
       (int32) 32,
       (int32) 109,
       (int32) 111,
       (int32) 118,
       (int32) 101,
       (int32) 100,
       (int32) 32,
       (int32) 116,
       (int32) 111,
       (int32) 32,
       (int32) 97,
       (int32) 100,
       (int32) 117,
       (int32) 108,
       (int32) 116,
       (int32) 32,
       (int32) 102,
       (int32) 105,
       (int32) 99,
       (int32) 116,
       (int32) 105,
       (int32) 111,
       (int32) 110,
       (int32) 32,
       (int32) 105,
       (int32) 110,
       (int32) 32,
       (int32) 49,
       (int32) 57,
       (int32) 56,
       (int32) 50,
       (int32) 46,
       (int32) 32,
       (int32) 87,
       (int32) 105,
       (int32) 116,
       (int32) 104,
       (int32) 32,
       (int32) 116,
       (int32) 104,
       (int32) 101,
       (int32) 32,
       (int32) 49,
       (int32) 57,
       (int32) 57,
       (int32) 49,
       (int32) 32,
       (int32) 110,
       (int32) 111,
       (int32) 118,
       (int32) 101,
       (int32) 108
      }
     },
     (gocui.viewLine) {
      linesX: (int) 0,
      linesY: (int) 30,
      line: ([]int32) (len=46 cap=64) {
       (int32) 58,
       (int32) 116,
       (int32) 101,
       (int32) 112,
       (int32) 112,
       (int32) 101,
       (int32) 114,
       (int32) 46,
       (int32) 102,
       (int32) 114,
       (int32) 101,
       (int32) 101,
       (int32) 110,
       (int32) 111,
       (int32) 100,
       (int32) 101,
       (int32) 46,
       (int32) 110,
       (int32) 101,
       (int32) 116,
       (int32) 32,
       (int32) 51,
       (int32) 55,
       (int32) 50,
       (int32) 32,
       (int32) 109,
       (int32) 101,
       (int32) 112,
       (int32) 104,
       (int32) 117,
       (int32) 120,
       (int32) 116,
       (int32) 101,
       (int32) 115,
       (int32) 116,
       (int32) 99,
       (int32) 111,
       (int32) 110,
       (int32) 110,
       (int32) 101,
       (int32) 99,
       (int32) 32,
       (int32) 58,
       (int32) 45,
       (int32) 32,
       (int32) 32
      }
     },
     (gocui.viewLine) {
      linesX: (int) 0,
      linesY: (int) 31,
      line: ([]int32) (len=104 cap=128) {
       (int32) 58,
       (int32) 116,
       (int32) 101,
       (int32) 112,
       (int32) 112,
       (int32) 101,
       (int32) 114,
       (int32) 46,
       (int32) 102,
       (int32) 114,
       (int32) 101,
       (int32) 101,
       (int32) 110,
       (int32) 111,
       (int32) 100,
       (int32) 101,
       (int32) 46,
       (int32) 110,
       (int32) 101,
       (int32) 116,
       (int32) 32,
       (int32) 51,
       (int32) 55,
       (int32) 50,
       (int32) 32,
       (int32) 109,
       (int32) 101,
       (int32) 112,
       (int32) 104,
       (int32) 117,
       (int32) 120,
       (int32) 116,
       (int32) 101,
       (int32) 115,
       (int32) 116,
       (int32) 99,
       (int32) 111,
       (int32) 110,
       (int32) 110,
       (int32) 101,
       (int32) 99,
       (int32) 32,
       (int32) 58,
       (int32) 45,
       (int32) 32,
       (int32) 72,
       (int32) 101,
       (int32) 114,
       (int32) 32,
       (int32) 111,
       (int32) 116,
       (int32) 104,
       (int32) 101,
       (int32) 114,
       (int32) 32,
       (int32) 119,
       (int32) 101,
       (int32) 108,
       (int32) 108,
       (int32) 45,
       (int32) 107,
       (int32) 110,
       (int32) 111,
       (int32) 119,
       (int32) 110,
       (int32) 32,
       (int32) 119,
       (int32) 111,
       (int32) 114,
       (int32) 107,
       (int32) 115,
       (int32) 32,
       (int32) 105,
       (int32) 110,
       (int32) 99,
       (int32) 108,
       (int32) 117,
       (int32) 100,
       (int32) 101,
       (int32) 32,
       (int32) 39,
       (int32) 71,
       (int32) 114,
       (int32) 97,
       (int32) 115,
       (int32) 115,
       (int32) 39,
       (int32) 32,
       (int32) 40,
       (int32) 49,
       (int32) 57,
       (int32) 56,
       (int32) 57,
       (int32) 44,
       (int32) 32,
       (int32) 110,
       (int32) 111,
       (int32) 109,
       (int32) 105,
       (int32) 110,
       (int32) 97,
       (int32) 116,
       (int32) 101,
       (int32) 100
      }
     },
     (gocui.viewLine) {
      linesX: (int) 0,
      linesY: (int) 32,
      line: ([]int32) (len=100 cap=128) {
       (int32) 58,
       (int32) 116,
       (int32) 101,
       (int32) 112,
       (int32) 112,
       (int32) 101,
       (int32) 114,
       (int32) 46,
       (int32) 102,
       (int32) 114,
       (int32) 101,
       (int32) 101,
       (int32) 110,
       (int32) 111,
       (int32) 100,
       (int32) 101,
       (int32) 46,
       (int32) 110,
       (int32) 101,
       (int32) 116,
       (int32) 32,
       (int32) 51,
       (int32) 55,
       (int32) 50,
       (int32) 32,
       (int32) 109,
       (int32) 101,
       (int32) 112,
       (int32) 104,
       (int32) 117,
       (int32) 120,
       (int32) 116,
       (int32) 101,
       (int32) 115,
       (int32) 116,
       (int32) 99,
       (int32) 111,
       (int32) 110,
       (int32) 110,
       (int32) 101,
       (int32) 99,
       (int32) 32,
       (int32) 58,
       (int32) 45,
       (int32) 32,
       (int32) 102,
       (int32) 111,
       (int32) 114,
       (int32) 32,
       (int32) 72,
       (int32) 117,
       (int32) 103,
       (int32) 111,
       (int32) 32,
       (int32) 97,
       (int32) 110,
       (int32) 100,
       (int32) 32,
       (int32) 76,
       (int32) 111,
       (int32) 99,
       (int32) 117,
       (int32) 115,
       (int32) 32,
       (int32) 65,
       (int32) 119,
       (int32) 97,
       (int32) 114,
       (int32) 100,
       (int32) 115,
       (int32) 32,
       (int32) 105,
       (int32) 110,
       (int32) 32,
       (int32) 49,
       (int32) 57,
       (int32) 57,
       (int32) 48,
       (int32) 41,
       (int32) 32,
       (int32) 97,
       (int32) 110,
       (int32) 100,
       (int32) 32,
       (int32) 39,
       (int32) 71,
       (int32) 97,
       (int32) 116,
       (int32) 101,
       (int32) 32,
       (int32) 116,
       (int32) 111,
       (int32) 32,
       (int32) 87,
       (int32) 111,
       (int32) 109,
       (int32) 101,
       (int32) 110,
       (int32) 39,
       (int32) 115
      }
     },
     (gocui.viewLine) {
      linesX: (int) 0,
      linesY: (int) 33,
      line: ([]int32) (len=61 cap=64) {
       (int32) 58,
       (int32) 116,
       (int32) 101,
       (int32) 112,
       (int32) 112,
       (int32) 101,
       (int32) 114,
       (int32) 46,
       (int32) 102,
       (int32) 114,
       (int32) 101,
       (int32) 101,
       (int32) 110,
       (int32) 111,
       (int32) 100,
       (int32) 101,
       (int32) 46,
       (int32) 110,
       (int32) 101,
       (int32) 116,
       (int32) 32,
       (int32) 51,
       (int32) 55,
       (int32) 50,
       (int32) 32,
       (int32) 109,
       (int32) 101,
       (int32) 112,
       (int32) 104,
       (int32) 117,
       (int32) 120,
       (int32) 116,
       (int32) 101,
       (int32) 115,
       (int32) 116,
       (int32) 99,
       (int32) 111,
       (int32) 110,
       (int32) 110,
       (int32) 101,
       (int32) 99,
       (int32) 32,
       (int32) 58,
       (int32) 45,
       (int32) 32,
       (int32) 67,
       (int32) 111,
       (int32) 117,
       (int32) 110,
       (int32) 116,
       (int32) 114,
       (int32) 121,
       (int32) 39,
       (int32) 32,
       (int32) 40,
       (int32) 49,
       (int32) 57,
       (int32) 56,
       (int32) 56,
       (int32) 41,
       (int32) 46
      }
     },
     (gocui.viewLine) {
      linesX: (int) 0,
      linesY: (int) 34,
      line: ([]int32) (len=46 cap=64) {
       (int32) 58,
       (int32) 116,
       (int32) 101,
       (int32) 112,
       (int32) 112,
       (int32) 101,
       (int32) 114,
       (int32) 46,
       (int32) 102,
       (int32) 114,
       (int32) 101,
       (int32) 101,
       (int32) 110,
       (int32) 111,
       (int32) 100,
       (int32) 101,
       (int32) 46,
       (int32) 110,
       (int32) 101,
       (int32) 116,
       (int32) 32,
       (int32) 51,
       (int32) 55,
       (int32) 50,
       (int32) 32,
       (int32) 109,
       (int32) 101,
       (int32) 112,
       (int32) 104,
       (int32) 117,
       (int32) 120,
       (int32) 116,
       (int32) 101,
       (int32) 115,
       (int32) 116,
       (int32) 99,
       (int32) 111,
       (int32) 110,
       (int32) 110,
       (int32) 101,
       (int32) 99,
       (int32) 32,
       (int32) 58,
       (int32) 45,
       (int32) 32,
       (int32) 32
      }
     },
     (gocui.viewLine) {
      linesX: (int) 0,
      linesY: (int) 35,
      line: ([]int32) (len=102 cap=128) {
       (int32) 58,
       (int32) 116,
       (int32) 101,
       (int32) 112,
       (int32) 112,
       (int32) 101,
       (int32) 114,
       (int32) 46,
       (int32) 102,
       (int32) 114,
       (int32) 101,
       (int32) 101,
       (int32) 110,
       (int32) 111,
       (int32) 100,
       (int32) 101,
       (int32) 46,
       (int32) 110,
       (int32) 101,
       (int32) 116,
       (int32) 32,
       (int32) 51,
       (int32) 55,
       (int32) 50,
       (int32) 32,
       (int32) 109,
       (int32) 101,
       (int32) 112,
       (int32) 104,
       (int32) 117,
       (int32) 120,
       (int32) 116,
       (int32) 101,
       (int32) 115,
       (int32) 116,
       (int32) 99,
       (int32) 111,
       (int32) 110,
       (int32) 110,
       (int32) 101,
       (int32) 99,
       (int32) 32,
       (int32) 58,
       (int32) 45,
       (int32) 32,
       (int32) 87,
       (int32) 101,
       (int32) 108,
       (int32) 99,
       (int32) 111,
       (int32) 109,
       (int32) 101,
       (int32) 32,
       (int32) 116,
       (int32) 111,
       (int32) 32,
       (int32) 102,
       (int32) 114,
       (int32) 101,
       (int32) 101,
       (int32) 110,
       (int32) 111,
       (int32) 100,
       (int32) 101,
       (int32) 32,
       (int32) 45,
       (int32) 32,
       (int32) 115,
       (int32) 117,
       (int32) 112,
       (int32) 112,
       (int32) 111,
       (int32) 114,
       (int32) 116,
       (int32) 105,
       (int32) 110,
       (int32) 103,
       (int32) 32,
       (int32) 116,
       (int32) 104,
       (int32) 101,
       (int32) 32,
       (int32) 102,
       (int32) 114,
       (int32) 101,
       (int32) 101,
       (int32) 32,
       (int32) 97,
       (int32) 110,
       (int32) 100,
       (int32) 32,
       (int32) 111,
       (int32) 112,
       (int32) 101,
       (int32) 110,
       (int32) 32,
       (int32) 115,
       (int32) 111,
       (int32) 117,
       (int32) 114,
       (int32) 99,
       (int32) 101
      }
     },
     (gocui.viewLine) {
      linesX: (int) 0,
      linesY: (int) 36,
      line: ([]int32) (len=77 cap=128) {
       (int32) 58,
       (int32) 116,
       (int32) 101,
       (int32) 112,
       (int32) 112,
       (int32) 101,
       (int32) 114,
       (int32) 46,
       (int32) 102,
       (int32) 114,
       (int32) 101,
       (int32) 101,
       (int32) 110,
       (int32) 111,
       (int32) 100,
       (int32) 101,
       (int32) 46,
       (int32) 110,
       (int32) 101,
       (int32) 116,
       (int32) 32,
       (int32) 51,
       (int32) 55,
       (int32) 50,
       (int32) 32,
       (int32) 109,
       (int32) 101,
       (int32) 112,
       (int32) 104,
       (int32) 117,
       (int32) 120,
       (int32) 116,
       (int32) 101,
       (int32) 115,
       (int32) 116,
       (int32) 99,
       (int32) 111,
       (int32) 110,
       (int32) 110,
       (int32) 101,
       (int32) 99,
       (int32) 32,
       (int32) 58,
       (int32) 45,
       (int32) 32,
       (int32) 115,
       (int32) 111,
       (int32) 102,
       (int32) 116,
       (int32) 119,
       (int32) 97,
       (int32) 114,
       (int32) 101,
       (int32) 32,
       (int32) 99,
       (int32) 111,
       (int32) 109,
       (int32) 109,
       (int32) 117,
       (int32) 110,
       (int32) 105,
       (int32) 116,
       (int32) 105,
       (int32) 101,
       (int32) 115,
       (int32) 32,
       (int32) 115,
       (int32) 105,
       (int32) 110,
       (int32) 99,
       (int32) 101,
       (int32) 32,
       (int32) 49,
       (int32) 57,
       (int32) 57,
       (int32) 56,
       (int32) 46
      }
     },
     (gocui.viewLine) {
      linesX: (int) 0,
      linesY: (int) 37,
      line: ([]int32) (len=46 cap=64) {
       (int32) 58,
       (int32) 116,
       (int32) 101,
       (int32) 112,
       (int32) 112,
       (int32) 101,
       (int32) 114,
       (int32) 46,
       (int32) 102,
       (int32) 114,
       (int32) 101,
       (int32) 101,
       (int32) 110,
       (int32) 111,
       (int32) 100,
       (int32) 101,
       (int32) 46,
       (int32) 110,
       (int32) 101,
       (int32) 116,
       (int32) 32,
       (int32) 51,
       (int32) 55,
       (int32) 50,
       (int32) 32,
       (int32) 109,
       (int32) 101,
       (int32) 112,
       (int32) 104,
       (int32) 117,
       (int32) 120,
       (int32) 116,
       (int32) 101,
       (int32) 115,
       (int32) 116,
       (int32) 99,
       (int32) 111,
       (int32) 110,
       (int32) 110,
       (int32) 101,
       (int32) 99,
       (int32) 32,
       (int32) 58,
       (int32) 45,
       (int32) 32,
       (int32) 32
      }
     },
     (gocui.viewLine) {
      linesX: (int) 0,
      linesY: (int) 38,
      line: ([]int32) (len=106 cap=128) {
       (int32) 58,
       (int32) 116,
       (int32) 101,
       (int32) 112,
       (int32) 112,
       (int32) 101,
       (int32) 114,
       (int32) 46,
       (int32) 102,
       (int32) 114,
       (int32) 101,
       (int32) 101,
       (int32) 110,
       (int32) 111,
       (int32) 100,
       (int32) 101,
       (int32) 46,
       (int32) 110,
       (int32) 101,
       (int32) 116,
       (int32) 32,
       (int32) 51,
       (int32) 55,
       (int32) 50,
       (int32) 32,
       (int32) 109,
       (int32) 101,
       (int32) 112,
       (int32) 104,
       (int32) 117,
       (int32) 120,
       (int32) 116,
       (int32) 101,
       (int32) 115,
       (int32) 116,
       (int32) 99,
       (int32) 111,
       (int32) 110,
       (int32) 110,
       (int32) 101,
       (int32) 99,
       (int32) 32,
       (int32) 58,
       (int32) 45,
       (int32) 32,
       (int32) 66,
       (int32) 121,
       (int32) 32,
       (int32) 99,
       (int32) 111,
       (int32) 110,
       (int32) 110,
       (int32) 101,
       (int32) 99,
       (int32) 116,
       (int32) 105,
       (int32) 110,
       (int32) 103,
       (int32) 32,
       (int32) 116,
       (int32) 111,
       (int32) 32,
       (int32) 102,
       (int32) 114,
       (int32) 101,
       (int32) 101,
       (int32) 110,
       (int32) 111,
       (int32) 100,
       (int32) 101,
       (int32) 32,
       (int32) 121,
       (int32) 111,
       (int32) 117,
       (int32) 32,
       (int32) 105,
       (int32) 110,
       (int32) 100,
       (int32) 105,
       (int32) 99,
       (int32) 97,
       (int32) 116,
       (int32) 101,
       (int32) 32,
       (int32) 116,
       (int32) 104,
       (int32) 97,
       (int32) 116,
       (int32) 32,
       (int32) 121,
       (int32) 111,
       (int32) 117,
       (int32) 32,
       (int32) 104,
       (int32) 97,
       (int32) 118,
       (int32) 101,
       (int32) 32,
       (int32) 114,
       (int32) 101,
       (int32) 97,
       (int32) 100,
       (int32) 32,
       (int32) 97,
       (int32) 110,
       (int32) 100
      }
     },
     (gocui.viewLine) {
      linesX: (int) 0,
      linesY: (int) 39,
      line: ([]int32) (len=107 cap=128) {
       (int32) 58,
       (int32) 116,
       (int32) 101,
       (int32) 112,
       (int32) 112,
       (int32) 101,
       (int32) 114,
       (int32) 46,
       (int32) 102,
       (int32) 114,
       (int32) 101,
       (int32) 101,
       (int32) 110,
       (int32) 111,
       (int32) 100,
       (int32) 101,
       (int32) 46,
       (int32) 110,
       (int32) 101,
       (int32) 116,
       (int32) 32,
       (int32) 51,
       (int32) 55,
       (int32) 50,
       (int32) 32,
       (int32) 109,
       (int32) 101,
       (int32) 112,
       (int32) 104,
       (int32) 117,
       (int32) 120,
       (int32) 116,
       (int32) 101,
       (int32) 115,
       (int32) 116,
       (int32) 99,
       (int32) 111,
       (int32) 110,
       (int32) 110,
       (int32) 101,
       (int32) 99,
       (int32) 32,
       (int32) 58,
       (int32) 45,
       (int32) 32,
       (int32) 118,
       (int32) 111,
       (int32) 108,
       (int32) 117,
       (int32) 110,
       (int32) 116,
       (int32) 101,
       (int32) 101,
       (int32) 114,
       (int32) 32,
       (int32) 115,
       (int32) 116,
       (int32) 97,
       (int32) 102,
       (int32) 102,
       (int32) 32,
       (int32) 97,
       (int32) 110,
       (int32) 100,
       (int32) 32,
       (int32) 104,
       (int32) 101,
       (int32) 108,
       (int32) 112,
       (int32) 102,
       (int32) 117,
       (int32) 108,
       (int32) 32,
       (int32) 117,
       (int32) 115,
       (int32) 101,
       (int32) 114,
       (int32) 115,
       (int32) 32,
       (int32) 119,
       (int32) 105,
       (int32) 108,
       (int32) 108,
       (int32) 32,
       (int32) 98,
       (int32) 101,
       (int32) 32,
       (int32) 104,
       (int32) 97,
       (int32) 112,
       (int32) 112,
       (int32) 121,
       (int32) 32,
       (int32) 116,
       (int32) 111,
       (int32) 32,
       (int32) 97,
       (int32) 115,
       (int32) 115,
       (int32) 105,
       (int32) 115,
       (int32) 116,
       (int32) 32,
       (int32) 121,
       (int32) 111,
       (int32) 117,
       (int32) 46
      }
     },
     (gocui.viewLine) {
      linesX: (int) 0,
      linesY: (int) 40,
      line: ([]int32) (len=102 cap=128) {
       (int32) 58,
       (int32) 116,
       (int32) 101,
       (int32) 112,
       (int32) 112,
       (int32) 101,
       (int32) 114,
       (int32) 46,
       (int32) 102,
       (int32) 114,
       (int32) 101,
       (int32) 101,
       (int32) 110,
       (int32) 111,
       (int32) 100,
       (int32) 101,
       (int32) 46,
       (int32) 110,
       (int32) 101,
       (int32) 116,
       (int32) 32,
       (int32) 51,
       (int32) 55,
       (int32) 50,
       (int32) 32,
       (int32) 109,
       (int32) 101,
       (int32) 112,
       (int32) 104,
       (int32) 117,
       (int32) 120,
       (int32) 116,
       (int32) 101,
       (int32) 115,
       (int32) 116,
       (int32) 99,
       (int32) 111,
       (int32) 110,
       (int32) 110,
       (int32) 101,
       (int32) 99,
       (int32) 32,
       (int32) 58,
       (int32) 45,
       (int32) 32,
       (int32) 97,
       (int32) 99,
       (int32) 99,
       (int32) 101,
       (int32) 112,
       (int32) 116,
       (int32) 32,
       (int32) 111,
       (int32) 117,
       (int32) 114,
       (int32) 32,
       (int32) 112,
       (int32) 111,
       (int32) 108,
       (int32) 105,
       (int32) 99,
       (int32) 105,
       (int32) 101,
       (int32) 115,
       (int32) 32,
       (int32) 97,
       (int32) 115,
       (int32) 32,
       (int32) 115,
       (int32) 101,
       (int32) 116,
       (int32) 32,
       (int32) 111,
       (int32) 117,
       (int32) 116,
       (int32) 32,
       (int32) 111,
       (int32) 110,
       (int32) 32,
       (int32) 104,
       (int32) 116,
       (int32) 116,
       (int32) 112,
       (int32) 58,
       (int32) 47,
       (int32) 47,
       (int32) 119,
       (int32) 119,
       (int32) 119,
       (int32) 46,
       (int32) 102,
       (int32) 114,
       (int32) 101,
       (int32) 101,
       (int32) 110,
       (int32) 111,
       (int32) 100,
       (int32) 101,
       (int32) 46,
       (int32) 110,
       (int32) 101,
       (int32) 116
      }
     },
     (gocui.viewLine) {
      linesX: (int) 0,
      linesY: (int) 41,
      line: ([]int32) (len=107 cap=128) {
       (int32) 58,
       (int32) 116,
       (int32) 101,
       (int32) 112,
       (int32) 112,
       (int32) 101,
       (int32) 114,
       (int32) 46,
       (int32) 102,
       (int32) 114,
       (int32) 101,
       (int32) 101,
       (int32) 110,
       (int32) 111,
       (int32) 100,
       (int32) 101,
       (int32) 46,
       (int32) 110,
       (int32) 101,
       (int32) 116,
       (int32) 32,
       (int32) 51,
       (int32) 55,
       (int32) 50,
       (int32) 32,
       (int32) 109,
       (int32) 101,
       (int32) 112,
       (int32) 104,
       (int32) 117,
       (int32) 120,
       (int32) 116,
       (int32) 101,
       (int32) 115,
       (int32) 116,
       (int32) 99,
       (int32) 111,
       (int32) 110,
       (int32) 110,
       (int32) 101,
       (int32) 99,
       (int32) 32,
       (int32) 58,
       (int32) 45,
       (int32) 32,
       (int32) 102,
       (int32) 114,
       (int32) 101,
       (int32) 101,
       (int32) 110,
       (int32) 111,
       (int32) 100,
       (int32) 101,
       (int32) 32,
       (int32) 114,
       (int32) 117,
       (int32) 110,
       (int32) 115,
       (int32) 32,
       (int32) 97,
       (int32) 110,
       (int32) 32,
       (int32) 111,
       (int32) 112,
       (int32) 101,
       (int32) 110,
       (int32) 32,
       (int32) 112,
       (int32) 114,
       (int32) 111,
       (int32) 120,
       (int32) 121,
       (int32) 32,
       (int32) 115,
       (int32) 99,
       (int32) 97,
       (int32) 110,
       (int32) 110,
       (int32) 101,
       (int32) 114,
       (int32) 46,
       (int32) 32,
       (int32) 80,
       (int32) 108,
       (int32) 101,
       (int32) 97,
       (int32) 115,
       (int32) 101,
       (int32) 32,
       (int32) 106,
       (int32) 111,
       (int32) 105,
       (int32) 110,
       (int32) 32,
       (int32) 35,
       (int32) 102,
       (int32) 114,
       (int32) 101,
       (int32) 101,
       (int32) 110,
       (int32) 111,
       (int32) 100,
       (int32) 101,
       (int32) 32,
       (int32) 102,
       (int32) 111,
       (int32) 114
      }
     },
     (gocui.viewLine) {
      linesX: (int) 0,
      linesY: (int) 42,
      line: ([]int32) (len=104 cap=128) {
       (int32) 58,
       (int32) 116,
       (int32) 101,
       (int32) 112,
       (int32) 112,
       (int32) 101,
       (int32) 114,
       (int32) 46,
       (int32) 102,
       (int32) 114,
       (int32) 101,
       (int32) 101,
       (int32) 110,
       (int32) 111,
       (int32) 100,
       (int32) 101,
       (int32) 46,
       (int32) 110,
       (int32) 101,
       (int32) 116,
       (int32) 32,
       (int32) 51,
       (int32) 55,
       (int32) 50,
       (int32) 32,
       (int32) 109,
       (int32) 101,
       (int32) 112,
       (int32) 104,
       (int32) 117,
       (int32) 120,
       (int32) 116,
       (int32) 101,
       (int32) 115,
       (int32) 116,
       (int32) 99,
       (int32) 111,
       (int32) 110,
       (int32) 110,
       (int32) 101,
       (int32) 99,
       (int32) 32,
       (int32) 58,
       (int32) 45,
       (int32) 32,
       (int32) 97,
       (int32) 110,
       (int32) 121,
       (int32) 32,
       (int32) 110,
       (int32) 101,
       (int32) 116,
       (int32) 119,
       (int32) 111,
       (int32) 114,
       (int32) 107,
       (int32) 45,
       (int32) 114,
       (int32) 101,
       (int32) 108,
       (int32) 97,
       (int32) 116,
       (int32) 101,
       (int32) 100,
       (int32) 32,
       (int32) 113,
       (int32) 117,
       (int32) 101,
       (int32) 115,
       (int32) 116,
       (int32) 105,
       (int32) 111,
       (int32) 110,
       (int32) 115,
       (int32) 32,
       (int32) 111,
       (int32) 114,
       (int32) 32,
       (int32) 113,
       (int32) 117,
       (int32) 101,
       (int32) 114,
       (int32) 105,
       (int32) 101,
       (int32) 115,
       (int32) 44,
       (int32) 32,
       (int32) 119,
       (int32) 104,
       (int32) 101,
       (int32) 114,
       (int32) 101,
       (int32) 32,
       (int32) 97,
       (int32) 32,
       (int32) 110,
       (int32) 117,
       (int32) 109,
       (int32) 98,
       (int32) 101,
       (int32) 114,
       (int32) 32,
       (int32) 111,
       (int32) 102
      }
     },
     (gocui.viewLine) {
      linesX: (int) 0,
      linesY: (int) 43,
      line: ([]int32) (len=109 cap=128) {
       (int32) 58,
       (int32) 116,
       (int32) 101,
       (int32) 112,
       (int32) 112,
       (int32) 101,
       (int32) 114,
       (int32) 46,
       (int32) 102,
       (int32) 114,
       (int32) 101,
       (int32) 101,
       (int32) 110,
       (int32) 111,
       (int32) 100,
       (int32) 101,
       (int32) 46,
       (int32) 110,
       (int32) 101,
       (int32) 116,
       (int32) 32,
       (int32) 51,
       (int32) 55,
       (int32) 50,
       (int32) 32,
       (int32) 109,
       (int32) 101,
       (int32) 112,
       (int32) 104,
       (int32) 117,
       (int32) 120,
       (int32) 116,
       (int32) 101,
       (int32) 115,
       (int32) 116,
       (int32) 99,
       (int32) 111,
       (int32) 110,
       (int32) 110,
       (int32) 101,
       (int32) 99,
       (int32) 32,
       (int32) 58,
       (int32) 45,
       (int32) 32,
       (int32) 89,
       (int32) 111,
       (int32) 117,
       (int32) 32,
       (int32) 99,
       (int32) 97,
       (int32) 110,
       (int32) 32,
       (int32) 109,
       (int32) 101,
       (int32) 101,
       (int32) 116,
       (int32) 32,
       (int32) 117,
       (int32) 115,
       (int32) 32,
       (int32) 97,
       (int32) 116,
       (int32) 32,
       (int32) 70,
       (int32) 79,
       (int32) 83,
       (int32) 83,
       (int32) 67,
       (int32) 79,
       (int32) 78,
       (int32) 32,
       (int32) 40,
       (int32) 104,
       (int32) 116,
       (int32) 116,
       (int32) 112,
       (int32) 58,
       (int32) 47,
       (int32) 47,
       (int32) 119,
       (int32) 119,
       (int32) 119,
       (int32) 46,
       (int32) 102,
       (int32) 111,
       (int32) 115,
       (int32) 115,
       (int32) 99,
       (int32) 111,
       (int32) 110,
       (int32) 46,
       (int32) 111,
       (int32) 114,
       (int32) 103,
       (int32) 41,
       (int32) 32,
       (int32) 119,
       (int32) 104,
       (int32) 101,
       (int32) 114,
       (int32) 101,
       (int32) 32,
       (int32) 119,
       (int32) 101,
       (int32) 32,
       (int32) 103,
       (int32) 101,
       (int32) 116
      }
     },
     (gocui.viewLine) {
      linesX: (int) 0,
      linesY: (int) 44,
      line: ([]int32) (len=46 cap=64) {
       (int32) 58,
       (int32) 116,
       (int32) 101,
       (int32) 112,
       (int32) 112,
       (int32) 101,
       (int32) 114,
       (int32) 46,
       (int32) 102,
       (int32) 114,
       (int32) 101,
       (int32) 101,
       (int32) 110,
       (int32) 111,
       (int32) 100,
       (int32) 101,
       (int32) 46,
       (int32) 110,
       (int32) 101,
       (int32) 116,
       (int32) 32,
       (int32) 51,
       (int32) 55,
       (int32) 50,
       (int32) 32,
       (int32) 109,
       (int32) 101,
       (int32) 112,
       (int32) 104,
       (int32) 117,
       (int32) 120,
       (int32) 116,
       (int32) 101,
       (int32) 115,
       (int32) 116,
       (int32) 99,
       (int32) 111,
       (int32) 110,
       (int32) 110,
       (int32) 101,
       (int32) 99,
       (int32) 32,
       (int32) 58,
       (int32) 45,
       (int32) 32,
       (int32) 32
      }
     },
     (gocui.viewLine) {
      linesX: (int) 0,
      linesY: (int) 45,
      line: ([]int32) (len=101 cap=128) {
       (int32) 58,
       (int32) 116,
       (int32) 101,
       (int32) 112,
       (int32) 112,
       (int32) 101,
       (int32) 114,
       (int32) 46,
       (int32) 102,
       (int32) 114,
       (int32) 101,
       (int32) 101,
       (int32) 110,
       (int32) 111,
       (int32) 100,
       (int32) 101,
       (int32) 46,
       (int32) 110,
       (int32) 101,
       (int32) 116,
       (int32) 32,
       (int32) 51,
       (int32) 55,
       (int32) 50,
       (int32) 32,
       (int32) 109,
       (int32) 101,
       (int32) 112,
       (int32) 104,
       (int32) 117,
       (int32) 120,
       (int32) 116,
       (int32) 101,
       (int32) 115,
       (int32) 116,
       (int32) 99,
       (int32) 111,
       (int32) 110,
       (int32) 110,
       (int32) 101,
       (int32) 99,
       (int32) 32,
       (int32) 58,
       (int32) 45,
       (int32) 32,
       (int32) 116,
       (int32) 111,
       (int32) 103,
       (int32) 101,
       (int32) 116,
       (int32) 104,
       (int32) 101,
       (int32) 114,
       (int32) 32,
       (int32) 119,
       (int32) 105,
       (int32) 116,
       (int32) 104,
       (int32) 32,
       (int32) 108,
       (int32) 105,
       (int32) 107,
       (int32) 101,
       (int32) 45,
       (int32) 109,
       (int32) 105,
       (int32) 110,
       (int32) 100,
       (int32) 101,
       (int32) 100,
       (int32) 32,
       (int32) 70,
       (int32) 79,
       (int32) 83,
       (int32) 83,
       (int32) 32,
       (int32) 101,
       (int32) 110,
       (int32) 116,
       (int32) 104,
       (int32) 117,
       (int32) 115,
       (int32) 105,
       (int32) 97,
       (int32) 115,
       (int32) 116,
       (int32) 115,
       (int32) 32,
       (int32) 102,
       (int32) 111,
       (int32) 114,
       (int32) 32,
       (int32) 116,
       (int32) 97,
       (int32) 108,
       (int32) 107,
       (int32) 115,
       (int32) 32,
       (int32) 97,
       (int32) 110,
       (int32) 100
      }
     },
     (gocui.viewLine) {
      linesX: (int) 0,
      linesY: (int) 46,
      line: ([]int32) (len=69 cap=128) {
       (int32) 58,
       (int32) 116,
       (int32) 101,
       (int32) 112,
       (int32) 112,
       (int32) 101,
       (int32) 114,
       (int32) 46,
       (int32) 102,
       (int32) 114,
       (int32) 101,
       (int32) 101,
       (int32) 110,
       (int32) 111,
       (int32) 100,
       (int32) 101,
       (int32) 46,
       (int32) 110,
       (int32) 101,
       (int32) 116,
       (int32) 32,
       (int32) 51,
       (int32) 55,
       (int32) 50,
       (int32) 32,
       (int32) 109,
       (int32) 101,
       (int32) 112,
       (int32) 104,
       (int32) 117,
       (int32) 120,
       (int32) 116,
       (int32) 101,
       (int32) 115,
       (int32) 116,
       (int32) 99,
       (int32) 111,
       (int32) 110,
       (int32) 110,
       (int32) 101,
       (int32) 99,
       (int32) 32,
       (int32) 58,
       (int32) 45,
       (int32) 32,
       (int32) 114,
       (int32) 101,
       (int32) 97,
       (int32) 108,
       (int32) 45,
       (int32) 108,
       (int32) 105,
       (int32) 102,
       (int32) 101,
       (int32) 32,
       (int32) 99,
       (int32) 111,
       (int32) 108,
       (int32) 108,
       (int32) 97,
       (int32) 98,
       (int32) 111,
       (int32) 114,
       (int32) 97,
       (int32) 116,
       (int32) 105,
       (int32) 111,
       (int32) 110,
       (int32) 46
      }
     },
     (gocui.viewLine) {
      linesX: (int) 0,
      linesY: (int) 47,
      line: ([]int32) (len=91 cap=128) {
       (int32) 58,
       (int32) 116,
       (int32) 101,
       (int32) 112,
       (int32) 112,
       (int32) 101,
       (int32) 114,
       (int32) 46,
       (int32) 102,
       (int32) 114,
       (int32) 101,
       (int32) 101,
       (int32) 110,
       (int32) 111,
       (int32) 100,
       (int32) 101,
       (int32) 46,
       (int32) 110,
       (int32) 101,
       (int32) 116,
       (int32) 32,
       (int32) 51,
       (int32) 55,
       (int32) 50,
       (int32) 32,
       (int32) 109,
       (int32) 101,
       (int32) 112,
       (int32) 104,
       (int32) 117,
       (int32) 120,
       (int32) 116,
       (int32) 101,
       (int32) 115,
       (int32) 116,
       (int32) 99,
       (int32) 111,
       (int32) 110,
       (int32) 110,
       (int32) 101,
       (int32) 99,
       (int32) 32,
       (int32) 58,
       (int32) 45,
       (int32) 32,
       (int32) 87,
       (int32) 101,
       (int32) 108,
       (int32) 99,
       (int32) 111,
       (int32) 109,
       (int32) 101,
       (int32) 32,
       (int32) 116,
       (int32) 111,
       (int32) 32,
       (int32) 116,
       (int32) 101,
       (int32) 112,
       (int32) 112,
       (int32) 101,
       (int32) 114,
       (int32) 46,
       (int32) 102,
       (int32) 114,
       (int32) 101,
       (int32) 101,
       (int32) 110,
       (int32) 111,
       (int32) 100,
       (int32) 101,
       (int32) 46,
       (int32) 110,
       (int32) 101,
       (int32) 116,
       (int32) 32,
       (int32) 105,
       (int32) 110,
       (int32) 32,
       (int32) 66,
       (int32) 117,
       (int32) 102,
       (int32) 102,
       (int32) 97,
       (int32) 108,
       (int32) 111,
       (int32) 44,
       (int32) 32,
       (int32) 78,
       (int32) 89,
       (int32) 46
      }
     },
     (gocui.viewLine) {
      linesX: (int) 0,
      linesY: (int) 48,
      line: ([]int32) (len=99 cap=128) {
       (int32) 58,
       (int32) 116,
       (int32) 101,
       (int32) 112,
       (int32) 112,
       (int32) 101,
       (int32) 114,
       (int32) 46,
       (int32) 102,
       (int32) 114,
       (int32) 101,
       (int32) 101,
       (int32) 110,
       (int32) 111,
       (int32) 100,
       (int32) 101,
       (int32) 46,
       (int32) 110,
       (int32) 101,
       (int32) 116,
       (int32) 32,
       (int32) 51,
       (int32) 55,
       (int32) 50,
       (int32) 32,
       (int32) 109,
       (int32) 101,
       (int32) 112,
       (int32) 104,
       (int32) 117,
       (int32) 120,
       (int32) 116,
       (int32) 101,
       (int32) 115,
       (int32) 116,
       (int32) 99,
       (int32) 111,
       (int32) 110,
       (int32) 110,
       (int32) 101,
       (int32) 99,
       (int32) 32,
       (int32) 58,
       (int32) 45,
       (int32) 32,
       (int32) 40,
       (int32) 104,
       (int32) 116,
       (int32) 116,
       (int32) 112,
       (int32) 115,
       (int32) 58,
       (int32) 47,
       (int32) 47,
       (int32) 119,
       (int32) 119,
       (int32) 119,
       (int32) 46,
       (int32) 112,
       (int32) 114,
       (int32) 105,
       (int32) 118,
       (int32) 97,
       (int32) 116,
       (int32) 101,
       (int32) 105,
       (int32) 110,
       (int32) 116,
       (int32) 101,
       (int32) 114,
       (int32) 110,
       (int32) 101,
       (int32) 116,
       (int32) 97,
       (int32) 99,
       (int32) 99,
       (int32) 101,
       (int32) 115,
       (int32) 115,
       (int32) 46,
       (int32) 99,
       (int32) 111,
       (int32) 109,
       (int32) 47,
       (int32) 41,
       (int32) 32,
       (int32) 97,
       (int32) 110,
       (int32) 100,
       (int32) 32,
       (int32) 116,
       (int32) 104,
       (int32) 101,
       (int32) 32,
       (int32) 111,
       (int32) 116,
       (int32) 104,
       (int32) 101,
       (int32) 114
      }
     },
     (gocui.viewLine) {
      linesX: (int) 0,
      linesY: (int) 49,
      line: ([]int32) (len=64 cap=64) {
       (int32) 58,
       (int32) 116,
       (int32) 101,
       (int32) 112,
       (int32) 112,
       (int32) 101,
       (int32) 114,
       (int32) 46,
       (int32) 102,
       (int32) 114,
       (int32) 101,
       (int32) 101,
       (int32) 110,
       (int32) 111,
       (int32) 100,
       (int32) 101,
       (int32) 46,
       (int32) 110,
       (int32) 101,
       (int32) 116,
       (int32) 32,
       (int32) 51,
       (int32) 55,
       (int32) 54,
       (int32) 32,
       (int32) 109,
       (int32) 101,
       (int32) 112,
       (int32) 104,
       (int32) 117,
       (int32) 120,
       (int32) 116,
       (int32) 101,
       (int32) 115,
       (int32) 116,
       (int32) 99,
       (int32) 111,
       (int32) 110,
       (int32) 110,
       (int32) 101,
       (int32) 99,
       (int32) 32,
       (int32) 58,
       (int32) 69,
       (int32) 110,
       (int32) 100,
       (int32) 32,
       (int32) 111,
       (int32) 102,
       (int32) 32,
       (int32) 47,
       (int32) 77,
       (int32) 79,
       (int32) 84,
       (int32) 68,
       (int32) 32,
       (int32) 99,
       (int32) 111,
       (int32) 109,
       (int32) 109,
       (int32) 97,
       (int32) 110,
       (int32) 100,
       (int32) 46
      }
     },
     (gocui.viewLine) {
      linesX: (int) 0,
      linesY: (int) 50,
      line: ([]int32) (len=93 cap=128) {
       (int32) 58,
       (int32) 116,
       (int32) 101,
       (int32) 112,
       (int32) 112,
       (int32) 101,
       (int32) 114,
       (int32) 46,
       (int32) 102,
       (int32) 114,
       (int32) 101,
       (int32) 101,
       (int32) 110,
       (int32) 111,
       (int32) 100,
       (int32) 101,
       (int32) 46,
       (int32) 110,
       (int32) 101,
       (int32) 116,
       (int32) 32,
       (int32) 51,
       (int32) 55,
       (int32) 50,
       (int32) 32,
       (int32) 109,
       (int32) 101,
       (int32) 112,
       (int32) 104,
       (int32) 117,
       (int32) 120,
       (int32) 116,
       (int32) 101,
       (int32) 115,
       (int32) 116,
       (int32) 99,
       (int32) 111,
       (int32) 110,
       (int32) 110,
       (int32) 101,
       (int32) 99,
       (int32) 32,
       (int32) 58,
       (int32) 45,
       (int32) 32,
       (int32) 73,
       (int32) 110,
       (int32) 32,
       (int32) 112,
       (int32) 97,
       (int32) 114,
       (int32) 116,
       (int32) 105,
       (int32) 99,
       (int32) 117,
       (int32) 108,
       (int32) 97,
       (int32) 114,
       (int32) 32,
       (int32) 119,
       (int32) 101,
       (int32) 32,
       (int32) 119,
       (int32) 111,
       (int32) 117,
       (int32) 108,
       (int32) 100,
       (int32) 32,
       (int32) 108,
       (int32) 105,
       (int32) 107,
       (int32) 101,
       (int32) 32,
       (int32) 116,
       (int32) 111,
       (int32) 32,
       (int32) 116,
       (int32) 104,
       (int32) 97,
       (int32) 110,
       (int32) 107,
       (int32) 32,
       (int32) 116,
       (int32) 104,
       (int32) 101,
       (int32) 32,
       (int32) 115,
       (int32) 112,
       (int32) 111,
       (int32) 110,
       (int32) 115,
       (int32) 111,
       (int32) 114
      }
     },
     (gocui.viewLine) {
      linesX: (int) 0,
      linesY: (int) 51,
      line: ([]int32) (len=97 cap=128) {
       (int32) 58,
       (int32) 116,
       (int32) 101,
       (int32) 112,
       (int32) 112,
       (int32) 101,
       (int32) 114,
       (int32) 46,
       (int32) 102,
       (int32) 114,
       (int32) 101,
       (int32) 101,
       (int32) 110,
       (int32) 111,
       (int32) 100,
       (int32) 101,
       (int32) 46,
       (int32) 110,
       (int32) 101,
       (int32) 116,
       (int32) 32,
       (int32) 51,
       (int32) 55,
       (int32) 50,
       (int32) 32,
       (int32) 109,
       (int32) 101,
       (int32) 112,
       (int32) 104,
       (int32) 117,
       (int32) 120,
       (int32) 116,
       (int32) 101,
       (int32) 115,
       (int32) 116,
       (int32) 99,
       (int32) 111,
       (int32) 110,
       (int32) 110,
       (int32) 101,
       (int32) 99,
       (int32) 32,
       (int32) 58,
       (int32) 45,
       (int32) 32,
       (int32) 111,
       (int32) 102,
       (int32) 32,
       (int32) 116,
       (int32) 104,
       (int32) 105,
       (int32) 115,
       (int32) 32,
       (int32) 115,
       (int32) 101,
       (int32) 114,
       (int32) 118,
       (int32) 101,
       (int32) 114,
       (int32) 44,
       (int32) 32,
       (int32) 100,
       (int32) 101,
       (int32) 116,
       (int32) 97,
       (int32) 105,
       (int32) 108,
       (int32) 115,
       (int32) 32,
       (int32) 111,
       (int32) 102,
       (int32) 32,
       (int32) 119,
       (int32) 104,
       (int32) 105,
       (int32) 99,
       (int32) 104,
       (int32) 32,
       (int32) 99,
       (int32) 97,
       (int32) 110,
       (int32) 32,
       (int32) 98,
       (int32) 101,
       (int32) 32,
       (int32) 102,
       (int32) 111,
       (int32) 117,
       (int32) 110,
       (int32) 100,
       (int32) 32,
       (int32) 97,
       (int32) 98,
       (int32) 111,
       (int32) 118,
       (int32) 101,
       (int32) 46
      }
     },
     (gocui.viewLine) {
      linesX: (int) 0,
      linesY: (int) 52,
      line: ([]int32) (len=46 cap=64) {
       (int32) 58,
       (int32) 116,
       (int32) 101,
       (int32) 112,
       (int32) 112,
       (int32) 101,
       (int32) 114,
       (int32) 46,
       (int32) 102,
       (int32) 114,
       (int32) 101,
       (int32) 101,
       (int32) 110,
       (int32) 111,
       (int32) 100,
       (int32) 101,
       (int32) 46,
       (int32) 110,
       (int32) 101,
       (int32) 116,
       (int32) 32,
       (int32) 51,
       (int32) 55,
       (int32) 50,
       (int32) 32,
       (int32) 109,
       (int32) 101,
       (int32) 112,
       (int32) 104,
       (int32) 117,
       (int32) 120,
       (int32) 116,
       (int32) 101,
       (int32) 115,
       (int32) 116,
       (int32) 99,
       (int32) 111,
       (int32) 110,
       (int32) 110,
       (int32) 101,
       (int32) 99,
       (int32) 32,
       (int32) 58,
       (int32) 45,
       (int32) 32,
       (int32) 32
      }
     },
     (gocui.viewLine) {
      linesX: (int) 0,
      linesY: (int) 53,
      line: ([]int32) (len=105 cap=128) {
       (int32) 58,
       (int32) 116,
       (int32) 101,
       (int32) 112,
       (int32) 112,
       (int32) 101,
       (int32) 114,
       (int32) 46,
       (int32) 102,
       (int32) 114,
       (int32) 101,
       (int32) 101,
       (int32) 110,
       (int32) 111,
       (int32) 100,
       (int32) 101,
       (int32) 46,
       (int32) 110,
       (int32) 101,
       (int32) 116,
       (int32) 32,
       (int32) 51,
       (int32) 55,
       (int32) 50,
       (int32) 32,
       (int32) 109,
       (int32) 101,
       (int32) 112,
       (int32) 104,
       (int32) 117,
       (int32) 120,
       (int32) 116,
       (int32) 101,
       (int32) 115,
       (int32) 116,
       (int32) 99,
       (int32) 111,
       (int32) 110,
       (int32) 110,
       (int32) 101,
       (int32) 99,
       (int32) 32,
       (int32) 58,
       (int32) 45,
       (int32) 32,
       (int32) 111,
       (int32) 114,
       (int32) 103,
       (int32) 97,
       (int32) 110,
       (int32) 105,
       (int32) 115,
       (int32) 97,
       (int32) 116,
       (int32) 105,
       (int32) 111,
       (int32) 110,
       (int32) 115,
       (int32) 32,
       (int32) 116,
       (int32) 104,
       (int32) 97,
       (int32) 116,
       (int32) 32,
       (int32) 104,
       (int32) 101,
       (int32) 108,
       (int32) 112,
       (int32) 32,
       (int32) 107,
       (int32) 101,
       (int32) 101,
       (int32) 112,
       (int32) 32,
       (int32) 102,
       (int32) 114,
       (int32) 101,
       (int32) 101,
       (int32) 110,
       (int32) 111,
       (int32) 100,
       (int32) 101,
       (int32) 32,
       (int32) 97,
       (int32) 110,
       (int32) 100,
       (int32) 32,
       (int32) 111,
       (int32) 117,
       (int32) 114,
       (int32) 32,
       (int32) 111,
       (int32) 116,
       (int32) 104,
       (int32) 101,
       (int32) 114,
       (int32) 32,
       (int32) 112,
       (int32) 114,
       (int32) 111,
       (int32) 106,
       (int32) 101,
       (int32) 99,
       (int32) 116,
       (int32) 115
      }
     },
     (gocui.viewLine) {
      linesX: (int) 0,
      linesY: (int) 54,
      line: ([]int32) (len=46 cap=64) {
       (int32) 58,
       (int32) 116,
       (int32) 101,
       (int32) 112,
       (int32) 112,
       (int32) 101,
       (int32) 114,
       (int32) 46,
       (int32) 102,
       (int32) 114,
       (int32) 101,
       (int32) 101,
       (int32) 110,
       (int32) 111,
       (int32) 100,
       (int32) 101,
       (int32) 46,
       (int32) 110,
       (int32) 101,
       (int32) 116,
       (int32) 32,
       (int32) 51,
       (int32) 55,
       (int32) 50,
       (int32) 32,
       (int32) 109,
       (int32) 101,
       (int32) 112,
       (int32) 104,
       (int32) 117,
       (int32) 120,
       (int32) 116,
       (int32) 101,
       (int32) 115,
       (int32) 116,
       (int32) 99,
       (int32) 111,
       (int32) 110,
       (int32) 110,
       (int32) 101,
       (int32) 99,
       (int32) 32,
       (int32) 58,
       (int32) 45,
       (int32) 32,
       (int32) 32
      }
     },
     (gocui.viewLine) {
      linesX: (int) 0,
      linesY: (int) 55,
      line: ([]int32) (len=81 cap=128) {
       (int32) 58,
       (int32) 116,
       (int32) 101,
       (int32) 112,
       (int32) 112,
       (int32) 101,
       (int32) 114,
       (int32) 46,
       (int32) 102,
       (int32) 114,
       (int32) 101,
       (int32) 101,
       (int32) 110,
       (int32) 111,
       (int32) 100,
       (int32) 101,
       (int32) 46,
       (int32) 110,
       (int32) 101,
       (int32) 116,
       (int32) 32,
       (int32) 51,
       (int32) 55,
       (int32) 50,
       (int32) 32,
       (int32) 109,
       (int32) 101,
       (int32) 112,
       (int32) 104,
       (int32) 117,
       (int32) 120,
       (int32) 116,
       (int32) 101,
       (int32) 115,
       (int32) 116,
       (int32) 99,
       (int32) 111,
       (int32) 110,
       (int32) 110,
       (int32) 101,
       (int32) 99,
       (int32) 32,
       (int32) 58,
       (int32) 45,
       (int32) 32,
       (int32) 114,
       (int32) 117,
       (int32) 110,
       (int32) 110,
       (int32) 105,
       (int32) 110,
       (int32) 103,
       (int32) 32,
       (int32) 102,
       (int32) 111,
       (int32) 114,
       (int32) 32,
       (int32) 116,
       (int32) 104,
       (int32) 101,
       (int32) 105,
       (int32) 114,
       (int32) 32,
       (int32) 115,
       (int32) 117,
       (int32) 115,
       (int32) 116,
       (int32) 97,
       (int32) 105,
       (int32) 110,
       (int32) 101,
       (int32) 100,
       (int32) 32,
       (int32) 115,
       (int32) 117,
       (int32) 112,
       (int32) 112,
       (int32) 111,
       (int32) 114,
       (int32) 116,
       (int32) 46
      }
     },
     (gocui.viewLine) {
      linesX: (int) 0,
      linesY: (int) 56,
      line: ([]int32) (len=91 cap=128) {
       (int32) 58,
       (int32) 116,
       (int32) 101,
       (int32) 112,
       (int32) 112,
       (int32) 101,
       (int32) 114,
       (int32) 46,
       (int32) 102,
       (int32) 114,
       (int32) 101,
       (int32) 101,
       (int32) 110,
       (int32) 111,
       (int32) 100,
       (int32) 101,
       (int32) 46,
       (int32) 110,
       (int32) 101,
       (int32) 116,
       (int32) 32,
       (int32) 51,
       (int32) 55,
       (int32) 50,
       (int32) 32,
       (int32) 109,
       (int32) 101,
       (int32) 112,
       (int32) 104,
       (int32) 117,
       (int32) 120,
       (int32) 116,
       (int32) 101,
       (int32) 115,
       (int32) 116,
       (int32) 99,
       (int32) 111,
       (int32) 110,
       (int32) 110,
       (int32) 101,
       (int32) 99,
       (int32) 32,
       (int32) 58,
       (int32) 45,
       (int32) 32,
       (int32) 87,
       (int32) 101,
       (int32) 32,
       (int32) 119,
       (int32) 111,
       (int32) 117,
       (int32) 108,
       (int32) 100,
       (int32) 32,
       (int32) 108,
       (int32) 105,
       (int32) 107,
       (int32) 101,
       (int32) 32,
       (int32) 116,
       (int32) 111,
       (int32) 32,
       (int32) 116,
       (int32) 104,
       (int32) 97,
       (int32) 110,
       (int32) 107,
       (int32) 32,
       (int32) 80,
       (int32) 114,
       (int32) 105,
       (int32) 118,
       (int32) 97,
       (int32) 116,
       (int32) 101,
       (int32) 32,
       (int32) 73,
       (int32) 110,
       (int32) 116,
       (int32) 101,
       (int32) 114,
       (int32) 110,
       (int32) 101,
       (int32) 116,
       (int32) 32,
       (int32) 65,
       (int32) 99,
       (int32) 99,
       (int32) 101,
       (int32) 115,
       (int32) 115
      }
     },
     (gocui.viewLine) {
      linesX: (int) 0,
      linesY: (int) 57,
      line: ([]int32) (len=16 cap=16) {
       (int32) 71,
       (int32) 79,
       (int32) 32,
       (int32) 67,
       (int32) 79,
       (int32) 77,
       (int32) 60,
       (int32) 77,
       (int32) 65,
       (int32) 78,
       (int32) 68,
       (int32) 32,
       (int32) 106,
       (int32) 111,
       (int32) 105,
       (int32) 110
      }
     },
     (gocui.viewLine) {
      linesX: (int) 0,
      linesY: (int) 58,
      line: ([]int32) (len=30 cap=32) {
       (int32) 74,
       (int32) 111,
       (int32) 105,
       (int32) 110,
       (int32) 32,
       (int32) 65,
       (int32) 114,
       (int32) 103,
       (int32) 115,
       (int32) 32,
       (int32) 91,
       (int32) 106,
       (int32) 111,
       (int32) 105,
       (int32) 110,
       (int32) 32,
       (int32) 35,
       (int32) 99,
       (int32) 111,
       (int32) 111,
       (int32) 108,
       (int32) 116,
       (int32) 101,
       (int32) 115,
       (int32) 116,
       (int32) 119,
       (int32) 111,
       (int32) 114,
       (int32) 100,
       (int32) 93
      }
     },
     (gocui.viewLine) {
      linesX: (int) 0,
      linesY: (int) 59,
      line: ([]int32) <nil>
     }
    },
    BgColor: (gocui.Attribute) 1,
    FgColor: (gocui.Attribute) 7,
    SelBgColor: (gocui.Attribute) 0,
    SelFgColor: (gocui.Attribute) 0,
    Editable: (bool) false,
    Overwrite: (bool) false,
    Highlight: (bool) true,
    Frame: (bool) true,
    Wrap: (bool) true,
    Autoscroll: (bool) true
   }),
   buf: ([]uint8) (len=57 cap=64) {
    00000000  43 6f 6e 6e 65 63 74 65  64 20 74 6f 20 69 72 63  |Connected to irc|
    00000010  2e 66 72 65 65 6e 6f 64  65 2e 6e 65 74 3a 36 36  |.freenode.net:66|
    00000020  36 37 20 28 31 39 32 2e  31 38 36 2e 31 35 37 2e  |67 (192.186.157.|
    00000030  34 33 3a 36 36 36 37 29  0a                       |43:6667).|
   }
  }),
  stopped: (bool) false
 })
})

logsutil.go:25: LINE /exit
logscommand.go:40: XXX IN REGISTER 0xc82001a240 0xc82001a240
logskomanda.go:56: BEFORE REGISTER 0xc8200a2280 0xc8200a2280
logskomanda.go:108: BEFORE REGISTER 0xc8200a2280 0xc8200a2280
logslayout.go:34: LAYOUT 0xc8200a2280 0xc8200a2280
logsutil.go:25: LINE /connect
logsutil.go:25: LINE /join #cooltestword
logsstatus.go:55: JOIN (*irc.Event)(0xc820160b80)({
 Code: (string) (len=4) "JOIN",
 Raw: (string) (len=97) ":mephuxtestconnec!~mephux@209-6-205-162.c3-0.smr-ubr2.sbo-smr.ma.cable.rcn.com JOIN #cooltestword",
 Nick: (string) (len=16) "mephuxtestconnec",
 Host: (string) (len=52) "209-6-205-162.c3-0.smr-ubr2.sbo-smr.ma.cable.rcn.com",
 Source: (string) (len=77) "mephuxtestconnec!~mephux@209-6-205-162.c3-0.smr-ubr2.sbo-smr.ma.cable.rcn.com",
 User: (string) (len=7) "~mephux",
 Arguments: ([]string) (len=1 cap=1) {
  (string) (len=13) "#cooltestword"
 },
 Connection: (*irc.Connection)(0xc820090360)({
  WaitGroup: (sync.WaitGroup) {
   state1: ([12]uint8) (len=12 cap=12) {
    00000000  00 00 00 00 03 00 00 00  00 00 00 00              |............|
   },
   sema: (uint32) 0
  },
  Debug: (bool) false,
  Error: (chan error) (cap=2) 0xc82017e180,
  Password: (string) "",
  UseTLS: (bool) false,
  TLSConfig: (*tls.Config)(<nil>),
  Version: (string) (len=16) "go-ircevent v2.1",
  Timeout: (time.Duration) 1m0s,
  PingFreq: (time.Duration) 15m0s,
  KeepAlive: (time.Duration) 4m0s,
  Server: (string) (len=21) "irc.freenode.net:6667",
  socket: (*net.TCPConn)(0xc82017c078)({
   conn: (net.conn) {
    fd: (*net.netFD)(0xc820176a10)({
     fdmu: (net.fdMutex) {
      state: (uint64) 10,
      rsema: (uint32) 0,
      wsema: (uint32) 0
     },
     sysfd: (int) 7,
     family: (int) 2,
     sotype: (int) 1,
     isConnected: (bool) true,
     net: (string) (len=3) "tcp",
     laddr: (*net.TCPAddr)(0xc8201658f0)(192.168.0.7:49394),
     raddr: (*net.TCPAddr)(0xc820165920)(192.186.157.43:6667),
     pd: (net.pollDesc) {
      runtimeCtx: (uintptr) 0x7fec6c6d1068
     }
    })
   }
  }),
  pwrite: (chan string) (cap=10) 0xc82017e120,
  end: (chan struct {}) 0xc82001e7e0,
  nick: (string) (len=17) "mephuxtestconnect",
  nickcurrent: (string) (len=16) "mephuxtestconnec",
  user: (string) (len=6) "mephux",
  registered: (bool) false,
  events: (map[string]map[string]func(*irc.Event)) (len=26) {
   (string) (len=12) "CTCP_VERSION": (map[string]func(*irc.Event)) (len=1) {
    (string) (len=40) "1c7ce8fdf2635c5fdb97ac3887c0f368b8f4d7ac": (func(*irc.Event)) 0x4e4590
   },
   (string) (len=9) "CTCP_TIME": (map[string]func(*irc.Event)) (len=1) {
    (string) (len=40) "9017b254cefe22a33971f45c6db03abb9c709f92": (func(*irc.Event)) 0x4e4a60
   },
   (string) (len=3) "002": (map[string]func(*irc.Event)) (len=1) {
    (string) (len=40) "1ed9a3dcbbc2a00d24f573665e13bdb1a557c95e": (func(*irc.Event)) 0x487650
   },
   (string) (len=3) "375": (map[string]func(*irc.Event)) (len=1) {
    (string) (len=40) "6f2bfb18ae7937470db529ae101821e257b98e81": (func(*irc.Event)) 0x487650
   },
   (string) (len=3) "007": (map[string]func(*irc.Event)) (len=1) {
    (string) (len=40) "7404fe41efd3e27908fe2efb7a3a66408781536c": (func(*irc.Event)) 0x487650
   },
   (string) (len=3) "377": (map[string]func(*irc.Event)) (len=1) {
    (string) (len=40) "055272ed55cdf92144d8a8c9ea3919b723cbc94b": (func(*irc.Event)) 0x487650
   },
   (string) (len=3) "376": (map[string]func(*irc.Event)) (len=1) {
    (string) (len=40) "4515d15d6958080d37712a9de4d471965ecf2c18": (func(*irc.Event)) 0x487650
   },
   (string) (len=3) "221": (map[string]func(*irc.Event)) (len=1) {
    (string) (len=40) "b378fdcc140a970cad4f52af557f74ee74881f63": (func(*irc.Event)) 0x487650
   },
   (string) (len=13) "CTCP_USERINFO": (map[string]func(*irc.Event)) (len=1) {
    (string) (len=40) "d0b58280646c0a138d38416b7354d0e70a05f0ed": (func(*irc.Event)) 0x4e4760
   },
   (string) (len=9) "CTCP_PING": (map[string]func(*irc.Event)) (len=1) {
    (string) (len=40) "518f9929614dcfa3da44a5ff3609312a531236af": (func(*irc.Event)) 0x4e4c70
   },
   (string) (len=4) "NICK": (map[string]func(*irc.Event)) (len=1) {
    (string) (len=40) "4e22cbc6f9b7be2ba76d18e9007b16210e60d72f": (func(*irc.Event)) 0x4e5670
   },
   (string) (len=3) "001": (map[string]func(*irc.Event)) (len=2) {
    (string) (len=40) "95263d305d5f3f39ca40b0c65748d05088e24e28": (func(*irc.Event)) 0x4e57d0,
    (string) (len=40) "3d0cde7868a03d96498d2702d77821c05b58edbe": (func(*irc.Event)) 0x487650
   },
   (string) (len=7) "PRIVMSG": (map[string]func(*irc.Event)) (len=1) {
    (string) (len=40) "e72b31d7ffb40cc4633fb7780895cc52f7b9362b": (func(*irc.Event)) 0x482b00
   },
   (string) (len=5) "ERROR": (map[string]func(*irc.Event)) (len=1) {
    (string) (len=40) "f8d61953bdb6fee78ac2f056efe1e665a266862f": (func(*irc.Event)) 0x4e43e0
   },
   (string) (len=3) "437": (map[string]func(*irc.Event)) (len=1) {
    (string) (len=40) "e7e7262a2eaeb3988600517252ce1f85ec798462": (func(*irc.Event)) 0x4e4eb0
   },
   (string) (len=1) "0": (map[string]func(*irc.Event)) (len=1) {
    (string) (len=40) "8deab37143a9bffb972a49172c9cf14a05ccec4f": (func(*irc.Event)) 0x487650
   },
   (string) (len=3) "004": (map[string]func(*irc.Event)) (len=1) {
    (string) (len=40) "6afdc73f51d3a7c0c65cf7a96136fca70ffb16d3": (func(*irc.Event)) 0x487650
   },
   (string) (len=3) "003": (map[string]func(*irc.Event)) (len=1) {
    (string) (len=40) "f25701a9f29ac32c98088f477c6786854562a653": (func(*irc.Event)) 0x487650
   },
   (string) (len=3) "005": (map[string]func(*irc.Event)) (len=1) {
    (string) (len=40) "bb457e3010373f43cc2dddf7a4b63eea624f4242": (func(*irc.Event)) 0x487650
   },
   (string) (len=3) "372": (map[string]func(*irc.Event)) (len=1) {
    (string) (len=40) "03927e203f72e7d6f59ce744376c56fa502eee29": (func(*irc.Event)) 0x487650
   },
   (string) (len=3) "378": (map[string]func(*irc.Event)) (len=1) {
    (string) (len=40) "23ac22e6529a1ea658d6ea8b1656d5a63c24e3da": (func(*irc.Event)) 0x487650
   },
   (string) (len=4) "PING": (map[string]func(*irc.Event)) (len=1) {
    (string) (len=40) "37a50dec67fc7af62ac136e59e1abb4abb8028b4": (func(*irc.Event)) 0x4e4410
   },
   (string) (len=15) "CTCP_CLIENTINFO": (map[string]func(*irc.Event)) (len=1) {
    (string) (len=40) "efff697c6c9d5d6c07044c18d4bfac4f611cad69": (func(*irc.Event)) 0x4e4930
   },
   (string) (len=3) "433": (map[string]func(*irc.Event)) (len=1) {
    (string) (len=40) "39a2c07b5fa462dee49e0cfde7a009d6a3052e03": (func(*irc.Event)) 0x4e5170
   },
   (string) (len=4) "PONG": (map[string]func(*irc.Event)) (len=1) {
    (string) (len=40) "616062614cd258fe6cf9299a7b3d4fb6ce36a8d1": (func(*irc.Event)) 0x4e5430
   },
   (string) (len=4) "JOIN": (map[string]func(*irc.Event)) (len=1) {
    (string) (len=40) "30e5f8831235a23f283531f84ab2372a3b682357": (func(*irc.Event)) 0x487700
   }
  },
  lastMessage: (time.Time) 2016-02-06 15:48:07.874566776 -0500 EST,
  VerboseCallbackHandler: (bool) false,
  Log: (*log.Logger)(0xc82010c0a0)({
   mu: (sync.Mutex) {
    state: (int32) 0,
    sema: (uint32) 0
   },
   prefix: (string) "",
   flag: (int) 0,
   out: (*gocui.View)(0xc8200e4000)({
    name: (string) (len=6) "status",
    x0: (int) -1,
    y0: (int) -1,
    x1: (int) 116,
    y1: (int) 37,
    ox: (int) 0,
    oy: (int) 30,
    cx: (int) 0,
    cy: (int) 0,
    lines: ([][]int32) (len=60 cap=64) {
     ([]int32) <nil>,
     ([]int32) (len=64 cap=64) {
      (int32) 32,
      (int32) 32,
      (int32) 9608,
      (int32) 9608,
      (int32) 9559,
      (int32) 32,
      (int32) 32,
      (int32) 9608,
      (int32) 9608,
      (int32) 9559,
      (int32) 32,
      (int32) 9608,
      (int32) 9608,
      (int32) 9608,
      (int32) 9608,
      (int32) 9608,
      (int32) 9608,
      (int32) 9559,
      (int32) 32,
      (int32) 9608,
      (int32) 9608,
      (int32) 9608,
      (int32) 9559,
      (int32) 32,
      (int32) 32,
      (int32) 32,
      (int32) 9608,
      (int32) 9608,
      (int32) 9608,
      (int32) 9559,
      (int32) 32,
      (int32) 9608,
      (int32) 9608,
      (int32) 9608,
      (int32) 9608,
      (int32) 9608,
      (int32) 9559,
      (int32) 32,
      (int32) 9608,
      (int32) 9608,
      (int32) 9608,
      (int32) 9559,
      (int32) 32,
      (int32) 32,
      (int32) 32,
      (int32) 9608,
      (int32) 9608,
      (int32) 9559,
      (int32) 9608,
      (int32) 9608,
      (int32) 9608,
      (int32) 9608,
      (int32) 9608,
      (int32) 9608,
      (int32) 9559,
      (int32) 32,
      (int32) 32,
      (int32) 9608,
      (int32) 9608,
      (int32) 9608,
      (int32) 9608,
      (int32) 9608,
      (int32) 9559,
      (int32) 32
     },
     ([]int32) (len=64 cap=64) {
      (int32) 32,
      (int32) 32,
      (int32) 9608,
      (int32) 9608,
      (int32) 9553,
      (int32) 32,
      (int32) 9608,
      (int32) 9608,
      (int32) 9556,
      (int32) 9565,
      (int32) 9608,
      (int32) 9608,
      (int32) 9556,
      (int32) 9552,
      (int32) 9552,
      (int32) 9552,
      (int32) 9608,
      (int32) 9608,
      (int32) 9559,
      (int32) 9608,
      (int32) 9608,
      (int32) 9608,
      (int32) 9608,
      (int32) 9559,
      (int32) 32,
      (int32) 9608,
      (int32) 9608,
      (int32) 9608,
      (int32) 9608,
      (int32) 9553,
      (int32) 9608,
      (int32) 9608,
      (int32) 9556,
      (int32) 9552,
      (int32) 9552,
      (int32) 9608,
      (int32) 9608,
      (int32) 9559,
      (int32) 9608,
      (int32) 9608,
      (int32) 9608,
      (int32) 9608,
      (int32) 9559,
      (int32) 32,
      (int32) 32,
      (int32) 9608,
      (int32) 9608,
      (int32) 9553,
      (int32) 9608,
      (int32) 9608,
      (int32) 9556,
      (int32) 9552,
      (int32) 9552,
      (int32) 9608,
      (int32) 9608,
      (int32) 9559,
      (int32) 9608,
      (int32) 9608,
      (int32) 9556,
      (int32) 9552,
      (int32) 9552,
      (int32) 9608,
      (int32) 9608,
      (int32) 9559
     },
     ([]int32) (len=64 cap=64) {
      (int32) 32,
      (int32) 32,
      (int32) 9608,
      (int32) 9608,
      (int32) 9608,
      (int32) 9608,
      (int32) 9608,
      (int32) 9556,
      (int32) 9565,
      (int32) 32,
      (int32) 9608,
      (int32) 9608,
      (int32) 9553,
      (int32) 32,
      (int32) 32,
      (int32) 32,
      (int32) 9608,
      (int32) 9608,
      (int32) 9553,
      (int32) 9608,
      (int32) 9608,
      (int32) 9556,
      (int32) 9608,
      (int32) 9608,
      (int32) 9608,
      (int32) 9608,
      (int32) 9556,
      (int32) 9608,
      (int32) 9608,
      (int32) 9553,
      (int32) 9608,
      (int32) 9608,
      (int32) 9608,
      (int32) 9608,
      (int32) 9608,
      (int32) 9608,
      (int32) 9608,
      (int32) 9553,
      (int32) 9608,
      (int32) 9608,
      (int32) 9556,
      (int32) 9608,
      (int32) 9608,
      (int32) 9559,
      (int32) 32,
      (int32) 9608,
      (int32) 9608,
      (int32) 9553,
      (int32) 9608,
      (int32) 9608,
      (int32) 9553,
      (int32) 32,
      (int32) 32,
      (int32) 9608,
      (int32) 9608,
      (int32) 9553,
      (int32) 9608,
      (int32) 9608,
      (int32) 9608,
      (int32) 9608,
      (int32) 9608,
      (int32) 9608,
      (int32) 9608,
      (int32) 9553
     },
     ([]int32) (len=64 cap=64) {
      (int32) 32,
      (int32) 32,
      (int32) 9608,
      (int32) 9608,
      (int32) 9556,
      (int32) 9552,
      (int32) 9608,
      (int32) 9608,
      (int32) 9559,
      (int32) 32,
      (int32) 9608,
      (int32) 9608,
      (int32) 9553,
      (int32) 32,
      (int32) 32,
      (int32) 32,
      (int32) 9608,
      (int32) 9608,
      (int32) 9553,
      (int32) 9608,
      (int32) 9608,
      (int32) 9553,
      (int32) 9562,
      (int32) 9608,
      (int32) 9608,
      (int32) 9556,
      (int32) 9565,
      (int32) 9608,
      (int32) 9608,
      (int32) 9553,
      (int32) 9608,
      (int32) 9608,
      (int32) 9556,
      (int32) 9552,
      (int32) 9552,
      (int32) 9608,
      (int32) 9608,
      (int32) 9553,
      (int32) 9608,
      (int32) 9608,
      (int32) 9553,
      (int32) 9562,
      (int32) 9608,
      (int32) 9608,
      (int32) 9559,
      (int32) 9608,
      (int32) 9608,
      (int32) 9553,
      (int32) 9608,
      (int32) 9608,
      (int32) 9553,
      (int32) 32,
      (int32) 32,
      (int32) 9608,
      (int32) 9608,
      (int32) 9553,
      (int32) 9608,
      (int32) 9608,
      (int32) 9556,
      (int32) 9552,
      (int32) 9552,
      (int32) 9608,
      (int32) 9608,
      (int32) 9553
     },
     ([]int32) (len=64 cap=64) {
      (int32) 32,
      (int32) 32,
      (int32) 9608,
      (int32) 9608,
      (int32) 9553,
      (int32) 32,
      (int32) 32,
      (int32) 9608,
      (int32) 9608,
      (int32) 9559,
      (int32) 9562,
      (int32) 9608,
      (int32) 9608,
      (int32) 9608,
      (int32) 9608,
      (int32) 9608,
      (int32) 9608,
      (int32) 9556,
      (int32) 9565,
      (int32) 9608,
      (int32) 9608,
      (int32) 9553,
      (int32) 32,
      (int32) 9562,
      (int32) 9552,
      (int32) 9565,
      (int32) 32,
      (int32) 9608,
      (int32) 9608,
      (int32) 9553,
      (int32) 9608,
      (int32) 9608,
      (int32) 9553,
      (int32) 32,
      (int32) 32,
      (int32) 9608,
      (int32) 9608,
      (int32) 9553,
      (int32) 9608,
      (int32) 9608,
      (int32) 9553,
      (int32) 32,
      (int32) 9562,
      (int32) 9608,
      (int32) 9608,
      (int32) 9608,
      (int32) 9608,
      (int32) 9553,
      (int32) 9608,
      (int32) 9608,
      (int32) 9608,
      (int32) 9608,
      (int32) 9608,
      (int32) 9608,
      (int32) 9556,
      (int32) 9565,
      (int32) 9608,
      (int32) 9608,
      (int32) 9553,
      (int32) 32,
      (int32) 32,
      (int32) 9608,
      (int32) 9608,
      (int32) 9553
     },
     ([]int32) (len=64 cap=64) {
      (int32) 32,
      (int32) 32,
      (int32) 9562,
      (int32) 9552,
      (int32) 9565,
      (int32) 32,
      (int32) 32,
      (int32) 9562,
      (int32) 9552,
      (int32) 9565,
      (int32) 32,
      (int32) 9562,
      (int32) 9552,
      (int32) 9552,
      (int32) 9552,
      (int32) 9552,
      (int32) 9552,
      (int32) 9565,
      (int32) 32,
      (int32) 9562,
      (int32) 9552,
      (int32) 9565,
      (int32) 32,
      (int32) 32,
      (int32) 32,
      (int32) 32,
      (int32) 32,
      (int32) 9562,
      (int32) 9552,
      (int32) 9565,
      (int32) 9562,
      (int32) 9552,
      (int32) 9565,
      (int32) 32,
      (int32) 32,
      (int32) 9562,
      (int32) 9552,
      (int32) 9565,
      (int32) 9562,
      (int32) 9552,
      (int32) 9565,
      (int32) 32,
      (int32) 32,
      (int32) 9562,
      (int32) 9552,
      (int32) 9552,
      (int32) 9552,
      (int32) 9565,
      (int32) 9562,
      (int32) 9552,
      (int32) 9552,
      (int32) 9552,
      (int32) 9552,
      (int32) 9552,
      (int32) 9565,
      (int32) 32,
      (int32) 9562,
      (int32) 9552,
      (int32) 9565,
      (int32) 32,
      (int32) 32,
      (int32) 9562,
      (int32) 9552,
      (int32) 9565
     },
     ([]int32) (len=55 cap=64) {
      (int32) 32,
      (int32) 32,
      (int32) 86,
      (int32) 101,
      (int32) 114,
      (int32) 115,
      (int32) 105,
      (int32) 111,
      (int32) 110,
      (int32) 58,
      (int32) 32,
      (int32) 48,
      (int32) 46,
      (int32) 49,
      (int32) 46,
      (int32) 48,
      (int32) 32,
      (int32) 83,
      (int32) 111,
      (int32) 117,
      (int32) 114,
      (int32) 99,
      (int32) 101,
      (int32) 32,
      (int32) 67,
      (int32) 111,
      (int32) 100,
      (int32) 101,
      (int32) 58,
      (int32) 32,
      (int32) 103,
      (int32) 105,
      (int32) 116,
      (int32) 104,
      (int32) 117,
      (int32) 98,
      (int32) 46,
      (int32) 99,
      (int32) 111,
      (int32) 109,
      (int32) 47,
      (int32) 109,
      (int32) 101,
      (int32) 112,
      (int32) 104,
      (int32) 117,
      (int32) 120,
      (int32) 47,
      (int32) 107,
      (int32) 111,
      (int32) 109,
      (int32) 97,
      (int32) 110,
      (int32) 100,
      (int32) 97
     },
     ([]int32) <nil>,
     ([]int32) (len=19 cap=32) {
      (int32) 71,
      (int32) 79,
      (int32) 32,
      (int32) 67,
      (int32) 79,
      (int32) 77,
      (int32) 60,
      (int32) 77,
      (int32) 65,
      (int32) 78,
      (int32) 68,
      (int32) 32,
      (int32) 99,
      (int32) 111,
      (int32) 110,
      (int32) 110,
      (int32) 101,
      (int32) 99,
      (int32) 116
     },
     ([]int32) (len=29 cap=32) {
      (int32) 71,
      (int32) 111,
      (int32) 116,
      (int32) 32,
      (int32) 67,
      (int32) 111,
      (int32) 110,
      (int32) 110,
      (int32) 101,
      (int32) 99,
      (int32) 116,
      (int32) 32,
      (int32) 67,
      (int32) 111,
      (int32) 109,
      (int32) 109,
      (int32) 97,
      (int32) 110,
      (int32) 100,
      (int32) 32,
      (int32) 91,
      (int32) 99,
      (int32) 111,
      (int32) 110,
      (int32) 110,
      (int32) 101,
      (int32) 99,
      (int32) 116,
      (int32) 93
     },
     ([]int32) (len=56 cap=64) {
      (int32) 67,
      (int32) 111,
      (int32) 110,
      (int32) 110,
      (int32) 101,
      (int32) 99,
      (int32) 116,
      (int32) 101,
      (int32) 100,
      (int32) 32,
      (int32) 116,
      (int32) 111,
      (int32) 32,
      (int32) 105,
      (int32) 114,
      (int32) 99,
      (int32) 46,
      (int32) 102,
      (int32) 114,
      (int32) 101,
      (int32) 101,
      (int32) 110,
      (int32) 111,
      (int32) 100,
      (int32) 101,
      (int32) 46,
      (int32) 110,
      (int32) 101,
      (int32) 116,
      (int32) 58,
      (int32) 54,
      (int32) 54,
      (int32) 54,
      (int32) 55,
      (int32) 32,
      (int32) 40,
      (int32) 49,
      (int32) 57,
      (int32) 50,
      (int32) 46,
      (int32) 49,
      (int32) 56,
      (int32) 54,
      (int32) 46,
      (int32) 49,
      (int32) 53,
      (int32) 55,
      (int32) 46,
      (int32) 52,
      (int32) 51,
      (int32) 58,
      (int32) 54,
      (int32) 54,
      (int32) 54,
      (int32) 55,
      (int32) 41
     },
     ([]int32) (len=111 cap=128) {
      (int32) 58,
      (int32) 116,
      (int32) 101,
      (int32) 112,
      (int32) 112,
      (int32) 101,
      (int32) 114,
      (int32) 46,
      (int32) 102,
      (int32) 114,
      (int32) 101,
      (int32) 101,
      (int32) 110,
      (int32) 111,
      (int32) 100,
      (int32) 101,
      (int32) 46,
      (int32) 110,
      (int32) 101,
      (int32) 116,
      (int32) 32,
      (int32) 48,
      (int32) 48,
      (int32) 49,
      (int32) 32,
      (int32) 109,
      (int32) 101,
      (int32) 112,
      (int32) 104,
      (int32) 117,
      (int32) 120,
      (int32) 116,
      (int32) 101,
      (int32) 115,
      (int32) 116,
      (int32) 99,
      (int32) 111,
      (int32) 110,
      (int32) 110,
      (int32) 101,
      (int32) 99,
      (int32) 32,
      (int32) 58,
      (int32) 87,
      (int32) 101,
      (int32) 108,
      (int32) 99,
      (int32) 111,
      (int32) 109,
      (int32) 101,
      (int32) 32,
      (int32) 116,
      (int32) 111,
      (int32) 32,
      (int32) 116,
      (int32) 104,
      (int32) 101,
      (int32) 32,
      (int32) 102,
      (int32) 114,
      (int32) 101,
      (int32) 101,
      (int32) 110,
      (int32) 111,
      (int32) 100,
      (int32) 101,
      (int32) 32,
      (int32) 73,
      (int32) 110,
      (int32) 116,
      (int32) 101,
      (int32) 114,
      (int32) 110,
      (int32) 101,
      (int32) 116,
      (int32) 32,
      (int32) 82,
      (int32) 101,
      (int32) 108,
      (int32) 97,
      (int32) 121,
      (int32) 32,
      (int32) 67,
      (int32) 104,
      (int32) 97,
      (int32) 116,
      (int32) 32,
      (int32) 78,
      (int32) 101,
      (int32) 116,
      (int32) 119,
      (int32) 111,
      (int32) 114,
      (int32) 107,
      (int32) 32,
      (int32) 109,
      (int32) 101,
      (int32) 112,
      (int32) 104,
      (int32) 117,
      (int32) 120,
      (int32) 116,
      (int32) 101,
      (int32) 115,
      (int32) 116,
      (int32) 99,
      (int32) 111,
      (int32) 110,
      (int32) 110,
      (int32) 101,
      (int32) 99
     },
     ([]int32) (len=130 cap=256) {
      (int32) 58,
      (int32) 116,
      (int32) 101,
      (int32) 112,
      (int32) 112,
      (int32) 101,
      (int32) 114,
      (int32) 46,
      (int32) 102,
      (int32) 114,
      (int32) 101,
      (int32) 101,
      (int32) 110,
      (int32) 111,
      (int32) 100,
      (int32) 101,
      (int32) 46,
      (int32) 110,
      (int32) 101,
      (int32) 116,
      (int32) 32,
      (int32) 48,
      (int32) 48,
      (int32) 50,
      (int32) 32,
      (int32) 109,
      (int32) 101,
      (int32) 112,
      (int32) 104,
      (int32) 117,
      (int32) 120,
      (int32) 116,
      (int32) 101,
      (int32) 115,
      (int32) 116,
      (int32) 99,
      (int32) 111,
      (int32) 110,
      (int32) 110,
      (int32) 101,
      (int32) 99,
      (int32) 32,
      (int32) 58,
      (int32) 89,
      (int32) 111,
      (int32) 117,
      (int32) 114,
      (int32) 32,
      (int32) 104,
      (int32) 111,
      (int32) 115,
      (int32) 116,
      (int32) 32,
      (int32) 105,
      (int32) 115,
      (int32) 32,
      (int32) 116,
      (int32) 101,
      (int32) 112,
      (int32) 112,
      (int32) 101,
      (int32) 114,
      (int32) 46,
      (int32) 102,
      (int32) 114,
      (int32) 101,
      (int32) 101,
      (int32) 110,
      (int32) 111,
      (int32) 100,
      (int32) 101,
      (int32) 46,
      (int32) 110,
      (int32) 101,
      (int32) 116,
      (int32) 91,
      (int32) 49,
      (int32) 57,
      (int32) 50,
      (int32) 46,
      (int32) 49,
      (int32) 56,
      (int32) 54,
      (int32) 46,
      (int32) 49,
      (int32) 53,
      (int32) 55,
      (int32) 46,
      (int32) 52,
      (int32) 51,
      (int32) 47,
      (int32) 54,
      (int32) 54,
      (int32) 54,
      (int32) 55,
      (int32) 93,
      (int32) 44,
      (int32) 32,
      (int32) 114,
      (int32) 117,
      (int32) 110,
      (int32) 110,
      (int32) 105,
      (int32) 110,
      (int32) 103,
      (int32) 32,
      (int32) 118,
      (int32) 101,
      (int32) 114,
      (int32) 115,
      (int32) 105,
      (int32) 111,
      (int32) 110,
      (int32) 32,
      (int32) 105,
      (int32) 114,
      (int32) 99,
      (int32) 100,
      (int32) 45,
      (int32) 115,
      (int32) 101,
      (int32) 118,
      (int32) 101,
      (int32) 110,
      (int32) 45,
      (int32) 49,
      (int32) 46,
      (int32) 49,
      (int32) 46,
      (int32) 51
     },
     ([]int32) (len=134 cap=256) {
      (int32) 58,
      (int32) 116,
      (int32) 101,
      (int32) 112,
      (int32) 112,
      (int32) 101,
      (int32) 114,
      (int32) 46,
      (int32) 102,
      (int32) 114,
      (int32) 101,
      (int32) 101,
      (int32) 110,
      (int32) 111,
      (int32) 100,
      (int32) 101,
      (int32) 46,
      (int32) 110,
      (int32) 101,
      (int32) 116,
      (int32) 32,
      (int32) 48,
      (int32) 48,
      (int32) 52,
      (int32) 32,
      (int32) 109,
      (int32) 101,
      (int32) 112,
      (int32) 104,
      (int32) 117,
      (int32) 120,
      (int32) 116,
      (int32) 101,
      (int32) 115,
      (int32) 116,
      (int32) 99,
      (int32) 111,
      (int32) 110,
      (int32) 110,
      (int32) 101,
      (int32) 99,
      (int32) 32,
      (int32) 116,
      (int32) 101,
      (int32) 112,
      (int32) 112,
      (int32) 101,
      (int32) 114,
      (int32) 46,
      (int32) 102,
      (int32) 114,
      (int32) 101,
      (int32) 101,
      (int32) 110,
      (int32) 111,
      (int32) 100,
      (int32) 101,
      (int32) 46,
      (int32) 110,
      (int32) 101,
      (int32) 116,
      (int32) 32,
      (int32) 105,
      (int32) 114,
      (int32) 99,
      (int32) 100,
      (int32) 45,
      (int32) 115,
      (int32) 101,
      (int32) 118,
      (int32) 101,
      (int32) 110,
      (int32) 45,
      (int32) 49,
      (int32) 46,
      (int32) 49,
      (int32) 46,
      (int32) 51,
      (int32) 32,
      (int32) 68,
      (int32) 79,
      (int32) 81,
      (int32) 82,
      (int32) 83,
      (int32) 90,
      (int32) 97,
      (int32) 103,
      (int32) 104,
      (int32) 105,
      (int32) 108,
      (int32) 111,
      (int32) 112,
      (int32) 115,
      (int32) 119,
      (int32) 122,
      (int32) 32,
      (int32) 67,
      (int32) 70,
      (int32) 73,
      (int32) 76,
      (int32) 77,
      (int32) 80,
      (int32) 81,
      (int32) 83,
      (int32) 98,
      (int32) 99,
      (int32) 101,
      (int32) 102,
      (int32) 103,
      (int32) 105,
      (int32) 106,
      (int32) 107,
      (int32) 108,
      (int32) 109,
      (int32) 110,
      (int32) 111,
      (int32) 112,
      (int32) 113,
      (int32) 114,
      (int32) 115,
      (int32) 116,
      (int32) 118,
      (int32) 122,
      (int32) 32,
      (int32) 98,
      (int32) 107,
      (int32) 108,
      (int32) 111,
      (int32) 118,
      (int32) 101,
      (int32) 113,
      (int32) 106,
      (int32) 102,
      (int32) 73
     },
     ([]int32) (len=124 cap=128) {
      (int32) 58,
      (int32) 116,
      (int32) 101,
      (int32) 112,
      (int32) 112,
      (int32) 101,
      (int32) 114,
      (int32) 46,
      (int32) 102,
      (int32) 114,
      (int32) 101,
      (int32) 101,
      (int32) 110,
      (int32) 111,
      (int32) 100,
      (int32) 101,
      (int32) 46,
      (int32) 110,
      (int32) 101,
      (int32) 116,
      (int32) 32,
      (int32) 48,
      (int32) 48,
      (int32) 53,
      (int32) 32,
      (int32) 109,
      (int32) 101,
      (int32) 112,
      (int32) 104,
      (int32) 117,
      (int32) 120,
      (int32) 116,
      (int32) 101,
      (int32) 115,
      (int32) 116,
      (int32) 99,
      (int32) 111,
      (int32) 110,
      (int32) 110,
      (int32) 101,
      (int32) 99,
      (int32) 32,
      (int32) 69,
      (int32) 88,
      (int32) 84,
      (int32) 66,
      (int32) 65,
      (int32) 78,
      (int32) 61,
      (int32) 36,
      (int32) 44,
      (int32) 97,
      (int32) 106,
      (int32) 114,
      (int32) 120,
      (int32) 122,
      (int32) 32,
      (int32) 87,
      (int32) 72,
      (int32) 79,
      (int32) 88,
      (int32) 32,
      (int32) 67,
      (int32) 76,
      (int32) 73,
      (int32) 69,
      (int32) 78,
      (int32) 84,
      (int32) 86,
      (int32) 69,
      (int32) 82,
      (int32) 61,
      (int32) 51,
      (int32) 46,
      (int32) 48,
      (int32) 32,
      (int32) 83,
      (int32) 65,
      (int32) 70,
      (int32) 69,
      (int32) 76,
      (int32) 73,
      (int32) 83,
      (int32) 84,
      (int32) 32,
      (int32) 69,
      (int32) 76,
      (int32) 73,
      (int32) 83,
      (int32) 84,
      (int32) 61,
      (int32) 67,
      (int32) 84,
      (int32) 85,
      (int32) 32,
      (int32) 58,
      (int32) 97,
      (int32) 114,
      (int32) 101,
      (int32) 32,
      (int32) 115,
      (int32) 117,
      (int32) 112,
      (int32) 112,
      (int32) 111,
      (int32) 114,
      (int32) 116,
      (int32) 101,
      (int32) 100,
      (int32) 32,
      (int32) 98,
      (int32) 121,
      (int32) 32,
      (int32) 116,
      (int32) 104,
      (int32) 105,
      (int32) 115,
      (int32) 32,
      (int32) 115,
      (int32) 101,
      (int32) 114,
      (int32) 118,
      (int32) 101,
      (int32) 114
     },
     ([]int32) (len=238 cap=256) {
      (int32) 58,
      (int32) 116,
      (int32) 101,
      (int32) 112,
      (int32) 112,
      (int32) 101,
      (int32) 114,
      (int32) 46,
      (int32) 102,
      (int32) 114,
      (int32) 101,
      (int32) 101,
      (int32) 110,
      (int32) 111,
      (int32) 100,
      (int32) 101,
      (int32) 46,
      (int32) 110,
      (int32) 101,
      (int32) 116,
      (int32) 32,
      (int32) 48,
      (int32) 48,
      (int32) 53,
      (int32) 32,
      (int32) 109,
      (int32) 101,
      (int32) 112,
      (int32) 104,
      (int32) 117,
      (int32) 120,
      (int32) 116,
      (int32) 101,
      (int32) 115,
      (int32) 116,
      (int32) 99,
      (int32) 111,
      (int32) 110,
      (int32) 110,
      (int32) 101,
      (int32) 99,
      (int32) 32,
      (int32) 67,
      (int32) 72,
      (int32) 65,
      (int32) 78,
      (int32) 84,
      (int32) 89,
      (int32) 80,
      (int32) 69,
      (int32) 83,
      (int32) 61,
      (int32) 35,
      (int32) 32,
      (int32) 69,
      (int32) 88,
      (int32) 67,
      (int32) 69,
      (int32) 80,
      (int32) 84,
      (int32) 83,
      (int32) 32,
      (int32) 73,
      (int32) 78,
      (int32) 86,
      (int32) 69,
      (int32) 88,
      (int32) 32,
      (int32) 67,
      (int32) 72,
      (int32) 65,
      (int32) 78,
      (int32) 77,
      (int32) 79,
      (int32) 68,
      (int32) 69,
      (int32) 83,
      (int32) 61,
      (int32) 101,
      (int32) 73,
      (int32) 98,
      (int32) 113,
      (int32) 44,
      (int32) 107,
      (int32) 44,
      (int32) 102,
      (int32) 108,
      (int32) 106,
      (int32) 44,
      (int32) 67,
      (int32) 70,
      (int32) 76,
      (int32) 77,
      (int32) 80,
      (int32) 81,
      (int32) 83,
      (int32) 99,
      (int32) 103,
      (int32) 105,
      (int32) 109,
      (int32) 110,
      (int32) 112,
      (int32) 114,
      (int32) 115,
      (int32) 116,
      (int32) 122,
      (int32) 32,
      (int32) 67,
      (int32) 72,
      (int32) 65,
      (int32) 78,
      (int32) 76,
      (int32) 73,
      (int32) 77,
      (int32) 73,
      (int32) 84,
      (int32) 61,
      (int32) 35,
      (int32) 58,
      (int32) 49,
      (int32) 50,
      (int32) 48,
      (int32) 32,
      (int32) 80,
      (int32) 82,
      (int32) 69,
      (int32) 70,
      (int32) 73,
      (int32) 88,
      (int32) 61,
      (int32) 40,
      (int32) 111,
      (int32) 118,
      (int32) 41,
      (int32) 64,
      (int32) 43,
      (int32) 32,
      (int32) 77,
      (int32) 65,
      (int32) 88,
      (int32) 76,
      (int32) 73,
      (int32) 83,
      (int32) 84,
      (int32) 61,
      (int32) 98,
      (int32) 113,
      (int32) 101,
      (int32) 73,
      (int32) 58,
      (int32) 49,
      (int32) 48,
      (int32) 48,
      (int32) 32,
      (int32) 77,
      (int32) 79,
      (int32) 68,
      (int32) 69,
      (int32) 83,
      (int32) 61,
      (int32) 52,
      (int32) 32,
      (int32) 78,
      (int32) 69,
      (int32) 84,
      (int32) 87,
      (int32) 79,
      (int32) 82,
      (int32) 75,
      (int32) 61,
      (int32) 102,
      (int32) 114,
      (int32) 101,
      (int32) 101,
      (int32) 110,
      (int32) 111,
      (int32) 100,
      (int32) 101,
      (int32) 32,
      (int32) 75,
      (int32) 78,
      (int32) 79,
      (int32) 67,
      (int32) 75,
      (int32) 32,
      (int32) 83,
      (int32) 84,
      (int32) 65,
      (int32) 84,
      (int32) 85,
      (int32) 83,
      (int32) 77,
      (int32) 83,
      (int32) 71,
      (int32) 61,
      (int32) 64,
      (int32) 43,
      (int32) 32,
      (int32) 67,
      (int32) 65,
      (int32) 76,
      (int32) 76,
      (int32) 69,
      (int32) 82,
      (int32) 73,
      (int32) 68,
      (int32) 61,
      (int32) 103,
      (int32) 32,
      (int32) 58,
      (int32) 97,
      (int32) 114,
      (int32) 101,
      (int32) 32,
      (int32) 115,
      (int32) 117,
      (int32) 112,
      (int32) 112,
      (int32) 111,
      (int32) 114,
      (int32) 116,
      (int32) 101,
      (int32) 100,
      (int32) 32,
      (int32) 98,
      (int32) 121,
      (int32) 32,
      (int32) 116,
      (int32) 104,
      (int32) 105,
      (int32) 115,
      (int32) 32,
      (int32) 115,
      (int32) 101,
      (int32) 114,
      (int32) 118,
      (int32) 101,
      (int32) 114
     },
     ([]int32) (len=264 cap=512) {
      (int32) 58,
      (int32) 116,
      (int32) 101,
      (int32) 112,
      (int32) 112,
      (int32) 101,
      (int32) 114,
      (int32) 46,
      (int32) 102,
      (int32) 114,
      (int32) 101,
      (int32) 101,
      (int32) 110,
      (int32) 111,
      (int32) 100,
      (int32) 101,
      (int32) 46,
      (int32) 110,
      (int32) 101,
      (int32) 116,
      (int32) 32,
      (int32) 48,
      (int32) 48,
      (int32) 53,
      (int32) 32,
      (int32) 109,
      (int32) 101,
      (int32) 112,
      (int32) 104,
      (int32) 117,
      (int32) 120,
      (int32) 116,
      (int32) 101,
      (int32) 115,
      (int32) 116,
      (int32) 99,
      (int32) 111,
      (int32) 110,
      (int32) 110,
      (int32) 101,
      (int32) 99,
      (int32) 32,
      (int32) 67,
      (int32) 65,
      (int32) 83,
      (int32) 69,
      (int32) 77,
      (int32) 65,
      (int32) 80,
      (int32) 80,
      (int32) 73,
      (int32) 78,
      (int32) 71,
      (int32) 61,
      (int32) 114,
      (int32) 102,
      (int32) 99,
      (int32) 49,
      (int32) 52,
      (int32) 53,
      (int32) 57,
      (int32) 32,
      (int32) 67,
      (int32) 72,
      (int32) 65,
      (int32) 82,
      (int32) 83,
      (int32) 69,
      (int32) 84,
      (int32) 61,
      (int32) 97,
      (int32) 115,
      (int32) 99,
      (int32) 105,
      (int32) 105,
      (int32) 32,
      (int32) 78,
      (int32) 73,
      (int32) 67,
      (int32) 75,
      (int32) 76,
      (int32) 69,
      (int32) 78,
      (int32) 61,
      (int32) 49,
      (int32) 54,
      (int32) 32,
      (int32) 67,
      (int32) 72,
      (int32) 65,
      (int32) 78,
      (int32) 78,
      (int32) 69,
      (int32) 76,
      (int32) 76,
      (int32) 69,
      (int32) 78,
      (int32) 61,
      (int32) 53,
      (int32) 48,
      (int32) 32,
      (int32) 84,
      (int32) 79,
      (int32) 80,
      (int32) 73,
      (int32) 67,
      (int32) 76,
      (int32) 69,
      (int32) 78,
      (int32) 61,
      (int32) 51,
      (int32) 57,
      (int32) 48,
      (int32) 32,
      (int32) 69,
      (int32) 84,
      (int32) 82,
      (int32) 65,
      (int32) 67,
      (int32) 69,
      (int32) 32,
      (int32) 67,
      (int32) 80,
      (int32) 82,
      (int32) 73,
      (int32) 86,
      (int32) 77,
      (int32) 83,
      (int32) 71,
      (int32) 32,
      (int32) 67,
      (int32) 78,
      (int32) 79,
      (int32) 84,
      (int32) 73,
      (int32) 67,
      (int32) 69,
      (int32) 32,
      (int32) 68,
      (int32) 69,
      (int32) 65,
      (int32) 70,
      (int32) 61,
      (int32) 68,
      (int32) 32,
      (int32) 77,
      (int32) 79,
      (int32) 78,
      (int32) 73,
      (int32) 84,
      (int32) 79,
      (int32) 82,
      (int32) 61,
      (int32) 49,
      (int32) 48,
      (int32) 48,
      (int32) 32,
      (int32) 70,
      (int32) 78,
      (int32) 67,
      (int32) 32,
      (int32) 84,
      (int32) 65,
      (int32) 82,
      (int32) 71,
      (int32) 77,
      (int32) 65,
      (int32) 88,
      (int32) 61,
      (int32) 78,
      (int32) 65,
      (int32) 77,
      (int32) 69,
      (int32) 83,
      (int32) 58,
      (int32) 49,
      (int32) 44,
      (int32) 76,
      (int32) 73,
      (int32) 83,
      (int32) 84,
      (int32) 58,
      (int32) 49,
      (int32) 44,
      (int32) 75,
      (int32) 73,
      (int32) 67,
      (int32) 75,
      (int32) 58,
      (int32) 49,
      (int32) 44,
      (int32) 87,
      (int32) 72,
      (int32) 79,
      (int32) 73,
      (int32) 83,
      (int32) 58,
      (int32) 49,
      (int32) 44,
      (int32) 80,
      (int32) 82,
      (int32) 73,
      (int32) 86,
      (int32) 77,
      (int32) 83,
      (int32) 71,
      (int32) 58,
      (int32) 52,
      (int32) 44,
      (int32) 78,
      (int32) 79,
      (int32) 84,
      (int32) 73,
      (int32) 67,
      (int32) 69,
      (int32) 58,
      (int32) 52,
      (int32) 44,
      (int32) 65,
      (int32) 67,
      (int32) 67,
      (int32) 69,
      (int32) 80,
      (int32) 84,
      (int32) 58,
      (int32) 44,
      (int32) 77,
      (int32) 79,
      (int32) 78,
      (int32) 73,
      (int32) 84,
      (int32) 79,
      (int32) 82,
      (int32) 58,
      (int32) 32,
      (int32) 58,
      (int32) 97,
      (int32) 114,
      (int32) 101,
      (int32) 32,
      (int32) 115,
      (int32) 117,
      (int32) 112,
      (int32) 112,
      (int32) 111,
      (int32) 114,
      (int32) 116,
      (int32) 101,
      (int32) 100,
      (int32) 32,
      (int32) 98,
      (int32) 121,
      (int32) 32,
      (int32) 116,
      (int32) 104,
      (int32) 105,
      (int32) 115,
      (int32) 32,
      (int32) 115,
      (int32) 101,
      (int32) 114,
      (int32) 118,
      (int32) 101,
      (int32) 114
     },
     ([]int32) (len=98 cap=128) {
      (int32) 58,
      (int32) 116,
      (int32) 101,
      (int32) 112,
      (int32) 112,
      (int32) 101,
      (int32) 114,
      (int32) 46,
      (int32) 102,
      (int32) 114,
      (int32) 101,
      (int32) 101,
      (int32) 110,
      (int32) 111,
      (int32) 100,
      (int32) 101,
      (int32) 46,
      (int32) 110,
      (int32) 101,
      (int32) 116,
      (int32) 32,
      (int32) 48,
      (int32) 48,
      (int32) 51,
      (int32) 32,
      (int32) 109,
      (int32) 101,
      (int32) 112,
      (int32) 104,
      (int32) 117,
      (int32) 120,
      (int32) 116,
      (int32) 101,
      (int32) 115,
      (int32) 116,
      (int32) 99,
      (int32) 111,
      (int32) 110,
      (int32) 110,
      (int32) 101,
      (int32) 99,
      (int32) 32,
      (int32) 58,
      (int32) 84,
      (int32) 104,
      (int32) 105,
      (int32) 115,
      (int32) 32,
      (int32) 115,
      (int32) 101,
      (int32) 114,
      (int32) 118,
      (int32) 101,
      (int32) 114,
      (int32) 32,
      (int32) 119,
      (int32) 97,
      (int32) 115,
      (int32) 32,
      (int32) 99,
      (int32) 114,
      (int32) 101,
      (int32) 97,
      (int32) 116,
      (int32) 101,
      (int32) 100,
      (int32) 32,
      (int32) 84,
      (int32) 104,
      (int32) 117,
      (int32) 32,
      (int32) 74,
      (int32) 117,
      (int32) 110,
      (int32) 32,
      (int32) 49,
      (int32) 56,
      (int32) 32,
      (int32) 50,
      (int32) 48,
      (int32) 49,
      (int32) 53,
      (int32) 32,
      (int32) 97,
      (int32) 116,
      (int32) 32,
      (int32) 49,
      (int32) 57,
      (int32) 58,
      (int32) 53,
      (int32) 55,
      (int32) 58,
      (int32) 49,
      (int32) 57,
      (int32) 32,
      (int32) 85,
      (int32) 84,
      (int32) 67
     },
     ([]int32) (len=97 cap=128) {
      (int32) 58,
      (int32) 116,
      (int32) 101,
      (int32) 112,
      (int32) 112,
      (int32) 101,
      (int32) 114,
      (int32) 46,
      (int32) 102,
      (int32) 114,
      (int32) 101,
      (int32) 101,
      (int32) 110,
      (int32) 111,
      (int32) 100,
      (int32) 101,
      (int32) 46,
      (int32) 110,
      (int32) 101,
      (int32) 116,
      (int32) 32,
      (int32) 51,
      (int32) 55,
      (int32) 50,
      (int32) 32,
      (int32) 109,
      (int32) 101,
      (int32) 112,
      (int32) 104,
      (int32) 117,
      (int32) 120,
      (int32) 116,
      (int32) 101,
      (int32) 115,
      (int32) 116,
      (int32) 99,
      (int32) 111,
      (int32) 110,
      (int32) 110,
      (int32) 101,
      (int32) 99,
      (int32) 32,
      (int32) 58,
      (int32) 45,
      (int32) 32,
      (int32) 84,
      (int32) 104,
      (int32) 97,
      (int32) 110,
      (int32) 107,
      (int32) 115,
      (int32) 32,
      (int32) 116,
      (int32) 111,
      (int32) 32,
      (int32) 104,
      (int32) 116,
      (int32) 116,
      (int32) 112,
      (int32) 58,
      (int32) 47,
      (int32) 47,
      (int32) 119,
      (int32) 119,
      (int32) 119,
      (int32) 46,
      (int32) 115,
      (int32) 101,
      (int32) 114,
      (int32) 118,
      (int32) 101,
      (int32) 114,
      (int32) 109,
      (int32) 97,
      (int32) 110,
      (int32) 105,
      (int32) 97,
      (int32) 46,
      (int32) 99,
      (int32) 111,
      (int32) 109,
      (int32) 47,
      (int32) 32,
      (int32) 102,
      (int32) 111,
      (int32) 114,
      (int32) 32,
      (int32) 115,
      (int32) 112,
      (int32) 111,
      (int32) 110,
      (int32) 115,
      (int32) 111,
      (int32) 114,
      (int32) 105,
      (int32) 110,
      (int32) 103
     },
     ([]int32) (len=86 cap=128) {
      (int32) 58,
      (int32) 116,
      (int32) 101,
      (int32) 112,
      (int32) 112,
      (int32) 101,
      (int32) 114,
      (int32) 46,
      (int32) 102,
      (int32) 114,
      (int32) 101,
      (int32) 101,
      (int32) 110,
      (int32) 111,
      (int32) 100,
      (int32) 101,
      (int32) 46,
      (int32) 110,
      (int32) 101,
      (int32) 116,
      (int32) 32,
      (int32) 51,
      (int32) 55,
      (int32) 53,
      (int32) 32,
      (int32) 109,
      (int32) 101,
      (int32) 112,
      (int32) 104,
      (int32) 117,
      (int32) 120,
      (int32) 116,
      (int32) 101,
      (int32) 115,
      (int32) 116,
      (int32) 99,
      (int32) 111,
      (int32) 110,
      (int32) 110,
      (int32) 101,
      (int32) 99,
      (int32) 32,
      (int32) 58,
      (int32) 45,
      (int32) 32,
      (int32) 116,
      (int32) 101,
      (int32) 112,
      (int32) 112,
      (int32) 101,
      (int32) 114,
      (int32) 46,
      (int32) 102,
      (int32) 114,
      (int32) 101,
      (int32) 101,
      (int32) 110,
      (int32) 111,
      (int32) 100,
      (int32) 101,
      (int32) 46,
      (int32) 110,
      (int32) 101,
      (int32) 116,
      (int32) 32,
      (int32) 77,
      (int32) 101,
      (int32) 115,
      (int32) 115,
      (int32) 97,
      (int32) 103,
      (int32) 101,
      (int32) 32,
      (int32) 111,
      (int32) 102,
      (int32) 32,
      (int32) 116,
      (int32) 104,
      (int32) 101,
      (int32) 32,
      (int32) 68,
      (int32) 97,
      (int32) 121,
      (int32) 32,
      (int32) 45,
      (int32) 32
     },
     ([]int32) (len=91 cap=128) {
      (int32) 58,
      (int32) 116,
      (int32) 101,
      (int32) 112,
      (int32) 112,
      (int32) 101,
      (int32) 114,
      (int32) 46,
      (int32) 102,
      (int32) 114,
      (int32) 101,
      (int32) 101,
      (int32) 110,
      (int32) 111,
      (int32) 100,
      (int32) 101,
      (int32) 46,
      (int32) 110,
      (int32) 101,
      (int32) 116,
      (int32) 32,
      (int32) 51,
      (int32) 55,
      (int32) 50,
      (int32) 32,
      (int32) 109,
      (int32) 101,
      (int32) 112,
      (int32) 104,
      (int32) 117,
      (int32) 120,
      (int32) 116,
      (int32) 101,
      (int32) 115,
      (int32) 116,
      (int32) 99,
      (int32) 111,
      (int32) 110,
      (int32) 110,
      (int32) 101,
      (int32) 99,
      (int32) 32,
      (int32) 58,
      (int32) 45,
      (int32) 32,
      (int32) 87,
      (int32) 101,
      (int32) 108,
      (int32) 99,
      (int32) 111,
      (int32) 109,
      (int32) 101,
      (int32) 32,
      (int32) 116,
      (int32) 111,
      (int32) 32,
      (int32) 116,
      (int32) 101,
      (int32) 112,
      (int32) 112,
      (int32) 101,
      (int32) 114,
      (int32) 46,
      (int32) 102,
      (int32) 114,
      (int32) 101,
      (int32) 101,
      (int32) 110,
      (int32) 111,
      (int32) 100,
      (int32) 101,
      (int32) 46,
      (int32) 110,
      (int32) 101,
      (int32) 116,
      (int32) 32,
      (int32) 105,
      (int32) 110,
      (int32) 32,
      (int32) 66,
      (int32) 117,
      (int32) 102,
      (int32) 102,
      (int32) 97,
      (int32) 108,
      (int32) 111,
      (int32) 44,
      (int32) 32,
      (int32) 78,
      (int32) 89,
      (int32) 46
     },
     ([]int32) (len=46 cap=64) {
      (int32) 58,
      (int32) 116,
      (int32) 101,
      (int32) 112,
      (int32) 112,
      (int32) 101,
      (int32) 114,
      (int32) 46,
      (int32) 102,
      (int32) 114,
      (int32) 101,
      (int32) 101,
      (int32) 110,
      (int32) 111,
      (int32) 100,
      (int32) 101,
      (int32) 46,
      (int32) 110,
      (int32) 101,
      (int32) 116,
      (int32) 32,
      (int32) 51,
      (int32) 55,
      (int32) 50,
      (int32) 32,
      (int32) 109,
      (int32) 101,
      (int32) 112,
      (int32) 104,
      (int32) 117,
      (int32) 120,
      (int32) 116,
      (int32) 101,
      (int32) 115,
      (int32) 116,
      (int32) 99,
      (int32) 111,
      (int32) 110,
      (int32) 110,
      (int32) 101,
      (int32) 99,
      (int32) 32,
      (int32) 58,
      (int32) 45,
      (int32) 32,
      (int32) 32
     },
     ([]int32) (len=57 cap=64) {
      (int32) 58,
      (int32) 116,
      (int32) 101,
      (int32) 112,
      (int32) 112,
      (int32) 101,
      (int32) 114,
      (int32) 46,
      (int32) 102,
      (int32) 114,
      (int32) 101,
      (int32) 101,
      (int32) 110,
      (int32) 111,
      (int32) 100,
      (int32) 101,
      (int32) 46,
      (int32) 110,
      (int32) 101,
      (int32) 116,
      (int32) 32,
      (int32) 51,
      (int32) 55,
      (int32) 50,
      (int32) 32,
      (int32) 109,
      (int32) 101,
      (int32) 112,
      (int32) 104,
      (int32) 117,
      (int32) 120,
      (int32) 116,
      (int32) 101,
      (int32) 115,
      (int32) 116,
      (int32) 99,
      (int32) 111,
      (int32) 110,
      (int32) 110,
      (int32) 101,
      (int32) 99,
      (int32) 32,
      (int32) 58,
      (int32) 45,
      (int32) 32,
      (int32) 116,
      (int32) 104,
      (int32) 105,
      (int32) 115,
      (int32) 32,
      (int32) 115,
      (int32) 101,
      (int32) 114,
      (int32) 118,
      (int32) 101,
      (int32) 114,
      (int32) 33
     },
     ([]int32) (len=99 cap=128) {
      (int32) 58,
      (int32) 116,
      (int32) 101,
      (int32) 112,
      (int32) 112,
      (int32) 101,
      (int32) 114,
      (int32) 46,
      (int32) 102,
      (int32) 114,
      (int32) 101,
      (int32) 101,
      (int32) 110,
      (int32) 111,
      (int32) 100,
      (int32) 101,
      (int32) 46,
      (int32) 110,
      (int32) 101,
      (int32) 116,
      (int32) 32,
      (int32) 51,
      (int32) 55,
      (int32) 50,
      (int32) 32,
      (int32) 109,
      (int32) 101,
      (int32) 112,
      (int32) 104,
      (int32) 117,
      (int32) 120,
      (int32) 116,
      (int32) 101,
      (int32) 115,
      (int32) 116,
      (int32) 99,
      (int32) 111,
      (int32) 110,
      (int32) 110,
      (int32) 101,
      (int32) 99,
      (int32) 32,
      (int32) 58,
      (int32) 45,
      (int32) 32,
      (int32) 84,
      (int32) 69,
      (int32) 80,
      (int32) 80,
      (int32) 69,
      (int32) 82,
      (int32) 44,
      (int32) 32,
      (int32) 83,
      (int32) 72,
      (int32) 69,
      (int32) 82,
      (int32) 73,
      (int32) 32,
      (int32) 83,
      (int32) 46,
      (int32) 32,
      (int32) 40,
      (int32) 49,
      (int32) 57,
      (int32) 50,
      (int32) 57,
      (int32) 45,
      (int32) 41,
      (int32) 44,
      (int32) 32,
      (int32) 97,
      (int32) 110,
      (int32) 32,
      (int32) 65,
      (int32) 109,
      (int32) 101,
      (int32) 114,
      (int32) 105,
      (int32) 99,
      (int32) 97,
      (int32) 110,
      (int32) 32,
      (int32) 115,
      (int32) 99,
      (int32) 105,
      (int32) 101,
      (int32) 110,
      (int32) 99,
      (int32) 101,
      (int32) 32,
      (int32) 102,
      (int32) 105,
      (int32) 99,
      (int32) 116,
      (int32) 105,
      (int32) 111,
      (int32) 110,
      (int32) 44
     },
     ([]int32) (len=46 cap=64) {
      (int32) 58,
      (int32) 116,
      (int32) 101,
      (int32) 112,
      (int32) 112,
      (int32) 101,
      (int32) 114,
      (int32) 46,
      (int32) 102,
      (int32) 114,
      (int32) 101,
      (int32) 101,
      (int32) 110,
      (int32) 111,
      (int32) 100,
      (int32) 101,
      (int32) 46,
      (int32) 110,
      (int32) 101,
      (int32) 116,
      (int32) 32,
      (int32) 51,
      (int32) 55,
      (int32) 50,
      (int32) 32,
      (int32) 109,
      (int32) 101,
      (int32) 112,
      (int32) 104,
      (int32) 117,
      (int32) 120,
      (int32) 116,
      (int32) 101,
      (int32) 115,
      (int32) 116,
      (int32) 99,
      (int32) 111,
      (int32) 110,
      (int32) 110,
      (int32) 101,
      (int32) 99,
      (int32) 32,
      (int32) 58,
      (int32) 45,
      (int32) 32,
      (int32) 32
     },
     ([]int32) (len=101 cap=128) {
      (int32) 58,
      (int32) 116,
      (int32) 101,
      (int32) 112,
      (int32) 112,
      (int32) 101,
      (int32) 114,
      (int32) 46,
      (int32) 102,
      (int32) 114,
      (int32) 101,
      (int32) 101,
      (int32) 110,
      (int32) 111,
      (int32) 100,
      (int32) 101,
      (int32) 46,
      (int32) 110,
      (int32) 101,
      (int32) 116,
      (int32) 32,
      (int32) 51,
      (int32) 55,
      (int32) 50,
      (int32) 32,
      (int32) 109,
      (int32) 101,
      (int32) 112,
      (int32) 104,
      (int32) 117,
      (int32) 120,
      (int32) 116,
      (int32) 101,
      (int32) 115,
      (int32) 116,
      (int32) 99,
      (int32) 111,
      (int32) 110,
      (int32) 110,
      (int32) 101,
      (int32) 99,
      (int32) 32,
      (int32) 58,
      (int32) 45,
      (int32) 32,
      (int32) 104,
      (int32) 111,
      (int32) 114,
      (int32) 114,
      (int32) 111,
      (int32) 114,
      (int32) 32,
      (int32) 97,
      (int32) 110,
      (int32) 100,
      (int32) 32,
      (int32) 109,
      (int32) 121,
      (int32) 115,
      (int32) 116,
      (int32) 101,
      (int32) 114,
      (int32) 121,
      (int32) 32,
      (int32) 110,
      (int32) 111,
      (int32) 118,
      (int32) 101,
      (int32) 108,
      (int32) 32,
      (int32) 97,
      (int32) 117,
      (int32) 116,
      (int32) 104,
      (int32) 111,
      (int32) 114,
      (int32) 44,
      (int32) 32,
      (int32) 98,
      (int32) 101,
      (int32) 104,
      (int32) 105,
      (int32) 110,
      (int32) 100,
      (int32) 32,
      (int32) 109,
      (int32) 111,
      (int32) 114,
      (int32) 101,
      (int32) 32,
      (int32) 116,
      (int32) 104,
      (int32) 97,
      (int32) 110,
      (int32) 32,
      (int32) 116,
      (int32) 104,
      (int32) 105,
      (int32) 114,
      (int32) 116,
      (int32) 121
     },
     ([]int32) (len=98 cap=128) {
      (int32) 58,
      (int32) 116,
      (int32) 101,
      (int32) 112,
      (int32) 112,
      (int32) 101,
      (int32) 114,
      (int32) 46,
      (int32) 102,
      (int32) 114,
      (int32) 101,
      (int32) 101,
      (int32) 110,
      (int32) 111,
      (int32) 100,
      (int32) 101,
      (int32) 46,
      (int32) 110,
      (int32) 101,
      (int32) 116,
      (int32) 32,
      (int32) 51,
      (int32) 55,
      (int32) 50,
      (int32) 32,
      (int32) 109,
      (int32) 101,
      (int32) 112,
      (int32) 104,
      (int32) 117,
      (int32) 120,
      (int32) 116,
      (int32) 101,
      (int32) 115,
      (int32) 116,
      (int32) 99,
      (int32) 111,
      (int32) 110,
      (int32) 110,
      (int32) 101,
      (int32) 99,
      (int32) 32,
      (int32) 58,
      (int32) 45,
      (int32) 32,
      (int32) 98,
      (int32) 111,
      (int32) 111,
      (int32) 107,
      (int32) 115,
      (int32) 44,
      (int32) 32,
      (int32) 109,
      (int32) 97,
      (int32) 110,
      (int32) 121,
      (int32) 32,
      (int32) 116,
      (int32) 104,
      (int32) 101,
      (int32) 109,
      (int32) 101,
      (int32) 100,
      (int32) 32,
      (int32) 117,
      (int32) 110,
      (int32) 97,
      (int32) 112,
      (int32) 111,
      (int32) 108,
      (int32) 111,
      (int32) 103,
      (int32) 101,
      (int32) 116,
      (int32) 105,
      (int32) 99,
      (int32) 97,
      (int32) 108,
      (int32) 108,
      (int32) 121,
      (int32) 32,
      (int32) 101,
      (int32) 99,
      (int32) 111,
      (int32) 45,
      (int32) 102,
      (int32) 101,
      (int32) 109,
      (int32) 105,
      (int32) 110,
      (int32) 105,
      (int32) 115,
      (int32) 116,
      (int32) 46,
      (int32) 32,
      (int32) 72,
      (int32) 101,
      (int32) 114
     },
     ([]int32) (len=101 cap=128) {
      (int32) 58,
      (int32) 116,
      (int32) 101,
      (int32) 112,
      (int32) 112,
      (int32) 101,
      (int32) 114,
      (int32) 46,
      (int32) 102,
      (int32) 114,
      (int32) 101,
      (int32) 101,
      (int32) 110,
      (int32) 111,
      (int32) 100,
      (int32) 101,
      (int32) 46,
      (int32) 110,
      (int32) 101,
      (int32) 116,
      (int32) 32,
      (int32) 51,
      (int32) 55,
      (int32) 50,
      (int32) 32,
      (int32) 109,
      (int32) 101,
      (int32) 112,
      (int32) 104,
      (int32) 117,
      (int32) 120,
      (int32) 116,
      (int32) 101,
      (int32) 115,
      (int32) 116,
      (int32) 99,
      (int32) 111,
      (int32) 110,
      (int32) 110,
      (int32) 101,
      (int32) 99,
      (int32) 32,
      (int32) 58,
      (int32) 45,
      (int32) 32,
      (int32) 39,
      (int32) 66,
      (int32) 101,
      (int32) 97,
      (int32) 117,
      (int32) 116,
      (int32) 121,
      (int32) 39,
      (int32) 32,
      (int32) 115,
      (int32) 104,
      (int32) 101,
      (int32) 32,
      (int32) 119,
      (int32) 111,
      (int32) 110,
      (int32) 32,
      (int32) 116,
      (int32) 104,
      (int32) 101,
      (int32) 32,
      (int32) 76,
      (int32) 111,
      (int32) 99,
      (int32) 117,
      (int32) 115,
      (int32) 32,
      (int32) 97,
      (int32) 119,
      (int32) 97,
      (int32) 114,
      (int32) 100,
      (int32) 32,
      (int32) 102,
      (int32) 111,
      (int32) 114,
      (int32) 32,
      (int32) 66,
      (int32) 101,
      (int32) 115,
      (int32) 116,
      (int32) 32,
      (int32) 70,
      (int32) 97,
      (int32) 110,
      (int32) 116,
      (int32) 97,
      (int32) 115,
      (int32) 121,
      (int32) 32,
      (int32) 78,
      (int32) 111,
      (int32) 118,
      (int32) 101,
      (int32) 108,
      (int32) 46
     },
     ([]int32) (len=96 cap=128) {
      (int32) 58,
      (int32) 116,
      (int32) 101,
      (int32) 112,
      (int32) 112,
      (int32) 101,
      (int32) 114,
      (int32) 46,
      (int32) 102,
      (int32) 114,
      (int32) 101,
      (int32) 101,
      (int32) 110,
      (int32) 111,
      (int32) 100,
      (int32) 101,
      (int32) 46,
      (int32) 110,
      (int32) 101,
      (int32) 116,
      (int32) 32,
      (int32) 51,
      (int32) 55,
      (int32) 50,
      (int32) 32,
      (int32) 109,
      (int32) 101,
      (int32) 112,
      (int32) 104,
      (int32) 117,
      (int32) 120,
      (int32) 116,
      (int32) 101,
      (int32) 115,
      (int32) 116,
      (int32) 99,
      (int32) 111,
      (int32) 110,
      (int32) 110,
      (int32) 101,
      (int32) 99,
      (int32) 32,
      (int32) 58,
      (int32) 45,
      (int32) 32,
      (int32) 109,
      (int32) 111,
      (int32) 118,
      (int32) 101,
      (int32) 100,
      (int32) 32,
      (int32) 116,
      (int32) 111,
      (int32) 32,
      (int32) 97,
      (int32) 100,
      (int32) 117,
      (int32) 108,
      (int32) 116,
      (int32) 32,
      (int32) 102,
      (int32) 105,
      (int32) 99,
      (int32) 116,
      (int32) 105,
      (int32) 111,
      (int32) 110,
      (int32) 32,
      (int32) 105,
      (int32) 110,
      (int32) 32,
      (int32) 49,
      (int32) 57,
      (int32) 56,
      (int32) 50,
      (int32) 46,
      (int32) 32,
      (int32) 87,
      (int32) 105,
      (int32) 116,
      (int32) 104,
      (int32) 32,
      (int32) 116,
      (int32) 104,
      (int32) 101,
      (int32) 32,
      (int32) 49,
      (int32) 57,
      (int32) 57,
      (int32) 49,
      (int32) 32,
      (int32) 110,
      (int32) 111,
      (int32) 118,
      (int32) 101,
      (int32) 108
     },
     ([]int32) (len=101 cap=128) {
      (int32) 58,
      (int32) 116,
      (int32) 101,
      (int32) 112,
      (int32) 112,
      (int32) 101,
      (int32) 114,
      (int32) 46,
      (int32) 102,
      (int32) 114,
      (int32) 101,
      (int32) 101,
      (int32) 110,
      (int32) 111,
      (int32) 100,
      (int32) 101,
      (int32) 46,
      (int32) 110,
      (int32) 101,
      (int32) 116,
      (int32) 32,
      (int32) 51,
      (int32) 55,
      (int32) 50,
      (int32) 32,
      (int32) 109,
      (int32) 101,
      (int32) 112,
      (int32) 104,
      (int32) 117,
      (int32) 120,
      (int32) 116,
      (int32) 101,
      (int32) 115,
      (int32) 116,
      (int32) 99,
      (int32) 111,
      (int32) 110,
      (int32) 110,
      (int32) 101,
      (int32) 99,
      (int32) 32,
      (int32) 58,
      (int32) 45,
      (int32) 32,
      (int32) 119,
      (int32) 114,
      (int32) 105,
      (int32) 116,
      (int32) 105,
      (int32) 110,
      (int32) 103,
      (int32) 32,
      (int32) 99,
      (int32) 97,
      (int32) 114,
      (int32) 101,
      (int32) 101,
      (int32) 114,
      (int32) 32,
      (int32) 115,
      (int32) 116,
      (int32) 97,
      (int32) 114,
      (int32) 116,
      (int32) 101,
      (int32) 100,
      (int32) 32,
      (int32) 99,
      (int32) 111,
      (int32) 109,
      (int32) 112,
      (int32) 111,
      (int32) 115,
      (int32) 105,
      (int32) 110,
      (int32) 103,
      (int32) 32,
      (int32) 99,
      (int32) 104,
      (int32) 105,
      (int32) 108,
      (int32) 100,
      (int32) 114,
      (int32) 101,
      (int32) 110,
      (int32) 39,
      (int32) 115,
      (int32) 32,
      (int32) 115,
      (int32) 116,
      (int32) 111,
      (int32) 114,
      (int32) 105,
      (int32) 101,
      (int32) 115,
      (int32) 44,
      (int32) 32,
      (int32) 98,
      (int32) 117,
      (int32) 116
     },
     ([]int32) (len=46 cap=64) {
      (int32) 58,
      (int32) 116,
      (int32) 101,
      (int32) 112,
      (int32) 112,
      (int32) 101,
      (int32) 114,
      (int32) 46,
      (int32) 102,
      (int32) 114,
      (int32) 101,
      (int32) 101,
      (int32) 110,
      (int32) 111,
      (int32) 100,
      (int32) 101,
      (int32) 46,
      (int32) 110,
      (int32) 101,
      (int32) 116,
      (int32) 32,
      (int32) 51,
      (int32) 55,
      (int32) 50,
      (int32) 32,
      (int32) 109,
      (int32) 101,
      (int32) 112,
      (int32) 104,
      (int32) 117,
      (int32) 120,
      (int32) 116,
      (int32) 101,
      (int32) 115,
      (int32) 116,
      (int32) 99,
      (int32) 111,
      (int32) 110,
      (int32) 110,
      (int32) 101,
      (int32) 99,
      (int32) 32,
      (int32) 58,
      (int32) 45,
      (int32) 32,
      (int32) 32
     },
     ([]int32) (len=104 cap=128) {
      (int32) 58,
      (int32) 116,
      (int32) 101,
      (int32) 112,
      (int32) 112,
      (int32) 101,
      (int32) 114,
      (int32) 46,
      (int32) 102,
      (int32) 114,
      (int32) 101,
      (int32) 101,
      (int32) 110,
      (int32) 111,
      (int32) 100,
      (int32) 101,
      (int32) 46,
      (int32) 110,
      (int32) 101,
      (int32) 116,
      (int32) 32,
      (int32) 51,
      (int32) 55,
      (int32) 50,
      (int32) 32,
      (int32) 109,
      (int32) 101,
      (int32) 112,
      (int32) 104,
      (int32) 117,
      (int32) 120,
      (int32) 116,
      (int32) 101,
      (int32) 115,
      (int32) 116,
      (int32) 99,
      (int32) 111,
      (int32) 110,
      (int32) 110,
      (int32) 101,
      (int32) 99,
      (int32) 32,
      (int32) 58,
      (int32) 45,
      (int32) 32,
      (int32) 72,
      (int32) 101,
      (int32) 114,
      (int32) 32,
      (int32) 111,
      (int32) 116,
      (int32) 104,
      (int32) 101,
      (int32) 114,
      (int32) 32,
      (int32) 119,
      (int32) 101,
      (int32) 108,
      (int32) 108,
      (int32) 45,
      (int32) 107,
      (int32) 110,
      (int32) 111,
      (int32) 119,
      (int32) 110,
      (int32) 32,
      (int32) 119,
      (int32) 111,
      (int32) 114,
      (int32) 107,
      (int32) 115,
      (int32) 32,
      (int32) 105,
      (int32) 110,
      (int32) 99,
      (int32) 108,
      (int32) 117,
      (int32) 100,
      (int32) 101,
      (int32) 32,
      (int32) 39,
      (int32) 71,
      (int32) 114,
      (int32) 97,
      (int32) 115,
      (int32) 115,
      (int32) 39,
      (int32) 32,
      (int32) 40,
      (int32) 49,
      (int32) 57,
      (int32) 56,
      (int32) 57,
      (int32) 44,
      (int32) 32,
      (int32) 110,
      (int32) 111,
      (int32) 109,
      (int32) 105,
      (int32) 110,
      (int32) 97,
      (int32) 116,
      (int32) 101,
      (int32) 100
     },
     ([]int32) (len=100 cap=128) {
      (int32) 58,
      (int32) 116,
      (int32) 101,
      (int32) 112,
      (int32) 112,
      (int32) 101,
      (int32) 114,
      (int32) 46,
      (int32) 102,
      (int32) 114,
      (int32) 101,
      (int32) 101,
      (int32) 110,
      (int32) 111,
      (int32) 100,
      (int32) 101,
      (int32) 46,
      (int32) 110,
      (int32) 101,
      (int32) 116,
      (int32) 32,
      (int32) 51,
      (int32) 55,
      (int32) 50,
      (int32) 32,
      (int32) 109,
      (int32) 101,
      (int32) 112,
      (int32) 104,
      (int32) 117,
      (int32) 120,
      (int32) 116,
      (int32) 101,
      (int32) 115,
      (int32) 116,
      (int32) 99,
      (int32) 111,
      (int32) 110,
      (int32) 110,
      (int32) 101,
      (int32) 99,
      (int32) 32,
      (int32) 58,
      (int32) 45,
      (int32) 32,
      (int32) 102,
      (int32) 111,
      (int32) 114,
      (int32) 32,
      (int32) 72,
      (int32) 117,
      (int32) 103,
      (int32) 111,
      (int32) 32,
      (int32) 97,
      (int32) 110,
      (int32) 100,
      (int32) 32,
      (int32) 76,
      (int32) 111,
      (int32) 99,
      (int32) 117,
      (int32) 115,
      (int32) 32,
      (int32) 65,
      (int32) 119,
      (int32) 97,
      (int32) 114,
      (int32) 100,
      (int32) 115,
      (int32) 32,
      (int32) 105,
      (int32) 110,
      (int32) 32,
      (int32) 49,
      (int32) 57,
      (int32) 57,
      (int32) 48,
      (int32) 41,
      (int32) 32,
      (int32) 97,
      (int32) 110,
      (int32) 100,
      (int32) 32,
      (int32) 39,
      (int32) 71,
      (int32) 97,
      (int32) 116,
      (int32) 101,
      (int32) 32,
      (int32) 116,
      (int32) 111,
      (int32) 32,
      (int32) 87,
      (int32) 111,
      (int32) 109,
      (int32) 101,
      (int32) 110,
      (int32) 39,
      (int32) 115
     },
     ([]int32) (len=46 cap=64) {
      (int32) 58,
      (int32) 116,
      (int32) 101,
      (int32) 112,
      (int32) 112,
      (int32) 101,
      (int32) 114,
      (int32) 46,
      (int32) 102,
      (int32) 114,
      (int32) 101,
      (int32) 101,
      (int32) 110,
      (int32) 111,
      (int32) 100,
      (int32) 101,
      (int32) 46,
      (int32) 110,
      (int32) 101,
      (int32) 116,
      (int32) 32,
      (int32) 51,
      (int32) 55,
      (int32) 50,
      (int32) 32,
      (int32) 109,
      (int32) 101,
      (int32) 112,
      (int32) 104,
      (int32) 117,
      (int32) 120,
      (int32) 116,
      (int32) 101,
      (int32) 115,
      (int32) 116,
      (int32) 99,
      (int32) 111,
      (int32) 110,
      (int32) 110,
      (int32) 101,
      (int32) 99,
      (int32) 32,
      (int32) 58,
      (int32) 45,
      (int32) 32,
      (int32) 32
     },
     ([]int32) (len=102 cap=128) {
      (int32) 58,
      (int32) 116,
      (int32) 101,
      (int32) 112,
      (int32) 112,
      (int32) 101,
      (int32) 114,
      (int32) 46,
      (int32) 102,
      (int32) 114,
      (int32) 101,
      (int32) 101,
      (int32) 110,
      (int32) 111,
      (int32) 100,
      (int32) 101,
      (int32) 46,
      (int32) 110,
      (int32) 101,
      (int32) 116,
      (int32) 32,
      (int32) 51,
      (int32) 55,
      (int32) 50,
      (int32) 32,
      (int32) 109,
      (int32) 101,
      (int32) 112,
      (int32) 104,
      (int32) 117,
      (int32) 120,
      (int32) 116,
      (int32) 101,
      (int32) 115,
      (int32) 116,
      (int32) 99,
      (int32) 111,
      (int32) 110,
      (int32) 110,
      (int32) 101,
      (int32) 99,
      (int32) 32,
      (int32) 58,
      (int32) 45,
      (int32) 32,
      (int32) 87,
      (int32) 101,
      (int32) 108,
      (int32) 99,
      (int32) 111,
      (int32) 109,
      (int32) 101,
      (int32) 32,
      (int32) 116,
      (int32) 111,
      (int32) 32,
      (int32) 102,
      (int32) 114,
      (int32) 101,
      (int32) 101,
      (int32) 110,
      (int32) 111,
      (int32) 100,
      (int32) 101,
      (int32) 32,
      (int32) 45,
      (int32) 32,
      (int32) 115,
      (int32) 117,
      (int32) 112,
      (int32) 112,
      (int32) 111,
      (int32) 114,
      (int32) 116,
      (int32) 105,
      (int32) 110,
      (int32) 103,
      (int32) 32,
      (int32) 116,
      (int32) 104,
      (int32) 101,
      (int32) 32,
      (int32) 102,
      (int32) 114,
      (int32) 101,
      (int32) 101,
      (int32) 32,
      (int32) 97,
      (int32) 110,
      (int32) 100,
      (int32) 32,
      (int32) 111,
      (int32) 112,
      (int32) 101,
      (int32) 110,
      (int32) 32,
      (int32) 115,
      (int32) 111,
      (int32) 117,
      (int32) 114,
      (int32) 99,
      (int32) 101
     },
     ([]int32) (len=77 cap=128) {
      (int32) 58,
      (int32) 116,
      (int32) 101,
      (int32) 112,
      (int32) 112,
      (int32) 101,
      (int32) 114,
      (int32) 46,
      (int32) 102,
      (int32) 114,
      (int32) 101,
      (int32) 101,
      (int32) 110,
      (int32) 111,
      (int32) 100,
      (int32) 101,
      (int32) 46,
      (int32) 110,
      (int32) 101,
      (int32) 116,
      (int32) 32,
      (int32) 51,
      (int32) 55,
      (int32) 50,
      (int32) 32,
      (int32) 109,
      (int32) 101,
      (int32) 112,
      (int32) 104,
      (int32) 117,
      (int32) 120,
      (int32) 116,
      (int32) 101,
      (int32) 115,
      (int32) 116,
      (int32) 99,
      (int32) 111,
      (int32) 110,
      (int32) 110,
      (int32) 101,
      (int32) 99,
      (int32) 32,
      (int32) 58,
      (int32) 45,
      (int32) 32,
      (int32) 115,
      (int32) 111,
      (int32) 102,
      (int32) 116,
      (int32) 119,
      (int32) 97,
      (int32) 114,
      (int32) 101,
      (int32) 32,
      (int32) 99,
      (int32) 111,
      (int32) 109,
      (int32) 109,
      (int32) 117,
      (int32) 110,
      (int32) 105,
      (int32) 116,
      (int32) 105,
      (int32) 101,
      (int32) 115,
      (int32) 32,
      (int32) 115,
      (int32) 105,
      (int32) 110,
      (int32) 99,
      (int32) 101,
      (int32) 32,
      (int32) 49,
      (int32) 57,
      (int32) 57,
      (int32) 56,
      (int32) 46
     },
     ([]int32) (len=102 cap=128) {
      (int32) 58,
      (int32) 116,
      (int32) 101,
      (int32) 112,
      (int32) 112,
      (int32) 101,
      (int32) 114,
      (int32) 46,
      (int32) 102,
      (int32) 114,
      (int32) 101,
      (int32) 101,
      (int32) 110,
      (int32) 111,
      (int32) 100,
      (int32) 101,
      (int32) 46,
      (int32) 110,
      (int32) 101,
      (int32) 116,
      (int32) 32,
      (int32) 51,
      (int32) 55,
      (int32) 50,
      (int32) 32,
      (int32) 109,
      (int32) 101,
      (int32) 112,
      (int32) 104,
      (int32) 117,
      (int32) 120,
      (int32) 116,
      (int32) 101,
      (int32) 115,
      (int32) 116,
      (int32) 99,
      (int32) 111,
      (int32) 110,
      (int32) 110,
      (int32) 101,
      (int32) 99,
      (int32) 32,
      (int32) 58,
      (int32) 45,
      (int32) 32,
      (int32) 97,
      (int32) 99,
      (int32) 99,
      (int32) 101,
      (int32) 112,
      (int32) 116,
      (int32) 32,
      (int32) 111,
      (int32) 117,
      (int32) 114,
      (int32) 32,
      (int32) 112,
      (int32) 111,
      (int32) 108,
      (int32) 105,
      (int32) 99,
      (int32) 105,
      (int32) 101,
      (int32) 115,
      (int32) 32,
      (int32) 97,
      (int32) 115,
      (int32) 32,
      (int32) 115,
      (int32) 101,
      (int32) 116,
      (int32) 32,
      (int32) 111,
      (int32) 117,
      (int32) 116,
      (int32) 32,
      (int32) 111,
      (int32) 110,
      (int32) 32,
      (int32) 104,
      (int32) 116,
      (int32) 116,
      (int32) 112,
      (int32) 58,
      (int32) 47,
      (int32) 47,
      (int32) 119,
      (int32) 119,
      (int32) 119,
      (int32) 46,
      (int32) 102,
      (int32) 114,
      (int32) 101,
      (int32) 101,
      (int32) 110,
      (int32) 111,
      (int32) 100,
      (int32) 101,
      (int32) 46,
      (int32) 110,
      (int32) 101,
      (int32) 116
     },
     ([]int32) (len=61 cap=64) {
      (int32) 58,
      (int32) 116,
      (int32) 101,
      (int32) 112,
      (int32) 112,
      (int32) 101,
      (int32) 114,
      (int32) 46,
      (int32) 102,
      (int32) 114,
      (int32) 101,
      (int32) 101,
      (int32) 110,
      (int32) 111,
      (int32) 100,
      (int32) 101,
      (int32) 46,
      (int32) 110,
      (int32) 101,
      (int32) 116,
      (int32) 32,
      (int32) 51,
      (int32) 55,
      (int32) 50,
      (int32) 32,
      (int32) 109,
      (int32) 101,
      (int32) 112,
      (int32) 104,
      (int32) 117,
      (int32) 120,
      (int32) 116,
      (int32) 101,
      (int32) 115,
      (int32) 116,
      (int32) 99,
      (int32) 111,
      (int32) 110,
      (int32) 110,
      (int32) 101,
      (int32) 99,
      (int32) 32,
      (int32) 58,
      (int32) 45,
      (int32) 32,
      (int32) 67,
      (int32) 111,
      (int32) 117,
      (int32) 110,
      (int32) 116,
      (int32) 114,
      (int32) 121,
      (int32) 39,
      (int32) 32,
      (int32) 40,
      (int32) 49,
      (int32) 57,
      (int32) 56,
      (int32) 56,
      (int32) 41,
      (int32) 46
     },
     ([]int32) (len=107 cap=128) {
      (int32) 58,
      (int32) 116,
      (int32) 101,
      (int32) 112,
      (int32) 112,
      (int32) 101,
      (int32) 114,
      (int32) 46,
      (int32) 102,
      (int32) 114,
      (int32) 101,
      (int32) 101,
      (int32) 110,
      (int32) 111,
      (int32) 100,
      (int32) 101,
      (int32) 46,
      (int32) 110,
      (int32) 101,
      (int32) 116,
      (int32) 32,
      (int32) 51,
      (int32) 55,
      (int32) 50,
      (int32) 32,
      (int32) 109,
      (int32) 101,
      (int32) 112,
      (int32) 104,
      (int32) 117,
      (int32) 120,
      (int32) 116,
      (int32) 101,
      (int32) 115,
      (int32) 116,
      (int32) 99,
      (int32) 111,
      (int32) 110,
      (int32) 110,
      (int32) 101,
      (int32) 99,
      (int32) 32,
      (int32) 58,
      (int32) 45,
      (int32) 32,
      (int32) 118,
      (int32) 111,
      (int32) 108,
      (int32) 117,
      (int32) 110,
      (int32) 116,
      (int32) 101,
      (int32) 101,
      (int32) 114,
      (int32) 32,
      (int32) 115,
      (int32) 116,
      (int32) 97,
      (int32) 102,
      (int32) 102,
      (int32) 32,
      (int32) 97,
      (int32) 110,
      (int32) 100,
      (int32) 32,
      (int32) 104,
      (int32) 101,
      (int32) 108,
      (int32) 112,
      (int32) 102,
      (int32) 117,
      (int32) 108,
      (int32) 32,
      (int32) 117,
      (int32) 115,
      (int32) 101,
      (int32) 114,
      (int32) 115,
      (int32) 32,
      (int32) 119,
      (int32) 105,
      (int32) 108,
      (int32) 108,
      (int32) 32,
      (int32) 98,
      (int32) 101,
      (int32) 32,
      (int32) 104,
      (int32) 97,
      (int32) 112,
      (int32) 112,
      (int32) 121,
      (int32) 32,
      (int32) 116,
      (int32) 111,
      (int32) 32,
      (int32) 97,
      (int32) 115,
      (int32) 115,
      (int32) 105,
      (int32) 115,
      (int32) 116,
      (int32) 32,
      (int32) 121,
      (int32) 111,
      (int32) 117,
      (int32) 46
     },
     ([]int32) (len=106 cap=128) {
      (int32) 58,
      (int32) 116,
      (int32) 101,
      (int32) 112,
      (int32) 112,
      (int32) 101,
      (int32) 114,
      (int32) 46,
      (int32) 102,
      (int32) 114,
      (int32) 101,
      (int32) 101,
      (int32) 110,
      (int32) 111,
      (int32) 100,
      (int32) 101,
      (int32) 46,
      (int32) 110,
      (int32) 101,
      (int32) 116,
      (int32) 32,
      (int32) 51,
      (int32) 55,
      (int32) 50,
      (int32) 32,
      (int32) 109,
      (int32) 101,
      (int32) 112,
      (int32) 104,
      (int32) 117,
      (int32) 120,
      (int32) 116,
      (int32) 101,
      (int32) 115,
      (int32) 116,
      (int32) 99,
      (int32) 111,
      (int32) 110,
      (int32) 110,
      (int32) 101,
      (int32) 99,
      (int32) 32,
      (int32) 58,
      (int32) 45,
      (int32) 32,
      (int32) 66,
      (int32) 121,
      (int32) 32,
      (int32) 99,
      (int32) 111,
      (int32) 110,
      (int32) 110,
      (int32) 101,
      (int32) 99,
      (int32) 116,
      (int32) 105,
      (int32) 110,
      (int32) 103,
      (int32) 32,
      (int32) 116,
      (int32) 111,
      (int32) 32,
      (int32) 102,
      (int32) 114,
      (int32) 101,
      (int32) 101,
      (int32) 110,
      (int32) 111,
      (int32) 100,
      (int32) 101,
      (int32) 32,
      (int32) 121,
      (int32) 111,
      (int32) 117,
      (int32) 32,
      (int32) 105,
      (int32) 110,
      (int32) 100,
      (int32) 105,
      (int32) 99,
      (int32) 97,
      (int32) 116,
      (int32) 101,
      (int32) 32,
      (int32) 116,
      (int32) 104,
      (int32) 97,
      (int32) 116,
      (int32) 32,
      (int32) 121,
      (int32) 111,
      (int32) 117,
      (int32) 32,
      (int32) 104,
      (int32) 97,
      (int32) 118,
      (int32) 101,
      (int32) 32,
      (int32) 114,
      (int32) 101,
      (int32) 97,
      (int32) 100,
      (int32) 32,
      (int32) 97,
      (int32) 110,
      (int32) 100
     },
     ([]int32) (len=104 cap=128) {
      (int32) 58,
      (int32) 116,
      (int32) 101,
      (int32) 112,
      (int32) 112,
      (int32) 101,
      (int32) 114,
      (int32) 46,
      (int32) 102,
      (int32) 114,
      (int32) 101,
      (int32) 101,
      (int32) 110,
      (int32) 111,
      (int32) 100,
      (int32) 101,
      (int32) 46,
      (int32) 110,
      (int32) 101,
      (int32) 116,
      (int32) 32,
      (int32) 51,
      (int32) 55,
      (int32) 50,
      (int32) 32,
      (int32) 109,
      (int32) 101,
      (int32) 112,
      (int32) 104,
      (int32) 117,
      (int32) 120,
      (int32) 116,
      (int32) 101,
      (int32) 115,
      (int32) 116,
      (int32) 99,
      (int32) 111,
      (int32) 110,
      (int32) 110,
      (int32) 101,
      (int32) 99,
      (int32) 32,
      (int32) 58,
      (int32) 45,
      (int32) 32,
      (int32) 97,
      (int32) 110,
      (int32) 121,
      (int32) 32,
      (int32) 110,
      (int32) 101,
      (int32) 116,
      (int32) 119,
      (int32) 111,
      (int32) 114,
      (int32) 107,
      (int32) 45,
      (int32) 114,
      (int32) 101,
      (int32) 108,
      (int32) 97,
      (int32) 116,
      (int32) 101,
      (int32) 100,
      (int32) 32,
      (int32) 113,
      (int32) 117,
      (int32) 101,
      (int32) 115,
      (int32) 116,
      (int32) 105,
      (int32) 111,
      (int32) 110,
      (int32) 115,
      (int32) 32,
      (int32) 111,
      (int32) 114,
      (int32) 32,
      (int32) 113,
      (int32) 117,
      (int32) 101,
      (int32) 114,
      (int32) 105,
      (int32) 101,
      (int32) 115,
      (int32) 44,
      (int32) 32,
      (int32) 119,
      (int32) 104,
      (int32) 101,
      (int32) 114,
      (int32) 101,
      (int32) 32,
      (int32) 97,
      (int32) 32,
      (int32) 110,
      (int32) 117,
      (int32) 109,
      (int32) 98,
      (int32) 101,
      (int32) 114,
      (int32) 32,
      (int32) 111,
      (int32) 102
     },
     ([]int32) (len=107 cap=128) {
      (int32) 58,
      (int32) 116,
      (int32) 101,
      (int32) 112,
      (int32) 112,
      (int32) 101,
      (int32) 114,
      (int32) 46,
      (int32) 102,
      (int32) 114,
      (int32) 101,
      (int32) 101,
      (int32) 110,
      (int32) 111,
      (int32) 100,
      (int32) 101,
      (int32) 46,
      (int32) 110,
      (int32) 101,
      (int32) 116,
      (int32) 32,
      (int32) 51,
      (int32) 55,
      (int32) 50,
      (int32) 32,
      (int32) 109,
      (int32) 101,
      (int32) 112,
      (int32) 104,
      (int32) 117,
      (int32) 120,
      (int32) 116,
      (int32) 101,
      (int32) 115,
      (int32) 116,
      (int32) 99,
      (int32) 111,
      (int32) 110,
      (int32) 110,
      (int32) 101,
      (int32) 99,
      (int32) 32,
      (int32) 58,
      (int32) 45,
      (int32) 32,
      (int32) 102,
      (int32) 114,
      (int32) 101,
      (int32) 101,
      (int32) 110,
      (int32) 111,
      (int32) 100,
      (int32) 101,
      (int32) 32,
      (int32) 114,
      (int32) 117,
      (int32) 110,
      (int32) 115,
      (int32) 32,
      (int32) 97,
      (int32) 110,
      (int32) 32,
      (int32) 111,
      (int32) 112,
      (int32) 101,
      (int32) 110,
      (int32) 32,
      (int32) 112,
      (int32) 114,
      (int32) 111,
      (int32) 120,
      (int32) 121,
      (int32) 32,
      (int32) 115,
      (int32) 99,
      (int32) 97,
      (int32) 110,
      (int32) 110,
      (int32) 101,
      (int32) 114,
      (int32) 46,
      (int32) 32,
      (int32) 80,
      (int32) 108,
      (int32) 101,
      (int32) 97,
      (int32) 115,
      (int32) 101,
      (int32) 32,
      (int32) 106,
      (int32) 111,
      (int32) 105,
      (int32) 110,
      (int32) 32,
      (int32) 35,
      (int32) 102,
      (int32) 114,
      (int32) 101,
      (int32) 101,
      (int32) 110,
      (int32) 111,
      (int32) 100,
      (int32) 101,
      (int32) 32,
      (int32) 102,
      (int32) 111,
      (int32) 114
     },
     ([]int32) (len=46 cap=64) {
      (int32) 58,
      (int32) 116,
      (int32) 101,
      (int32) 112,
      (int32) 112,
      (int32) 101,
      (int32) 114,
      (int32) 46,
      (int32) 102,
      (int32) 114,
      (int32) 101,
      (int32) 101,
      (int32) 110,
      (int32) 111,
      (int32) 100,
      (int32) 101,
      (int32) 46,
      (int32) 110,
      (int32) 101,
      (int32) 116,
      (int32) 32,
      (int32) 51,
      (int32) 55,
      (int32) 50,
      (int32) 32,
      (int32) 109,
      (int32) 101,
      (int32) 112,
      (int32) 104,
      (int32) 117,
      (int32) 120,
      (int32) 116,
      (int32) 101,
      (int32) 115,
      (int32) 116,
      (int32) 99,
      (int32) 111,
      (int32) 110,
      (int32) 110,
      (int32) 101,
      (int32) 99,
      (int32) 32,
      (int32) 58,
      (int32) 45,
      (int32) 32,
      (int32) 32
     },
     ([]int32) (len=46 cap=64) {
      (int32) 58,
      (int32) 116,
      (int32) 101,
      (int32) 112,
      (int32) 112,
      (int32) 101,
      (int32) 114,
      (int32) 46,
      (int32) 102,
      (int32) 114,
      (int32) 101,
      (int32) 101,
      (int32) 110,
      (int32) 111,
      (int32) 100,
      (int32) 101,
      (int32) 46,
      (int32) 110,
      (int32) 101,
      (int32) 116,
      (int32) 32,
      (int32) 51,
      (int32) 55,
      (int32) 50,
      (int32) 32,
      (int32) 109,
      (int32) 101,
      (int32) 112,
      (int32) 104,
      (int32) 117,
      (int32) 120,
      (int32) 116,
      (int32) 101,
      (int32) 115,
      (int32) 116,
      (int32) 99,
      (int32) 111,
      (int32) 110,
      (int32) 110,
      (int32) 101,
      (int32) 99,
      (int32) 32,
      (int32) 58,
      (int32) 45,
      (int32) 32,
      (int32) 32
     },
     ([]int32) (len=109 cap=128) {
      (int32) 58,
      (int32) 116,
      (int32) 101,
      (int32) 112,
      (int32) 112,
      (int32) 101,
      (int32) 114,
      (int32) 46,
      (int32) 102,
      (int32) 114,
      (int32) 101,
      (int32) 101,
      (int32) 110,
      (int32) 111,
      (int32) 100,
      (int32) 101,
      (int32) 46,
      (int32) 110,
      (int32) 101,
      (int32) 116,
      (int32) 32,
      (int32) 51,
      (int32) 55,
      (int32) 50,
      (int32) 32,
      (int32) 109,
      (int32) 101,
      (int32) 112,
      (int32) 104,
      (int32) 117,
      (int32) 120,
      (int32) 116,
      (int32) 101,
      (int32) 115,
      (int32) 116,
      (int32) 99,
      (int32) 111,
      (int32) 110,
      (int32) 110,
      (int32) 101,
      (int32) 99,
      (int32) 32,
      (int32) 58,
      (int32) 45,
      (int32) 32,
      (int32) 89,
      (int32) 111,
      (int32) 117,
      (int32) 32,
      (int32) 99,
      (int32) 97,
      (int32) 110,
      (int32) 32,
      (int32) 109,
      (int32) 101,
      (int32) 101,
      (int32) 116,
      (int32) 32,
      (int32) 117,
      (int32) 115,
      (int32) 32,
      (int32) 97,
      (int32) 116,
      (int32) 32,
      (int32) 70,
      (int32) 79,
      (int32) 83,
      (int32) 83,
      (int32) 67,
      (int32) 79,
      (int32) 78,
      (int32) 32,
      (int32) 40,
      (int32) 104,
      (int32) 116,
      (int32) 116,
      (int32) 112,
      (int32) 58,
      (int32) 47,
      (int32) 47,
      (int32) 119,
      (int32) 119,
      (int32) 119,
      (int32) 46,
      (int32) 102,
      (int32) 111,
      (int32) 115,
      (int32) 115,
      (int32) 99,
      (int32) 111,
      (int32) 110,
      (int32) 46,
      (int32) 111,
      (int32) 114,
      (int32) 103,
      (int32) 41,
      (int32) 32,
      (int32) 119,
      (int32) 104,
      (int32) 101,
      (int32) 114,
      (int32) 101,
      (int32) 32,
      (int32) 119,
      (int32) 101,
      (int32) 32,
      (int32) 103,
      (int32) 101,
      (int32) 116
     },
     ([]int32) (len=101 cap=128) {
      (int32) 58,
      (int32) 116,
      (int32) 101,
      (int32) 112,
      (int32) 112,
      (int32) 101,
      (int32) 114,
      (int32) 46,
      (int32) 102,
      (int32) 114,
      (int32) 101,
      (int32) 101,
      (int32) 110,
      (int32) 111,
      (int32) 100,
      (int32) 101,
      (int32) 46,
      (int32) 110,
      (int32) 101,
      (int32) 116,
      (int32) 32,
      (int32) 51,
      (int32) 55,
      (int32) 50,
      (int32) 32,
      (int32) 109,
      (int32) 101,
      (int32) 112,
      (int32) 104,
      (int32) 117,
      (int32) 120,
      (int32) 116,
      (int32) 101,
      (int32) 115,
      (int32) 116,
      (int32) 99,
      (int32) 111,
      (int32) 110,
      (int32) 110,
      (int32) 101,
      (int32) 99,
      (int32) 32,
      (int32) 58,
      (int32) 45,
      (int32) 32,
      (int32) 116,
      (int32) 111,
      (int32) 103,
      (int32) 101,
      (int32) 116,
      (int32) 104,
      (int32) 101,
      (int32) 114,
      (int32) 32,
      (int32) 119,
      (int32) 105,
      (int32) 116,
      (int32) 104,
      (int32) 32,
      (int32) 108,
      (int32) 105,
      (int32) 107,
      (int32) 101,
      (int32) 45,
      (int32) 109,
      (int32) 105,
      (int32) 110,
      (int32) 100,
      (int32) 101,
      (int32) 100,
      (int32) 32,
      (int32) 70,
      (int32) 79,
      (int32) 83,
      (int32) 83,
      (int32) 32,
      (int32) 101,
      (int32) 110,
      (int32) 116,
      (int32) 104,
      (int32) 117,
      (int32) 115,
      (int32) 105,
      (int32) 97,
      (int32) 115,
      (int32) 116,
      (int32) 115,
      (int32) 32,
      (int32) 102,
      (int32) 111,
      (int32) 114,
      (int32) 32,
      (int32) 116,
      (int32) 97,
      (int32) 108,
      (int32) 107,
      (int32) 115,
      (int32) 32,
      (int32) 97,
      (int32) 110,
      (int32) 100
     },
     ([]int32) (len=69 cap=128) {
      (int32) 58,
      (int32) 116,
      (int32) 101,
      (int32) 112,
      (int32) 112,
      (int32) 101,
      (int32) 114,
      (int32) 46,
      (int32) 102,
      (int32) 114,
      (int32) 101,
      (int32) 101,
      (int32) 110,
      (int32) 111,
      (int32) 100,
      (int32) 101,
      (int32) 46,
      (int32) 110,
      (int32) 101,
      (int32) 116,
      (int32) 32,
      (int32) 51,
      (int32) 55,
      (int32) 50,
      (int32) 32,
      (int32) 109,
      (int32) 101,
      (int32) 112,
      (int32) 104,
      (int32) 117,
      (int32) 120,
      (int32) 116,
      (int32) 101,
      (int32) 115,
      (int32) 116,
      (int32) 99,
      (int32) 111,
      (int32) 110,
      (int32) 110,
      (int32) 101,
      (int32) 99,
      (int32) 32,
      (int32) 58,
      (int32) 45,
      (int32) 32,
      (int32) 114,
      (int32) 101,
      (int32) 97,
      (int32) 108,
      (int32) 45,
      (int32) 108,
      (int32) 105,
      (int32) 102,
      (int32) 101,
      (int32) 32,
      (int32) 99,
      (int32) 111,
      (int32) 108,
      (int32) 108,
      (int32) 97,
      (int32) 98,
      (int32) 111,
      (int32) 114,
      (int32) 97,
      (int32) 116,
      (int32) 105,
      (int32) 111,
      (int32) 110,
      (int32) 46
     },
     ([]int32) (len=99 cap=128) {
      (int32) 58,
      (int32) 116,
      (int32) 101,
      (int32) 112,
      (int32) 112,
      (int32) 101,
      (int32) 114,
      (int32) 46,
      (int32) 102,
      (int32) 114,
      (int32) 101,
      (int32) 101,
      (int32) 110,
      (int32) 111,
      (int32) 100,
      (int32) 101,
      (int32) 46,
      (int32) 110,
      (int32) 101,
      (int32) 116,
      (int32) 32,
      (int32) 51,
      (int32) 55,
      (int32) 50,
      (int32) 32,
      (int32) 109,
      (int32) 101,
      (int32) 112,
      (int32) 104,
      (int32) 117,
      (int32) 120,
      (int32) 116,
      (int32) 101,
      (int32) 115,
      (int32) 116,
      (int32) 99,
      (int32) 111,
      (int32) 110,
      (int32) 110,
      (int32) 101,
      (int32) 99,
      (int32) 32,
      (int32) 58,
      (int32) 45,
      (int32) 32,
      (int32) 40,
      (int32) 104,
      (int32) 116,
      (int32) 116,
      (int32) 112,
      (int32) 115,
      (int32) 58,
      (int32) 47,
      (int32) 47,
      (int32) 119,
      (int32) 119,
      (int32) 119,
      (int32) 46,
      (int32) 112,
      (int32) 114,
      (int32) 105,
      (int32) 118,
      (int32) 97,
      (int32) 116,
      (int32) 101,
      (int32) 105,
      (int32) 110,
      (int32) 116,
      (int32) 101,
      (int32) 114,
      (int32) 110,
      (int32) 101,
      (int32) 116,
      (int32) 97,
      (int32) 99,
      (int32) 99,
      (int32) 101,
      (int32) 115,
      (int32) 115,
      (int32) 46,
      (int32) 99,
      (int32) 111,
      (int32) 109,
      (int32) 47,
      (int32) 41,
      (int32) 32,
      (int32) 97,
      (int32) 110,
      (int32) 100,
      (int32) 32,
      (int32) 116,
      (int32) 104,
      (int32) 101,
      (int32) 32,
      (int32) 111,
      (int32) 116,
      (int32) 104,
      (int32) 101,
      (int32) 114
     },
     ([]int32) (len=64 cap=64) {
      (int32) 58,
      (int32) 116,
      (int32) 101,
      (int32) 112,
      (int32) 112,
      (int32) 101,
      (int32) 114,
      (int32) 46,
      (int32) 102,
      (int32) 114,
      (int32) 101,
      (int32) 101,
      (int32) 110,
      (int32) 111,
      (int32) 100,
      (int32) 101,
      (int32) 46,
      (int32) 110,
      (int32) 101,
      (int32) 116,
      (int32) 32,
      (int32) 51,
      (int32) 55,
      (int32) 54,
      (int32) 32,
      (int32) 109,
      (int32) 101,
      (int32) 112,
      (int32) 104,
      (int32) 117,
      (int32) 120,
      (int32) 116,
      (int32) 101,
      (int32) 115,
      (int32) 116,
      (int32) 99,
      (int32) 111,
      (int32) 110,
      (int32) 110,
      (int32) 101,
      (int32) 99,
      (int32) 32,
      (int32) 58,
      (int32) 69,
      (int32) 110,
      (int32) 100,
      (int32) 32,
      (int32) 111,
      (int32) 102,
      (int32) 32,
      (int32) 47,
      (int32) 77,
      (int32) 79,
      (int32) 84,
      (int32) 68,
      (int32) 32,
      (int32) 99,
      (int32) 111,
      (int32) 109,
      (int32) 109,
      (int32) 97,
      (int32) 110,
      (int32) 100,
      (int32) 46
     },
     ([]int32) (len=93 cap=128) {
      (int32) 58,
      (int32) 116,
      (int32) 101,
      (int32) 112,
      (int32) 112,
      (int32) 101,
      (int32) 114,
      (int32) 46,
      (int32) 102,
      (int32) 114,
      (int32) 101,
      (int32) 101,
      (int32) 110,
      (int32) 111,
      (int32) 100,
      (int32) 101,
      (int32) 46,
      (int32) 110,
      (int32) 101,
      (int32) 116,
      (int32) 32,
      (int32) 51,
      (int32) 55,
      (int32) 50,
      (int32) 32,
      (int32) 109,
      (int32) 101,
      (int32) 112,
      (int32) 104,
      (int32) 117,
      (int32) 120,
      (int32) 116,
      (int32) 101,
      (int32) 115,
      (int32) 116,
      (int32) 99,
      (int32) 111,
      (int32) 110,
      (int32) 110,
      (int32) 101,
      (int32) 99,
      (int32) 32,
      (int32) 58,
      (int32) 45,
      (int32) 32,
      (int32) 73,
      (int32) 110,
      (int32) 32,
      (int32) 112,
      (int32) 97,
      (int32) 114,
      (int32) 116,
      (int32) 105,
      (int32) 99,
      (int32) 117,
      (int32) 108,
      (int32) 97,
      (int32) 114,
      (int32) 32,
      (int32) 119,
      (int32) 101,
      (int32) 32,
      (int32) 119,
      (int32) 111,
      (int32) 117,
      (int32) 108,
      (int32) 100,
      (int32) 32,
      (int32) 108,
      (int32) 105,
      (int32) 107,
      (int32) 101,
      (int32) 32,
      (int32) 116,
      (int32) 111,
      (int32) 32,
      (int32) 116,
      (int32) 104,
      (int32) 97,
      (int32) 110,
      (int32) 107,
      (int32) 32,
      (int32) 116,
      (int32) 104,
      (int32) 101,
      (int32) 32,
      (int32) 115,
      (int32) 112,
      (int32) 111,
      (int32) 110,
      (int32) 115,
      (int32) 111,
      (int32) 114
     },
     ([]int32) (len=97 cap=128) {
      (int32) 58,
      (int32) 116,
      (int32) 101,
      (int32) 112,
      (int32) 112,
      (int32) 101,
      (int32) 114,
      (int32) 46,
      (int32) 102,
      (int32) 114,
      (int32) 101,
      (int32) 101,
      (int32) 110,
      (int32) 111,
      (int32) 100,
      (int32) 101,
      (int32) 46,
      (int32) 110,
      (int32) 101,
      (int32) 116,
      (int32) 32,
      (int32) 51,
      (int32) 55,
      (int32) 50,
      (int32) 32,
      (int32) 109,
      (int32) 101,
      (int32) 112,
      (int32) 104,
      (int32) 117,
      (int32) 120,
      (int32) 116,
      (int32) 101,
      (int32) 115,
      (int32) 116,
      (int32) 99,
      (int32) 111,
      (int32) 110,
      (int32) 110,
      (int32) 101,
      (int32) 99,
      (int32) 32,
      (int32) 58,
      (int32) 45,
      (int32) 32,
      (int32) 111,
      (int32) 102,
      (int32) 32,
      (int32) 116,
      (int32) 104,
      (int32) 105,
      (int32) 115,
      (int32) 32,
      (int32) 115,
      (int32) 101,
      (int32) 114,
      (int32) 118,
      (int32) 101,
      (int32) 114,
      (int32) 44,
      (int32) 32,
      (int32) 100,
      (int32) 101,
      (int32) 116,
      (int32) 97,
      (int32) 105,
      (int32) 108,
      (int32) 115,
      (int32) 32,
      (int32) 111,
      (int32) 102,
      (int32) 32,
      (int32) 119,
      (int32) 104,
      (int32) 105,
      (int32) 99,
      (int32) 104,
      (int32) 32,
      (int32) 99,
      (int32) 97,
      (int32) 110,
      (int32) 32,
      (int32) 98,
      (int32) 101,
      (int32) 32,
      (int32) 102,
      (int32) 111,
      (int32) 117,
      (int32) 110,
      (int32) 100,
      (int32) 32,
      (int32) 97,
      (int32) 98,
      (int32) 111,
      (int32) 118,
      (int32) 101,
      (int32) 46
     },
     ([]int32) (len=46 cap=64) {
      (int32) 58,
      (int32) 116,
      (int32) 101,
      (int32) 112,
      (int32) 112,
      (int32) 101,
      (int32) 114,
      (int32) 46,
      (int32) 102,
      (int32) 114,
      (int32) 101,
      (int32) 101,
      (int32) 110,
      (int32) 111,
      (int32) 100,
      (int32) 101,
      (int32) 46,
      (int32) 110,
      (int32) 101,
      (int32) 116,
      (int32) 32,
      (int32) 51,
      (int32) 55,
      (int32) 50,
      (int32) 32,
      (int32) 109,
      (int32) 101,
      (int32) 112,
      (int32) 104,
      (int32) 117,
      (int32) 120,
      (int32) 116,
      (int32) 101,
      (int32) 115,
      (int32) 116,
      (int32) 99,
      (int32) 111,
      (int32) 110,
      (int32) 110,
      (int32) 101,
      (int32) 99,
      (int32) 32,
      (int32) 58,
      (int32) 45,
      (int32) 32,
      (int32) 32
     },
     ([]int32) (len=91 cap=128) {
      (int32) 58,
      (int32) 116,
      (int32) 101,
      (int32) 112,
      (int32) 112,
      (int32) 101,
      (int32) 114,
      (int32) 46,
      (int32) 102,
      (int32) 114,
      (int32) 101,
      (int32) 101,
      (int32) 110,
      (int32) 111,
      (int32) 100,
      (int32) 101,
      (int32) 46,
      (int32) 110,
      (int32) 101,
      (int32) 116,
      (int32) 32,
      (int32) 51,
      (int32) 55,
      (int32) 50,
      (int32) 32,
      (int32) 109,
      (int32) 101,
      (int32) 112,
      (int32) 104,
      (int32) 117,
      (int32) 120,
      (int32) 116,
      (int32) 101,
      (int32) 115,
      (int32) 116,
      (int32) 99,
      (int32) 111,
      (int32) 110,
      (int32) 110,
      (int32) 101,
      (int32) 99,
      (int32) 32,
      (int32) 58,
      (int32) 45,
      (int32) 32,
      (int32) 87,
      (int32) 101,
      (int32) 32,
      (int32) 119,
      (int32) 111,
      (int32) 117,
      (int32) 108,
      (int32) 100,
      (int32) 32,
      (int32) 108,
      (int32) 105,
      (int32) 107,
      (int32) 101,
      (int32) 32,
      (int32) 116,
      (int32) 111,
      (int32) 32,
      (int32) 116,
      (int32) 104,
      (int32) 97,
      (int32) 110,
      (int32) 107,
      (int32) 32,
      (int32) 80,
      (int32) 114,
      (int32) 105,
      (int32) 118,
      (int32) 97,
      (int32) 116,
      (int32) 101,
      (int32) 32,
      (int32) 73,
      (int32) 110,
      (int32) 116,
      (int32) 101,
      (int32) 114,
      (int32) 110,
      (int32) 101,
      (int32) 116,
      (int32) 32,
      (int32) 65,
      (int32) 99,
      (int32) 99,
      (int32) 101,
      (int32) 115,
      (int32) 115
     },
     ([]int32) (len=105 cap=128) {
      (int32) 58,
      (int32) 116,
      (int32) 101,
      (int32) 112,
      (int32) 112,
      (int32) 101,
      (int32) 114,
      (int32) 46,
      (int32) 102,
      (int32) 114,
      (int32) 101,
      (int32) 101,
      (int32) 110,
      (int32) 111,
      (int32) 100,
      (int32) 101,
      (int32) 46,
      (int32) 110,
      (int32) 101,
      (int32) 116,
      (int32) 32,
      (int32) 51,
      (int32) 55,
      (int32) 50,
      (int32) 32,
      (int32) 109,
      (int32) 101,
      (int32) 112,
      (int32) 104,
      (int32) 117,
      (int32) 120,
      (int32) 116,
      (int32) 101,
      (int32) 115,
      (int32) 116,
      (int32) 99,
      (int32) 111,
      (int32) 110,
      (int32) 110,
      (int32) 101,
      (int32) 99,
      (int32) 32,
      (int32) 58,
      (int32) 45,
      (int32) 32,
      (int32) 111,
      (int32) 114,
      (int32) 103,
      (int32) 97,
      (int32) 110,
      (int32) 105,
      (int32) 115,
      (int32) 97,
      (int32) 116,
      (int32) 105,
      (int32) 111,
      (int32) 110,
      (int32) 115,
      (int32) 32,
      (int32) 116,
      (int32) 104,
      (int32) 97,
      (int32) 116,
      (int32) 32,
      (int32) 104,
      (int32) 101,
      (int32) 108,
      (int32) 112,
      (int32) 32,
      (int32) 107,
      (int32) 101,
      (int32) 101,
      (int32) 112,
      (int32) 32,
      (int32) 102,
      (int32) 114,
      (int32) 101,
      (int32) 101,
      (int32) 110,
      (int32) 111,
      (int32) 100,
      (int32) 101,
      (int32) 32,
      (int32) 97,
      (int32) 110,
      (int32) 100,
      (int32) 32,
      (int32) 111,
      (int32) 117,
      (int32) 114,
      (int32) 32,
      (int32) 111,
      (int32) 116,
      (int32) 104,
      (int32) 101,
      (int32) 114,
      (int32) 32,
      (int32) 112,
      (int32) 114,
      (int32) 111,
      (int32) 106,
      (int32) 101,
      (int32) 99,
      (int32) 116,
      (int32) 115
     },
     ([]int32) (len=46 cap=64) {
      (int32) 58,
      (int32) 116,
      (int32) 101,
      (int32) 112,
      (int32) 112,
      (int32) 101,
      (int32) 114,
      (int32) 46,
      (int32) 102,
      (int32) 114,
      (int32) 101,
      (int32) 101,
      (int32) 110,
      (int32) 111,
      (int32) 100,
      (int32) 101,
      (int32) 46,
      (int32) 110,
      (int32) 101,
      (int32) 116,
      (int32) 32,
      (int32) 51,
      (int32) 55,
      (int32) 50,
      (int32) 32,
      (int32) 109,
      (int32) 101,
      (int32) 112,
      (int32) 104,
      (int32) 117,
      (int32) 120,
      (int32) 116,
      (int32) 101,
      (int32) 115,
      (int32) 116,
      (int32) 99,
      (int32) 111,
      (int32) 110,
      (int32) 110,
      (int32) 101,
      (int32) 99,
      (int32) 32,
      (int32) 58,
      (int32) 45,
      (int32) 32,
      (int32) 32
     },
     ([]int32) (len=81 cap=128) {
      (int32) 58,
      (int32) 116,
      (int32) 101,
      (int32) 112,
      (int32) 112,
      (int32) 101,
      (int32) 114,
      (int32) 46,
      (int32) 102,
      (int32) 114,
      (int32) 101,
      (int32) 101,
      (int32) 110,
      (int32) 111,
      (int32) 100,
      (int32) 101,
      (int32) 46,
      (int32) 110,
      (int32) 101,
      (int32) 116,
      (int32) 32,
      (int32) 51,
      (int32) 55,
      (int32) 50,
      (int32) 32,
      (int32) 109,
      (int32) 101,
      (int32) 112,
      (int32) 104,
      (int32) 117,
      (int32) 120,
      (int32) 116,
      (int32) 101,
      (int32) 115,
      (int32) 116,
      (int32) 99,
      (int32) 111,
      (int32) 110,
      (int32) 110,
      (int32) 101,
      (int32) 99,
      (int32) 32,
      (int32) 58,
      (int32) 45,
      (int32) 32,
      (int32) 114,
      (int32) 117,
      (int32) 110,
      (int32) 110,
      (int32) 105,
      (int32) 110,
      (int32) 103,
      (int32) 32,
      (int32) 102,
      (int32) 111,
      (int32) 114,
      (int32) 32,
      (int32) 116,
      (int32) 104,
      (int32) 101,
      (int32) 105,
      (int32) 114,
      (int32) 32,
      (int32) 115,
      (int32) 117,
      (int32) 115,
      (int32) 116,
      (int32) 97,
      (int32) 105,
      (int32) 110,
      (int32) 101,
      (int32) 100,
      (int32) 32,
      (int32) 115,
      (int32) 117,
      (int32) 112,
      (int32) 112,
      (int32) 111,
      (int32) 114,
      (int32) 116,
      (int32) 46
     },
     ([]int32) (len=16 cap=16) {
      (int32) 71,
      (int32) 79,
      (int32) 32,
      (int32) 67,
      (int32) 79,
      (int32) 77,
      (int32) 60,
      (int32) 77,
      (int32) 65,
      (int32) 78,
      (int32) 68,
      (int32) 32,
      (int32) 106,
      (int32) 111,
      (int32) 105,
      (int32) 110
     },
     ([]int32) (len=30 cap=32) {
      (int32) 74,
      (int32) 111,
      (int32) 105,
      (int32) 110,
      (int32) 32,
      (int32) 65,
      (int32) 114,
      (int32) 103,
      (int32) 115,
      (int32) 32,
      (int32) 91,
      (int32) 106,
      (int32) 111,
      (int32) 105,
      (int32) 110,
      (int32) 32,
      (int32) 35,
      (int32) 99,
      (int32) 111,
      (int32) 111,
      (int32) 108,
      (int32) 116,
      (int32) 101,
      (int32) 115,
      (int32) 116,
      (int32) 119,
      (int32) 111,
      (int32) 114,
      (int32) 100,
      (int32) 93
     },
     ([]int32) <nil>
    },
    readOffset: (int) 0,
    readCache: (string) "",
    tainted: (bool) false,
    viewLines: ([]gocui.viewLine) (len=67 cap=134) {
     (gocui.viewLine) {
      linesX: (int) 0,
      linesY: (int) 0,
      line: ([]int32) <nil>
     },
     (gocui.viewLine) {
      linesX: (int) 0,
      linesY: (int) 1,
      line: ([]int32) (len=64 cap=64) {
       (int32) 32,
       (int32) 32,
       (int32) 9608,
       (int32) 9608,
       (int32) 9559,
       (int32) 32,
       (int32) 32,
       (int32) 9608,
       (int32) 9608,
       (int32) 9559,
       (int32) 32,
       (int32) 9608,
       (int32) 9608,
       (int32) 9608,
       (int32) 9608,
       (int32) 9608,
       (int32) 9608,
       (int32) 9559,
       (int32) 32,
       (int32) 9608,
       (int32) 9608,
       (int32) 9608,
       (int32) 9559,
       (int32) 32,
       (int32) 32,
       (int32) 32,
       (int32) 9608,
       (int32) 9608,
       (int32) 9608,
       (int32) 9559,
       (int32) 32,
       (int32) 9608,
       (int32) 9608,
       (int32) 9608,
       (int32) 9608,
       (int32) 9608,
       (int32) 9559,
       (int32) 32,
       (int32) 9608,
       (int32) 9608,
       (int32) 9608,
       (int32) 9559,
       (int32) 32,
       (int32) 32,
       (int32) 32,
       (int32) 9608,
       (int32) 9608,
       (int32) 9559,
       (int32) 9608,
       (int32) 9608,
       (int32) 9608,
       (int32) 9608,
       (int32) 9608,
       (int32) 9608,
       (int32) 9559,
       (int32) 32,
       (int32) 32,
       (int32) 9608,
       (int32) 9608,
       (int32) 9608,
       (int32) 9608,
       (int32) 9608,
       (int32) 9559,
       (int32) 32
      }
     },
     (gocui.viewLine) {
      linesX: (int) 0,
      linesY: (int) 2,
      line: ([]int32) (len=64 cap=64) {
       (int32) 32,
       (int32) 32,
       (int32) 9608,
       (int32) 9608,
       (int32) 9553,
       (int32) 32,
       (int32) 9608,
       (int32) 9608,
       (int32) 9556,
       (int32) 9565,
       (int32) 9608,
       (int32) 9608,
       (int32) 9556,
       (int32) 9552,
       (int32) 9552,
       (int32) 9552,
       (int32) 9608,
       (int32) 9608,
       (int32) 9559,
       (int32) 9608,
       (int32) 9608,
       (int32) 9608,
       (int32) 9608,
       (int32) 9559,
       (int32) 32,
       (int32) 9608,
       (int32) 9608,
       (int32) 9608,
       (int32) 9608,
       (int32) 9553,
       (int32) 9608,
       (int32) 9608,
       (int32) 9556,
       (int32) 9552,
       (int32) 9552,
       (int32) 9608,
       (int32) 9608,
       (int32) 9559,
       (int32) 9608,
       (int32) 9608,
       (int32) 9608,
       (int32) 9608,
       (int32) 9559,
       (int32) 32,
       (int32) 32,
       (int32) 9608,
       (int32) 9608,
       (int32) 9553,
       (int32) 9608,
       (int32) 9608,
       (int32) 9556,
       (int32) 9552,
       (int32) 9552,
       (int32) 9608,
       (int32) 9608,
       (int32) 9559,
       (int32) 9608,
       (int32) 9608,
       (int32) 9556,
       (int32) 9552,
       (int32) 9552,
       (int32) 9608,
       (int32) 9608,
       (int32) 9559
      }
     },
     (gocui.viewLine) {
      linesX: (int) 0,
      linesY: (int) 3,
      line: ([]int32) (len=64 cap=64) {
       (int32) 32,
       (int32) 32,
       (int32) 9608,
       (int32) 9608,
       (int32) 9608,
       (int32) 9608,
       (int32) 9608,
       (int32) 9556,
       (int32) 9565,
       (int32) 32,
       (int32) 9608,
       (int32) 9608,
       (int32) 9553,
       (int32) 32,
       (int32) 32,
       (int32) 32,
       (int32) 9608,
       (int32) 9608,
       (int32) 9553,
       (int32) 9608,
       (int32) 9608,
       (int32) 9556,
       (int32) 9608,
       (int32) 9608,
       (int32) 9608,
       (int32) 9608,
       (int32) 9556,
       (int32) 9608,
       (int32) 9608,
       (int32) 9553,
       (int32) 9608,
       (int32) 9608,
       (int32) 9608,
       (int32) 9608,
       (int32) 9608,
       (int32) 9608,
       (int32) 9608,
       (int32) 9553,
       (int32) 9608,
       (int32) 9608,
       (int32) 9556,
       (int32) 9608,
       (int32) 9608,
       (int32) 9559,
       (int32) 32,
       (int32) 9608,
       (int32) 9608,
       (int32) 9553,
       (int32) 9608,
       (int32) 9608,
       (int32) 9553,
       (int32) 32,
       (int32) 32,
       (int32) 9608,
       (int32) 9608,
       (int32) 9553,
       (int32) 9608,
       (int32) 9608,
       (int32) 9608,
       (int32) 9608,
       (int32) 9608,
       (int32) 9608,
       (int32) 9608,
       (int32) 9553
      }
     },
     (gocui.viewLine) {
      linesX: (int) 0,
      linesY: (int) 4,
      line: ([]int32) (len=64 cap=64) {
       (int32) 32,
       (int32) 32,
       (int32) 9608,
       (int32) 9608,
       (int32) 9556,
       (int32) 9552,
       (int32) 9608,
       (int32) 9608,
       (int32) 9559,
       (int32) 32,
       (int32) 9608,
       (int32) 9608,
       (int32) 9553,
       (int32) 32,
       (int32) 32,
       (int32) 32,
       (int32) 9608,
       (int32) 9608,
       (int32) 9553,
       (int32) 9608,
       (int32) 9608,
       (int32) 9553,
       (int32) 9562,
       (int32) 9608,
       (int32) 9608,
       (int32) 9556,
       (int32) 9565,
       (int32) 9608,
       (int32) 9608,
       (int32) 9553,
       (int32) 9608,
       (int32) 9608,
       (int32) 9556,
       (int32) 9552,
       (int32) 9552,
       (int32) 9608,
       (int32) 9608,
       (int32) 9553,
       (int32) 9608,
       (int32) 9608,
       (int32) 9553,
       (int32) 9562,
       (int32) 9608,
       (int32) 9608,
       (int32) 9559,
       (int32) 9608,
       (int32) 9608,
       (int32) 9553,
       (int32) 9608,
       (int32) 9608,
       (int32) 9553,
       (int32) 32,
       (int32) 32,
       (int32) 9608,
       (int32) 9608,
       (int32) 9553,
       (int32) 9608,
       (int32) 9608,
       (int32) 9556,
       (int32) 9552,
       (int32) 9552,
       (int32) 9608,
       (int32) 9608,
       (int32) 9553
      }
     },
     (gocui.viewLine) {
      linesX: (int) 0,
      linesY: (int) 5,
      line: ([]int32) (len=64 cap=64) {
       (int32) 32,
       (int32) 32,
       (int32) 9608,
       (int32) 9608,
       (int32) 9553,
       (int32) 32,
       (int32) 32,
       (int32) 9608,
       (int32) 9608,
       (int32) 9559,
       (int32) 9562,
       (int32) 9608,
       (int32) 9608,
       (int32) 9608,
       (int32) 9608,
       (int32) 9608,
       (int32) 9608,
       (int32) 9556,
       (int32) 9565,
       (int32) 9608,
       (int32) 9608,
       (int32) 9553,
       (int32) 32,
       (int32) 9562,
       (int32) 9552,
       (int32) 9565,
       (int32) 32,
       (int32) 9608,
       (int32) 9608,
       (int32) 9553,
       (int32) 9608,
       (int32) 9608,
       (int32) 9553,
       (int32) 32,
       (int32) 32,
       (int32) 9608,
       (int32) 9608,
       (int32) 9553,
       (int32) 9608,
       (int32) 9608,
       (int32) 9553,
       (int32) 32,
       (int32) 9562,
       (int32) 9608,
       (int32) 9608,
       (int32) 9608,
       (int32) 9608,
       (int32) 9553,
       (int32) 9608,
       (int32) 9608,
       (int32) 9608,
       (int32) 9608,
       (int32) 9608,
       (int32) 9608,
       (int32) 9556,
       (int32) 9565,
       (int32) 9608,
       (int32) 9608,
       (int32) 9553,
       (int32) 32,
       (int32) 32,
       (int32) 9608,
       (int32) 9608,
       (int32) 9553
      }
     },
     (gocui.viewLine) {
      linesX: (int) 0,
      linesY: (int) 6,
      line: ([]int32) (len=64 cap=64) {
       (int32) 32,
       (int32) 32,
       (int32) 9562,
       (int32) 9552,
       (int32) 9565,
       (int32) 32,
       (int32) 32,
       (int32) 9562,
       (int32) 9552,
       (int32) 9565,
       (int32) 32,
       (int32) 9562,
       (int32) 9552,
       (int32) 9552,
       (int32) 9552,
       (int32) 9552,
       (int32) 9552,
       (int32) 9565,
       (int32) 32,
       (int32) 9562,
       (int32) 9552,
       (int32) 9565,
       (int32) 32,
       (int32) 32,
       (int32) 32,
       (int32) 32,
       (int32) 32,
       (int32) 9562,
       (int32) 9552,
       (int32) 9565,
       (int32) 9562,
       (int32) 9552,
       (int32) 9565,
       (int32) 32,
       (int32) 32,
       (int32) 9562,
       (int32) 9552,
       (int32) 9565,
       (int32) 9562,
       (int32) 9552,
       (int32) 9565,
       (int32) 32,
       (int32) 32,
       (int32) 9562,
       (int32) 9552,
       (int32) 9552,
       (int32) 9552,
       (int32) 9565,
       (int32) 9562,
       (int32) 9552,
       (int32) 9552,
       (int32) 9552,
       (int32) 9552,
       (int32) 9552,
       (int32) 9565,
       (int32) 32,
       (int32) 9562,
       (int32) 9552,
       (int32) 9565,
       (int32) 32,
       (int32) 32,
       (int32) 9562,
       (int32) 9552,
       (int32) 9565
      }
     },
     (gocui.viewLine) {
      linesX: (int) 0,
      linesY: (int) 7,
      line: ([]int32) (len=55 cap=64) {
       (int32) 32,
       (int32) 32,
       (int32) 86,
       (int32) 101,
       (int32) 114,
       (int32) 115,
       (int32) 105,
       (int32) 111,
       (int32) 110,
       (int32) 58,
       (int32) 32,
       (int32) 48,
       (int32) 46,
       (int32) 49,
       (int32) 46,
       (int32) 48,
       (int32) 32,
       (int32) 83,
       (int32) 111,
       (int32) 117,
       (int32) 114,
       (int32) 99,
       (int32) 101,
       (int32) 32,
       (int32) 67,
       (int32) 111,
       (int32) 100,
       (int32) 101,
       (int32) 58,
       (int32) 32,
       (int32) 103,
       (int32) 105,
       (int32) 116,
       (int32) 104,
       (int32) 117,
       (int32) 98,
       (int32) 46,
       (int32) 99,
       (int32) 111,
       (int32) 109,
       (int32) 47,
       (int32) 109,
       (int32) 101,
       (int32) 112,
       (int32) 104,
       (int32) 117,
       (int32) 120,
       (int32) 47,
       (int32) 107,
       (int32) 111,
       (int32) 109,
       (int32) 97,
       (int32) 110,
       (int32) 100,
       (int32) 97
      }
     },
     (gocui.viewLine) {
      linesX: (int) 0,
      linesY: (int) 8,
      line: ([]int32) <nil>
     },
     (gocui.viewLine) {
      linesX: (int) 0,
      linesY: (int) 9,
      line: ([]int32) (len=19 cap=32) {
       (int32) 71,
       (int32) 79,
       (int32) 32,
       (int32) 67,
       (int32) 79,
       (int32) 77,
       (int32) 60,
       (int32) 77,
       (int32) 65,
       (int32) 78,
       (int32) 68,
       (int32) 32,
       (int32) 99,
       (int32) 111,
       (int32) 110,
       (int32) 110,
       (int32) 101,
       (int32) 99,
       (int32) 116
      }
     },
     (gocui.viewLine) {
      linesX: (int) 0,
      linesY: (int) 10,
      line: ([]int32) (len=29 cap=32) {
       (int32) 71,
       (int32) 111,
       (int32) 116,
       (int32) 32,
       (int32) 67,
       (int32) 111,
       (int32) 110,
       (int32) 110,
       (int32) 101,
       (int32) 99,
       (int32) 116,
       (int32) 32,
       (int32) 67,
       (int32) 111,
       (int32) 109,
       (int32) 109,
       (int32) 97,
       (int32) 110,
       (int32) 100,
       (int32) 32,
       (int32) 91,
       (int32) 99,
       (int32) 111,
       (int32) 110,
       (int32) 110,
       (int32) 101,
       (int32) 99,
       (int32) 116,
       (int32) 93
      }
     },
     (gocui.viewLine) {
      linesX: (int) 0,
      linesY: (int) 11,
      line: ([]int32) (len=56 cap=64) {
       (int32) 67,
       (int32) 111,
       (int32) 110,
       (int32) 110,
       (int32) 101,
       (int32) 99,
       (int32) 116,
       (int32) 101,
       (int32) 100,
       (int32) 32,
       (int32) 116,
       (int32) 111,
       (int32) 32,
       (int32) 105,
       (int32) 114,
       (int32) 99,
       (int32) 46,
       (int32) 102,
       (int32) 114,
       (int32) 101,
       (int32) 101,
       (int32) 110,
       (int32) 111,
       (int32) 100,
       (int32) 101,
       (int32) 46,
       (int32) 110,
       (int32) 101,
       (int32) 116,
       (int32) 58,
       (int32) 54,
       (int32) 54,
       (int32) 54,
       (int32) 55,
       (int32) 32,
       (int32) 40,
       (int32) 49,
       (int32) 57,
       (int32) 50,
       (int32) 46,
       (int32) 49,
       (int32) 56,
       (int32) 54,
       (int32) 46,
       (int32) 49,
       (int32) 53,
       (int32) 55,
       (int32) 46,
       (int32) 52,
       (int32) 51,
       (int32) 58,
       (int32) 54,
       (int32) 54,
       (int32) 54,
       (int32) 55,
       (int32) 41
      }
     },
     (gocui.viewLine) {
      linesX: (int) 0,
      linesY: (int) 12,
      line: ([]int32) (len=111 cap=128) {
       (int32) 58,
       (int32) 116,
       (int32) 101,
       (int32) 112,
       (int32) 112,
       (int32) 101,
       (int32) 114,
       (int32) 46,
       (int32) 102,
       (int32) 114,
       (int32) 101,
       (int32) 101,
       (int32) 110,
       (int32) 111,
       (int32) 100,
       (int32) 101,
       (int32) 46,
       (int32) 110,
       (int32) 101,
       (int32) 116,
       (int32) 32,
       (int32) 48,
       (int32) 48,
       (int32) 49,
       (int32) 32,
       (int32) 109,
       (int32) 101,
       (int32) 112,
       (int32) 104,
       (int32) 117,
       (int32) 120,
       (int32) 116,
       (int32) 101,
       (int32) 115,
       (int32) 116,
       (int32) 99,
       (int32) 111,
       (int32) 110,
       (int32) 110,
       (int32) 101,
       (int32) 99,
       (int32) 32,
       (int32) 58,
       (int32) 87,
       (int32) 101,
       (int32) 108,
       (int32) 99,
       (int32) 111,
       (int32) 109,
       (int32) 101,
       (int32) 32,
       (int32) 116,
       (int32) 111,
       (int32) 32,
       (int32) 116,
       (int32) 104,
       (int32) 101,
       (int32) 32,
       (int32) 102,
       (int32) 114,
       (int32) 101,
       (int32) 101,
       (int32) 110,
       (int32) 111,
       (int32) 100,
       (int32) 101,
       (int32) 32,
       (int32) 73,
       (int32) 110,
       (int32) 116,
       (int32) 101,
       (int32) 114,
       (int32) 110,
       (int32) 101,
       (int32) 116,
       (int32) 32,
       (int32) 82,
       (int32) 101,
       (int32) 108,
       (int32) 97,
       (int32) 121,
       (int32) 32,
       (int32) 67,
       (int32) 104,
       (int32) 97,
       (int32) 116,
       (int32) 32,
       (int32) 78,
       (int32) 101,
       (int32) 116,
       (int32) 119,
       (int32) 111,
       (int32) 114,
       (int32) 107,
       (int32) 32,
       (int32) 109,
       (int32) 101,
       (int32) 112,
       (int32) 104,
       (int32) 117,
       (int32) 120,
       (int32) 116,
       (int32) 101,
       (int32) 115,
       (int32) 116,
       (int32) 99,
       (int32) 111,
       (int32) 110,
       (int32) 110,
       (int32) 101,
       (int32) 99
      }
     },
     (gocui.viewLine) {
      linesX: (int) 0,
      linesY: (int) 13,
      line: ([]int32) (len=116 cap=256) {
       (int32) 58,
       (int32) 116,
       (int32) 101,
       (int32) 112,
       (int32) 112,
       (int32) 101,
       (int32) 114,
       (int32) 46,
       (int32) 102,
       (int32) 114,
       (int32) 101,
       (int32) 101,
       (int32) 110,
       (int32) 111,
       (int32) 100,
       (int32) 101,
       (int32) 46,
       (int32) 110,
       (int32) 101,
       (int32) 116,
       (int32) 32,
       (int32) 48,
       (int32) 48,
       (int32) 50,
       (int32) 32,
       (int32) 109,
       (int32) 101,
       (int32) 112,
       (int32) 104,
       (int32) 117,
       (int32) 120,
       (int32) 116,
       (int32) 101,
       (int32) 115,
       (int32) 116,
       (int32) 99,
       (int32) 111,
       (int32) 110,
       (int32) 110,
       (int32) 101,
       (int32) 99,
       (int32) 32,
       (int32) 58,
       (int32) 89,
       (int32) 111,
       (int32) 117,
       (int32) 114,
       (int32) 32,
       (int32) 104,
       (int32) 111,
       (int32) 115,
       (int32) 116,
       (int32) 32,
       (int32) 105,
       (int32) 115,
       (int32) 32,
       (int32) 116,
       (int32) 101,
       (int32) 112,
       (int32) 112,
       (int32) 101,
       (int32) 114,
       (int32) 46,
       (int32) 102,
       (int32) 114,
       (int32) 101,
       (int32) 101,
       (int32) 110,
       (int32) 111,
       (int32) 100,
       (int32) 101,
       (int32) 46,
       (int32) 110,
       (int32) 101,
       (int32) 116,
       (int32) 91,
       (int32) 49,
       (int32) 57,
       (int32) 50,
       (int32) 46,
       (int32) 49,
       (int32) 56,
       (int32) 54,
       (int32) 46,
       (int32) 49,
       (int32) 53,
       (int32) 55,
       (int32) 46,
       (int32) 52,
       (int32) 51,
       (int32) 47,
       (int32) 54,
       (int32) 54,
       (int32) 54,
       (int32) 55,
       (int32) 93,
       (int32) 44,
       (int32) 32,
       (int32) 114,
       (int32) 117,
       (int32) 110,
       (int32) 110,
       (int32) 105,
       (int32) 110,
       (int32) 103,
       (int32) 32,
       (int32) 118,
       (int32) 101,
       (int32) 114,
       (int32) 115,
       (int32) 105,
       (int32) 111,
       (int32) 110,
       (int32) 32,
       (int32) 105,
       (int32) 114
      }
     },
     (gocui.viewLine) {
      linesX: (int) 116,
      linesY: (int) 13,
      line: ([]int32) (len=14 cap=140) {
       (int32) 99,
       (int32) 100,
       (int32) 45,
       (int32) 115,
       (int32) 101,
       (int32) 118,
       (int32) 101,
       (int32) 110,
       (int32) 45,
       (int32) 49,
       (int32) 46,
       (int32) 49,
       (int32) 46,
       (int32) 51
      }
     },
     (gocui.viewLine) {
      linesX: (int) 0,
      linesY: (int) 14,
      line: ([]int32) (len=116 cap=256) {
       (int32) 58,
       (int32) 116,
       (int32) 101,
       (int32) 112,
       (int32) 112,
       (int32) 101,
       (int32) 114,
       (int32) 46,
       (int32) 102,
       (int32) 114,
       (int32) 101,
       (int32) 101,
       (int32) 110,
       (int32) 111,
       (int32) 100,
       (int32) 101,
       (int32) 46,
       (int32) 110,
       (int32) 101,
       (int32) 116,
       (int32) 32,
       (int32) 48,
       (int32) 48,
       (int32) 52,
       (int32) 32,
       (int32) 109,
       (int32) 101,
       (int32) 112,
       (int32) 104,
       (int32) 117,
       (int32) 120,
       (int32) 116,
       (int32) 101,
       (int32) 115,
       (int32) 116,
       (int32) 99,
       (int32) 111,
       (int32) 110,
       (int32) 110,
       (int32) 101,
       (int32) 99,
       (int32) 32,
       (int32) 116,
       (int32) 101,
       (int32) 112,
       (int32) 112,
       (int32) 101,
       (int32) 114,
       (int32) 46,
       (int32) 102,
       (int32) 114,
       (int32) 101,
       (int32) 101,
       (int32) 110,
       (int32) 111,
       (int32) 100,
       (int32) 101,
       (int32) 46,
       (int32) 110,
       (int32) 101,
       (int32) 116,
       (int32) 32,
       (int32) 105,
       (int32) 114,
       (int32) 99,
       (int32) 100,
       (int32) 45,
       (int32) 115,
       (int32) 101,
       (int32) 118,
       (int32) 101,
       (int32) 110,
       (int32) 45,
       (int32) 49,
       (int32) 46,
       (int32) 49,
       (int32) 46,
       (int32) 51,
       (int32) 32,
       (int32) 68,
       (int32) 79,
       (int32) 81,
       (int32) 82,
       (int32) 83,
       (int32) 90,
       (int32) 97,
       (int32) 103,
       (int32) 104,
       (int32) 105,
       (int32) 108,
       (int32) 111,
       (int32) 112,
       (int32) 115,
       (int32) 119,
       (int32) 122,
       (int32) 32,
       (int32) 67,
       (int32) 70,
       (int32) 73,
       (int32) 76,
       (int32) 77,
       (int32) 80,
       (int32) 81,
       (int32) 83,
       (int32) 98,
       (int32) 99,
       (int32) 101,
       (int32) 102,
       (int32) 103,
       (int32) 105,
       (int32) 106,
       (int32) 107,
       (int32) 108,
       (int32) 109,
       (int32) 110,
       (int32) 111
      }
     },
     (gocui.viewLine) {
      linesX: (int) 116,
      linesY: (int) 14,
      line: ([]int32) (len=18 cap=140) {
       (int32) 112,
       (int32) 113,
       (int32) 114,
       (int32) 115,
       (int32) 116,
       (int32) 118,
       (int32) 122,
       (int32) 32,
       (int32) 98,
       (int32) 107,
       (int32) 108,
       (int32) 111,
       (int32) 118,
       (int32) 101,
       (int32) 113,
       (int32) 106,
       (int32) 102,
       (int32) 73
      }
     },
     (gocui.viewLine) {
      linesX: (int) 0,
      linesY: (int) 15,
      line: ([]int32) (len=116 cap=128) {
       (int32) 58,
       (int32) 116,
       (int32) 101,
       (int32) 112,
       (int32) 112,
       (int32) 101,
       (int32) 114,
       (int32) 46,
       (int32) 102,
       (int32) 114,
       (int32) 101,
       (int32) 101,
       (int32) 110,
       (int32) 111,
       (int32) 100,
       (int32) 101,
       (int32) 46,
       (int32) 110,
       (int32) 101,
       (int32) 116,
       (int32) 32,
       (int32) 48,
       (int32) 48,
       (int32) 53,
       (int32) 32,
       (int32) 109,
       (int32) 101,
       (int32) 112,
       (int32) 104,
       (int32) 117,
       (int32) 120,
       (int32) 116,
       (int32) 101,
       (int32) 115,
       (int32) 116,
       (int32) 99,
       (int32) 111,
       (int32) 110,
       (int32) 110,
       (int32) 101,
       (int32) 99,
       (int32) 32,
       (int32) 69,
       (int32) 88,
       (int32) 84,
       (int32) 66,
       (int32) 65,
       (int32) 78,
       (int32) 61,
       (int32) 36,
       (int32) 44,
       (int32) 97,
       (int32) 106,
       (int32) 114,
       (int32) 120,
       (int32) 122,
       (int32) 32,
       (int32) 87,
       (int32) 72,
       (int32) 79,
       (int32) 88,
       (int32) 32,
       (int32) 67,
       (int32) 76,
       (int32) 73,
       (int32) 69,
       (int32) 78,
       (int32) 84,
       (int32) 86,
       (int32) 69,
       (int32) 82,
       (int32) 61,
       (int32) 51,
       (int32) 46,
       (int32) 48,
       (int32) 32,
       (int32) 83,
       (int32) 65,
       (int32) 70,
       (int32) 69,
       (int32) 76,
       (int32) 73,
       (int32) 83,
       (int32) 84,
       (int32) 32,
       (int32) 69,
       (int32) 76,
       (int32) 73,
       (int32) 83,
       (int32) 84,
       (int32) 61,
       (int32) 67,
       (int32) 84,
       (int32) 85,
       (int32) 32,
       (int32) 58,
       (int32) 97,
       (int32) 114,
       (int32) 101,
       (int32) 32,
       (int32) 115,
       (int32) 117,
       (int32) 112,
       (int32) 112,
       (int32) 111,
       (int32) 114,
       (int32) 116,
       (int32) 101,
       (int32) 100,
       (int32) 32,
       (int32) 98,
       (int32) 121,
       (int32) 32,
       (int32) 116,
       (int32) 104,
       (int32) 105
      }
     },
     (gocui.viewLine) {
      linesX: (int) 116,
      linesY: (int) 15,
      line: ([]int32) (len=8 cap=12) {
       (int32) 115,
       (int32) 32,
       (int32) 115,
       (int32) 101,
       (int32) 114,
       (int32) 118,
       (int32) 101,
       (int32) 114
      }
     },
     (gocui.viewLine) {
      linesX: (int) 0,
      linesY: (int) 16,
      line: ([]int32) (len=116 cap=256) {
       (int32) 58,
       (int32) 116,
       (int32) 101,
       (int32) 112,
       (int32) 112,
       (int32) 101,
       (int32) 114,
       (int32) 46,
       (int32) 102,
       (int32) 114,
       (int32) 101,
       (int32) 101,
       (int32) 110,
       (int32) 111,
       (int32) 100,
       (int32) 101,
       (int32) 46,
       (int32) 110,
       (int32) 101,
       (int32) 116,
       (int32) 32,
       (int32) 48,
       (int32) 48,
       (int32) 53,
       (int32) 32,
       (int32) 109,
       (int32) 101,
       (int32) 112,
       (int32) 104,
       (int32) 117,
       (int32) 120,
       (int32) 116,
       (int32) 101,
       (int32) 115,
       (int32) 116,
       (int32) 99,
       (int32) 111,
       (int32) 110,
       (int32) 110,
       (int32) 101,
       (int32) 99,
       (int32) 32,
       (int32) 67,
       (int32) 72,
       (int32) 65,
       (int32) 78,
       (int32) 84,
       (int32) 89,
       (int32) 80,
       (int32) 69,
       (int32) 83,
       (int32) 61,
       (int32) 35,
       (int32) 32,
       (int32) 69,
       (int32) 88,
       (int32) 67,
       (int32) 69,
       (int32) 80,
       (int32) 84,
       (int32) 83,
       (int32) 32,
       (int32) 73,
       (int32) 78,
       (int32) 86,
       (int32) 69,
       (int32) 88,
       (int32) 32,
       (int32) 67,
       (int32) 72,
       (int32) 65,
       (int32) 78,
       (int32) 77,
       (int32) 79,
       (int32) 68,
       (int32) 69,
       (int32) 83,
       (int32) 61,
       (int32) 101,
       (int32) 73,
       (int32) 98,
       (int32) 113,
       (int32) 44,
       (int32) 107,
       (int32) 44,
       (int32) 102,
       (int32) 108,
       (int32) 106,
       (int32) 44,
       (int32) 67,
       (int32) 70,
       (int32) 76,
       (int32) 77,
       (int32) 80,
       (int32) 81,
       (int32) 83,
       (int32) 99,
       (int32) 103,
       (int32) 105,
       (int32) 109,
       (int32) 110,
       (int32) 112,
       (int32) 114,
       (int32) 115,
       (int32) 116,
       (int32) 122,
       (int32) 32,
       (int32) 67,
       (int32) 72,
       (int32) 65,
       (int32) 78,
       (int32) 76,
       (int32) 73,
       (int32) 77,
       (int32) 73,
       (int32) 84
      }
     },
     (gocui.viewLine) {
      linesX: (int) 116,
      linesY: (int) 16,
      line: ([]int32) (len=116 cap=140) {
       (int32) 61,
       (int32) 35,
       (int32) 58,
       (int32) 49,
       (int32) 50,
       (int32) 48,
       (int32) 32,
       (int32) 80,
       (int32) 82,
       (int32) 69,
       (int32) 70,
       (int32) 73,
       (int32) 88,
       (int32) 61,
       (int32) 40,
       (int32) 111,
       (int32) 118,
       (int32) 41,
       (int32) 64,
       (int32) 43,
       (int32) 32,
       (int32) 77,
       (int32) 65,
       (int32) 88,
       (int32) 76,
       (int32) 73,
       (int32) 83,
       (int32) 84,
       (int32) 61,
       (int32) 98,
       (int32) 113,
       (int32) 101,
       (int32) 73,
       (int32) 58,
       (int32) 49,
       (int32) 48,
       (int32) 48,
       (int32) 32,
       (int32) 77,
       (int32) 79,
       (int32) 68,
       (int32) 69,
       (int32) 83,
       (int32) 61,
       (int32) 52,
       (int32) 32,
       (int32) 78,
       (int32) 69,
       (int32) 84,
       (int32) 87,
       (int32) 79,
       (int32) 82,
       (int32) 75,
       (int32) 61,
       (int32) 102,
       (int32) 114,
       (int32) 101,
       (int32) 101,
       (int32) 110,
       (int32) 111,
       (int32) 100,
       (int32) 101,
       (int32) 32,
       (int32) 75,
       (int32) 78,
       (int32) 79,
       (int32) 67,
       (int32) 75,
       (int32) 32,
       (int32) 83,
       (int32) 84,
       (int32) 65,
       (int32) 84,
       (int32) 85,
       (int32) 83,
       (int32) 77,
       (int32) 83,
       (int32) 71,
       (int32) 61,
       (int32) 64,
       (int32) 43,
       (int32) 32,
       (int32) 67,
       (int32) 65,
       (int32) 76,
       (int32) 76,
       (int32) 69,
       (int32) 82,
       (int32) 73,
       (int32) 68,
       (int32) 61,
       (int32) 103,
       (int32) 32,
       (int32) 58,
       (int32) 97,
       (int32) 114,
       (int32) 101,
       (int32) 32,
       (int32) 115,
       (int32) 117,
       (int32) 112,
       (int32) 112,
       (int32) 111,
       (int32) 114,
       (int32) 116,
       (int32) 101,
       (int32) 100,
       (int32) 32,
       (int32) 98,
       (int32) 121,
       (int32) 32,
       (int32) 116,
       (int32) 104,
       (int32) 105,
       (int32) 115,
       (int32) 32
      }
     },
     (gocui.viewLine) {
      linesX: (int) 232,
      linesY: (int) 16,
      line: ([]int32) (len=6 cap=24) {
       (int32) 115,
       (int32) 101,
       (int32) 114,
       (int32) 118,
       (int32) 101,
       (int32) 114
      }
     },
     (gocui.viewLine) {
      linesX: (int) 0,
      linesY: (int) 17,
      line: ([]int32) (len=116 cap=512) {
       (int32) 58,
       (int32) 116,
       (int32) 101,
       (int32) 112,
       (int32) 112,
       (int32) 101,
       (int32) 114,
       (int32) 46,
       (int32) 102,
       (int32) 114,
       (int32) 101,
       (int32) 101,
       (int32) 110,
       (int32) 111,
       (int32) 100,
       (int32) 101,
       (int32) 46,
       (int32) 110,
       (int32) 101,
       (int32) 116,
       (int32) 32,
       (int32) 48,
       (int32) 48,
       (int32) 53,
       (int32) 32,
       (int32) 109,
       (int32) 101,
       (int32) 112,
       (int32) 104,
       (int32) 117,
       (int32) 120,
       (int32) 116,
       (int32) 101,
       (int32) 115,
       (int32) 116,
       (int32) 99,
       (int32) 111,
       (int32) 110,
       (int32) 110,
       (int32) 101,
       (int32) 99,
       (int32) 32,
       (int32) 67,
       (int32) 65,
       (int32) 83,
       (int32) 69,
       (int32) 77,
       (int32) 65,
       (int32) 80,
       (int32) 80,
       (int32) 73,
       (int32) 78,
       (int32) 71,
       (int32) 61,
       (int32) 114,
       (int32) 102,
       (int32) 99,
       (int32) 49,
       (int32) 52,
       (int32) 53,
       (int32) 57,
       (int32) 32,
       (int32) 67,
       (int32) 72,
       (int32) 65,
       (int32) 82,
       (int32) 83,
       (int32) 69,
       (int32) 84,
       (int32) 61,
       (int32) 97,
       (int32) 115,
       (int32) 99,
       (int32) 105,
       (int32) 105,
       (int32) 32,
       (int32) 78,
       (int32) 73,
       (int32) 67,
       (int32) 75,
       (int32) 76,
       (int32) 69,
       (int32) 78,
       (int32) 61,
       (int32) 49,
       (int32) 54,
       (int32) 32,
       (int32) 67,
       (int32) 72,
       (int32) 65,
       (int32) 78,
       (int32) 78,
       (int32) 69,
       (int32) 76,
       (int32) 76,
       (int32) 69,
       (int32) 78,
       (int32) 61,
       (int32) 53,
       (int32) 48,
       (int32) 32,
       (int32) 84,
       (int32) 79,
       (int32) 80,
       (int32) 73,
       (int32) 67,
       (int32) 76,
       (int32) 69,
       (int32) 78,
       (int32) 61,
       (int32) 51,
       (int32) 57,
       (int32) 48,
       (int32) 32,
       (int32) 69,
       (int32) 84
      }
     },
     (gocui.viewLine) {
      linesX: (int) 116,
      linesY: (int) 17,
      line: ([]int32) (len=116 cap=396) {
       (int32) 82,
       (int32) 65,
       (int32) 67,
       (int32) 69,
       (int32) 32,
       (int32) 67,
       (int32) 80,
       (int32) 82,
       (int32) 73,
       (int32) 86,
       (int32) 77,
       (int32) 83,
       (int32) 71,
       (int32) 32,
       (int32) 67,
       (int32) 78,
       (int32) 79,
       (int32) 84,
       (int32) 73,
       (int32) 67,
       (int32) 69,
       (int32) 32,
       (int32) 68,
       (int32) 69,
       (int32) 65,
       (int32) 70,
       (int32) 61,
       (int32) 68,
       (int32) 32,
       (int32) 77,
       (int32) 79,
       (int32) 78,
       (int32) 73,
       (int32) 84,
       (int32) 79,
       (int32) 82,
       (int32) 61,
       (int32) 49,
       (int32) 48,
       (int32) 48,
       (int32) 32,
       (int32) 70,
       (int32) 78,
       (int32) 67,
       (int32) 32,
       (int32) 84,
       (int32) 65,
       (int32) 82,
       (int32) 71,
       (int32) 77,
       (int32) 65,
       (int32) 88,
       (int32) 61,
       (int32) 78,
       (int32) 65,
       (int32) 77,
       (int32) 69,
       (int32) 83,
       (int32) 58,
       (int32) 49,
       (int32) 44,
       (int32) 76,
       (int32) 73,
       (int32) 83,
       (int32) 84,
       (int32) 58,
       (int32) 49,
       (int32) 44,
       (int32) 75,
       (int32) 73,
       (int32) 67,
       (int32) 75,
       (int32) 58,
       (int32) 49,
       (int32) 44,
       (int32) 87,
       (int32) 72,
       (int32) 79,
       (int32) 73,
       (int32) 83,
       (int32) 58,
       (int32) 49,
       (int32) 44,
       (int32) 80,
       (int32) 82,
       (int32) 73,
       (int32) 86,
       (int32) 77,
       (int32) 83,
       (int32) 71,
       (int32) 58,
       (int32) 52,
       (int32) 44,
       (int32) 78,
       (int32) 79,
       (int32) 84,
       (int32) 73,
       (int32) 67,
       (int32) 69,
       (int32) 58,
       (int32) 52,
       (int32) 44,
       (int32) 65,
       (int32) 67,
       (int32) 67,
       (int32) 69,
       (int32) 80,
       (int32) 84,
       (int32) 58,
       (int32) 44,
       (int32) 77,
       (int32) 79,
       (int32) 78,
       (int32) 73,
       (int32) 84,
       (int32) 79
      }
     },
     (gocui.viewLine) {
      linesX: (int) 232,
      linesY: (int) 17,
      line: ([]int32) (len=32 cap=280) {
       (int32) 82,
       (int32) 58,
       (int32) 32,
       (int32) 58,
       (int32) 97,
       (int32) 114,
       (int32) 101,
       (int32) 32,
       (int32) 115,
       (int32) 117,
       (int32) 112,
       (int32) 112,
       (int32) 111,
       (int32) 114,
       (int32) 116,
       (int32) 101,
       (int32) 100,
       (int32) 32,
       (int32) 98,
       (int32) 121,
       (int32) 32,
       (int32) 116,
       (int32) 104,
       (int32) 105,
       (int32) 115,
       (int32) 32,
       (int32) 115,
       (int32) 101,
       (int32) 114,
       (int32) 118,
       (int32) 101,
       (int32) 114
      }
     },
     (gocui.viewLine) {
      linesX: (int) 0,
      linesY: (int) 18,
      line: ([]int32) (len=98 cap=128) {
       (int32) 58,
       (int32) 116,
       (int32) 101,
       (int32) 112,
       (int32) 112,
       (int32) 101,
       (int32) 114,
       (int32) 46,
       (int32) 102,
       (int32) 114,
       (int32) 101,
       (int32) 101,
       (int32) 110,
       (int32) 111,
       (int32) 100,
       (int32) 101,
       (int32) 46,
       (int32) 110,
       (int32) 101,
       (int32) 116,
       (int32) 32,
       (int32) 48,
       (int32) 48,
       (int32) 51,
       (int32) 32,
       (int32) 109,
       (int32) 101,
       (int32) 112,
       (int32) 104,
       (int32) 117,
       (int32) 120,
       (int32) 116,
       (int32) 101,
       (int32) 115,
       (int32) 116,
       (int32) 99,
       (int32) 111,
       (int32) 110,
       (int32) 110,
       (int32) 101,
       (int32) 99,
       (int32) 32,
       (int32) 58,
       (int32) 84,
       (int32) 104,
       (int32) 105,
       (int32) 115,
       (int32) 32,
       (int32) 115,
       (int32) 101,
       (int32) 114,
       (int32) 118,
       (int32) 101,
       (int32) 114,
       (int32) 32,
       (int32) 119,
       (int32) 97,
       (int32) 115,
       (int32) 32,
       (int32) 99,
       (int32) 114,
       (int32) 101,
       (int32) 97,
       (int32) 116,
       (int32) 101,
       (int32) 100,
       (int32) 32,
       (int32) 84,
       (int32) 104,
       (int32) 117,
       (int32) 32,
       (int32) 74,
       (int32) 117,
       (int32) 110,
       (int32) 32,
       (int32) 49,
       (int32) 56,
       (int32) 32,
       (int32) 50,
       (int32) 48,
       (int32) 49,
       (int32) 53,
       (int32) 32,
       (int32) 97,
       (int32) 116,
       (int32) 32,
       (int32) 49,
       (int32) 57,
       (int32) 58,
       (int32) 53,
       (int32) 55,
       (int32) 58,
       (int32) 49,
       (int32) 57,
       (int32) 32,
       (int32) 85,
       (int32) 84,
       (int32) 67
      }
     },
     (gocui.viewLine) {
      linesX: (int) 0,
      linesY: (int) 19,
      line: ([]int32) (len=97 cap=128) {
       (int32) 58,
       (int32) 116,
       (int32) 101,
       (int32) 112,
       (int32) 112,
       (int32) 101,
       (int32) 114,
       (int32) 46,
       (int32) 102,
       (int32) 114,
       (int32) 101,
       (int32) 101,
       (int32) 110,
       (int32) 111,
       (int32) 100,
       (int32) 101,
       (int32) 46,
       (int32) 110,
       (int32) 101,
       (int32) 116,
       (int32) 32,
       (int32) 51,
       (int32) 55,
       (int32) 50,
       (int32) 32,
       (int32) 109,
       (int32) 101,
       (int32) 112,
       (int32) 104,
       (int32) 117,
       (int32) 120,
       (int32) 116,
       (int32) 101,
       (int32) 115,
       (int32) 116,
       (int32) 99,
       (int32) 111,
       (int32) 110,
       (int32) 110,
       (int32) 101,
       (int32) 99,
       (int32) 32,
       (int32) 58,
       (int32) 45,
       (int32) 32,
       (int32) 84,
       (int32) 104,
       (int32) 97,
       (int32) 110,
       (int32) 107,
       (int32) 115,
       (int32) 32,
       (int32) 116,
       (int32) 111,
       (int32) 32,
       (int32) 104,
       (int32) 116,
       (int32) 116,
       (int32) 112,
       (int32) 58,
       (int32) 47,
       (int32) 47,
       (int32) 119,
       (int32) 119,
       (int32) 119,
       (int32) 46,
       (int32) 115,
       (int32) 101,
       (int32) 114,
       (int32) 118,
       (int32) 101,
       (int32) 114,
       (int32) 109,
       (int32) 97,
       (int32) 110,
       (int32) 105,
       (int32) 97,
       (int32) 46,
       (int32) 99,
       (int32) 111,
       (int32) 109,
       (int32) 47,
       (int32) 32,
       (int32) 102,
       (int32) 111,
       (int32) 114,
       (int32) 32,
       (int32) 115,
       (int32) 112,
       (int32) 111,
       (int32) 110,
       (int32) 115,
       (int32) 111,
       (int32) 114,
       (int32) 105,
       (int32) 110,
       (int32) 103
      }
     },
     (gocui.viewLine) {
      linesX: (int) 0,
      linesY: (int) 20,
      line: ([]int32) (len=86 cap=128) {
       (int32) 58,
       (int32) 116,
       (int32) 101,
       (int32) 112,
       (int32) 112,
       (int32) 101,
       (int32) 114,
       (int32) 46,
       (int32) 102,
       (int32) 114,
       (int32) 101,
       (int32) 101,
       (int32) 110,
       (int32) 111,
       (int32) 100,
       (int32) 101,
       (int32) 46,
       (int32) 110,
       (int32) 101,
       (int32) 116,
       (int32) 32,
       (int32) 51,
       (int32) 55,
       (int32) 53,
       (int32) 32,
       (int32) 109,
       (int32) 101,
       (int32) 112,
       (int32) 104,
       (int32) 117,
       (int32) 120,
       (int32) 116,
       (int32) 101,
       (int32) 115,
       (int32) 116,
       (int32) 99,
       (int32) 111,
       (int32) 110,
       (int32) 110,
       (int32) 101,
       (int32) 99,
       (int32) 32,
       (int32) 58,
       (int32) 45,
       (int32) 32,
       (int32) 116,
       (int32) 101,
       (int32) 112,
       (int32) 112,
       (int32) 101,
       (int32) 114,
       (int32) 46,
       (int32) 102,
       (int32) 114,
       (int32) 101,
       (int32) 101,
       (int32) 110,
       (int32) 111,
       (int32) 100,
       (int32) 101,
       (int32) 46,
       (int32) 110,
       (int32) 101,
       (int32) 116,
       (int32) 32,
       (int32) 77,
       (int32) 101,
       (int32) 115,
       (int32) 115,
       (int32) 97,
       (int32) 103,
       (int32) 101,
       (int32) 32,
       (int32) 111,
       (int32) 102,
       (int32) 32,
       (int32) 116,
       (int32) 104,
       (int32) 101,
       (int32) 32,
       (int32) 68,
       (int32) 97,
       (int32) 121,
       (int32) 32,
       (int32) 45,
       (int32) 32
      }
     },
     (gocui.viewLine) {
      linesX: (int) 0,
      linesY: (int) 21,
      line: ([]int32) (len=91 cap=128) {
       (int32) 58,
       (int32) 116,
       (int32) 101,
       (int32) 112,
       (int32) 112,
       (int32) 101,
       (int32) 114,
       (int32) 46,
       (int32) 102,
       (int32) 114,
       (int32) 101,
       (int32) 101,
       (int32) 110,
       (int32) 111,
       (int32) 100,
       (int32) 101,
       (int32) 46,
       (int32) 110,
       (int32) 101,
       (int32) 116,
       (int32) 32,
       (int32) 51,
       (int32) 55,
       (int32) 50,
       (int32) 32,
       (int32) 109,
       (int32) 101,
       (int32) 112,
       (int32) 104,
       (int32) 117,
       (int32) 120,
       (int32) 116,
       (int32) 101,
       (int32) 115,
       (int32) 116,
       (int32) 99,
       (int32) 111,
       (int32) 110,
       (int32) 110,
       (int32) 101,
       (int32) 99,
       (int32) 32,
       (int32) 58,
       (int32) 45,
       (int32) 32,
       (int32) 87,
       (int32) 101,
       (int32) 108,
       (int32) 99,
       (int32) 111,
       (int32) 109,
       (int32) 101,
       (int32) 32,
       (int32) 116,
       (int32) 111,
       (int32) 32,
       (int32) 116,
       (int32) 101,
       (int32) 112,
       (int32) 112,
       (int32) 101,
       (int32) 114,
       (int32) 46,
       (int32) 102,
       (int32) 114,
       (int32) 101,
       (int32) 101,
       (int32) 110,
       (int32) 111,
       (int32) 100,
       (int32) 101,
       (int32) 46,
       (int32) 110,
       (int32) 101,
       (int32) 116,
       (int32) 32,
       (int32) 105,
       (int32) 110,
       (int32) 32,
       (int32) 66,
       (int32) 117,
       (int32) 102,
       (int32) 102,
       (int32) 97,
       (int32) 108,
       (int32) 111,
       (int32) 44,
       (int32) 32,
       (int32) 78,
       (int32) 89,
       (int32) 46
      }
     },
     (gocui.viewLine) {
      linesX: (int) 0,
      linesY: (int) 22,
      line: ([]int32) (len=46 cap=64) {
       (int32) 58,
       (int32) 116,
       (int32) 101,
       (int32) 112,
       (int32) 112,
       (int32) 101,
       (int32) 114,
       (int32) 46,
       (int32) 102,
       (int32) 114,
       (int32) 101,
       (int32) 101,
       (int32) 110,
       (int32) 111,
       (int32) 100,
       (int32) 101,
       (int32) 46,
       (int32) 110,
       (int32) 101,
       (int32) 116,
       (int32) 32,
       (int32) 51,
       (int32) 55,
       (int32) 50,
       (int32) 32,
       (int32) 109,
       (int32) 101,
       (int32) 112,
       (int32) 104,
       (int32) 117,
       (int32) 120,
       (int32) 116,
       (int32) 101,
       (int32) 115,
       (int32) 116,
       (int32) 99,
       (int32) 111,
       (int32) 110,
       (int32) 110,
       (int32) 101,
       (int32) 99,
       (int32) 32,
       (int32) 58,
       (int32) 45,
       (int32) 32,
       (int32) 32
      }
     },
     (gocui.viewLine) {
      linesX: (int) 0,
      linesY: (int) 23,
      line: ([]int32) (len=57 cap=64) {
       (int32) 58,
       (int32) 116,
       (int32) 101,
       (int32) 112,
       (int32) 112,
       (int32) 101,
       (int32) 114,
       (int32) 46,
       (int32) 102,
       (int32) 114,
       (int32) 101,
       (int32) 101,
       (int32) 110,
       (int32) 111,
       (int32) 100,
       (int32) 101,
       (int32) 46,
       (int32) 110,
       (int32) 101,
       (int32) 116,
       (int32) 32,
       (int32) 51,
       (int32) 55,
       (int32) 50,
       (int32) 32,
       (int32) 109,
       (int32) 101,
       (int32) 112,
       (int32) 104,
       (int32) 117,
       (int32) 120,
       (int32) 116,
       (int32) 101,
       (int32) 115,
       (int32) 116,
       (int32) 99,
       (int32) 111,
       (int32) 110,
       (int32) 110,
       (int32) 101,
       (int32) 99,
       (int32) 32,
       (int32) 58,
       (int32) 45,
       (int32) 32,
       (int32) 116,
       (int32) 104,
       (int32) 105,
       (int32) 115,
       (int32) 32,
       (int32) 115,
       (int32) 101,
       (int32) 114,
       (int32) 118,
       (int32) 101,
       (int32) 114,
       (int32) 33
      }
     },
     (gocui.viewLine) {
      linesX: (int) 0,
      linesY: (int) 24,
      line: ([]int32) (len=99 cap=128) {
       (int32) 58,
       (int32) 116,
       (int32) 101,
       (int32) 112,
       (int32) 112,
       (int32) 101,
       (int32) 114,
       (int32) 46,
       (int32) 102,
       (int32) 114,
       (int32) 101,
       (int32) 101,
       (int32) 110,
       (int32) 111,
       (int32) 100,
       (int32) 101,
       (int32) 46,
       (int32) 110,
       (int32) 101,
       (int32) 116,
       (int32) 32,
       (int32) 51,
       (int32) 55,
       (int32) 50,
       (int32) 32,
       (int32) 109,
       (int32) 101,
       (int32) 112,
       (int32) 104,
       (int32) 117,
       (int32) 120,
       (int32) 116,
       (int32) 101,
       (int32) 115,
       (int32) 116,
       (int32) 99,
       (int32) 111,
       (int32) 110,
       (int32) 110,
       (int32) 101,
       (int32) 99,
       (int32) 32,
       (int32) 58,
       (int32) 45,
       (int32) 32,
       (int32) 84,
       (int32) 69,
       (int32) 80,
       (int32) 80,
       (int32) 69,
       (int32) 82,
       (int32) 44,
       (int32) 32,
       (int32) 83,
       (int32) 72,
       (int32) 69,
       (int32) 82,
       (int32) 73,
       (int32) 32,
       (int32) 83,
       (int32) 46,
       (int32) 32,
       (int32) 40,
       (int32) 49,
       (int32) 57,
       (int32) 50,
       (int32) 57,
       (int32) 45,
       (int32) 41,
       (int32) 44,
       (int32) 32,
       (int32) 97,
       (int32) 110,
       (int32) 32,
       (int32) 65,
       (int32) 109,
       (int32) 101,
       (int32) 114,
       (int32) 105,
       (int32) 99,
       (int32) 97,
       (int32) 110,
       (int32) 32,
       (int32) 115,
       (int32) 99,
       (int32) 105,
       (int32) 101,
       (int32) 110,
       (int32) 99,
       (int32) 101,
       (int32) 32,
       (int32) 102,
       (int32) 105,
       (int32) 99,
       (int32) 116,
       (int32) 105,
       (int32) 111,
       (int32) 110,
       (int32) 44
      }
     },
     (gocui.viewLine) {
      linesX: (int) 0,
      linesY: (int) 25,
      line: ([]int32) (len=46 cap=64) {
       (int32) 58,
       (int32) 116,
       (int32) 101,
       (int32) 112,
       (int32) 112,
       (int32) 101,
       (int32) 114,
       (int32) 46,
       (int32) 102,
       (int32) 114,
       (int32) 101,
       (int32) 101,
       (int32) 110,
       (int32) 111,
       (int32) 100,
       (int32) 101,
       (int32) 46,
       (int32) 110,
       (int32) 101,
       (int32) 116,
       (int32) 32,
       (int32) 51,
       (int32) 55,
       (int32) 50,
       (int32) 32,
       (int32) 109,
       (int32) 101,
       (int32) 112,
       (int32) 104,
       (int32) 117,
       (int32) 120,
       (int32) 116,
       (int32) 101,
       (int32) 115,
       (int32) 116,
       (int32) 99,
       (int32) 111,
       (int32) 110,
       (int32) 110,
       (int32) 101,
       (int32) 99,
       (int32) 32,
       (int32) 58,
       (int32) 45,
       (int32) 32,
       (int32) 32
      }
     },
     (gocui.viewLine) {
      linesX: (int) 0,
      linesY: (int) 26,
      line: ([]int32) (len=101 cap=128) {
       (int32) 58,
       (int32) 116,
       (int32) 101,
       (int32) 112,
       (int32) 112,
       (int32) 101,
       (int32) 114,
       (int32) 46,
       (int32) 102,
       (int32) 114,
       (int32) 101,
       (int32) 101,
       (int32) 110,
       (int32) 111,
       (int32) 100,
       (int32) 101,
       (int32) 46,
       (int32) 110,
       (int32) 101,
       (int32) 116,
       (int32) 32,
       (int32) 51,
       (int32) 55,
       (int32) 50,
       (int32) 32,
       (int32) 109,
       (int32) 101,
       (int32) 112,
       (int32) 104,
       (int32) 117,
       (int32) 120,
       (int32) 116,
       (int32) 101,
       (int32) 115,
       (int32) 116,
       (int32) 99,
       (int32) 111,
       (int32) 110,
       (int32) 110,
       (int32) 101,
       (int32) 99,
       (int32) 32,
       (int32) 58,
       (int32) 45,
       (int32) 32,
       (int32) 104,
       (int32) 111,
       (int32) 114,
       (int32) 114,
       (int32) 111,
       (int32) 114,
       (int32) 32,
       (int32) 97,
       (int32) 110,
       (int32) 100,
       (int32) 32,
       (int32) 109,
       (int32) 121,
       (int32) 115,
       (int32) 116,
       (int32) 101,
       (int32) 114,
       (int32) 121,
       (int32) 32,
       (int32) 110,
       (int32) 111,
       (int32) 118,
       (int32) 101,
       (int32) 108,
       (int32) 32,
       (int32) 97,
       (int32) 117,
       (int32) 116,
       (int32) 104,
       (int32) 111,
       (int32) 114,
       (int32) 44,
       (int32) 32,
       (int32) 98,
       (int32) 101,
       (int32) 104,
       (int32) 105,
       (int32) 110,
       (int32) 100,
       (int32) 32,
       (int32) 109,
       (int32) 111,
       (int32) 114,
       (int32) 101,
       (int32) 32,
       (int32) 116,
       (int32) 104,
       (int32) 97,
       (int32) 110,
       (int32) 32,
       (int32) 116,
       (int32) 104,
       (int32) 105,
       (int32) 114,
       (int32) 116,
       (int32) 121
      }
     },
     (gocui.viewLine) {
      linesX: (int) 0,
      linesY: (int) 27,
      line: ([]int32) (len=98 cap=128) {
       (int32) 58,
       (int32) 116,
       (int32) 101,
       (int32) 112,
       (int32) 112,
       (int32) 101,
       (int32) 114,
       (int32) 46,
       (int32) 102,
       (int32) 114,
       (int32) 101,
       (int32) 101,
       (int32) 110,
       (int32) 111,
       (int32) 100,
       (int32) 101,
       (int32) 46,
       (int32) 110,
       (int32) 101,
       (int32) 116,
       (int32) 32,
       (int32) 51,
       (int32) 55,
       (int32) 50,
       (int32) 32,
       (int32) 109,
       (int32) 101,
       (int32) 112,
       (int32) 104,
       (int32) 117,
       (int32) 120,
       (int32) 116,
       (int32) 101,
       (int32) 115,
       (int32) 116,
       (int32) 99,
       (int32) 111,
       (int32) 110,
       (int32) 110,
       (int32) 101,
       (int32) 99,
       (int32) 32,
       (int32) 58,
       (int32) 45,
       (int32) 32,
       (int32) 98,
       (int32) 111,
       (int32) 111,
       (int32) 107,
       (int32) 115,
       (int32) 44,
       (int32) 32,
       (int32) 109,
       (int32) 97,
       (int32) 110,
       (int32) 121,
       (int32) 32,
       (int32) 116,
       (int32) 104,
       (int32) 101,
       (int32) 109,
       (int32) 101,
       (int32) 100,
       (int32) 32,
       (int32) 117,
       (int32) 110,
       (int32) 97,
       (int32) 112,
       (int32) 111,
       (int32) 108,
       (int32) 111,
       (int32) 103,
       (int32) 101,
       (int32) 116,
       (int32) 105,
       (int32) 99,
       (int32) 97,
       (int32) 108,
       (int32) 108,
       (int32) 121,
       (int32) 32,
       (int32) 101,
       (int32) 99,
       (int32) 111,
       (int32) 45,
       (int32) 102,
       (int32) 101,
       (int32) 109,
       (int32) 105,
       (int32) 110,
       (int32) 105,
       (int32) 115,
       (int32) 116,
       (int32) 46,
       (int32) 32,
       (int32) 72,
       (int32) 101,
       (int32) 114
      }
     },
     (gocui.viewLine) {
      linesX: (int) 0,
      linesY: (int) 28,
      line: ([]int32) (len=101 cap=128) {
       (int32) 58,
       (int32) 116,
       (int32) 101,
       (int32) 112,
       (int32) 112,
       (int32) 101,
       (int32) 114,
       (int32) 46,
       (int32) 102,
       (int32) 114,
       (int32) 101,
       (int32) 101,
       (int32) 110,
       (int32) 111,
       (int32) 100,
       (int32) 101,
       (int32) 46,
       (int32) 110,
       (int32) 101,
       (int32) 116,
       (int32) 32,
       (int32) 51,
       (int32) 55,
       (int32) 50,
       (int32) 32,
       (int32) 109,
       (int32) 101,
       (int32) 112,
       (int32) 104,
       (int32) 117,
       (int32) 120,
       (int32) 116,
       (int32) 101,
       (int32) 115,
       (int32) 116,
       (int32) 99,
       (int32) 111,
       (int32) 110,
       (int32) 110,
       (int32) 101,
       (int32) 99,
       (int32) 32,
       (int32) 58,
       (int32) 45,
       (int32) 32,
       (int32) 39,
       (int32) 66,
       (int32) 101,
       (int32) 97,
       (int32) 117,
       (int32) 116,
       (int32) 121,
       (int32) 39,
       (int32) 32,
       (int32) 115,
       (int32) 104,
       (int32) 101,
       (int32) 32,
       (int32) 119,
       (int32) 111,
       (int32) 110,
       (int32) 32,
       (int32) 116,
       (int32) 104,
       (int32) 101,
       (int32) 32,
       (int32) 76,
       (int32) 111,
       (int32) 99,
       (int32) 117,
       (int32) 115,
       (int32) 32,
       (int32) 97,
       (int32) 119,
       (int32) 97,
       (int32) 114,
       (int32) 100,
       (int32) 32,
       (int32) 102,
       (int32) 111,
       (int32) 114,
       (int32) 32,
       (int32) 66,
       (int32) 101,
       (int32) 115,
       (int32) 116,
       (int32) 32,
       (int32) 70,
       (int32) 97,
       (int32) 110,
       (int32) 116,
       (int32) 97,
       (int32) 115,
       (int32) 121,
       (int32) 32,
       (int32) 78,
       (int32) 111,
       (int32) 118,
       (int32) 101,
       (int32) 108,
       (int32) 46
      }
     },
     (gocui.viewLine) {
      linesX: (int) 0,
      linesY: (int) 29,
      line: ([]int32) (len=96 cap=128) {
       (int32) 58,
       (int32) 116,
       (int32) 101,
       (int32) 112,
       (int32) 112,
       (int32) 101,
       (int32) 114,
       (int32) 46,
       (int32) 102,
       (int32) 114,
       (int32) 101,
       (int32) 101,
       (int32) 110,
       (int32) 111,
       (int32) 100,
       (int32) 101,
       (int32) 46,
       (int32) 110,
       (int32) 101,
       (int32) 116,
       (int32) 32,
       (int32) 51,
       (int32) 55,
       (int32) 50,
       (int32) 32,
       (int32) 109,
       (int32) 101,
       (int32) 112,
       (int32) 104,
       (int32) 117,
       (int32) 120,
       (int32) 116,
       (int32) 101,
       (int32) 115,
       (int32) 116,
       (int32) 99,
       (int32) 111,
       (int32) 110,
       (int32) 110,
       (int32) 101,
       (int32) 99,
       (int32) 32,
       (int32) 58,
       (int32) 45,
       (int32) 32,
       (int32) 109,
       (int32) 111,
       (int32) 118,
       (int32) 101,
       (int32) 100,
       (int32) 32,
       (int32) 116,
       (int32) 111,
       (int32) 32,
       (int32) 97,
       (int32) 100,
       (int32) 117,
       (int32) 108,
       (int32) 116,
       (int32) 32,
       (int32) 102,
       (int32) 105,
       (int32) 99,
       (int32) 116,
       (int32) 105,
       (int32) 111,
       (int32) 110,
       (int32) 32,
       (int32) 105,
       (int32) 110,
       (int32) 32,
       (int32) 49,
       (int32) 57,
       (int32) 56,
       (int32) 50,
       (int32) 46,
       (int32) 32,
       (int32) 87,
       (int32) 105,
       (int32) 116,
       (int32) 104,
       (int32) 32,
       (int32) 116,
       (int32) 104,
       (int32) 101,
       (int32) 32,
       (int32) 49,
       (int32) 57,
       (int32) 57,
       (int32) 49,
       (int32) 32,
       (int32) 110,
       (int32) 111,
       (int32) 118,
       (int32) 101,
       (int32) 108
      }
     },
     (gocui.viewLine) {
      linesX: (int) 0,
      linesY: (int) 30,
      line: ([]int32) (len=101 cap=128) {
       (int32) 58,
       (int32) 116,
       (int32) 101,
       (int32) 112,
       (int32) 112,
       (int32) 101,
       (int32) 114,
       (int32) 46,
       (int32) 102,
       (int32) 114,
       (int32) 101,
       (int32) 101,
       (int32) 110,
       (int32) 111,
       (int32) 100,
       (int32) 101,
       (int32) 46,
       (int32) 110,
       (int32) 101,
       (int32) 116,
       (int32) 32,
       (int32) 51,
       (int32) 55,
       (int32) 50,
       (int32) 32,
       (int32) 109,
       (int32) 101,
       (int32) 112,
       (int32) 104,
       (int32) 117,
       (int32) 120,
       (int32) 116,
       (int32) 101,
       (int32) 115,
       (int32) 116,
       (int32) 99,
       (int32) 111,
       (int32) 110,
       (int32) 110,
       (int32) 101,
       (int32) 99,
       (int32) 32,
       (int32) 58,
       (int32) 45,
       (int32) 32,
       (int32) 119,
       (int32) 114,
       (int32) 105,
       (int32) 116,
       (int32) 105,
       (int32) 110,
       (int32) 103,
       (int32) 32,
       (int32) 99,
       (int32) 97,
       (int32) 114,
       (int32) 101,
       (int32) 101,
       (int32) 114,
       (int32) 32,
       (int32) 115,
       (int32) 116,
       (int32) 97,
       (int32) 114,
       (int32) 116,
       (int32) 101,
       (int32) 100,
       (int32) 32,
       (int32) 99,
       (int32) 111,
       (int32) 109,
       (int32) 112,
       (int32) 111,
       (int32) 115,
       (int32) 105,
       (int32) 110,
       (int32) 103,
       (int32) 32,
       (int32) 99,
       (int32) 104,
       (int32) 105,
       (int32) 108,
       (int32) 100,
       (int32) 114,
       (int32) 101,
       (int32) 110,
       (int32) 39,
       (int32) 115,
       (int32) 32,
       (int32) 115,
       (int32) 116,
       (int32) 111,
       (int32) 114,
       (int32) 105,
       (int32) 101,
       (int32) 115,
       (int32) 44,
       (int32) 32,
       (int32) 98,
       (int32) 117,
       (int32) 116
      }
     },
     (gocui.viewLine) {
      linesX: (int) 0,
      linesY: (int) 31,
      line: ([]int32) (len=46 cap=64) {
       (int32) 58,
       (int32) 116,
       (int32) 101,
       (int32) 112,
       (int32) 112,
       (int32) 101,
       (int32) 114,
       (int32) 46,
       (int32) 102,
       (int32) 114,
       (int32) 101,
       (int32) 101,
       (int32) 110,
       (int32) 111,
       (int32) 100,
       (int32) 101,
       (int32) 46,
       (int32) 110,
       (int32) 101,
       (int32) 116,
       (int32) 32,
       (int32) 51,
       (int32) 55,
       (int32) 50,
       (int32) 32,
       (int32) 109,
       (int32) 101,
       (int32) 112,
       (int32) 104,
       (int32) 117,
       (int32) 120,
       (int32) 116,
       (int32) 101,
       (int32) 115,
       (int32) 116,
       (int32) 99,
       (int32) 111,
       (int32) 110,
       (int32) 110,
       (int32) 101,
       (int32) 99,
       (int32) 32,
       (int32) 58,
       (int32) 45,
       (int32) 32,
       (int32) 32
      }
     },
     (gocui.viewLine) {
      linesX: (int) 0,
      linesY: (int) 32,
      line: ([]int32) (len=104 cap=128) {
       (int32) 58,
       (int32) 116,
       (int32) 101,
       (int32) 112,
       (int32) 112,
       (int32) 101,
       (int32) 114,
       (int32) 46,
       (int32) 102,
       (int32) 114,
       (int32) 101,
       (int32) 101,
       (int32) 110,
       (int32) 111,
       (int32) 100,
       (int32) 101,
       (int32) 46,
       (int32) 110,
       (int32) 101,
       (int32) 116,
       (int32) 32,
       (int32) 51,
       (int32) 55,
       (int32) 50,
       (int32) 32,
       (int32) 109,
       (int32) 101,
       (int32) 112,
       (int32) 104,
       (int32) 117,
       (int32) 120,
       (int32) 116,
       (int32) 101,
       (int32) 115,
       (int32) 116,
       (int32) 99,
       (int32) 111,
       (int32) 110,
       (int32) 110,
       (int32) 101,
       (int32) 99,
       (int32) 32,
       (int32) 58,
       (int32) 45,
       (int32) 32,
       (int32) 72,
       (int32) 101,
       (int32) 114,
       (int32) 32,
       (int32) 111,
       (int32) 116,
       (int32) 104,
       (int32) 101,
       (int32) 114,
       (int32) 32,
       (int32) 119,
       (int32) 101,
       (int32) 108,
       (int32) 108,
       (int32) 45,
       (int32) 107,
       (int32) 110,
       (int32) 111,
       (int32) 119,
       (int32) 110,
       (int32) 32,
       (int32) 119,
       (int32) 111,
       (int32) 114,
       (int32) 107,
       (int32) 115,
       (int32) 32,
       (int32) 105,
       (int32) 110,
       (int32) 99,
       (int32) 108,
       (int32) 117,
       (int32) 100,
       (int32) 101,
       (int32) 32,
       (int32) 39,
       (int32) 71,
       (int32) 114,
       (int32) 97,
       (int32) 115,
       (int32) 115,
       (int32) 39,
       (int32) 32,
       (int32) 40,
       (int32) 49,
       (int32) 57,
       (int32) 56,
       (int32) 57,
       (int32) 44,
       (int32) 32,
       (int32) 110,
       (int32) 111,
       (int32) 109,
       (int32) 105,
       (int32) 110,
       (int32) 97,
       (int32) 116,
       (int32) 101,
       (int32) 100
      }
     },
     (gocui.viewLine) {
      linesX: (int) 0,
      linesY: (int) 33,
      line: ([]int32) (len=100 cap=128) {
       (int32) 58,
       (int32) 116,
       (int32) 101,
       (int32) 112,
       (int32) 112,
       (int32) 101,
       (int32) 114,
       (int32) 46,
       (int32) 102,
       (int32) 114,
       (int32) 101,
       (int32) 101,
       (int32) 110,
       (int32) 111,
       (int32) 100,
       (int32) 101,
       (int32) 46,
       (int32) 110,
       (int32) 101,
       (int32) 116,
       (int32) 32,
       (int32) 51,
       (int32) 55,
       (int32) 50,
       (int32) 32,
       (int32) 109,
       (int32) 101,
       (int32) 112,
       (int32) 104,
       (int32) 117,
       (int32) 120,
       (int32) 116,
       (int32) 101,
       (int32) 115,
       (int32) 116,
       (int32) 99,
       (int32) 111,
       (int32) 110,
       (int32) 110,
       (int32) 101,
       (int32) 99,
       (int32) 32,
       (int32) 58,
       (int32) 45,
       (int32) 32,
       (int32) 102,
       (int32) 111,
       (int32) 114,
       (int32) 32,
       (int32) 72,
       (int32) 117,
       (int32) 103,
       (int32) 111,
       (int32) 32,
       (int32) 97,
       (int32) 110,
       (int32) 100,
       (int32) 32,
       (int32) 76,
       (int32) 111,
       (int32) 99,
       (int32) 117,
       (int32) 115,
       (int32) 32,
       (int32) 65,
       (int32) 119,
       (int32) 97,
       (int32) 114,
       (int32) 100,
       (int32) 115,
       (int32) 32,
       (int32) 105,
       (int32) 110,
       (int32) 32,
       (int32) 49,
       (int32) 57,
       (int32) 57,
       (int32) 48,
       (int32) 41,
       (int32) 32,
       (int32) 97,
       (int32) 110,
       (int32) 100,
       (int32) 32,
       (int32) 39,
       (int32) 71,
       (int32) 97,
       (int32) 116,
       (int32) 101,
       (int32) 32,
       (int32) 116,
       (int32) 111,
       (int32) 32,
       (int32) 87,
       (int32) 111,
       (int32) 109,
       (int32) 101,
       (int32) 110,
       (int32) 39,
       (int32) 115
      }
     },
     (gocui.viewLine) {
      linesX: (int) 0,
      linesY: (int) 34,
      line: ([]int32) (len=46 cap=64) {
       (int32) 58,
       (int32) 116,
       (int32) 101,
       (int32) 112,
       (int32) 112,
       (int32) 101,
       (int32) 114,
       (int32) 46,
       (int32) 102,
       (int32) 114,
       (int32) 101,
       (int32) 101,
       (int32) 110,
       (int32) 111,
       (int32) 100,
       (int32) 101,
       (int32) 46,
       (int32) 110,
       (int32) 101,
       (int32) 116,
       (int32) 32,
       (int32) 51,
       (int32) 55,
       (int32) 50,
       (int32) 32,
       (int32) 109,
       (int32) 101,
       (int32) 112,
       (int32) 104,
       (int32) 117,
       (int32) 120,
       (int32) 116,
       (int32) 101,
       (int32) 115,
       (int32) 116,
       (int32) 99,
       (int32) 111,
       (int32) 110,
       (int32) 110,
       (int32) 101,
       (int32) 99,
       (int32) 32,
       (int32) 58,
       (int32) 45,
       (int32) 32,
       (int32) 32
      }
     },
     (gocui.viewLine) {
      linesX: (int) 0,
      linesY: (int) 35,
      line: ([]int32) (len=102 cap=128) {
       (int32) 58,
       (int32) 116,
       (int32) 101,
       (int32) 112,
       (int32) 112,
       (int32) 101,
       (int32) 114,
       (int32) 46,
       (int32) 102,
       (int32) 114,
       (int32) 101,
       (int32) 101,
       (int32) 110,
       (int32) 111,
       (int32) 100,
       (int32) 101,
       (int32) 46,
       (int32) 110,
       (int32) 101,
       (int32) 116,
       (int32) 32,
       (int32) 51,
       (int32) 55,
       (int32) 50,
       (int32) 32,
       (int32) 109,
       (int32) 101,
       (int32) 112,
       (int32) 104,
       (int32) 117,
       (int32) 120,
       (int32) 116,
       (int32) 101,
       (int32) 115,
       (int32) 116,
       (int32) 99,
       (int32) 111,
       (int32) 110,
       (int32) 110,
       (int32) 101,
       (int32) 99,
       (int32) 32,
       (int32) 58,
       (int32) 45,
       (int32) 32,
       (int32) 87,
       (int32) 101,
       (int32) 108,
       (int32) 99,
       (int32) 111,
       (int32) 109,
       (int32) 101,
       (int32) 32,
       (int32) 116,
       (int32) 111,
       (int32) 32,
       (int32) 102,
       (int32) 114,
       (int32) 101,
       (int32) 101,
       (int32) 110,
       (int32) 111,
       (int32) 100,
       (int32) 101,
       (int32) 32,
       (int32) 45,
       (int32) 32,
       (int32) 115,
       (int32) 117,
       (int32) 112,
       (int32) 112,
       (int32) 111,
       (int32) 114,
       (int32) 116,
       (int32) 105,
       (int32) 110,
       (int32) 103,
       (int32) 32,
       (int32) 116,
       (int32) 104,
       (int32) 101,
       (int32) 32,
       (int32) 102,
       (int32) 114,
       (int32) 101,
       (int32) 101,
       (int32) 32,
       (int32) 97,
       (int32) 110,
       (int32) 100,
       (int32) 32,
       (int32) 111,
       (int32) 112,
       (int32) 101,
       (int32) 110,
       (int32) 32,
       (int32) 115,
       (int32) 111,
       (int32) 117,
       (int32) 114,
       (int32) 99,
       (int32) 101
      }
     },
     (gocui.viewLine) {
      linesX: (int) 0,
      linesY: (int) 36,
      line: ([]int32) (len=77 cap=128) {
       (int32) 58,
       (int32) 116,
       (int32) 101,
       (int32) 112,
       (int32) 112,
       (int32) 101,
       (int32) 114,
       (int32) 46,
       (int32) 102,
       (int32) 114,
       (int32) 101,
       (int32) 101,
       (int32) 110,
       (int32) 111,
       (int32) 100,
       (int32) 101,
       (int32) 46,
       (int32) 110,
       (int32) 101,
       (int32) 116,
       (int32) 32,
       (int32) 51,
       (int32) 55,
       (int32) 50,
       (int32) 32,
       (int32) 109,
       (int32) 101,
       (int32) 112,
       (int32) 104,
       (int32) 117,
       (int32) 120,
       (int32) 116,
       (int32) 101,
       (int32) 115,
       (int32) 116,
       (int32) 99,
       (int32) 111,
       (int32) 110,
       (int32) 110,
       (int32) 101,
       (int32) 99,
       (int32) 32,
       (int32) 58,
       (int32) 45,
       (int32) 32,
       (int32) 115,
       (int32) 111,
       (int32) 102,
       (int32) 116,
       (int32) 119,
       (int32) 97,
       (int32) 114,
       (int32) 101,
       (int32) 32,
       (int32) 99,
       (int32) 111,
       (int32) 109,
       (int32) 109,
       (int32) 117,
       (int32) 110,
       (int32) 105,
       (int32) 116,
       (int32) 105,
       (int32) 101,
       (int32) 115,
       (int32) 32,
       (int32) 115,
       (int32) 105,
       (int32) 110,
       (int32) 99,
       (int32) 101,
       (int32) 32,
       (int32) 49,
       (int32) 57,
       (int32) 57,
       (int32) 56,
       (int32) 46
      }
     },
     (gocui.viewLine) {
      linesX: (int) 0,
      linesY: (int) 37,
      line: ([]int32) (len=102 cap=128) {
       (int32) 58,
       (int32) 116,
       (int32) 101,
       (int32) 112,
       (int32) 112,
       (int32) 101,
       (int32) 114,
       (int32) 46,
       (int32) 102,
       (int32) 114,
       (int32) 101,
       (int32) 101,
       (int32) 110,
       (int32) 111,
       (int32) 100,
       (int32) 101,
       (int32) 46,
       (int32) 110,
       (int32) 101,
       (int32) 116,
       (int32) 32,
       (int32) 51,
       (int32) 55,
       (int32) 50,
       (int32) 32,
       (int32) 109,
       (int32) 101,
       (int32) 112,
       (int32) 104,
       (int32) 117,
       (int32) 120,
       (int32) 116,
       (int32) 101,
       (int32) 115,
       (int32) 116,
       (int32) 99,
       (int32) 111,
       (int32) 110,
       (int32) 110,
       (int32) 101,
       (int32) 99,
       (int32) 32,
       (int32) 58,
       (int32) 45,
       (int32) 32,
       (int32) 97,
       (int32) 99,
       (int32) 99,
       (int32) 101,
       (int32) 112,
       (int32) 116,
       (int32) 32,
       (int32) 111,
       (int32) 117,
       (int32) 114,
       (int32) 32,
       (int32) 112,
       (int32) 111,
       (int32) 108,
       (int32) 105,
       (int32) 99,
       (int32) 105,
       (int32) 101,
       (int32) 115,
       (int32) 32,
       (int32) 97,
       (int32) 115,
       (int32) 32,
       (int32) 115,
       (int32) 101,
       (int32) 116,
       (int32) 32,
       (int32) 111,
       (int32) 117,
       (int32) 116,
       (int32) 32,
       (int32) 111,
       (int32) 110,
       (int32) 32,
       (int32) 104,
       (int32) 116,
       (int32) 116,
       (int32) 112,
       (int32) 58,
       (int32) 47,
       (int32) 47,
       (int32) 119,
       (int32) 119,
       (int32) 119,
       (int32) 46,
       (int32) 102,
       (int32) 114,
       (int32) 101,
       (int32) 101,
       (int32) 110,
       (int32) 111,
       (int32) 100,
       (int32) 101,
       (int32) 46,
       (int32) 110,
       (int32) 101,
       (int32) 116
      }
     },
     (gocui.viewLine) {
      linesX: (int) 0,
      linesY: (int) 38,
      line: ([]int32) (len=61 cap=64) {
       (int32) 58,
       (int32) 116,
       (int32) 101,
       (int32) 112,
       (int32) 112,
       (int32) 101,
       (int32) 114,
       (int32) 46,
       (int32) 102,
       (int32) 114,
       (int32) 101,
       (int32) 101,
       (int32) 110,
       (int32) 111,
       (int32) 100,
       (int32) 101,
       (int32) 46,
       (int32) 110,
       (int32) 101,
       (int32) 116,
       (int32) 32,
       (int32) 51,
       (int32) 55,
       (int32) 50,
       (int32) 32,
       (int32) 109,
       (int32) 101,
       (int32) 112,
       (int32) 104,
       (int32) 117,
       (int32) 120,
       (int32) 116,
       (int32) 101,
       (int32) 115,
       (int32) 116,
       (int32) 99,
       (int32) 111,
       (int32) 110,
       (int32) 110,
       (int32) 101,
       (int32) 99,
       (int32) 32,
       (int32) 58,
       (int32) 45,
       (int32) 32,
       (int32) 67,
       (int32) 111,
       (int32) 117,
       (int32) 110,
       (int32) 116,
       (int32) 114,
       (int32) 121,
       (int32) 39,
       (int32) 32,
       (int32) 40,
       (int32) 49,
       (int32) 57,
       (int32) 56,
       (int32) 56,
       (int32) 41,
       (int32) 46
      }
     },
     (gocui.viewLine) {
      linesX: (int) 0,
      linesY: (int) 39,
      line: ([]int32) (len=107 cap=128) {
       (int32) 58,
       (int32) 116,
       (int32) 101,
       (int32) 112,
       (int32) 112,
       (int32) 101,
       (int32) 114,
       (int32) 46,
       (int32) 102,
       (int32) 114,
       (int32) 101,
       (int32) 101,
       (int32) 110,
       (int32) 111,
       (int32) 100,
       (int32) 101,
       (int32) 46,
       (int32) 110,
       (int32) 101,
       (int32) 116,
       (int32) 32,
       (int32) 51,
       (int32) 55,
       (int32) 50,
       (int32) 32,
       (int32) 109,
       (int32) 101,
       (int32) 112,
       (int32) 104,
       (int32) 117,
       (int32) 120,
       (int32) 116,
       (int32) 101,
       (int32) 115,
       (int32) 116,
       (int32) 99,
       (int32) 111,
       (int32) 110,
       (int32) 110,
       (int32) 101,
       (int32) 99,
       (int32) 32,
       (int32) 58,
       (int32) 45,
       (int32) 32,
       (int32) 118,
       (int32) 111,
       (int32) 108,
       (int32) 117,
       (int32) 110,
       (int32) 116,
       (int32) 101,
       (int32) 101,
       (int32) 114,
       (int32) 32,
       (int32) 115,
       (int32) 116,
       (int32) 97,
       (int32) 102,
       (int32) 102,
       (int32) 32,
       (int32) 97,
       (int32) 110,
       (int32) 100,
       (int32) 32,
       (int32) 104,
       (int32) 101,
       (int32) 108,
       (int32) 112,
       (int32) 102,
       (int32) 117,
       (int32) 108,
       (int32) 32,
       (int32) 117,
       (int32) 115,
       (int32) 101,
       (int32) 114,
       (int32) 115,
       (int32) 32,
       (int32) 119,
       (int32) 105,
       (int32) 108,
       (int32) 108,
       (int32) 32,
       (int32) 98,
       (int32) 101,
       (int32) 32,
       (int32) 104,
       (int32) 97,
       (int32) 112,
       (int32) 112,
       (int32) 121,
       (int32) 32,
       (int32) 116,
       (int32) 111,
       (int32) 32,
       (int32) 97,
       (int32) 115,
       (int32) 115,
       (int32) 105,
       (int32) 115,
       (int32) 116,
       (int32) 32,
       (int32) 121,
       (int32) 111,
       (int32) 117,
       (int32) 46
      }
     },
     (gocui.viewLine) {
      linesX: (int) 0,
      linesY: (int) 40,
      line: ([]int32) (len=106 cap=128) {
       (int32) 58,
       (int32) 116,
       (int32) 101,
       (int32) 112,
       (int32) 112,
       (int32) 101,
       (int32) 114,
       (int32) 46,
       (int32) 102,
       (int32) 114,
       (int32) 101,
       (int32) 101,
       (int32) 110,
       (int32) 111,
       (int32) 100,
       (int32) 101,
       (int32) 46,
       (int32) 110,
       (int32) 101,
       (int32) 116,
       (int32) 32,
       (int32) 51,
       (int32) 55,
       (int32) 50,
       (int32) 32,
       (int32) 109,
       (int32) 101,
       (int32) 112,
       (int32) 104,
       (int32) 117,
       (int32) 120,
       (int32) 116,
       (int32) 101,
       (int32) 115,
       (int32) 116,
       (int32) 99,
       (int32) 111,
       (int32) 110,
       (int32) 110,
       (int32) 101,
       (int32) 99,
       (int32) 32,
       (int32) 58,
       (int32) 45,
       (int32) 32,
       (int32) 66,
       (int32) 121,
       (int32) 32,
       (int32) 99,
       (int32) 111,
       (int32) 110,
       (int32) 110,
       (int32) 101,
       (int32) 99,
       (int32) 116,
       (int32) 105,
       (int32) 110,
       (int32) 103,
       (int32) 32,
       (int32) 116,
       (int32) 111,
       (int32) 32,
       (int32) 102,
       (int32) 114,
       (int32) 101,
       (int32) 101,
       (int32) 110,
       (int32) 111,
       (int32) 100,
       (int32) 101,
       (int32) 32,
       (int32) 121,
       (int32) 111,
       (int32) 117,
       (int32) 32,
       (int32) 105,
       (int32) 110,
       (int32) 100,
       (int32) 105,
       (int32) 99,
       (int32) 97,
       (int32) 116,
       (int32) 101,
       (int32) 32,
       (int32) 116,
       (int32) 104,
       (int32) 97,
       (int32) 116,
       (int32) 32,
       (int32) 121,
       (int32) 111,
       (int32) 117,
       (int32) 32,
       (int32) 104,
       (int32) 97,
       (int32) 118,
       (int32) 101,
       (int32) 32,
       (int32) 114,
       (int32) 101,
       (int32) 97,
       (int32) 100,
       (int32) 32,
       (int32) 97,
       (int32) 110,
       (int32) 100
      }
     },
     (gocui.viewLine) {
      linesX: (int) 0,
      linesY: (int) 41,
      line: ([]int32) (len=104 cap=128) {
       (int32) 58,
       (int32) 116,
       (int32) 101,
       (int32) 112,
       (int32) 112,
       (int32) 101,
       (int32) 114,
       (int32) 46,
       (int32) 102,
       (int32) 114,
       (int32) 101,
       (int32) 101,
       (int32) 110,
       (int32) 111,
       (int32) 100,
       (int32) 101,
       (int32) 46,
       (int32) 110,
       (int32) 101,
       (int32) 116,
       (int32) 32,
       (int32) 51,
       (int32) 55,
       (int32) 50,
       (int32) 32,
       (int32) 109,
       (int32) 101,
       (int32) 112,
       (int32) 104,
       (int32) 117,
       (int32) 120,
       (int32) 116,
       (int32) 101,
       (int32) 115,
       (int32) 116,
       (int32) 99,
       (int32) 111,
       (int32) 110,
       (int32) 110,
       (int32) 101,
       (int32) 99,
       (int32) 32,
       (int32) 58,
       (int32) 45,
       (int32) 32,
       (int32) 97,
       (int32) 110,
       (int32) 121,
       (int32) 32,
       (int32) 110,
       (int32) 101,
       (int32) 116,
       (int32) 119,
       (int32) 111,
       (int32) 114,
       (int32) 107,
       (int32) 45,
       (int32) 114,
       (int32) 101,
       (int32) 108,
       (int32) 97,
       (int32) 116,
       (int32) 101,
       (int32) 100,
       (int32) 32,
       (int32) 113,
       (int32) 117,
       (int32) 101,
       (int32) 115,
       (int32) 116,
       (int32) 105,
       (int32) 111,
       (int32) 110,
       (int32) 115,
       (int32) 32,
       (int32) 111,
       (int32) 114,
       (int32) 32,
       (int32) 113,
       (int32) 117,
       (int32) 101,
       (int32) 114,
       (int32) 105,
       (int32) 101,
       (int32) 115,
       (int32) 44,
       (int32) 32,
       (int32) 119,
       (int32) 104,
       (int32) 101,
       (int32) 114,
       (int32) 101,
       (int32) 32,
       (int32) 97,
       (int32) 32,
       (int32) 110,
       (int32) 117,
       (int32) 109,
       (int32) 98,
       (int32) 101,
       (int32) 114,
       (int32) 32,
       (int32) 111,
       (int32) 102
      }
     },
     (gocui.viewLine) {
      linesX: (int) 0,
      linesY: (int) 42,
      line: ([]int32) (len=107 cap=128) {
       (int32) 58,
       (int32) 116,
       (int32) 101,
       (int32) 112,
       (int32) 112,
       (int32) 101,
       (int32) 114,
       (int32) 46,
       (int32) 102,
       (int32) 114,
       (int32) 101,
       (int32) 101,
       (int32) 110,
       (int32) 111,
       (int32) 100,
       (int32) 101,
       (int32) 46,
       (int32) 110,
       (int32) 101,
       (int32) 116,
       (int32) 32,
       (int32) 51,
       (int32) 55,
       (int32) 50,
       (int32) 32,
       (int32) 109,
       (int32) 101,
       (int32) 112,
       (int32) 104,
       (int32) 117,
       (int32) 120,
       (int32) 116,
       (int32) 101,
       (int32) 115,
       (int32) 116,
       (int32) 99,
       (int32) 111,
       (int32) 110,
       (int32) 110,
       (int32) 101,
       (int32) 99,
       (int32) 32,
       (int32) 58,
       (int32) 45,
       (int32) 32,
       (int32) 102,
       (int32) 114,
       (int32) 101,
       (int32) 101,
       (int32) 110,
       (int32) 111,
       (int32) 100,
       (int32) 101,
       (int32) 32,
       (int32) 114,
       (int32) 117,
       (int32) 110,
       (int32) 115,
       (int32) 32,
       (int32) 97,
       (int32) 110,
       (int32) 32,
       (int32) 111,
       (int32) 112,
       (int32) 101,
       (int32) 110,
       (int32) 32,
       (int32) 112,
       (int32) 114,
       (int32) 111,
       (int32) 120,
       (int32) 121,
       (int32) 32,
       (int32) 115,
       (int32) 99,
       (int32) 97,
       (int32) 110,
       (int32) 110,
       (int32) 101,
       (int32) 114,
       (int32) 46,
       (int32) 32,
       (int32) 80,
       (int32) 108,
       (int32) 101,
       (int32) 97,
       (int32) 115,
       (int32) 101,
       (int32) 32,
       (int32) 106,
       (int32) 111,
       (int32) 105,
       (int32) 110,
       (int32) 32,
       (int32) 35,
       (int32) 102,
       (int32) 114,
       (int32) 101,
       (int32) 101,
       (int32) 110,
       (int32) 111,
       (int32) 100,
       (int32) 101,
       (int32) 32,
       (int32) 102,
       (int32) 111,
       (int32) 114
      }
     },
     (gocui.viewLine) {
      linesX: (int) 0,
      linesY: (int) 43,
      line: ([]int32) (len=46 cap=64) {
       (int32) 58,
       (int32) 116,
       (int32) 101,
       (int32) 112,
       (int32) 112,
       (int32) 101,
       (int32) 114,
       (int32) 46,
       (int32) 102,
       (int32) 114,
       (int32) 101,
       (int32) 101,
       (int32) 110,
       (int32) 111,
       (int32) 100,
       (int32) 101,
       (int32) 46,
       (int32) 110,
       (int32) 101,
       (int32) 116,
       (int32) 32,
       (int32) 51,
       (int32) 55,
       (int32) 50,
       (int32) 32,
       (int32) 109,
       (int32) 101,
       (int32) 112,
       (int32) 104,
       (int32) 117,
       (int32) 120,
       (int32) 116,
       (int32) 101,
       (int32) 115,
       (int32) 116,
       (int32) 99,
       (int32) 111,
       (int32) 110,
       (int32) 110,
       (int32) 101,
       (int32) 99,
       (int32) 32,
       (int32) 58,
       (int32) 45,
       (int32) 32,
       (int32) 32
      }
     },
     (gocui.viewLine) {
      linesX: (int) 0,
      linesY: (int) 44,
      line: ([]int32) (len=46 cap=64) {
       (int32) 58,
       (int32) 116,
       (int32) 101,
       (int32) 112,
       (int32) 112,
       (int32) 101,
       (int32) 114,
       (int32) 46,
       (int32) 102,
       (int32) 114,
       (int32) 101,
       (int32) 101,
       (int32) 110,
       (int32) 111,
       (int32) 100,
       (int32) 101,
       (int32) 46,
       (int32) 110,
       (int32) 101,
       (int32) 116,
       (int32) 32,
       (int32) 51,
       (int32) 55,
       (int32) 50,
       (int32) 32,
       (int32) 109,
       (int32) 101,
       (int32) 112,
       (int32) 104,
       (int32) 117,
       (int32) 120,
       (int32) 116,
       (int32) 101,
       (int32) 115,
       (int32) 116,
       (int32) 99,
       (int32) 111,
       (int32) 110,
       (int32) 110,
       (int32) 101,
       (int32) 99,
       (int32) 32,
       (int32) 58,
       (int32) 45,
       (int32) 32,
       (int32) 32
      }
     },
     (gocui.viewLine) {
      linesX: (int) 0,
      linesY: (int) 45,
      line: ([]int32) (len=109 cap=128) {
       (int32) 58,
       (int32) 116,
       (int32) 101,
       (int32) 112,
       (int32) 112,
       (int32) 101,
       (int32) 114,
       (int32) 46,
       (int32) 102,
       (int32) 114,
       (int32) 101,
       (int32) 101,
       (int32) 110,
       (int32) 111,
       (int32) 100,
       (int32) 101,
       (int32) 46,
       (int32) 110,
       (int32) 101,
       (int32) 116,
       (int32) 32,
       (int32) 51,
       (int32) 55,
       (int32) 50,
       (int32) 32,
       (int32) 109,
       (int32) 101,
       (int32) 112,
       (int32) 104,
       (int32) 117,
       (int32) 120,
       (int32) 116,
       (int32) 101,
       (int32) 115,
       (int32) 116,
       (int32) 99,
       (int32) 111,
       (int32) 110,
       (int32) 110,
       (int32) 101,
       (int32) 99,
       (int32) 32,
       (int32) 58,
       (int32) 45,
       (int32) 32,
       (int32) 89,
       (int32) 111,
       (int32) 117,
       (int32) 32,
       (int32) 99,
       (int32) 97,
       (int32) 110,
       (int32) 32,
       (int32) 109,
       (int32) 101,
       (int32) 101,
       (int32) 116,
       (int32) 32,
       (int32) 117,
       (int32) 115,
       (int32) 32,
       (int32) 97,
       (int32) 116,
       (int32) 32,
       (int32) 70,
       (int32) 79,
       (int32) 83,
       (int32) 83,
       (int32) 67,
       (int32) 79,
       (int32) 78,
       (int32) 32,
       (int32) 40,
       (int32) 104,
       (int32) 116,
       (int32) 116,
       (int32) 112,
       (int32) 58,
       (int32) 47,
       (int32) 47,
       (int32) 119,
       (int32) 119,
       (int32) 119,
       (int32) 46,
       (int32) 102,
       (int32) 111,
       (int32) 115,
       (int32) 115,
       (int32) 99,
       (int32) 111,
       (int32) 110,
       (int32) 46,
       (int32) 111,
       (int32) 114,
       (int32) 103,
       (int32) 41,
       (int32) 32,
       (int32) 119,
       (int32) 104,
       (int32) 101,
       (int32) 114,
       (int32) 101,
       (int32) 32,
       (int32) 119,
       (int32) 101,
       (int32) 32,
       (int32) 103,
       (int32) 101,
       (int32) 116
      }
     },
     (gocui.viewLine) {
      linesX: (int) 0,
      linesY: (int) 46,
      line: ([]int32) (len=101 cap=128) {
       (int32) 58,
       (int32) 116,
       (int32) 101,
       (int32) 112,
       (int32) 112,
       (int32) 101,
       (int32) 114,
       (int32) 46,
       (int32) 102,
       (int32) 114,
       (int32) 101,
       (int32) 101,
       (int32) 110,
       (int32) 111,
       (int32) 100,
       (int32) 101,
       (int32) 46,
       (int32) 110,
       (int32) 101,
       (int32) 116,
       (int32) 32,
       (int32) 51,
       (int32) 55,
       (int32) 50,
       (int32) 32,
       (int32) 109,
       (int32) 101,
       (int32) 112,
       (int32) 104,
       (int32) 117,
       (int32) 120,
       (int32) 116,
       (int32) 101,
       (int32) 115,
       (int32) 116,
       (int32) 99,
       (int32) 111,
       (int32) 110,
       (int32) 110,
       (int32) 101,
       (int32) 99,
       (int32) 32,
       (int32) 58,
       (int32) 45,
       (int32) 32,
       (int32) 116,
       (int32) 111,
       (int32) 103,
       (int32) 101,
       (int32) 116,
       (int32) 104,
       (int32) 101,
       (int32) 114,
       (int32) 32,
       (int32) 119,
       (int32) 105,
       (int32) 116,
       (int32) 104,
       (int32) 32,
       (int32) 108,
       (int32) 105,
       (int32) 107,
       (int32) 101,
       (int32) 45,
       (int32) 109,
       (int32) 105,
       (int32) 110,
       (int32) 100,
       (int32) 101,
       (int32) 100,
       (int32) 32,
       (int32) 70,
       (int32) 79,
       (int32) 83,
       (int32) 83,
       (int32) 32,
       (int32) 101,
       (int32) 110,
       (int32) 116,
       (int32) 104,
       (int32) 117,
       (int32) 115,
       (int32) 105,
       (int32) 97,
       (int32) 115,
       (int32) 116,
       (int32) 115,
       (int32) 32,
       (int32) 102,
       (int32) 111,
       (int32) 114,
       (int32) 32,
       (int32) 116,
       (int32) 97,
       (int32) 108,
       (int32) 107,
       (int32) 115,
       (int32) 32,
       (int32) 97,
       (int32) 110,
       (int32) 100
      }
     },
     (gocui.viewLine) {
      linesX: (int) 0,
      linesY: (int) 47,
      line: ([]int32) (len=69 cap=128) {
       (int32) 58,
       (int32) 116,
       (int32) 101,
       (int32) 112,
       (int32) 112,
       (int32) 101,
       (int32) 114,
       (int32) 46,
       (int32) 102,
       (int32) 114,
       (int32) 101,
       (int32) 101,
       (int32) 110,
       (int32) 111,
       (int32) 100,
       (int32) 101,
       (int32) 46,
       (int32) 110,
       (int32) 101,
       (int32) 116,
       (int32) 32,
       (int32) 51,
       (int32) 55,
       (int32) 50,
       (int32) 32,
       (int32) 109,
       (int32) 101,
       (int32) 112,
       (int32) 104,
       (int32) 117,
       (int32) 120,
       (int32) 116,
       (int32) 101,
       (int32) 115,
       (int32) 116,
       (int32) 99,
       (int32) 111,
       (int32) 110,
       (int32) 110,
       (int32) 101,
       (int32) 99,
       (int32) 32,
       (int32) 58,
       (int32) 45,
       (int32) 32,
       (int32) 114,
       (int32) 101,
       (int32) 97,
       (int32) 108,
       (int32) 45,
       (int32) 108,
       (int32) 105,
       (int32) 102,
       (int32) 101,
       (int32) 32,
       (int32) 99,
       (int32) 111,
       (int32) 108,
       (int32) 108,
       (int32) 97,
       (int32) 98,
       (int32) 111,
       (int32) 114,
       (int32) 97,
       (int32) 116,
       (int32) 105,
       (int32) 111,
       (int32) 110,
       (int32) 46
      }
     },
     (gocui.viewLine) {
      linesX: (int) 0,
      linesY: (int) 48,
      line: ([]int32) (len=99 cap=128) {
       (int32) 58,
       (int32) 116,
       (int32) 101,
       (int32) 112,
       (int32) 112,
       (int32) 101,
       (int32) 114,
       (int32) 46,
       (int32) 102,
       (int32) 114,
       (int32) 101,
       (int32) 101,
       (int32) 110,
       (int32) 111,
       (int32) 100,
       (int32) 101,
       (int32) 46,
       (int32) 110,
       (int32) 101,
       (int32) 116,
       (int32) 32,
       (int32) 51,
       (int32) 55,
       (int32) 50,
       (int32) 32,
       (int32) 109,
       (int32) 101,
       (int32) 112,
       (int32) 104,
       (int32) 117,
       (int32) 120,
       (int32) 116,
       (int32) 101,
       (int32) 115,
       (int32) 116,
       (int32) 99,
       (int32) 111,
       (int32) 110,
       (int32) 110,
       (int32) 101,
       (int32) 99,
       (int32) 32,
       (int32) 58,
       (int32) 45,
       (int32) 32,
       (int32) 40,
       (int32) 104,
       (int32) 116,
       (int32) 116,
       (int32) 112,
       (int32) 115,
       (int32) 58,
       (int32) 47,
       (int32) 47,
       (int32) 119,
       (int32) 119,
       (int32) 119,
       (int32) 46,
       (int32) 112,
       (int32) 114,
       (int32) 105,
       (int32) 118,
       (int32) 97,
       (int32) 116,
       (int32) 101,
       (int32) 105,
       (int32) 110,
       (int32) 116,
       (int32) 101,
       (int32) 114,
       (int32) 110,
       (int32) 101,
       (int32) 116,
       (int32) 97,
       (int32) 99,
       (int32) 99,
       (int32) 101,
       (int32) 115,
       (int32) 115,
       (int32) 46,
       (int32) 99,
       (int32) 111,
       (int32) 109,
       (int32) 47,
       (int32) 41,
       (int32) 32,
       (int32) 97,
       (int32) 110,
       (int32) 100,
       (int32) 32,
       (int32) 116,
       (int32) 104,
       (int32) 101,
       (int32) 32,
       (int32) 111,
       (int32) 116,
       (int32) 104,
       (int32) 101,
       (int32) 114
      }
     },
     (gocui.viewLine) {
      linesX: (int) 0,
      linesY: (int) 49,
      line: ([]int32) (len=64 cap=64) {
       (int32) 58,
       (int32) 116,
       (int32) 101,
       (int32) 112,
       (int32) 112,
       (int32) 101,
       (int32) 114,
       (int32) 46,
       (int32) 102,
       (int32) 114,
       (int32) 101,
       (int32) 101,
       (int32) 110,
       (int32) 111,
       (int32) 100,
       (int32) 101,
       (int32) 46,
       (int32) 110,
       (int32) 101,
       (int32) 116,
       (int32) 32,
       (int32) 51,
       (int32) 55,
       (int32) 54,
       (int32) 32,
       (int32) 109,
       (int32) 101,
       (int32) 112,
       (int32) 104,
       (int32) 117,
       (int32) 120,
       (int32) 116,
       (int32) 101,
       (int32) 115,
       (int32) 116,
       (int32) 99,
       (int32) 111,
       (int32) 110,
       (int32) 110,
       (int32) 101,
       (int32) 99,
       (int32) 32,
       (int32) 58,
       (int32) 69,
       (int32) 110,
       (int32) 100,
       (int32) 32,
       (int32) 111,
       (int32) 102,
       (int32) 32,
       (int32) 47,
       (int32) 77,
       (int32) 79,
       (int32) 84,
       (int32) 68,
       (int32) 32,
       (int32) 99,
       (int32) 111,
       (int32) 109,
       (int32) 109,
       (int32) 97,
       (int32) 110,
       (int32) 100,
       (int32) 46
      }
     },
     (gocui.viewLine) {
      linesX: (int) 0,
      linesY: (int) 50,
      line: ([]int32) (len=93 cap=128) {
       (int32) 58,
       (int32) 116,
       (int32) 101,
       (int32) 112,
       (int32) 112,
       (int32) 101,
       (int32) 114,
       (int32) 46,
       (int32) 102,
       (int32) 114,
       (int32) 101,
       (int32) 101,
       (int32) 110,
       (int32) 111,
       (int32) 100,
       (int32) 101,
       (int32) 46,
       (int32) 110,
       (int32) 101,
       (int32) 116,
       (int32) 32,
       (int32) 51,
       (int32) 55,
       (int32) 50,
       (int32) 32,
       (int32) 109,
       (int32) 101,
       (int32) 112,
       (int32) 104,
       (int32) 117,
       (int32) 120,
       (int32) 116,
       (int32) 101,
       (int32) 115,
       (int32) 116,
       (int32) 99,
       (int32) 111,
       (int32) 110,
       (int32) 110,
       (int32) 101,
       (int32) 99,
       (int32) 32,
       (int32) 58,
       (int32) 45,
       (int32) 32,
       (int32) 73,
       (int32) 110,
       (int32) 32,
       (int32) 112,
       (int32) 97,
       (int32) 114,
       (int32) 116,
       (int32) 105,
       (int32) 99,
       (int32) 117,
       (int32) 108,
       (int32) 97,
       (int32) 114,
       (int32) 32,
       (int32) 119,
       (int32) 101,
       (int32) 32,
       (int32) 119,
       (int32) 111,
       (int32) 117,
       (int32) 108,
       (int32) 100,
       (int32) 32,
       (int32) 108,
       (int32) 105,
       (int32) 107,
       (int32) 101,
       (int32) 32,
       (int32) 116,
       (int32) 111,
       (int32) 32,
       (int32) 116,
       (int32) 104,
       (int32) 97,
       (int32) 110,
       (int32) 107,
       (int32) 32,
       (int32) 116,
       (int32) 104,
       (int32) 101,
       (int32) 32,
       (int32) 115,
       (int32) 112,
       (int32) 111,
       (int32) 110,
       (int32) 115,
       (int32) 111,
       (int32) 114
      }
     },
     (gocui.viewLine) {
      linesX: (int) 0,
      linesY: (int) 51,
      line: ([]int32) (len=97 cap=128) {
       (int32) 58,
       (int32) 116,
       (int32) 101,
       (int32) 112,
       (int32) 112,
       (int32) 101,
       (int32) 114,
       (int32) 46,
       (int32) 102,
       (int32) 114,
       (int32) 101,
       (int32) 101,
       (int32) 110,
       (int32) 111,
       (int32) 100,
       (int32) 101,
       (int32) 46,
       (int32) 110,
       (int32) 101,
       (int32) 116,
       (int32) 32,
       (int32) 51,
       (int32) 55,
       (int32) 50,
       (int32) 32,
       (int32) 109,
       (int32) 101,
       (int32) 112,
       (int32) 104,
       (int32) 117,
       (int32) 120,
       (int32) 116,
       (int32) 101,
       (int32) 115,
       (int32) 116,
       (int32) 99,
       (int32) 111,
       (int32) 110,
       (int32) 110,
       (int32) 101,
       (int32) 99,
       (int32) 32,
       (int32) 58,
       (int32) 45,
       (int32) 32,
       (int32) 111,
       (int32) 102,
       (int32) 32,
       (int32) 116,
       (int32) 104,
       (int32) 105,
       (int32) 115,
       (int32) 32,
       (int32) 115,
       (int32) 101,
       (int32) 114,
       (int32) 118,
       (int32) 101,
       (int32) 114,
       (int32) 44,
       (int32) 32,
       (int32) 100,
       (int32) 101,
       (int32) 116,
       (int32) 97,
       (int32) 105,
       (int32) 108,
       (int32) 115,
       (int32) 32,
       (int32) 111,
       (int32) 102,
       (int32) 32,
       (int32) 119,
       (int32) 104,
       (int32) 105,
       (int32) 99,
       (int32) 104,
       (int32) 32,
       (int32) 99,
       (int32) 97,
       (int32) 110,
       (int32) 32,
       (int32) 98,
       (int32) 101,
       (int32) 32,
       (int32) 102,
       (int32) 111,
       (int32) 117,
       (int32) 110,
       (int32) 100,
       (int32) 32,
       (int32) 97,
       (int32) 98,
       (int32) 111,
       (int32) 118,
       (int32) 101,
       (int32) 46
      }
     },
     (gocui.viewLine) {
      linesX: (int) 0,
      linesY: (int) 52,
      line: ([]int32) (len=46 cap=64) {
       (int32) 58,
       (int32) 116,
       (int32) 101,
       (int32) 112,
       (int32) 112,
       (int32) 101,
       (int32) 114,
       (int32) 46,
       (int32) 102,
       (int32) 114,
       (int32) 101,
       (int32) 101,
       (int32) 110,
       (int32) 111,
       (int32) 100,
       (int32) 101,
       (int32) 46,
       (int32) 110,
       (int32) 101,
       (int32) 116,
       (int32) 32,
       (int32) 51,
       (int32) 55,
       (int32) 50,
       (int32) 32,
       (int32) 109,
       (int32) 101,
       (int32) 112,
       (int32) 104,
       (int32) 117,
       (int32) 120,
       (int32) 116,
       (int32) 101,
       (int32) 115,
       (int32) 116,
       (int32) 99,
       (int32) 111,
       (int32) 110,
       (int32) 110,
       (int32) 101,
       (int32) 99,
       (int32) 32,
       (int32) 58,
       (int32) 45,
       (int32) 32,
       (int32) 32
      }
     },
     (gocui.viewLine) {
      linesX: (int) 0,
      linesY: (int) 53,
      line: ([]int32) (len=91 cap=128) {
       (int32) 58,
       (int32) 116,
       (int32) 101,
       (int32) 112,
       (int32) 112,
       (int32) 101,
       (int32) 114,
       (int32) 46,
       (int32) 102,
       (int32) 114,
       (int32) 101,
       (int32) 101,
       (int32) 110,
       (int32) 111,
       (int32) 100,
       (int32) 101,
       (int32) 46,
       (int32) 110,
       (int32) 101,
       (int32) 116,
       (int32) 32,
       (int32) 51,
       (int32) 55,
       (int32) 50,
       (int32) 32,
       (int32) 109,
       (int32) 101,
       (int32) 112,
       (int32) 104,
       (int32) 117,
       (int32) 120,
       (int32) 116,
       (int32) 101,
       (int32) 115,
       (int32) 116,
       (int32) 99,
       (int32) 111,
       (int32) 110,
       (int32) 110,
       (int32) 101,
       (int32) 99,
       (int32) 32,
       (int32) 58,
       (int32) 45,
       (int32) 32,
       (int32) 87,
       (int32) 101,
       (int32) 32,
       (int32) 119,
       (int32) 111,
       (int32) 117,
       (int32) 108,
       (int32) 100,
       (int32) 32,
       (int32) 108,
       (int32) 105,
       (int32) 107,
       (int32) 101,
       (int32) 32,
       (int32) 116,
       (int32) 111,
       (int32) 32,
       (int32) 116,
       (int32) 104,
       (int32) 97,
       (int32) 110,
       (int32) 107,
       (int32) 32,
       (int32) 80,
       (int32) 114,
       (int32) 105,
       (int32) 118,
       (int32) 97,
       (int32) 116,
       (int32) 101,
       (int32) 32,
       (int32) 73,
       (int32) 110,
       (int32) 116,
       (int32) 101,
       (int32) 114,
       (int32) 110,
       (int32) 101,
       (int32) 116,
       (int32) 32,
       (int32) 65,
       (int32) 99,
       (int32) 99,
       (int32) 101,
       (int32) 115,
       (int32) 115
      }
     },
     (gocui.viewLine) {
      linesX: (int) 0,
      linesY: (int) 54,
      line: ([]int32) (len=105 cap=128) {
       (int32) 58,
       (int32) 116,
       (int32) 101,
       (int32) 112,
       (int32) 112,
       (int32) 101,
       (int32) 114,
       (int32) 46,
       (int32) 102,
       (int32) 114,
       (int32) 101,
       (int32) 101,
       (int32) 110,
       (int32) 111,
       (int32) 100,
       (int32) 101,
       (int32) 46,
       (int32) 110,
       (int32) 101,
       (int32) 116,
       (int32) 32,
       (int32) 51,
       (int32) 55,
       (int32) 50,
       (int32) 32,
       (int32) 109,
       (int32) 101,
       (int32) 112,
       (int32) 104,
       (int32) 117,
       (int32) 120,
       (int32) 116,
       (int32) 101,
       (int32) 115,
       (int32) 116,
       (int32) 99,
       (int32) 111,
       (int32) 110,
       (int32) 110,
       (int32) 101,
       (int32) 99,
       (int32) 32,
       (int32) 58,
       (int32) 45,
       (int32) 32,
       (int32) 111,
       (int32) 114,
       (int32) 103,
       (int32) 97,
       (int32) 110,
       (int32) 105,
       (int32) 115,
       (int32) 97,
       (int32) 116,
       (int32) 105,
       (int32) 111,
       (int32) 110,
       (int32) 115,
       (int32) 32,
       (int32) 116,
       (int32) 104,
       (int32) 97,
       (int32) 116,
       (int32) 32,
       (int32) 104,
       (int32) 101,
       (int32) 108,
       (int32) 112,
       (int32) 32,
       (int32) 107,
       (int32) 101,
       (int32) 101,
       (int32) 112,
       (int32) 32,
       (int32) 102,
       (int32) 114,
       (int32) 101,
       (int32) 101,
       (int32) 110,
       (int32) 111,
       (int32) 100,
       (int32) 101,
       (int32) 32,
       (int32) 97,
       (int32) 110,
       (int32) 100,
       (int32) 32,
       (int32) 111,
       (int32) 117,
       (int32) 114,
       (int32) 32,
       (int32) 111,
       (int32) 116,
       (int32) 104,
       (int32) 101,
       (int32) 114,
       (int32) 32,
       (int32) 112,
       (int32) 114,
       (int32) 111,
       (int32) 106,
       (int32) 101,
       (int32) 99,
       (int32) 116,
       (int32) 115
      }
     },
     (gocui.viewLine) {
      linesX: (int) 0,
      linesY: (int) 55,
      line: ([]int32) (len=46 cap=64) {
       (int32) 58,
       (int32) 116,
       (int32) 101,
       (int32) 112,
       (int32) 112,
       (int32) 101,
       (int32) 114,
       (int32) 46,
       (int32) 102,
       (int32) 114,
       (int32) 101,
       (int32) 101,
       (int32) 110,
       (int32) 111,
       (int32) 100,
       (int32) 101,
       (int32) 46,
       (int32) 110,
       (int32) 101,
       (int32) 116,
       (int32) 32,
       (int32) 51,
       (int32) 55,
       (int32) 50,
       (int32) 32,
       (int32) 109,
       (int32) 101,
       (int32) 112,
       (int32) 104,
       (int32) 117,
       (int32) 120,
       (int32) 116,
       (int32) 101,
       (int32) 115,
       (int32) 116,
       (int32) 99,
       (int32) 111,
       (int32) 110,
       (int32) 110,
       (int32) 101,
       (int32) 99,
       (int32) 32,
       (int32) 58,
       (int32) 45,
       (int32) 32,
       (int32) 32
      }
     },
     (gocui.viewLine) {
      linesX: (int) 0,
      linesY: (int) 56,
      line: ([]int32) (len=81 cap=128) {
       (int32) 58,
       (int32) 116,
       (int32) 101,
       (int32) 112,
       (int32) 112,
       (int32) 101,
       (int32) 114,
       (int32) 46,
       (int32) 102,
       (int32) 114,
       (int32) 101,
       (int32) 101,
       (int32) 110,
       (int32) 111,
       (int32) 100,
       (int32) 101,
       (int32) 46,
       (int32) 110,
       (int32) 101,
       (int32) 116,
       (int32) 32,
       (int32) 51,
       (int32) 55,
       (int32) 50,
       (int32) 32,
       (int32) 109,
       (int32) 101,
       (int32) 112,
       (int32) 104,
       (int32) 117,
       (int32) 120,
       (int32) 116,
       (int32) 101,
       (int32) 115,
       (int32) 116,
       (int32) 99,
       (int32) 111,
       (int32) 110,
       (int32) 110,
       (int32) 101,
       (int32) 99,
       (int32) 32,
       (int32) 58,
       (int32) 45,
       (int32) 32,
       (int32) 114,
       (int32) 117,
       (int32) 110,
       (int32) 110,
       (int32) 105,
       (int32) 110,
       (int32) 103,
       (int32) 32,
       (int32) 102,
       (int32) 111,
       (int32) 114,
       (int32) 32,
       (int32) 116,
       (int32) 104,
       (int32) 101,
       (int32) 105,
       (int32) 114,
       (int32) 32,
       (int32) 115,
       (int32) 117,
       (int32) 115,
       (int32) 116,
       (int32) 97,
       (int32) 105,
       (int32) 110,
       (int32) 101,
       (int32) 100,
       (int32) 32,
       (int32) 115,
       (int32) 117,
       (int32) 112,
       (int32) 112,
       (int32) 111,
       (int32) 114,
       (int32) 116,
       (int32) 46
      }
     },
     (gocui.viewLine) {
      linesX: (int) 0,
      linesY: (int) 57,
      line: ([]int32) (len=16 cap=16) {
       (int32) 71,
       (int32) 79,
       (int32) 32,
       (int32) 67,
       (int32) 79,
       (int32) 77,
       (int32) 60,
       (int32) 77,
       (int32) 65,
       (int32) 78,
       (int32) 68,
       (int32) 32,
       (int32) 106,
       (int32) 111,
       (int32) 105,
       (int32) 110
      }
     },
     (gocui.viewLine) {
      linesX: (int) 0,
      linesY: (int) 58,
      line: ([]int32) (len=30 cap=32) {
       (int32) 74,
       (int32) 111,
       (int32) 105,
       (int32) 110,
       (int32) 32,
       (int32) 65,
       (int32) 114,
       (int32) 103,
       (int32) 115,
       (int32) 32,
       (int32) 91,
       (int32) 106,
       (int32) 111,
       (int32) 105,
       (int32) 110,
       (int32) 32,
       (int32) 35,
       (int32) 99,
       (int32) 111,
       (int32) 111,
       (int32) 108,
       (int32) 116,
       (int32) 101,
       (int32) 115,
       (int32) 116,
       (int32) 119,
       (int32) 111,
       (int32) 114,
       (int32) 100,
       (int32) 93
      }
     },
     (gocui.viewLine) {
      linesX: (int) 0,
      linesY: (int) 59,
      line: ([]int32) <nil>
     }
    },
    BgColor: (gocui.Attribute) 1,
    FgColor: (gocui.Attribute) 7,
    SelBgColor: (gocui.Attribute) 0,
    SelFgColor: (gocui.Attribute) 0,
    Editable: (bool) false,
    Overwrite: (bool) false,
    Highlight: (bool) true,
    Frame: (bool) true,
    Wrap: (bool) true,
    Autoscroll: (bool) true
   }),
   buf: ([]uint8) (len=57 cap=64) {
    00000000  43 6f 6e 6e 65 63 74 65  64 20 74 6f 20 69 72 63  |Connected to irc|
    00000010  2e 66 72 65 65 6e 6f 64  65 2e 6e 65 74 3a 36 36  |.freenode.net:66|
    00000020  36 37 20 28 31 39 32 2e  31 38 36 2e 31 35 37 2e  |67 (192.186.157.|
    00000030  34 33 3a 36 36 36 37 29  0a                       |43:6667).|
   }
  }),
  stopped: (bool) false
 })
})

logsutil.go:25: LINE yola
logsutil.go:25: LINE /exit
logscommand.go:40: XXX IN REGISTER 0xc82001a1b0 0xc82001a1b0
logskomanda.go:56: BEFORE REGISTER 0xc8200a2280 0xc8200a2280
logskomanda.go:108: BEFORE REGISTER 0xc8200a2280 0xc8200a2280
logslayout.go:34: LAYOUT 0xc8200a2280 0xc8200a2280
logsutil.go:25: LINE /connect
logsutil.go:25: LINE /join #cooltestword
logsutil.go:25: LINE hello
logsserver.go:80: MSG #cooltestword mephux unaffiliated/mephux [#cooltestword asdasd]
logsutil.go:25: LINE /exit
logscommand.go:40: XXX IN REGISTER 0xc82001a1b0 0xc82001a1b0
logskomanda.go:56: BEFORE REGISTER 0xc8200a2280 0xc8200a2280
logskomanda.go:108: BEFORE REGISTER 0xc8200a2280 0xc8200a2280
logslayout.go:34: LAYOUT 0xc8200a2280 0xc8200a2280
logsutil.go:25: LINE /connect
logsutil.go:25: LINE 
logsutil.go:25: LINE /exit
logscommand.go:40: XXX IN REGISTER 0xc82001a1b0 0xc82001a1b0
logskomanda.go:56: BEFORE REGISTER 0xc8200a2280 0xc8200a2280
logskomanda.go:108: BEFORE REGISTER 0xc8200a2280 0xc8200a2280
logslayout.go:34: LAYOUT 0xc8200a2280 0xc8200a2280
logsutil.go:25: LINE /connect
logsutil.go:25: LINE /join #i3
logsstatus.go:58: TOPIC (*irc.Event)(0xc8200a2800)({
 Code: (string) (len=3) "332",
 Raw: (string) (len=287) ":tepper.freenode.net 332 mephuxtestconnec #i3 :i3 v4.11 released | i3status 2.10 released | i3lock 2.7 released | http://code.i3wm.org/ | http://i3wm.org/ | http://faq.i3wm.org/ | http://build.i3wm.org/download-count.txt | paste at http://p.nnev.de/ | file upload at https://transfer.sh/",
 Nick: (string) "",
 Host: (string) "",
 Source: (string) (len=19) "tepper.freenode.net",
 User: (string) "",
 Arguments: ([]string) (len=3 cap=4) {
  (string) (len=16) "mephuxtestconnec",
  (string) (len=3) "#i3",
  (string) (len=240) "i3 v4.11 released | i3status 2.10 released | i3lock 2.7 released | http://code.i3wm.org/ | http://i3wm.org/ | http://faq.i3wm.org/ | http://build.i3wm.org/download-count.txt | paste at http://p.nnev.de/ | file upload at https://transfer.sh/"
 },
 Connection: (*irc.Connection)(0xc820090360)({
  WaitGroup: (sync.WaitGroup) {
   state1: ([12]uint8) (len=12 cap=12) {
    00000000  00 00 00 00 03 00 00 00  00 00 00 00              |............|
   },
   sema: (uint32) 0
  },
  Debug: (bool) false,
  Error: (chan error) (cap=2) 0xc820178180,
  Password: (string) "",
  UseTLS: (bool) false,
  TLSConfig: (*tls.Config)(<nil>),
  Version: (string) (len=16) "go-ircevent v2.1",
  Timeout: (time.Duration) 1m0s,
  PingFreq: (time.Duration) 15m0s,
  KeepAlive: (time.Duration) 4m0s,
  Server: (string) (len=21) "irc.freenode.net:6667",
  socket: (*net.TCPConn)(0xc82015e080)({
   conn: (net.conn) {
    fd: (*net.netFD)(0xc82015ca80)({
     fdmu: (net.fdMutex) {
      state: (uint64) 10,
      rsema: (uint32) 0,
      wsema: (uint32) 0
     },
     sysfd: (int) 7,
     family: (int) 2,
     sotype: (int) 1,
     isConnected: (bool) true,
     net: (string) (len=3) "tcp",
     laddr: (*net.TCPAddr)(0xc8201519e0)(192.168.0.7:49702),
     raddr: (*net.TCPAddr)(0xc820151a10)(192.186.157.43:6667),
     pd: (net.pollDesc) {
      runtimeCtx: (uintptr) 0x7f563c7bb128
     }
    })
   }
  }),
  pwrite: (chan string) (cap=10) 0xc820178120,
  end: (chan struct {}) 0xc82001e7e0,
  nick: (string) (len=17) "mephuxtestconnect",
  nickcurrent: (string) (len=16) "mephuxtestconnec",
  user: (string) (len=6) "mephux",
  registered: (bool) false,
  events: (map[string]map[string]func(*irc.Event)) (len=26) {
   (string) (len=3) "003": (map[string]func(*irc.Event)) (len=1) {
    (string) (len=40) "f25701a9f29ac32c98088f477c6786854562a653": (func(*irc.Event)) 0x487650
   },
   (string) (len=3) "221": (map[string]func(*irc.Event)) (len=1) {
    (string) (len=40) "b378fdcc140a970cad4f52af557f74ee74881f63": (func(*irc.Event)) 0x487650
   },
   (string) (len=3) "332": (map[string]func(*irc.Event)) (len=1) {
    (string) (len=40) "c58800f391b92a4ae6f3ee38edf56d7469dde79d": (func(*irc.Event)) 0x487700
   },
   (string) (len=5) "ERROR": (map[string]func(*irc.Event)) (len=1) {
    (string) (len=40) "428c6b6feb0b8a9e6ff4185f8a7d8828ab7a5684": (func(*irc.Event)) 0x4e4580
   },
   (string) (len=3) "437": (map[string]func(*irc.Event)) (len=1) {
    (string) (len=40) "3b88c75945f3955a3b640bfffca7fc4971e66781": (func(*irc.Event)) 0x4e5050
   },
   (string) (len=4) "PONG": (map[string]func(*irc.Event)) (len=1) {
    (string) (len=40) "2c0828195873be2a0a16aed84947669cf2b8f94b": (func(*irc.Event)) 0x4e55d0
   },
   (string) (len=3) "002": (map[string]func(*irc.Event)) (len=1) {
    (string) (len=40) "1ed9a3dcbbc2a00d24f573665e13bdb1a557c95e": (func(*irc.Event)) 0x487650
   },
   (string) (len=4) "NICK": (map[string]func(*irc.Event)) (len=1) {
    (string) (len=40) "ff783d40e27742388456f41e973b8e2a44d12da4": (func(*irc.Event)) 0x4e5810
   },
   (string) (len=3) "005": (map[string]func(*irc.Event)) (len=1) {
    (string) (len=40) "bb457e3010373f43cc2dddf7a4b63eea624f4242": (func(*irc.Event)) 0x487650
   },
   (string) (len=3) "007": (map[string]func(*irc.Event)) (len=1) {
    (string) (len=40) "7404fe41efd3e27908fe2efb7a3a66408781536c": (func(*irc.Event)) 0x487650
   },
   (string) (len=3) "378": (map[string]func(*irc.Event)) (len=1) {
    (string) (len=40) "23ac22e6529a1ea658d6ea8b1656d5a63c24e3da": (func(*irc.Event)) 0x487650
   },
   (string) (len=12) "CTCP_VERSION": (map[string]func(*irc.Event)) (len=1) {
    (string) (len=40) "22080aa1e7a13f5f4937e83d80e88162b1d9f30e": (func(*irc.Event)) 0x4e4730
   },
   (string) (len=15) "CTCP_CLIENTINFO": (map[string]func(*irc.Event)) (len=2) {
    (string) (len=40) "e3c5b0e60b441e81cfc064ebcb8d853e270babd3": (func(*irc.Event)) 0x487650,
    (string) (len=40) "3266cd4f5fe1a703f7c9a999dbda0872afaccf47": (func(*irc.Event)) 0x4e4ad0
   },
   (string) (len=9) "CTCP_TIME": (map[string]func(*irc.Event)) (len=1) {
    (string) (len=40) "53305f19e5c4daa2077f523ccf2027a5adac486a": (func(*irc.Event)) 0x4e4c00
   },
   (string) (len=9) "CTCP_PING": (map[string]func(*irc.Event)) (len=1) {
    (string) (len=40) "6d420b8f8c6c317e2f439f426fab2d0aaeeaa7af": (func(*irc.Event)) 0x4e4e10
   },
   (string) (len=13) "CTCP_USERINFO": (map[string]func(*irc.Event)) (len=2) {
    (string) (len=40) "78de63c5bb1e31de4497322cc95700c7203dc28b": (func(*irc.Event)) 0x4e4900,
    (string) (len=40) "1bbdeb59ab59c19cc7731c103b1a5358955b74b0": (func(*irc.Event)) 0x487650
   },
   (string) (len=3) "433": (map[string]func(*irc.Event)) (len=1) {
    (string) (len=40) "6c798c125a4618eafb7f9eeed06449579fae4607": (func(*irc.Event)) 0x4e5310
   },
   (string) (len=1) "0": (map[string]func(*irc.Event)) (len=1) {
    (string) (len=40) "8deab37143a9bffb972a49172c9cf14a05ccec4f": (func(*irc.Event)) 0x487650
   },
   (string) (len=7) "PRIVMSG": (map[string]func(*irc.Event)) (len=1) {
    (string) (len=40) "90db00f1f9614510c51a64148a86756e78595113": (func(*irc.Event)) 0x482b00
   },
   (string) (len=3) "372": (map[string]func(*irc.Event)) (len=1) {
    (string) (len=40) "03927e203f72e7d6f59ce744376c56fa502eee29": (func(*irc.Event)) 0x487650
   },
   (string) (len=3) "377": (map[string]func(*irc.Event)) (len=1) {
    (string) (len=40) "055272ed55cdf92144d8a8c9ea3919b723cbc94b": (func(*irc.Event)) 0x487650
   },
   (string) (len=3) "376": (map[string]func(*irc.Event)) (len=1) {
    (string) (len=40) "4515d15d6958080d37712a9de4d471965ecf2c18": (func(*irc.Event)) 0x487650
   },
   (string) (len=4) "PING": (map[string]func(*irc.Event)) (len=2) {
    (string) (len=40) "555519e9097ace65a6449415951f507b655aaa8d": (func(*irc.Event)) 0x4e45b0,
    (string) (len=40) "1f68edf6029a4385664a98417ead97810171bab8": (func(*irc.Event)) 0x487650
   },
   (string) (len=3) "001": (map[string]func(*irc.Event)) (len=2) {
    (string) (len=40) "74dc71cc80daa85542ee5a4426d89b5df18d11b8": (func(*irc.Event)) 0x4e5970,
    (string) (len=40) "3d0cde7868a03d96498d2702d77821c05b58edbe": (func(*irc.Event)) 0x487650
   },
   (string) (len=3) "004": (map[string]func(*irc.Event)) (len=1) {
    (string) (len=40) "6afdc73f51d3a7c0c65cf7a96136fca70ffb16d3": (func(*irc.Event)) 0x487650
   },
   (string) (len=3) "375": (map[string]func(*irc.Event)) (len=1) {
    (string) (len=40) "6f2bfb18ae7937470db529ae101821e257b98e81": (func(*irc.Event)) 0x487650
   }
  },
  lastMessage: (time.Time) 2016-02-06 15:58:27.875590293 -0500 EST,
  VerboseCallbackHandler: (bool) false,
  Log: (*log.Logger)(0xc8201240a0)({
   mu: (sync.Mutex) {
    state: (int32) 0,
    sema: (uint32) 0
   },
   prefix: (string) "",
   flag: (int) 0,
   out: (*gocui.View)(0xc8200e8000)({
    name: (string) (len=6) "status",
    x0: (int) -1,
    y0: (int) -1,
    x1: (int) 116,
    y1: (int) 37,
    ox: (int) 0,
    oy: (int) 30,
    cx: (int) 0,
    cy: (int) 0,
    lines: ([][]int32) (len=60 cap=64) {
     ([]int32) <nil>,
     ([]int32) (len=64 cap=64) {
      (int32) 32,
      (int32) 32,
      (int32) 9608,
      (int32) 9608,
      (int32) 9559,
      (int32) 32,
      (int32) 32,
      (int32) 9608,
      (int32) 9608,
      (int32) 9559,
      (int32) 32,
      (int32) 9608,
      (int32) 9608,
      (int32) 9608,
      (int32) 9608,
      (int32) 9608,
      (int32) 9608,
      (int32) 9559,
      (int32) 32,
      (int32) 9608,
      (int32) 9608,
      (int32) 9608,
      (int32) 9559,
      (int32) 32,
      (int32) 32,
      (int32) 32,
      (int32) 9608,
      (int32) 9608,
      (int32) 9608,
      (int32) 9559,
      (int32) 32,
      (int32) 9608,
      (int32) 9608,
      (int32) 9608,
      (int32) 9608,
      (int32) 9608,
      (int32) 9559,
      (int32) 32,
      (int32) 9608,
      (int32) 9608,
      (int32) 9608,
      (int32) 9559,
      (int32) 32,
      (int32) 32,
      (int32) 32,
      (int32) 9608,
      (int32) 9608,
      (int32) 9559,
      (int32) 9608,
      (int32) 9608,
      (int32) 9608,
      (int32) 9608,
      (int32) 9608,
      (int32) 9608,
      (int32) 9559,
      (int32) 32,
      (int32) 32,
      (int32) 9608,
      (int32) 9608,
      (int32) 9608,
      (int32) 9608,
      (int32) 9608,
      (int32) 9559,
      (int32) 32
     },
     ([]int32) (len=64 cap=64) {
      (int32) 32,
      (int32) 32,
      (int32) 9608,
      (int32) 9608,
      (int32) 9553,
      (int32) 32,
      (int32) 9608,
      (int32) 9608,
      (int32) 9556,
      (int32) 9565,
      (int32) 9608,
      (int32) 9608,
      (int32) 9556,
      (int32) 9552,
      (int32) 9552,
      (int32) 9552,
      (int32) 9608,
      (int32) 9608,
      (int32) 9559,
      (int32) 9608,
      (int32) 9608,
      (int32) 9608,
      (int32) 9608,
      (int32) 9559,
      (int32) 32,
      (int32) 9608,
      (int32) 9608,
      (int32) 9608,
      (int32) 9608,
      (int32) 9553,
      (int32) 9608,
      (int32) 9608,
      (int32) 9556,
      (int32) 9552,
      (int32) 9552,
      (int32) 9608,
      (int32) 9608,
      (int32) 9559,
      (int32) 9608,
      (int32) 9608,
      (int32) 9608,
      (int32) 9608,
      (int32) 9559,
      (int32) 32,
      (int32) 32,
      (int32) 9608,
      (int32) 9608,
      (int32) 9553,
      (int32) 9608,
      (int32) 9608,
      (int32) 9556,
      (int32) 9552,
      (int32) 9552,
      (int32) 9608,
      (int32) 9608,
      (int32) 9559,
      (int32) 9608,
      (int32) 9608,
      (int32) 9556,
      (int32) 9552,
      (int32) 9552,
      (int32) 9608,
      (int32) 9608,
      (int32) 9559
     },
     ([]int32) (len=64 cap=64) {
      (int32) 32,
      (int32) 32,
      (int32) 9608,
      (int32) 9608,
      (int32) 9608,
      (int32) 9608,
      (int32) 9608,
      (int32) 9556,
      (int32) 9565,
      (int32) 32,
      (int32) 9608,
      (int32) 9608,
      (int32) 9553,
      (int32) 32,
      (int32) 32,
      (int32) 32,
      (int32) 9608,
      (int32) 9608,
      (int32) 9553,
      (int32) 9608,
      (int32) 9608,
      (int32) 9556,
      (int32) 9608,
      (int32) 9608,
      (int32) 9608,
      (int32) 9608,
      (int32) 9556,
      (int32) 9608,
      (int32) 9608,
      (int32) 9553,
      (int32) 9608,
      (int32) 9608,
      (int32) 9608,
      (int32) 9608,
      (int32) 9608,
      (int32) 9608,
      (int32) 9608,
      (int32) 9553,
      (int32) 9608,
      (int32) 9608,
      (int32) 9556,
      (int32) 9608,
      (int32) 9608,
      (int32) 9559,
      (int32) 32,
      (int32) 9608,
      (int32) 9608,
      (int32) 9553,
      (int32) 9608,
      (int32) 9608,
      (int32) 9553,
      (int32) 32,
      (int32) 32,
      (int32) 9608,
      (int32) 9608,
      (int32) 9553,
      (int32) 9608,
      (int32) 9608,
      (int32) 9608,
      (int32) 9608,
      (int32) 9608,
      (int32) 9608,
      (int32) 9608,
      (int32) 9553
     },
     ([]int32) (len=64 cap=64) {
      (int32) 32,
      (int32) 32,
      (int32) 9608,
      (int32) 9608,
      (int32) 9556,
      (int32) 9552,
      (int32) 9608,
      (int32) 9608,
      (int32) 9559,
      (int32) 32,
      (int32) 9608,
      (int32) 9608,
      (int32) 9553,
      (int32) 32,
      (int32) 32,
      (int32) 32,
      (int32) 9608,
      (int32) 9608,
      (int32) 9553,
      (int32) 9608,
      (int32) 9608,
      (int32) 9553,
      (int32) 9562,
      (int32) 9608,
      (int32) 9608,
      (int32) 9556,
      (int32) 9565,
      (int32) 9608,
      (int32) 9608,
      (int32) 9553,
      (int32) 9608,
      (int32) 9608,
      (int32) 9556,
      (int32) 9552,
      (int32) 9552,
      (int32) 9608,
      (int32) 9608,
      (int32) 9553,
      (int32) 9608,
      (int32) 9608,
      (int32) 9553,
      (int32) 9562,
      (int32) 9608,
      (int32) 9608,
      (int32) 9559,
      (int32) 9608,
      (int32) 9608,
      (int32) 9553,
      (int32) 9608,
      (int32) 9608,
      (int32) 9553,
      (int32) 32,
      (int32) 32,
      (int32) 9608,
      (int32) 9608,
      (int32) 9553,
      (int32) 9608,
      (int32) 9608,
      (int32) 9556,
      (int32) 9552,
      (int32) 9552,
      (int32) 9608,
      (int32) 9608,
      (int32) 9553
     },
     ([]int32) (len=64 cap=64) {
      (int32) 32,
      (int32) 32,
      (int32) 9608,
      (int32) 9608,
      (int32) 9553,
      (int32) 32,
      (int32) 32,
      (int32) 9608,
      (int32) 9608,
      (int32) 9559,
      (int32) 9562,
      (int32) 9608,
      (int32) 9608,
      (int32) 9608,
      (int32) 9608,
      (int32) 9608,
      (int32) 9608,
      (int32) 9556,
      (int32) 9565,
      (int32) 9608,
      (int32) 9608,
      (int32) 9553,
      (int32) 32,
      (int32) 9562,
      (int32) 9552,
      (int32) 9565,
      (int32) 32,
      (int32) 9608,
      (int32) 9608,
      (int32) 9553,
      (int32) 9608,
      (int32) 9608,
      (int32) 9553,
      (int32) 32,
      (int32) 32,
      (int32) 9608,
      (int32) 9608,
      (int32) 9553,
      (int32) 9608,
      (int32) 9608,
      (int32) 9553,
      (int32) 32,
      (int32) 9562,
      (int32) 9608,
      (int32) 9608,
      (int32) 9608,
      (int32) 9608,
      (int32) 9553,
      (int32) 9608,
      (int32) 9608,
      (int32) 9608,
      (int32) 9608,
      (int32) 9608,
      (int32) 9608,
      (int32) 9556,
      (int32) 9565,
      (int32) 9608,
      (int32) 9608,
      (int32) 9553,
      (int32) 32,
      (int32) 32,
      (int32) 9608,
      (int32) 9608,
      (int32) 9553
     },
     ([]int32) (len=64 cap=64) {
      (int32) 32,
      (int32) 32,
      (int32) 9562,
      (int32) 9552,
      (int32) 9565,
      (int32) 32,
      (int32) 32,
      (int32) 9562,
      (int32) 9552,
      (int32) 9565,
      (int32) 32,
      (int32) 9562,
      (int32) 9552,
      (int32) 9552,
      (int32) 9552,
      (int32) 9552,
      (int32) 9552,
      (int32) 9565,
      (int32) 32,
      (int32) 9562,
      (int32) 9552,
      (int32) 9565,
      (int32) 32,
      (int32) 32,
      (int32) 32,
      (int32) 32,
      (int32) 32,
      (int32) 9562,
      (int32) 9552,
      (int32) 9565,
      (int32) 9562,
      (int32) 9552,
      (int32) 9565,
      (int32) 32,
      (int32) 32,
      (int32) 9562,
      (int32) 9552,
      (int32) 9565,
      (int32) 9562,
      (int32) 9552,
      (int32) 9565,
      (int32) 32,
      (int32) 32,
      (int32) 9562,
      (int32) 9552,
      (int32) 9552,
      (int32) 9552,
      (int32) 9565,
      (int32) 9562,
      (int32) 9552,
      (int32) 9552,
      (int32) 9552,
      (int32) 9552,
      (int32) 9552,
      (int32) 9565,
      (int32) 32,
      (int32) 9562,
      (int32) 9552,
      (int32) 9565,
      (int32) 32,
      (int32) 32,
      (int32) 9562,
      (int32) 9552,
      (int32) 9565
     },
     ([]int32) (len=55 cap=64) {
      (int32) 32,
      (int32) 32,
      (int32) 86,
      (int32) 101,
      (int32) 114,
      (int32) 115,
      (int32) 105,
      (int32) 111,
      (int32) 110,
      (int32) 58,
      (int32) 32,
      (int32) 48,
      (int32) 46,
      (int32) 49,
      (int32) 46,
      (int32) 48,
      (int32) 32,
      (int32) 83,
      (int32) 111,
      (int32) 117,
      (int32) 114,
      (int32) 99,
      (int32) 101,
      (int32) 32,
      (int32) 67,
      (int32) 111,
      (int32) 100,
      (int32) 101,
      (int32) 58,
      (int32) 32,
      (int32) 103,
      (int32) 105,
      (int32) 116,
      (int32) 104,
      (int32) 117,
      (int32) 98,
      (int32) 46,
      (int32) 99,
      (int32) 111,
      (int32) 109,
      (int32) 47,
      (int32) 109,
      (int32) 101,
      (int32) 112,
      (int32) 104,
      (int32) 117,
      (int32) 120,
      (int32) 47,
      (int32) 107,
      (int32) 111,
      (int32) 109,
      (int32) 97,
      (int32) 110,
      (int32) 100,
      (int32) 97
     },
     ([]int32) <nil>,
     ([]int32) (len=19 cap=32) {
      (int32) 71,
      (int32) 79,
      (int32) 32,
      (int32) 67,
      (int32) 79,
      (int32) 77,
      (int32) 60,
      (int32) 77,
      (int32) 65,
      (int32) 78,
      (int32) 68,
      (int32) 32,
      (int32) 99,
      (int32) 111,
      (int32) 110,
      (int32) 110,
      (int32) 101,
      (int32) 99,
      (int32) 116
     },
     ([]int32) (len=29 cap=32) {
      (int32) 71,
      (int32) 111,
      (int32) 116,
      (int32) 32,
      (int32) 67,
      (int32) 111,
      (int32) 110,
      (int32) 110,
      (int32) 101,
      (int32) 99,
      (int32) 116,
      (int32) 32,
      (int32) 67,
      (int32) 111,
      (int32) 109,
      (int32) 109,
      (int32) 97,
      (int32) 110,
      (int32) 100,
      (int32) 32,
      (int32) 91,
      (int32) 99,
      (int32) 111,
      (int32) 110,
      (int32) 110,
      (int32) 101,
      (int32) 99,
      (int32) 116,
      (int32) 93
     },
     ([]int32) (len=56 cap=64) {
      (int32) 67,
      (int32) 111,
      (int32) 110,
      (int32) 110,
      (int32) 101,
      (int32) 99,
      (int32) 116,
      (int32) 101,
      (int32) 100,
      (int32) 32,
      (int32) 116,
      (int32) 111,
      (int32) 32,
      (int32) 105,
      (int32) 114,
      (int32) 99,
      (int32) 46,
      (int32) 102,
      (int32) 114,
      (int32) 101,
      (int32) 101,
      (int32) 110,
      (int32) 111,
      (int32) 100,
      (int32) 101,
      (int32) 46,
      (int32) 110,
      (int32) 101,
      (int32) 116,
      (int32) 58,
      (int32) 54,
      (int32) 54,
      (int32) 54,
      (int32) 55,
      (int32) 32,
      (int32) 40,
      (int32) 49,
      (int32) 57,
      (int32) 50,
      (int32) 46,
      (int32) 49,
      (int32) 56,
      (int32) 54,
      (int32) 46,
      (int32) 49,
      (int32) 53,
      (int32) 55,
      (int32) 46,
      (int32) 52,
      (int32) 51,
      (int32) 58,
      (int32) 54,
      (int32) 54,
      (int32) 54,
      (int32) 55,
      (int32) 41
     },
     ([]int32) (len=111 cap=128) {
      (int32) 58,
      (int32) 116,
      (int32) 101,
      (int32) 112,
      (int32) 112,
      (int32) 101,
      (int32) 114,
      (int32) 46,
      (int32) 102,
      (int32) 114,
      (int32) 101,
      (int32) 101,
      (int32) 110,
      (int32) 111,
      (int32) 100,
      (int32) 101,
      (int32) 46,
      (int32) 110,
      (int32) 101,
      (int32) 116,
      (int32) 32,
      (int32) 48,
      (int32) 48,
      (int32) 49,
      (int32) 32,
      (int32) 109,
      (int32) 101,
      (int32) 112,
      (int32) 104,
      (int32) 117,
      (int32) 120,
      (int32) 116,
      (int32) 101,
      (int32) 115,
      (int32) 116,
      (int32) 99,
      (int32) 111,
      (int32) 110,
      (int32) 110,
      (int32) 101,
      (int32) 99,
      (int32) 32,
      (int32) 58,
      (int32) 87,
      (int32) 101,
      (int32) 108,
      (int32) 99,
      (int32) 111,
      (int32) 109,
      (int32) 101,
      (int32) 32,
      (int32) 116,
      (int32) 111,
      (int32) 32,
      (int32) 116,
      (int32) 104,
      (int32) 101,
      (int32) 32,
      (int32) 102,
      (int32) 114,
      (int32) 101,
      (int32) 101,
      (int32) 110,
      (int32) 111,
      (int32) 100,
      (int32) 101,
      (int32) 32,
      (int32) 73,
      (int32) 110,
      (int32) 116,
      (int32) 101,
      (int32) 114,
      (int32) 110,
      (int32) 101,
      (int32) 116,
      (int32) 32,
      (int32) 82,
      (int32) 101,
      (int32) 108,
      (int32) 97,
      (int32) 121,
      (int32) 32,
      (int32) 67,
      (int32) 104,
      (int32) 97,
      (int32) 116,
      (int32) 32,
      (int32) 78,
      (int32) 101,
      (int32) 116,
      (int32) 119,
      (int32) 111,
      (int32) 114,
      (int32) 107,
      (int32) 32,
      (int32) 109,
      (int32) 101,
      (int32) 112,
      (int32) 104,
      (int32) 117,
      (int32) 120,
      (int32) 116,
      (int32) 101,
      (int32) 115,
      (int32) 116,
      (int32) 99,
      (int32) 111,
      (int32) 110,
      (int32) 110,
      (int32) 101,
      (int32) 99
     },
     ([]int32) (len=130 cap=256) {
      (int32) 58,
      (int32) 116,
      (int32) 101,
      (int32) 112,
      (int32) 112,
      (int32) 101,
      (int32) 114,
      (int32) 46,
      (int32) 102,
      (int32) 114,
      (int32) 101,
      (int32) 101,
      (int32) 110,
      (int32) 111,
      (int32) 100,
      (int32) 101,
      (int32) 46,
      (int32) 110,
      (int32) 101,
      (int32) 116,
      (int32) 32,
      (int32) 48,
      (int32) 48,
      (int32) 50,
      (int32) 32,
      (int32) 109,
      (int32) 101,
      (int32) 112,
      (int32) 104,
      (int32) 117,
      (int32) 120,
      (int32) 116,
      (int32) 101,
      (int32) 115,
      (int32) 116,
      (int32) 99,
      (int32) 111,
      (int32) 110,
      (int32) 110,
      (int32) 101,
      (int32) 99,
      (int32) 32,
      (int32) 58,
      (int32) 89,
      (int32) 111,
      (int32) 117,
      (int32) 114,
      (int32) 32,
      (int32) 104,
      (int32) 111,
      (int32) 115,
      (int32) 116,
      (int32) 32,
      (int32) 105,
      (int32) 115,
      (int32) 32,
      (int32) 116,
      (int32) 101,
      (int32) 112,
      (int32) 112,
      (int32) 101,
      (int32) 114,
      (int32) 46,
      (int32) 102,
      (int32) 114,
      (int32) 101,
      (int32) 101,
      (int32) 110,
      (int32) 111,
      (int32) 100,
      (int32) 101,
      (int32) 46,
      (int32) 110,
      (int32) 101,
      (int32) 116,
      (int32) 91,
      (int32) 49,
      (int32) 57,
      (int32) 50,
      (int32) 46,
      (int32) 49,
      (int32) 56,
      (int32) 54,
      (int32) 46,
      (int32) 49,
      (int32) 53,
      (int32) 55,
      (int32) 46,
      (int32) 52,
      (int32) 51,
      (int32) 47,
      (int32) 54,
      (int32) 54,
      (int32) 54,
      (int32) 55,
      (int32) 93,
      (int32) 44,
      (int32) 32,
      (int32) 114,
      (int32) 117,
      (int32) 110,
      (int32) 110,
      (int32) 105,
      (int32) 110,
      (int32) 103,
      (int32) 32,
      (int32) 118,
      (int32) 101,
      (int32) 114,
      (int32) 115,
      (int32) 105,
      (int32) 111,
      (int32) 110,
      (int32) 32,
      (int32) 105,
      (int32) 114,
      (int32) 99,
      (int32) 100,
      (int32) 45,
      (int32) 115,
      (int32) 101,
      (int32) 118,
      (int32) 101,
      (int32) 110,
      (int32) 45,
      (int32) 49,
      (int32) 46,
      (int32) 49,
      (int32) 46,
      (int32) 51
     },
     ([]int32) (len=98 cap=128) {
      (int32) 58,
      (int32) 116,
      (int32) 101,
      (int32) 112,
      (int32) 112,
      (int32) 101,
      (int32) 114,
      (int32) 46,
      (int32) 102,
      (int32) 114,
      (int32) 101,
      (int32) 101,
      (int32) 110,
      (int32) 111,
      (int32) 100,
      (int32) 101,
      (int32) 46,
      (int32) 110,
      (int32) 101,
      (int32) 116,
      (int32) 32,
      (int32) 48,
      (int32) 48,
      (int32) 51,
      (int32) 32,
      (int32) 109,
      (int32) 101,
      (int32) 112,
      (int32) 104,
      (int32) 117,
      (int32) 120,
      (int32) 116,
      (int32) 101,
      (int32) 115,
      (int32) 116,
      (int32) 99,
      (int32) 111,
      (int32) 110,
      (int32) 110,
      (int32) 101,
      (int32) 99,
      (int32) 32,
      (int32) 58,
      (int32) 84,
      (int32) 104,
      (int32) 105,
      (int32) 115,
      (int32) 32,
      (int32) 115,
      (int32) 101,
      (int32) 114,
      (int32) 118,
      (int32) 101,
      (int32) 114,
      (int32) 32,
      (int32) 119,
      (int32) 97,
      (int32) 115,
      (int32) 32,
      (int32) 99,
      (int32) 114,
      (int32) 101,
      (int32) 97,
      (int32) 116,
      (int32) 101,
      (int32) 100,
      (int32) 32,
      (int32) 84,
      (int32) 104,
      (int32) 117,
      (int32) 32,
      (int32) 74,
      (int32) 117,
      (int32) 110,
      (int32) 32,
      (int32) 49,
      (int32) 56,
      (int32) 32,
      (int32) 50,
      (int32) 48,
      (int32) 49,
      (int32) 53,
      (int32) 32,
      (int32) 97,
      (int32) 116,
      (int32) 32,
      (int32) 49,
      (int32) 57,
      (int32) 58,
      (int32) 53,
      (int32) 55,
      (int32) 58,
      (int32) 49,
      (int32) 57,
      (int32) 32,
      (int32) 85,
      (int32) 84,
      (int32) 67
     },
     ([]int32) (len=124 cap=128) {
      (int32) 58,
      (int32) 116,
      (int32) 101,
      (int32) 112,
      (int32) 112,
      (int32) 101,
      (int32) 114,
      (int32) 46,
      (int32) 102,
      (int32) 114,
      (int32) 101,
      (int32) 101,
      (int32) 110,
      (int32) 111,
      (int32) 100,
      (int32) 101,
      (int32) 46,
      (int32) 110,
      (int32) 101,
      (int32) 116,
      (int32) 32,
      (int32) 48,
      (int32) 48,
      (int32) 53,
      (int32) 32,
      (int32) 109,
      (int32) 101,
      (int32) 112,
      (int32) 104,
      (int32) 117,
      (int32) 120,
      (int32) 116,
      (int32) 101,
      (int32) 115,
      (int32) 116,
      (int32) 99,
      (int32) 111,
      (int32) 110,
      (int32) 110,
      (int32) 101,
      (int32) 99,
      (int32) 32,
      (int32) 69,
      (int32) 88,
      (int32) 84,
      (int32) 66,
      (int32) 65,
      (int32) 78,
      (int32) 61,
      (int32) 36,
      (int32) 44,
      (int32) 97,
      (int32) 106,
      (int32) 114,
      (int32) 120,
      (int32) 122,
      (int32) 32,
      (int32) 87,
      (int32) 72,
      (int32) 79,
      (int32) 88,
      (int32) 32,
      (int32) 67,
      (int32) 76,
      (int32) 73,
      (int32) 69,
      (int32) 78,
      (int32) 84,
      (int32) 86,
      (int32) 69,
      (int32) 82,
      (int32) 61,
      (int32) 51,
      (int32) 46,
      (int32) 48,
      (int32) 32,
      (int32) 83,
      (int32) 65,
      (int32) 70,
      (int32) 69,
      (int32) 76,
      (int32) 73,
      (int32) 83,
      (int32) 84,
      (int32) 32,
      (int32) 69,
      (int32) 76,
      (int32) 73,
      (int32) 83,
      (int32) 84,
      (int32) 61,
      (int32) 67,
      (int32) 84,
      (int32) 85,
      (int32) 32,
      (int32) 58,
      (int32) 97,
      (int32) 114,
      (int32) 101,
      (int32) 32,
      (int32) 115,
      (int32) 117,
      (int32) 112,
      (int32) 112,
      (int32) 111,
      (int32) 114,
      (int32) 116,
      (int32) 101,
      (int32) 100,
      (int32) 32,
      (int32) 98,
      (int32) 121,
      (int32) 32,
      (int32) 116,
      (int32) 104,
      (int32) 105,
      (int32) 115,
      (int32) 32,
      (int32) 115,
      (int32) 101,
      (int32) 114,
      (int32) 118,
      (int32) 101,
      (int32) 114
     },
     ([]int32) (len=134 cap=256) {
      (int32) 58,
      (int32) 116,
      (int32) 101,
      (int32) 112,
      (int32) 112,
      (int32) 101,
      (int32) 114,
      (int32) 46,
      (int32) 102,
      (int32) 114,
      (int32) 101,
      (int32) 101,
      (int32) 110,
      (int32) 111,
      (int32) 100,
      (int32) 101,
      (int32) 46,
      (int32) 110,
      (int32) 101,
      (int32) 116,
      (int32) 32,
      (int32) 48,
      (int32) 48,
      (int32) 52,
      (int32) 32,
      (int32) 109,
      (int32) 101,
      (int32) 112,
      (int32) 104,
      (int32) 117,
      (int32) 120,
      (int32) 116,
      (int32) 101,
      (int32) 115,
      (int32) 116,
      (int32) 99,
      (int32) 111,
      (int32) 110,
      (int32) 110,
      (int32) 101,
      (int32) 99,
      (int32) 32,
      (int32) 116,
      (int32) 101,
      (int32) 112,
      (int32) 112,
      (int32) 101,
      (int32) 114,
      (int32) 46,
      (int32) 102,
      (int32) 114,
      (int32) 101,
      (int32) 101,
      (int32) 110,
      (int32) 111,
      (int32) 100,
      (int32) 101,
      (int32) 46,
      (int32) 110,
      (int32) 101,
      (int32) 116,
      (int32) 32,
      (int32) 105,
      (int32) 114,
      (int32) 99,
      (int32) 100,
      (int32) 45,
      (int32) 115,
      (int32) 101,
      (int32) 118,
      (int32) 101,
      (int32) 110,
      (int32) 45,
      (int32) 49,
      (int32) 46,
      (int32) 49,
      (int32) 46,
      (int32) 51,
      (int32) 32,
      (int32) 68,
      (int32) 79,
      (int32) 81,
      (int32) 82,
      (int32) 83,
      (int32) 90,
      (int32) 97,
      (int32) 103,
      (int32) 104,
      (int32) 105,
      (int32) 108,
      (int32) 111,
      (int32) 112,
      (int32) 115,
      (int32) 119,
      (int32) 122,
      (int32) 32,
      (int32) 67,
      (int32) 70,
      (int32) 73,
      (int32) 76,
      (int32) 77,
      (int32) 80,
      (int32) 81,
      (int32) 83,
      (int32) 98,
      (int32) 99,
      (int32) 101,
      (int32) 102,
      (int32) 103,
      (int32) 105,
      (int32) 106,
      (int32) 107,
      (int32) 108,
      (int32) 109,
      (int32) 110,
      (int32) 111,
      (int32) 112,
      (int32) 113,
      (int32) 114,
      (int32) 115,
      (int32) 116,
      (int32) 118,
      (int32) 122,
      (int32) 32,
      (int32) 98,
      (int32) 107,
      (int32) 108,
      (int32) 111,
      (int32) 118,
      (int32) 101,
      (int32) 113,
      (int32) 106,
      (int32) 102,
      (int32) 73
     },
     ([]int32) (len=238 cap=256) {
      (int32) 58,
      (int32) 116,
      (int32) 101,
      (int32) 112,
      (int32) 112,
      (int32) 101,
      (int32) 114,
      (int32) 46,
      (int32) 102,
      (int32) 114,
      (int32) 101,
      (int32) 101,
      (int32) 110,
      (int32) 111,
      (int32) 100,
      (int32) 101,
      (int32) 46,
      (int32) 110,
      (int32) 101,
      (int32) 116,
      (int32) 32,
      (int32) 48,
      (int32) 48,
      (int32) 53,
      (int32) 32,
      (int32) 109,
      (int32) 101,
      (int32) 112,
      (int32) 104,
      (int32) 117,
      (int32) 120,
      (int32) 116,
      (int32) 101,
      (int32) 115,
      (int32) 116,
      (int32) 99,
      (int32) 111,
      (int32) 110,
      (int32) 110,
      (int32) 101,
      (int32) 99,
      (int32) 32,
      (int32) 67,
      (int32) 72,
      (int32) 65,
      (int32) 78,
      (int32) 84,
      (int32) 89,
      (int32) 80,
      (int32) 69,
      (int32) 83,
      (int32) 61,
      (int32) 35,
      (int32) 32,
      (int32) 69,
      (int32) 88,
      (int32) 67,
      (int32) 69,
      (int32) 80,
      (int32) 84,
      (int32) 83,
      (int32) 32,
      (int32) 73,
      (int32) 78,
      (int32) 86,
      (int32) 69,
      (int32) 88,
      (int32) 32,
      (int32) 67,
      (int32) 72,
      (int32) 65,
      (int32) 78,
      (int32) 77,
      (int32) 79,
      (int32) 68,
      (int32) 69,
      (int32) 83,
      (int32) 61,
      (int32) 101,
      (int32) 73,
      (int32) 98,
      (int32) 113,
      (int32) 44,
      (int32) 107,
      (int32) 44,
      (int32) 102,
      (int32) 108,
      (int32) 106,
      (int32) 44,
      (int32) 67,
      (int32) 70,
      (int32) 76,
      (int32) 77,
      (int32) 80,
      (int32) 81,
      (int32) 83,
      (int32) 99,
      (int32) 103,
      (int32) 105,
      (int32) 109,
      (int32) 110,
      (int32) 112,
      (int32) 114,
      (int32) 115,
      (int32) 116,
      (int32) 122,
      (int32) 32,
      (int32) 67,
      (int32) 72,
      (int32) 65,
      (int32) 78,
      (int32) 76,
      (int32) 73,
      (int32) 77,
      (int32) 73,
      (int32) 84,
      (int32) 61,
      (int32) 35,
      (int32) 58,
      (int32) 49,
      (int32) 50,
      (int32) 48,
      (int32) 32,
      (int32) 80,
      (int32) 82,
      (int32) 69,
      (int32) 70,
      (int32) 73,
      (int32) 88,
      (int32) 61,
      (int32) 40,
      (int32) 111,
      (int32) 118,
      (int32) 41,
      (int32) 64,
      (int32) 43,
      (int32) 32,
      (int32) 77,
      (int32) 65,
      (int32) 88,
      (int32) 76,
      (int32) 73,
      (int32) 83,
      (int32) 84,
      (int32) 61,
      (int32) 98,
      (int32) 113,
      (int32) 101,
      (int32) 73,
      (int32) 58,
      (int32) 49,
      (int32) 48,
      (int32) 48,
      (int32) 32,
      (int32) 77,
      (int32) 79,
      (int32) 68,
      (int32) 69,
      (int32) 83,
      (int32) 61,
      (int32) 52,
      (int32) 32,
      (int32) 78,
      (int32) 69,
      (int32) 84,
      (int32) 87,
      (int32) 79,
      (int32) 82,
      (int32) 75,
      (int32) 61,
      (int32) 102,
      (int32) 114,
      (int32) 101,
      (int32) 101,
      (int32) 110,
      (int32) 111,
      (int32) 100,
      (int32) 101,
      (int32) 32,
      (int32) 75,
      (int32) 78,
      (int32) 79,
      (int32) 67,
      (int32) 75,
      (int32) 32,
      (int32) 83,
      (int32) 84,
      (int32) 65,
      (int32) 84,
      (int32) 85,
      (int32) 83,
      (int32) 77,
      (int32) 83,
      (int32) 71,
      (int32) 61,
      (int32) 64,
      (int32) 43,
      (int32) 32,
      (int32) 67,
      (int32) 65,
      (int32) 76,
      (int32) 76,
      (int32) 69,
      (int32) 82,
      (int32) 73,
      (int32) 68,
      (int32) 61,
      (int32) 103,
      (int32) 32,
      (int32) 58,
      (int32) 97,
      (int32) 114,
      (int32) 101,
      (int32) 32,
      (int32) 115,
      (int32) 117,
      (int32) 112,
      (int32) 112,
      (int32) 111,
      (int32) 114,
      (int32) 116,
      (int32) 101,
      (int32) 100,
      (int32) 32,
      (int32) 98,
      (int32) 121,
      (int32) 32,
      (int32) 116,
      (int32) 104,
      (int32) 105,
      (int32) 115,
      (int32) 32,
      (int32) 115,
      (int32) 101,
      (int32) 114,
      (int32) 118,
      (int32) 101,
      (int32) 114
     },
     ([]int32) (len=264 cap=512) {
      (int32) 58,
      (int32) 116,
      (int32) 101,
      (int32) 112,
      (int32) 112,
      (int32) 101,
      (int32) 114,
      (int32) 46,
      (int32) 102,
      (int32) 114,
      (int32) 101,
      (int32) 101,
      (int32) 110,
      (int32) 111,
      (int32) 100,
      (int32) 101,
      (int32) 46,
      (int32) 110,
      (int32) 101,
      (int32) 116,
      (int32) 32,
      (int32) 48,
      (int32) 48,
      (int32) 53,
      (int32) 32,
      (int32) 109,
      (int32) 101,
      (int32) 112,
      (int32) 104,
      (int32) 117,
      (int32) 120,
      (int32) 116,
      (int32) 101,
      (int32) 115,
      (int32) 116,
      (int32) 99,
      (int32) 111,
      (int32) 110,
      (int32) 110,
      (int32) 101,
      (int32) 99,
      (int32) 32,
      (int32) 67,
      (int32) 65,
      (int32) 83,
      (int32) 69,
      (int32) 77,
      (int32) 65,
      (int32) 80,
      (int32) 80,
      (int32) 73,
      (int32) 78,
      (int32) 71,
      (int32) 61,
      (int32) 114,
      (int32) 102,
      (int32) 99,
      (int32) 49,
      (int32) 52,
      (int32) 53,
      (int32) 57,
      (int32) 32,
      (int32) 67,
      (int32) 72,
      (int32) 65,
      (int32) 82,
      (int32) 83,
      (int32) 69,
      (int32) 84,
      (int32) 61,
      (int32) 97,
      (int32) 115,
      (int32) 99,
      (int32) 105,
      (int32) 105,
      (int32) 32,
      (int32) 78,
      (int32) 73,
      (int32) 67,
      (int32) 75,
      (int32) 76,
      (int32) 69,
      (int32) 78,
      (int32) 61,
      (int32) 49,
      (int32) 54,
      (int32) 32,
      (int32) 67,
      (int32) 72,
      (int32) 65,
      (int32) 78,
      (int32) 78,
      (int32) 69,
      (int32) 76,
      (int32) 76,
      (int32) 69,
      (int32) 78,
      (int32) 61,
      (int32) 53,
      (int32) 48,
      (int32) 32,
      (int32) 84,
      (int32) 79,
      (int32) 80,
      (int32) 73,
      (int32) 67,
      (int32) 76,
      (int32) 69,
      (int32) 78,
      (int32) 61,
      (int32) 51,
      (int32) 57,
      (int32) 48,
      (int32) 32,
      (int32) 69,
      (int32) 84,
      (int32) 82,
      (int32) 65,
      (int32) 67,
      (int32) 69,
      (int32) 32,
      (int32) 67,
      (int32) 80,
      (int32) 82,
      (int32) 73,
      (int32) 86,
      (int32) 77,
      (int32) 83,
      (int32) 71,
      (int32) 32,
      (int32) 67,
      (int32) 78,
      (int32) 79,
      (int32) 84,
      (int32) 73,
      (int32) 67,
      (int32) 69,
      (int32) 32,
      (int32) 68,
      (int32) 69,
      (int32) 65,
      (int32) 70,
      (int32) 61,
      (int32) 68,
      (int32) 32,
      (int32) 77,
      (int32) 79,
      (int32) 78,
      (int32) 73,
      (int32) 84,
      (int32) 79,
      (int32) 82,
      (int32) 61,
      (int32) 49,
      (int32) 48,
      (int32) 48,
      (int32) 32,
      (int32) 70,
      (int32) 78,
      (int32) 67,
      (int32) 32,
      (int32) 84,
      (int32) 65,
      (int32) 82,
      (int32) 71,
      (int32) 77,
      (int32) 65,
      (int32) 88,
      (int32) 61,
      (int32) 78,
      (int32) 65,
      (int32) 77,
      (int32) 69,
      (int32) 83,
      (int32) 58,
      (int32) 49,
      (int32) 44,
      (int32) 76,
      (int32) 73,
      (int32) 83,
      (int32) 84,
      (int32) 58,
      (int32) 49,
      (int32) 44,
      (int32) 75,
      (int32) 73,
      (int32) 67,
      (int32) 75,
      (int32) 58,
      (int32) 49,
      (int32) 44,
      (int32) 87,
      (int32) 72,
      (int32) 79,
      (int32) 73,
      (int32) 83,
      (int32) 58,
      (int32) 49,
      (int32) 44,
      (int32) 80,
      (int32) 82,
      (int32) 73,
      (int32) 86,
      (int32) 77,
      (int32) 83,
      (int32) 71,
      (int32) 58,
      (int32) 52,
      (int32) 44,
      (int32) 78,
      (int32) 79,
      (int32) 84,
      (int32) 73,
      (int32) 67,
      (int32) 69,
      (int32) 58,
      (int32) 52,
      (int32) 44,
      (int32) 65,
      (int32) 67,
      (int32) 67,
      (int32) 69,
      (int32) 80,
      (int32) 84,
      (int32) 58,
      (int32) 44,
      (int32) 77,
      (int32) 79,
      (int32) 78,
      (int32) 73,
      (int32) 84,
      (int32) 79,
      (int32) 82,
      (int32) 58,
      (int32) 32,
      (int32) 58,
      (int32) 97,
      (int32) 114,
      (int32) 101,
      (int32) 32,
      (int32) 115,
      (int32) 117,
      (int32) 112,
      (int32) 112,
      (int32) 111,
      (int32) 114,
      (int32) 116,
      (int32) 101,
      (int32) 100,
      (int32) 32,
      (int32) 98,
      (int32) 121,
      (int32) 32,
      (int32) 116,
      (int32) 104,
      (int32) 105,
      (int32) 115,
      (int32) 32,
      (int32) 115,
      (int32) 101,
      (int32) 114,
      (int32) 118,
      (int32) 101,
      (int32) 114
     },
     ([]int32) (len=101 cap=128) {
      (int32) 58,
      (int32) 116,
      (int32) 101,
      (int32) 112,
      (int32) 112,
      (int32) 101,
      (int32) 114,
      (int32) 46,
      (int32) 102,
      (int32) 114,
      (int32) 101,
      (int32) 101,
      (int32) 110,
      (int32) 111,
      (int32) 100,
      (int32) 101,
      (int32) 46,
      (int32) 110,
      (int32) 101,
      (int32) 116,
      (int32) 32,
      (int32) 51,
      (int32) 55,
      (int32) 50,
      (int32) 32,
      (int32) 109,
      (int32) 101,
      (int32) 112,
      (int32) 104,
      (int32) 117,
      (int32) 120,
      (int32) 116,
      (int32) 101,
      (int32) 115,
      (int32) 116,
      (int32) 99,
      (int32) 111,
      (int32) 110,
      (int32) 110,
      (int32) 101,
      (int32) 99,
      (int32) 32,
      (int32) 58,
      (int32) 45,
      (int32) 32,
      (int32) 39,
      (int32) 66,
      (int32) 101,
      (int32) 97,
      (int32) 117,
      (int32) 116,
      (int32) 121,
      (int32) 39,
      (int32) 32,
      (int32) 115,
      (int32) 104,
      (int32) 101,
      (int32) 32,
      (int32) 119,
      (int32) 111,
      (int32) 110,
      (int32) 32,
      (int32) 116,
      (int32) 104,
      (int32) 101,
      (int32) 32,
      (int32) 76,
      (int32) 111,
      (int32) 99,
      (int32) 117,
      (int32) 115,
      (int32) 32,
      (int32) 97,
      (int32) 119,
      (int32) 97,
      (int32) 114,
      (int32) 100,
      (int32) 32,
      (int32) 102,
      (int32) 111,
      (int32) 114,
      (int32) 32,
      (int32) 66,
      (int32) 101,
      (int32) 115,
      (int32) 116,
      (int32) 32,
      (int32) 70,
      (int32) 97,
      (int32) 110,
      (int32) 116,
      (int32) 97,
      (int32) 115,
      (int32) 121,
      (int32) 32,
      (int32) 78,
      (int32) 111,
      (int32) 118,
      (int32) 101,
      (int32) 108,
      (int32) 46
     },
     ([]int32) (len=86 cap=128) {
      (int32) 58,
      (int32) 116,
      (int32) 101,
      (int32) 112,
      (int32) 112,
      (int32) 101,
      (int32) 114,
      (int32) 46,
      (int32) 102,
      (int32) 114,
      (int32) 101,
      (int32) 101,
      (int32) 110,
      (int32) 111,
      (int32) 100,
      (int32) 101,
      (int32) 46,
      (int32) 110,
      (int32) 101,
      (int32) 116,
      (int32) 32,
      (int32) 51,
      (int32) 55,
      (int32) 53,
      (int32) 32,
      (int32) 109,
      (int32) 101,
      (int32) 112,
      (int32) 104,
      (int32) 117,
      (int32) 120,
      (int32) 116,
      (int32) 101,
      (int32) 115,
      (int32) 116,
      (int32) 99,
      (int32) 111,
      (int32) 110,
      (int32) 110,
      (int32) 101,
      (int32) 99,
      (int32) 32,
      (int32) 58,
      (int32) 45,
      (int32) 32,
      (int32) 116,
      (int32) 101,
      (int32) 112,
      (int32) 112,
      (int32) 101,
      (int32) 114,
      (int32) 46,
      (int32) 102,
      (int32) 114,
      (int32) 101,
      (int32) 101,
      (int32) 110,
      (int32) 111,
      (int32) 100,
      (int32) 101,
      (int32) 46,
      (int32) 110,
      (int32) 101,
      (int32) 116,
      (int32) 32,
      (int32) 77,
      (int32) 101,
      (int32) 115,
      (int32) 115,
      (int32) 97,
      (int32) 103,
      (int32) 101,
      (int32) 32,
      (int32) 111,
      (int32) 102,
      (int32) 32,
      (int32) 116,
      (int32) 104,
      (int32) 101,
      (int32) 32,
      (int32) 68,
      (int32) 97,
      (int32) 121,
      (int32) 32,
      (int32) 45,
      (int32) 32
     },
     ([]int32) (len=91 cap=128) {
      (int32) 58,
      (int32) 116,
      (int32) 101,
      (int32) 112,
      (int32) 112,
      (int32) 101,
      (int32) 114,
      (int32) 46,
      (int32) 102,
      (int32) 114,
      (int32) 101,
      (int32) 101,
      (int32) 110,
      (int32) 111,
      (int32) 100,
      (int32) 101,
      (int32) 46,
      (int32) 110,
      (int32) 101,
      (int32) 116,
      (int32) 32,
      (int32) 51,
      (int32) 55,
      (int32) 50,
      (int32) 32,
      (int32) 109,
      (int32) 101,
      (int32) 112,
      (int32) 104,
      (int32) 117,
      (int32) 120,
      (int32) 116,
      (int32) 101,
      (int32) 115,
      (int32) 116,
      (int32) 99,
      (int32) 111,
      (int32) 110,
      (int32) 110,
      (int32) 101,
      (int32) 99,
      (int32) 32,
      (int32) 58,
      (int32) 45,
      (int32) 32,
      (int32) 87,
      (int32) 101,
      (int32) 108,
      (int32) 99,
      (int32) 111,
      (int32) 109,
      (int32) 101,
      (int32) 32,
      (int32) 116,
      (int32) 111,
      (int32) 32,
      (int32) 116,
      (int32) 101,
      (int32) 112,
      (int32) 112,
      (int32) 101,
      (int32) 114,
      (int32) 46,
      (int32) 102,
      (int32) 114,
      (int32) 101,
      (int32) 101,
      (int32) 110,
      (int32) 111,
      (int32) 100,
      (int32) 101,
      (int32) 46,
      (int32) 110,
      (int32) 101,
      (int32) 116,
      (int32) 32,
      (int32) 105,
      (int32) 110,
      (int32) 32,
      (int32) 66,
      (int32) 117,
      (int32) 102,
      (int32) 102,
      (int32) 97,
      (int32) 108,
      (int32) 111,
      (int32) 44,
      (int32) 32,
      (int32) 78,
      (int32) 89,
      (int32) 46
     },
     ([]int32) (len=97 cap=128) {
      (int32) 58,
      (int32) 116,
      (int32) 101,
      (int32) 112,
      (int32) 112,
      (int32) 101,
      (int32) 114,
      (int32) 46,
      (int32) 102,
      (int32) 114,
      (int32) 101,
      (int32) 101,
      (int32) 110,
      (int32) 111,
      (int32) 100,
      (int32) 101,
      (int32) 46,
      (int32) 110,
      (int32) 101,
      (int32) 116,
      (int32) 32,
      (int32) 51,
      (int32) 55,
      (int32) 50,
      (int32) 32,
      (int32) 109,
      (int32) 101,
      (int32) 112,
      (int32) 104,
      (int32) 117,
      (int32) 120,
      (int32) 116,
      (int32) 101,
      (int32) 115,
      (int32) 116,
      (int32) 99,
      (int32) 111,
      (int32) 110,
      (int32) 110,
      (int32) 101,
      (int32) 99,
      (int32) 32,
      (int32) 58,
      (int32) 45,
      (int32) 32,
      (int32) 84,
      (int32) 104,
      (int32) 97,
      (int32) 110,
      (int32) 107,
      (int32) 115,
      (int32) 32,
      (int32) 116,
      (int32) 111,
      (int32) 32,
      (int32) 104,
      (int32) 116,
      (int32) 116,
      (int32) 112,
      (int32) 58,
      (int32) 47,
      (int32) 47,
      (int32) 119,
      (int32) 119,
      (int32) 119,
      (int32) 46,
      (int32) 115,
      (int32) 101,
      (int32) 114,
      (int32) 118,
      (int32) 101,
      (int32) 114,
      (int32) 109,
      (int32) 97,
      (int32) 110,
      (int32) 105,
      (int32) 97,
      (int32) 46,
      (int32) 99,
      (int32) 111,
      (int32) 109,
      (int32) 47,
      (int32) 32,
      (int32) 102,
      (int32) 111,
      (int32) 114,
      (int32) 32,
      (int32) 115,
      (int32) 112,
      (int32) 111,
      (int32) 110,
      (int32) 115,
      (int32) 111,
      (int32) 114,
      (int32) 105,
      (int32) 110,
      (int32) 103
     },
     ([]int32) (len=57 cap=64) {
      (int32) 58,
      (int32) 116,
      (int32) 101,
      (int32) 112,
      (int32) 112,
      (int32) 101,
      (int32) 114,
      (int32) 46,
      (int32) 102,
      (int32) 114,
      (int32) 101,
      (int32) 101,
      (int32) 110,
      (int32) 111,
      (int32) 100,
      (int32) 101,
      (int32) 46,
      (int32) 110,
      (int32) 101,
      (int32) 116,
      (int32) 32,
      (int32) 51,
      (int32) 55,
      (int32) 50,
      (int32) 32,
      (int32) 109,
      (int32) 101,
      (int32) 112,
      (int32) 104,
      (int32) 117,
      (int32) 120,
      (int32) 116,
      (int32) 101,
      (int32) 115,
      (int32) 116,
      (int32) 99,
      (int32) 111,
      (int32) 110,
      (int32) 110,
      (int32) 101,
      (int32) 99,
      (int32) 32,
      (int32) 58,
      (int32) 45,
      (int32) 32,
      (int32) 116,
      (int32) 104,
      (int32) 105,
      (int32) 115,
      (int32) 32,
      (int32) 115,
      (int32) 101,
      (int32) 114,
      (int32) 118,
      (int32) 101,
      (int32) 114,
      (int32) 33
     },
     ([]int32) (len=46 cap=64) {
      (int32) 58,
      (int32) 116,
      (int32) 101,
      (int32) 112,
      (int32) 112,
      (int32) 101,
      (int32) 114,
      (int32) 46,
      (int32) 102,
      (int32) 114,
      (int32) 101,
      (int32) 101,
      (int32) 110,
      (int32) 111,
      (int32) 100,
      (int32) 101,
      (int32) 46,
      (int32) 110,
      (int32) 101,
      (int32) 116,
      (int32) 32,
      (int32) 51,
      (int32) 55,
      (int32) 50,
      (int32) 32,
      (int32) 109,
      (int32) 101,
      (int32) 112,
      (int32) 104,
      (int32) 117,
      (int32) 120,
      (int32) 116,
      (int32) 101,
      (int32) 115,
      (int32) 116,
      (int32) 99,
      (int32) 111,
      (int32) 110,
      (int32) 110,
      (int32) 101,
      (int32) 99,
      (int32) 32,
      (int32) 58,
      (int32) 45,
      (int32) 32,
      (int32) 32
     },
     ([]int32) (len=46 cap=64) {
      (int32) 58,
      (int32) 116,
      (int32) 101,
      (int32) 112,
      (int32) 112,
      (int32) 101,
      (int32) 114,
      (int32) 46,
      (int32) 102,
      (int32) 114,
      (int32) 101,
      (int32) 101,
      (int32) 110,
      (int32) 111,
      (int32) 100,
      (int32) 101,
      (int32) 46,
      (int32) 110,
      (int32) 101,
      (int32) 116,
      (int32) 32,
      (int32) 51,
      (int32) 55,
      (int32) 50,
      (int32) 32,
      (int32) 109,
      (int32) 101,
      (int32) 112,
      (int32) 104,
      (int32) 117,
      (int32) 120,
      (int32) 116,
      (int32) 101,
      (int32) 115,
      (int32) 116,
      (int32) 99,
      (int32) 111,
      (int32) 110,
      (int32) 110,
      (int32) 101,
      (int32) 99,
      (int32) 32,
      (int32) 58,
      (int32) 45,
      (int32) 32,
      (int32) 32
     },
     ([]int32) (len=99 cap=128) {
      (int32) 58,
      (int32) 116,
      (int32) 101,
      (int32) 112,
      (int32) 112,
      (int32) 101,
      (int32) 114,
      (int32) 46,
      (int32) 102,
      (int32) 114,
      (int32) 101,
      (int32) 101,
      (int32) 110,
      (int32) 111,
      (int32) 100,
      (int32) 101,
      (int32) 46,
      (int32) 110,
      (int32) 101,
      (int32) 116,
      (int32) 32,
      (int32) 51,
      (int32) 55,
      (int32) 50,
      (int32) 32,
      (int32) 109,
      (int32) 101,
      (int32) 112,
      (int32) 104,
      (int32) 117,
      (int32) 120,
      (int32) 116,
      (int32) 101,
      (int32) 115,
      (int32) 116,
      (int32) 99,
      (int32) 111,
      (int32) 110,
      (int32) 110,
      (int32) 101,
      (int32) 99,
      (int32) 32,
      (int32) 58,
      (int32) 45,
      (int32) 32,
      (int32) 84,
      (int32) 69,
      (int32) 80,
      (int32) 80,
      (int32) 69,
      (int32) 82,
      (int32) 44,
      (int32) 32,
      (int32) 83,
      (int32) 72,
      (int32) 69,
      (int32) 82,
      (int32) 73,
      (int32) 32,
      (int32) 83,
      (int32) 46,
      (int32) 32,
      (int32) 40,
      (int32) 49,
      (int32) 57,
      (int32) 50,
      (int32) 57,
      (int32) 45,
      (int32) 41,
      (int32) 44,
      (int32) 32,
      (int32) 97,
      (int32) 110,
      (int32) 32,
      (int32) 65,
      (int32) 109,
      (int32) 101,
      (int32) 114,
      (int32) 105,
      (int32) 99,
      (int32) 97,
      (int32) 110,
      (int32) 32,
      (int32) 115,
      (int32) 99,
      (int32) 105,
      (int32) 101,
      (int32) 110,
      (int32) 99,
      (int32) 101,
      (int32) 32,
      (int32) 102,
      (int32) 105,
      (int32) 99,
      (int32) 116,
      (int32) 105,
      (int32) 111,
      (int32) 110,
      (int32) 44
     },
     ([]int32) (len=101 cap=128) {
      (int32) 58,
      (int32) 116,
      (int32) 101,
      (int32) 112,
      (int32) 112,
      (int32) 101,
      (int32) 114,
      (int32) 46,
      (int32) 102,
      (int32) 114,
      (int32) 101,
      (int32) 101,
      (int32) 110,
      (int32) 111,
      (int32) 100,
      (int32) 101,
      (int32) 46,
      (int32) 110,
      (int32) 101,
      (int32) 116,
      (int32) 32,
      (int32) 51,
      (int32) 55,
      (int32) 50,
      (int32) 32,
      (int32) 109,
      (int32) 101,
      (int32) 112,
      (int32) 104,
      (int32) 117,
      (int32) 120,
      (int32) 116,
      (int32) 101,
      (int32) 115,
      (int32) 116,
      (int32) 99,
      (int32) 111,
      (int32) 110,
      (int32) 110,
      (int32) 101,
      (int32) 99,
      (int32) 32,
      (int32) 58,
      (int32) 45,
      (int32) 32,
      (int32) 104,
      (int32) 111,
      (int32) 114,
      (int32) 114,
      (int32) 111,
      (int32) 114,
      (int32) 32,
      (int32) 97,
      (int32) 110,
      (int32) 100,
      (int32) 32,
      (int32) 109,
      (int32) 121,
      (int32) 115,
      (int32) 116,
      (int32) 101,
      (int32) 114,
      (int32) 121,
      (int32) 32,
      (int32) 110,
      (int32) 111,
      (int32) 118,
      (int32) 101,
      (int32) 108,
      (int32) 32,
      (int32) 97,
      (int32) 117,
      (int32) 116,
      (int32) 104,
      (int32) 111,
      (int32) 114,
      (int32) 44,
      (int32) 32,
      (int32) 98,
      (int32) 101,
      (int32) 104,
      (int32) 105,
      (int32) 110,
      (int32) 100,
      (int32) 32,
      (int32) 109,
      (int32) 111,
      (int32) 114,
      (int32) 101,
      (int32) 32,
      (int32) 116,
      (int32) 104,
      (int32) 97,
      (int32) 110,
      (int32) 32,
      (int32) 116,
      (int32) 104,
      (int32) 105,
      (int32) 114,
      (int32) 116,
      (int32) 121
     },
     ([]int32) (len=98 cap=128) {
      (int32) 58,
      (int32) 116,
      (int32) 101,
      (int32) 112,
      (int32) 112,
      (int32) 101,
      (int32) 114,
      (int32) 46,
      (int32) 102,
      (int32) 114,
      (int32) 101,
      (int32) 101,
      (int32) 110,
      (int32) 111,
      (int32) 100,
      (int32) 101,
      (int32) 46,
      (int32) 110,
      (int32) 101,
      (int32) 116,
      (int32) 32,
      (int32) 51,
      (int32) 55,
      (int32) 50,
      (int32) 32,
      (int32) 109,
      (int32) 101,
      (int32) 112,
      (int32) 104,
      (int32) 117,
      (int32) 120,
      (int32) 116,
      (int32) 101,
      (int32) 115,
      (int32) 116,
      (int32) 99,
      (int32) 111,
      (int32) 110,
      (int32) 110,
      (int32) 101,
      (int32) 99,
      (int32) 32,
      (int32) 58,
      (int32) 45,
      (int32) 32,
      (int32) 98,
      (int32) 111,
      (int32) 111,
      (int32) 107,
      (int32) 115,
      (int32) 44,
      (int32) 32,
      (int32) 109,
      (int32) 97,
      (int32) 110,
      (int32) 121,
      (int32) 32,
      (int32) 116,
      (int32) 104,
      (int32) 101,
      (int32) 109,
      (int32) 101,
      (int32) 100,
      (int32) 32,
      (int32) 117,
      (int32) 110,
      (int32) 97,
      (int32) 112,
      (int32) 111,
      (int32) 108,
      (int32) 111,
      (int32) 103,
      (int32) 101,
      (int32) 116,
      (int32) 105,
      (int32) 99,
      (int32) 97,
      (int32) 108,
      (int32) 108,
      (int32) 121,
      (int32) 32,
      (int32) 101,
      (int32) 99,
      (int32) 111,
      (int32) 45,
      (int32) 102,
      (int32) 101,
      (int32) 109,
      (int32) 105,
      (int32) 110,
      (int32) 105,
      (int32) 115,
      (int32) 116,
      (int32) 46,
      (int32) 32,
      (int32) 72,
      (int32) 101,
      (int32) 114
     },
     ([]int32) (len=101 cap=128) {
      (int32) 58,
      (int32) 116,
      (int32) 101,
      (int32) 112,
      (int32) 112,
      (int32) 101,
      (int32) 114,
      (int32) 46,
      (int32) 102,
      (int32) 114,
      (int32) 101,
      (int32) 101,
      (int32) 110,
      (int32) 111,
      (int32) 100,
      (int32) 101,
      (int32) 46,
      (int32) 110,
      (int32) 101,
      (int32) 116,
      (int32) 32,
      (int32) 51,
      (int32) 55,
      (int32) 50,
      (int32) 32,
      (int32) 109,
      (int32) 101,
      (int32) 112,
      (int32) 104,
      (int32) 117,
      (int32) 120,
      (int32) 116,
      (int32) 101,
      (int32) 115,
      (int32) 116,
      (int32) 99,
      (int32) 111,
      (int32) 110,
      (int32) 110,
      (int32) 101,
      (int32) 99,
      (int32) 32,
      (int32) 58,
      (int32) 45,
      (int32) 32,
      (int32) 119,
      (int32) 114,
      (int32) 105,
      (int32) 116,
      (int32) 105,
      (int32) 110,
      (int32) 103,
      (int32) 32,
      (int32) 99,
      (int32) 97,
      (int32) 114,
      (int32) 101,
      (int32) 101,
      (int32) 114,
      (int32) 32,
      (int32) 115,
      (int32) 116,
      (int32) 97,
      (int32) 114,
      (int32) 116,
      (int32) 101,
      (int32) 100,
      (int32) 32,
      (int32) 99,
      (int32) 111,
      (int32) 109,
      (int32) 112,
      (int32) 111,
      (int32) 115,
      (int32) 105,
      (int32) 110,
      (int32) 103,
      (int32) 32,
      (int32) 99,
      (int32) 104,
      (int32) 105,
      (int32) 108,
      (int32) 100,
      (int32) 114,
      (int32) 101,
      (int32) 110,
      (int32) 39,
      (int32) 115,
      (int32) 32,
      (int32) 115,
      (int32) 116,
      (int32) 111,
      (int32) 114,
      (int32) 105,
      (int32) 101,
      (int32) 115,
      (int32) 44,
      (int32) 32,
      (int32) 98,
      (int32) 117,
      (int32) 116
     },
     ([]int32) (len=96 cap=128) {
      (int32) 58,
      (int32) 116,
      (int32) 101,
      (int32) 112,
      (int32) 112,
      (int32) 101,
      (int32) 114,
      (int32) 46,
      (int32) 102,
      (int32) 114,
      (int32) 101,
      (int32) 101,
      (int32) 110,
      (int32) 111,
      (int32) 100,
      (int32) 101,
      (int32) 46,
      (int32) 110,
      (int32) 101,
      (int32) 116,
      (int32) 32,
      (int32) 51,
      (int32) 55,
      (int32) 50,
      (int32) 32,
      (int32) 109,
      (int32) 101,
      (int32) 112,
      (int32) 104,
      (int32) 117,
      (int32) 120,
      (int32) 116,
      (int32) 101,
      (int32) 115,
      (int32) 116,
      (int32) 99,
      (int32) 111,
      (int32) 110,
      (int32) 110,
      (int32) 101,
      (int32) 99,
      (int32) 32,
      (int32) 58,
      (int32) 45,
      (int32) 32,
      (int32) 109,
      (int32) 111,
      (int32) 118,
      (int32) 101,
      (int32) 100,
      (int32) 32,
      (int32) 116,
      (int32) 111,
      (int32) 32,
      (int32) 97,
      (int32) 100,
      (int32) 117,
      (int32) 108,
      (int32) 116,
      (int32) 32,
      (int32) 102,
      (int32) 105,
      (int32) 99,
      (int32) 116,
      (int32) 105,
      (int32) 111,
      (int32) 110,
      (int32) 32,
      (int32) 105,
      (int32) 110,
      (int32) 32,
      (int32) 49,
      (int32) 57,
      (int32) 56,
      (int32) 50,
      (int32) 46,
      (int32) 32,
      (int32) 87,
      (int32) 105,
      (int32) 116,
      (int32) 104,
      (int32) 32,
      (int32) 116,
      (int32) 104,
      (int32) 101,
      (int32) 32,
      (int32) 49,
      (int32) 57,
      (int32) 57,
      (int32) 49,
      (int32) 32,
      (int32) 110,
      (int32) 111,
      (int32) 118,
      (int32) 101,
      (int32) 108
     },
     ([]int32) (len=46 cap=64) {
      (int32) 58,
      (int32) 116,
      (int32) 101,
      (int32) 112,
      (int32) 112,
      (int32) 101,
      (int32) 114,
      (int32) 46,
      (int32) 102,
      (int32) 114,
      (int32) 101,
      (int32) 101,
      (int32) 110,
      (int32) 111,
      (int32) 100,
      (int32) 101,
      (int32) 46,
      (int32) 110,
      (int32) 101,
      (int32) 116,
      (int32) 32,
      (int32) 51,
      (int32) 55,
      (int32) 50,
      (int32) 32,
      (int32) 109,
      (int32) 101,
      (int32) 112,
      (int32) 104,
      (int32) 117,
      (int32) 120,
      (int32) 116,
      (int32) 101,
      (int32) 115,
      (int32) 116,
      (int32) 99,
      (int32) 111,
      (int32) 110,
      (int32) 110,
      (int32) 101,
      (int32) 99,
      (int32) 32,
      (int32) 58,
      (int32) 45,
      (int32) 32,
      (int32) 32
     },
     ([]int32) (len=104 cap=128) {
      (int32) 58,
      (int32) 116,
      (int32) 101,
      (int32) 112,
      (int32) 112,
      (int32) 101,
      (int32) 114,
      (int32) 46,
      (int32) 102,
      (int32) 114,
      (int32) 101,
      (int32) 101,
      (int32) 110,
      (int32) 111,
      (int32) 100,
      (int32) 101,
      (int32) 46,
      (int32) 110,
      (int32) 101,
      (int32) 116,
      (int32) 32,
      (int32) 51,
      (int32) 55,
      (int32) 50,
      (int32) 32,
      (int32) 109,
      (int32) 101,
      (int32) 112,
      (int32) 104,
      (int32) 117,
      (int32) 120,
      (int32) 116,
      (int32) 101,
      (int32) 115,
      (int32) 116,
      (int32) 99,
      (int32) 111,
      (int32) 110,
      (int32) 110,
      (int32) 101,
      (int32) 99,
      (int32) 32,
      (int32) 58,
      (int32) 45,
      (int32) 32,
      (int32) 72,
      (int32) 101,
      (int32) 114,
      (int32) 32,
      (int32) 111,
      (int32) 116,
      (int32) 104,
      (int32) 101,
      (int32) 114,
      (int32) 32,
      (int32) 119,
      (int32) 101,
      (int32) 108,
      (int32) 108,
      (int32) 45,
      (int32) 107,
      (int32) 110,
      (int32) 111,
      (int32) 119,
      (int32) 110,
      (int32) 32,
      (int32) 119,
      (int32) 111,
      (int32) 114,
      (int32) 107,
      (int32) 115,
      (int32) 32,
      (int32) 105,
      (int32) 110,
      (int32) 99,
      (int32) 108,
      (int32) 117,
      (int32) 100,
      (int32) 101,
      (int32) 32,
      (int32) 39,
      (int32) 71,
      (int32) 114,
      (int32) 97,
      (int32) 115,
      (int32) 115,
      (int32) 39,
      (int32) 32,
      (int32) 40,
      (int32) 49,
      (int32) 57,
      (int32) 56,
      (int32) 57,
      (int32) 44,
      (int32) 32,
      (int32) 110,
      (int32) 111,
      (int32) 109,
      (int32) 105,
      (int32) 110,
      (int32) 97,
      (int32) 116,
      (int32) 101,
      (int32) 100
     },
     ([]int32) (len=100 cap=128) {
      (int32) 58,
      (int32) 116,
      (int32) 101,
      (int32) 112,
      (int32) 112,
      (int32) 101,
      (int32) 114,
      (int32) 46,
      (int32) 102,
      (int32) 114,
      (int32) 101,
      (int32) 101,
      (int32) 110,
      (int32) 111,
      (int32) 100,
      (int32) 101,
      (int32) 46,
      (int32) 110,
      (int32) 101,
      (int32) 116,
      (int32) 32,
      (int32) 51,
      (int32) 55,
      (int32) 50,
      (int32) 32,
      (int32) 109,
      (int32) 101,
      (int32) 112,
      (int32) 104,
      (int32) 117,
      (int32) 120,
      (int32) 116,
      (int32) 101,
      (int32) 115,
      (int32) 116,
      (int32) 99,
      (int32) 111,
      (int32) 110,
      (int32) 110,
      (int32) 101,
      (int32) 99,
      (int32) 32,
      (int32) 58,
      (int32) 45,
      (int32) 32,
      (int32) 102,
      (int32) 111,
      (int32) 114,
      (int32) 32,
      (int32) 72,
      (int32) 117,
      (int32) 103,
      (int32) 111,
      (int32) 32,
      (int32) 97,
      (int32) 110,
      (int32) 100,
      (int32) 32,
      (int32) 76,
      (int32) 111,
      (int32) 99,
      (int32) 117,
      (int32) 115,
      (int32) 32,
      (int32) 65,
      (int32) 119,
      (int32) 97,
      (int32) 114,
      (int32) 100,
      (int32) 115,
      (int32) 32,
      (int32) 105,
      (int32) 110,
      (int32) 32,
      (int32) 49,
      (int32) 57,
      (int32) 57,
      (int32) 48,
      (int32) 41,
      (int32) 32,
      (int32) 97,
      (int32) 110,
      (int32) 100,
      (int32) 32,
      (int32) 39,
      (int32) 71,
      (int32) 97,
      (int32) 116,
      (int32) 101,
      (int32) 32,
      (int32) 116,
      (int32) 111,
      (int32) 32,
      (int32) 87,
      (int32) 111,
      (int32) 109,
      (int32) 101,
      (int32) 110,
      (int32) 39,
      (int32) 115
     },
     ([]int32) (len=61 cap=64) {
      (int32) 58,
      (int32) 116,
      (int32) 101,
      (int32) 112,
      (int32) 112,
      (int32) 101,
      (int32) 114,
      (int32) 46,
      (int32) 102,
      (int32) 114,
      (int32) 101,
      (int32) 101,
      (int32) 110,
      (int32) 111,
      (int32) 100,
      (int32) 101,
      (int32) 46,
      (int32) 110,
      (int32) 101,
      (int32) 116,
      (int32) 32,
      (int32) 51,
      (int32) 55,
      (int32) 50,
      (int32) 32,
      (int32) 109,
      (int32) 101,
      (int32) 112,
      (int32) 104,
      (int32) 117,
      (int32) 120,
      (int32) 116,
      (int32) 101,
      (int32) 115,
      (int32) 116,
      (int32) 99,
      (int32) 111,
      (int32) 110,
      (int32) 110,
      (int32) 101,
      (int32) 99,
      (int32) 32,
      (int32) 58,
      (int32) 45,
      (int32) 32,
      (int32) 67,
      (int32) 111,
      (int32) 117,
      (int32) 110,
      (int32) 116,
      (int32) 114,
      (int32) 121,
      (int32) 39,
      (int32) 32,
      (int32) 40,
      (int32) 49,
      (int32) 57,
      (int32) 56,
      (int32) 56,
      (int32) 41,
      (int32) 46
     },
     ([]int32) (len=46 cap=64) {
      (int32) 58,
      (int32) 116,
      (int32) 101,
      (int32) 112,
      (int32) 112,
      (int32) 101,
      (int32) 114,
      (int32) 46,
      (int32) 102,
      (int32) 114,
      (int32) 101,
      (int32) 101,
      (int32) 110,
      (int32) 111,
      (int32) 100,
      (int32) 101,
      (int32) 46,
      (int32) 110,
      (int32) 101,
      (int32) 116,
      (int32) 32,
      (int32) 51,
      (int32) 55,
      (int32) 50,
      (int32) 32,
      (int32) 109,
      (int32) 101,
      (int32) 112,
      (int32) 104,
      (int32) 117,
      (int32) 120,
      (int32) 116,
      (int32) 101,
      (int32) 115,
      (int32) 116,
      (int32) 99,
      (int32) 111,
      (int32) 110,
      (int32) 110,
      (int32) 101,
      (int32) 99,
      (int32) 32,
      (int32) 58,
      (int32) 45,
      (int32) 32,
      (int32) 32
     },
     ([]int32) (len=102 cap=128) {
      (int32) 58,
      (int32) 116,
      (int32) 101,
      (int32) 112,
      (int32) 112,
      (int32) 101,
      (int32) 114,
      (int32) 46,
      (int32) 102,
      (int32) 114,
      (int32) 101,
      (int32) 101,
      (int32) 110,
      (int32) 111,
      (int32) 100,
      (int32) 101,
      (int32) 46,
      (int32) 110,
      (int32) 101,
      (int32) 116,
      (int32) 32,
      (int32) 51,
      (int32) 55,
      (int32) 50,
      (int32) 32,
      (int32) 109,
      (int32) 101,
      (int32) 112,
      (int32) 104,
      (int32) 117,
      (int32) 120,
      (int32) 116,
      (int32) 101,
      (int32) 115,
      (int32) 116,
      (int32) 99,
      (int32) 111,
      (int32) 110,
      (int32) 110,
      (int32) 101,
      (int32) 99,
      (int32) 32,
      (int32) 58,
      (int32) 45,
      (int32) 32,
      (int32) 87,
      (int32) 101,
      (int32) 108,
      (int32) 99,
      (int32) 111,
      (int32) 109,
      (int32) 101,
      (int32) 32,
      (int32) 116,
      (int32) 111,
      (int32) 32,
      (int32) 102,
      (int32) 114,
      (int32) 101,
      (int32) 101,
      (int32) 110,
      (int32) 111,
      (int32) 100,
      (int32) 101,
      (int32) 32,
      (int32) 45,
      (int32) 32,
      (int32) 115,
      (int32) 117,
      (int32) 112,
      (int32) 112,
      (int32) 111,
      (int32) 114,
      (int32) 116,
      (int32) 105,
      (int32) 110,
      (int32) 103,
      (int32) 32,
      (int32) 116,
      (int32) 104,
      (int32) 101,
      (int32) 32,
      (int32) 102,
      (int32) 114,
      (int32) 101,
      (int32) 101,
      (int32) 32,
      (int32) 97,
      (int32) 110,
      (int32) 100,
      (int32) 32,
      (int32) 111,
      (int32) 112,
      (int32) 101,
      (int32) 110,
      (int32) 32,
      (int32) 115,
      (int32) 111,
      (int32) 117,
      (int32) 114,
      (int32) 99,
      (int32) 101
     },
     ([]int32) (len=77 cap=128) {
      (int32) 58,
      (int32) 116,
      (int32) 101,
      (int32) 112,
      (int32) 112,
      (int32) 101,
      (int32) 114,
      (int32) 46,
      (int32) 102,
      (int32) 114,
      (int32) 101,
      (int32) 101,
      (int32) 110,
      (int32) 111,
      (int32) 100,
      (int32) 101,
      (int32) 46,
      (int32) 110,
      (int32) 101,
      (int32) 116,
      (int32) 32,
      (int32) 51,
      (int32) 55,
      (int32) 50,
      (int32) 32,
      (int32) 109,
      (int32) 101,
      (int32) 112,
      (int32) 104,
      (int32) 117,
      (int32) 120,
      (int32) 116,
      (int32) 101,
      (int32) 115,
      (int32) 116,
      (int32) 99,
      (int32) 111,
      (int32) 110,
      (int32) 110,
      (int32) 101,
      (int32) 99,
      (int32) 32,
      (int32) 58,
      (int32) 45,
      (int32) 32,
      (int32) 115,
      (int32) 111,
      (int32) 102,
      (int32) 116,
      (int32) 119,
      (int32) 97,
      (int32) 114,
      (int32) 101,
      (int32) 32,
      (int32) 99,
      (int32) 111,
      (int32) 109,
      (int32) 109,
      (int32) 117,
      (int32) 110,
      (int32) 105,
      (int32) 116,
      (int32) 105,
      (int32) 101,
      (int32) 115,
      (int32) 32,
      (int32) 115,
      (int32) 105,
      (int32) 110,
      (int32) 99,
      (int32) 101,
      (int32) 32,
      (int32) 49,
      (int32) 57,
      (int32) 57,
      (int32) 56,
      (int32) 46
     },
     ([]int32) (len=46 cap=64) {
      (int32) 58,
      (int32) 116,
      (int32) 101,
      (int32) 112,
      (int32) 112,
      (int32) 101,
      (int32) 114,
      (int32) 46,
      (int32) 102,
      (int32) 114,
      (int32) 101,
      (int32) 101,
      (int32) 110,
      (int32) 111,
      (int32) 100,
      (int32) 101,
      (int32) 46,
      (int32) 110,
      (int32) 101,
      (int32) 116,
      (int32) 32,
      (int32) 51,
      (int32) 55,
      (int32) 50,
      (int32) 32,
      (int32) 109,
      (int32) 101,
      (int32) 112,
      (int32) 104,
      (int32) 117,
      (int32) 120,
      (int32) 116,
      (int32) 101,
      (int32) 115,
      (int32) 116,
      (int32) 99,
      (int32) 111,
      (int32) 110,
      (int32) 110,
      (int32) 101,
      (int32) 99,
      (int32) 32,
      (int32) 58,
      (int32) 45,
      (int32) 32,
      (int32) 32
     },
     ([]int32) (len=106 cap=128) {
      (int32) 58,
      (int32) 116,
      (int32) 101,
      (int32) 112,
      (int32) 112,
      (int32) 101,
      (int32) 114,
      (int32) 46,
      (int32) 102,
      (int32) 114,
      (int32) 101,
      (int32) 101,
      (int32) 110,
      (int32) 111,
      (int32) 100,
      (int32) 101,
      (int32) 46,
      (int32) 110,
      (int32) 101,
      (int32) 116,
      (int32) 32,
      (int32) 51,
      (int32) 55,
      (int32) 50,
      (int32) 32,
      (int32) 109,
      (int32) 101,
      (int32) 112,
      (int32) 104,
      (int32) 117,
      (int32) 120,
      (int32) 116,
      (int32) 101,
      (int32) 115,
      (int32) 116,
      (int32) 99,
      (int32) 111,
      (int32) 110,
      (int32) 110,
      (int32) 101,
      (int32) 99,
      (int32) 32,
      (int32) 58,
      (int32) 45,
      (int32) 32,
      (int32) 66,
      (int32) 121,
      (int32) 32,
      (int32) 99,
      (int32) 111,
      (int32) 110,
      (int32) 110,
      (int32) 101,
      (int32) 99,
      (int32) 116,
      (int32) 105,
      (int32) 110,
      (int32) 103,
      (int32) 32,
      (int32) 116,
      (int32) 111,
      (int32) 32,
      (int32) 102,
      (int32) 114,
      (int32) 101,
      (int32) 101,
      (int32) 110,
      (int32) 111,
      (int32) 100,
      (int32) 101,
      (int32) 32,
      (int32) 121,
      (int32) 111,
      (int32) 117,
      (int32) 32,
      (int32) 105,
      (int32) 110,
      (int32) 100,
      (int32) 105,
      (int32) 99,
      (int32) 97,
      (int32) 116,
      (int32) 101,
      (int32) 32,
      (int32) 116,
      (int32) 104,
      (int32) 97,
      (int32) 116,
      (int32) 32,
      (int32) 121,
      (int32) 111,
      (int32) 117,
      (int32) 32,
      (int32) 104,
      (int32) 97,
      (int32) 118,
      (int32) 101,
      (int32) 32,
      (int32) 114,
      (int32) 101,
      (int32) 97,
      (int32) 100,
      (int32) 32,
      (int32) 97,
      (int32) 110,
      (int32) 100
     },
     ([]int32) (len=102 cap=128) {
      (int32) 58,
      (int32) 116,
      (int32) 101,
      (int32) 112,
      (int32) 112,
      (int32) 101,
      (int32) 114,
      (int32) 46,
      (int32) 102,
      (int32) 114,
      (int32) 101,
      (int32) 101,
      (int32) 110,
      (int32) 111,
      (int32) 100,
      (int32) 101,
      (int32) 46,
      (int32) 110,
      (int32) 101,
      (int32) 116,
      (int32) 32,
      (int32) 51,
      (int32) 55,
      (int32) 50,
      (int32) 32,
      (int32) 109,
      (int32) 101,
      (int32) 112,
      (int32) 104,
      (int32) 117,
      (int32) 120,
      (int32) 116,
      (int32) 101,
      (int32) 115,
      (int32) 116,
      (int32) 99,
      (int32) 111,
      (int32) 110,
      (int32) 110,
      (int32) 101,
      (int32) 99,
      (int32) 32,
      (int32) 58,
      (int32) 45,
      (int32) 32,
      (int32) 97,
      (int32) 99,
      (int32) 99,
      (int32) 101,
      (int32) 112,
      (int32) 116,
      (int32) 32,
      (int32) 111,
      (int32) 117,
      (int32) 114,
      (int32) 32,
      (int32) 112,
      (int32) 111,
      (int32) 108,
      (int32) 105,
      (int32) 99,
      (int32) 105,
      (int32) 101,
      (int32) 115,
      (int32) 32,
      (int32) 97,
      (int32) 115,
      (int32) 32,
      (int32) 115,
      (int32) 101,
      (int32) 116,
      (int32) 32,
      (int32) 111,
      (int32) 117,
      (int32) 116,
      (int32) 32,
      (int32) 111,
      (int32) 110,
      (int32) 32,
      (int32) 104,
      (int32) 116,
      (int32) 116,
      (int32) 112,
      (int32) 58,
      (int32) 47,
      (int32) 47,
      (int32) 119,
      (int32) 119,
      (int32) 119,
      (int32) 46,
      (int32) 102,
      (int32) 114,
      (int32) 101,
      (int32) 101,
      (int32) 110,
      (int32) 111,
      (int32) 100,
      (int32) 101,
      (int32) 46,
      (int32) 110,
      (int32) 101,
      (int32) 116
     },
     ([]int32) (len=107 cap=128) {
      (int32) 58,
      (int32) 116,
      (int32) 101,
      (int32) 112,
      (int32) 112,
      (int32) 101,
      (int32) 114,
      (int32) 46,
      (int32) 102,
      (int32) 114,
      (int32) 101,
      (int32) 101,
      (int32) 110,
      (int32) 111,
      (int32) 100,
      (int32) 101,
      (int32) 46,
      (int32) 110,
      (int32) 101,
      (int32) 116,
      (int32) 32,
      (int32) 51,
      (int32) 55,
      (int32) 50,
      (int32) 32,
      (int32) 109,
      (int32) 101,
      (int32) 112,
      (int32) 104,
      (int32) 117,
      (int32) 120,
      (int32) 116,
      (int32) 101,
      (int32) 115,
      (int32) 116,
      (int32) 99,
      (int32) 111,
      (int32) 110,
      (int32) 110,
      (int32) 101,
      (int32) 99,
      (int32) 32,
      (int32) 58,
      (int32) 45,
      (int32) 32,
      (int32) 102,
      (int32) 114,
      (int32) 101,
      (int32) 101,
      (int32) 110,
      (int32) 111,
      (int32) 100,
      (int32) 101,
      (int32) 32,
      (int32) 114,
      (int32) 117,
      (int32) 110,
      (int32) 115,
      (int32) 32,
      (int32) 97,
      (int32) 110,
      (int32) 32,
      (int32) 111,
      (int32) 112,
      (int32) 101,
      (int32) 110,
      (int32) 32,
      (int32) 112,
      (int32) 114,
      (int32) 111,
      (int32) 120,
      (int32) 121,
      (int32) 32,
      (int32) 115,
      (int32) 99,
      (int32) 97,
      (int32) 110,
      (int32) 110,
      (int32) 101,
      (int32) 114,
      (int32) 46,
      (int32) 32,
      (int32) 80,
      (int32) 108,
      (int32) 101,
      (int32) 97,
      (int32) 115,
      (int32) 101,
      (int32) 32,
      (int32) 106,
      (int32) 111,
      (int32) 105,
      (int32) 110,
      (int32) 32,
      (int32) 35,
      (int32) 102,
      (int32) 114,
      (int32) 101,
      (int32) 101,
      (int32) 110,
      (int32) 111,
      (int32) 100,
      (int32) 101,
      (int32) 32,
      (int32) 102,
      (int32) 111,
      (int32) 114
     },
     ([]int32) (len=104 cap=128) {
      (int32) 58,
      (int32) 116,
      (int32) 101,
      (int32) 112,
      (int32) 112,
      (int32) 101,
      (int32) 114,
      (int32) 46,
      (int32) 102,
      (int32) 114,
      (int32) 101,
      (int32) 101,
      (int32) 110,
      (int32) 111,
      (int32) 100,
      (int32) 101,
      (int32) 46,
      (int32) 110,
      (int32) 101,
      (int32) 116,
      (int32) 32,
      (int32) 51,
      (int32) 55,
      (int32) 50,
      (int32) 32,
      (int32) 109,
      (int32) 101,
      (int32) 112,
      (int32) 104,
      (int32) 117,
      (int32) 120,
      (int32) 116,
      (int32) 101,
      (int32) 115,
      (int32) 116,
      (int32) 99,
      (int32) 111,
      (int32) 110,
      (int32) 110,
      (int32) 101,
      (int32) 99,
      (int32) 32,
      (int32) 58,
      (int32) 45,
      (int32) 32,
      (int32) 97,
      (int32) 110,
      (int32) 121,
      (int32) 32,
      (int32) 110,
      (int32) 101,
      (int32) 116,
      (int32) 119,
      (int32) 111,
      (int32) 114,
      (int32) 107,
      (int32) 45,
      (int32) 114,
      (int32) 101,
      (int32) 108,
      (int32) 97,
      (int32) 116,
      (int32) 101,
      (int32) 100,
      (int32) 32,
      (int32) 113,
      (int32) 117,
      (int32) 101,
      (int32) 115,
      (int32) 116,
      (int32) 105,
      (int32) 111,
      (int32) 110,
      (int32) 115,
      (int32) 32,
      (int32) 111,
      (int32) 114,
      (int32) 32,
      (int32) 113,
      (int32) 117,
      (int32) 101,
      (int32) 114,
      (int32) 105,
      (int32) 101,
      (int32) 115,
      (int32) 44,
      (int32) 32,
      (int32) 119,
      (int32) 104,
      (int32) 101,
      (int32) 114,
      (int32) 101,
      (int32) 32,
      (int32) 97,
      (int32) 32,
      (int32) 110,
      (int32) 117,
      (int32) 109,
      (int32) 98,
      (int32) 101,
      (int32) 114,
      (int32) 32,
      (int32) 111,
      (int32) 102
     },
     ([]int32) (len=107 cap=128) {
      (int32) 58,
      (int32) 116,
      (int32) 101,
      (int32) 112,
      (int32) 112,
      (int32) 101,
      (int32) 114,
      (int32) 46,
      (int32) 102,
      (int32) 114,
      (int32) 101,
      (int32) 101,
      (int32) 110,
      (int32) 111,
      (int32) 100,
      (int32) 101,
      (int32) 46,
      (int32) 110,
      (int32) 101,
      (int32) 116,
      (int32) 32,
      (int32) 51,
      (int32) 55,
      (int32) 50,
      (int32) 32,
      (int32) 109,
      (int32) 101,
      (int32) 112,
      (int32) 104,
      (int32) 117,
      (int32) 120,
      (int32) 116,
      (int32) 101,
      (int32) 115,
      (int32) 116,
      (int32) 99,
      (int32) 111,
      (int32) 110,
      (int32) 110,
      (int32) 101,
      (int32) 99,
      (int32) 32,
      (int32) 58,
      (int32) 45,
      (int32) 32,
      (int32) 118,
      (int32) 111,
      (int32) 108,
      (int32) 117,
      (int32) 110,
      (int32) 116,
      (int32) 101,
      (int32) 101,
      (int32) 114,
      (int32) 32,
      (int32) 115,
      (int32) 116,
      (int32) 97,
      (int32) 102,
      (int32) 102,
      (int32) 32,
      (int32) 97,
      (int32) 110,
      (int32) 100,
      (int32) 32,
      (int32) 104,
      (int32) 101,
      (int32) 108,
      (int32) 112,
      (int32) 102,
      (int32) 117,
      (int32) 108,
      (int32) 32,
      (int32) 117,
      (int32) 115,
      (int32) 101,
      (int32) 114,
      (int32) 115,
      (int32) 32,
      (int32) 119,
      (int32) 105,
      (int32) 108,
      (int32) 108,
      (int32) 32,
      (int32) 98,
      (int32) 101,
      (int32) 32,
      (int32) 104,
      (int32) 97,
      (int32) 112,
      (int32) 112,
      (int32) 121,
      (int32) 32,
      (int32) 116,
      (int32) 111,
      (int32) 32,
      (int32) 97,
      (int32) 115,
      (int32) 115,
      (int32) 105,
      (int32) 115,
      (int32) 116,
      (int32) 32,
      (int32) 121,
      (int32) 111,
      (int32) 117,
      (int32) 46
     },
     ([]int32) (len=46 cap=64) {
      (int32) 58,
      (int32) 116,
      (int32) 101,
      (int32) 112,
      (int32) 112,
      (int32) 101,
      (int32) 114,
      (int32) 46,
      (int32) 102,
      (int32) 114,
      (int32) 101,
      (int32) 101,
      (int32) 110,
      (int32) 111,
      (int32) 100,
      (int32) 101,
      (int32) 46,
      (int32) 110,
      (int32) 101,
      (int32) 116,
      (int32) 32,
      (int32) 51,
      (int32) 55,
      (int32) 50,
      (int32) 32,
      (int32) 109,
      (int32) 101,
      (int32) 112,
      (int32) 104,
      (int32) 117,
      (int32) 120,
      (int32) 116,
      (int32) 101,
      (int32) 115,
      (int32) 116,
      (int32) 99,
      (int32) 111,
      (int32) 110,
      (int32) 110,
      (int32) 101,
      (int32) 99,
      (int32) 32,
      (int32) 58,
      (int32) 45,
      (int32) 32,
      (int32) 32
     },
     ([]int32) (len=109 cap=128) {
      (int32) 58,
      (int32) 116,
      (int32) 101,
      (int32) 112,
      (int32) 112,
      (int32) 101,
      (int32) 114,
      (int32) 46,
      (int32) 102,
      (int32) 114,
      (int32) 101,
      (int32) 101,
      (int32) 110,
      (int32) 111,
      (int32) 100,
      (int32) 101,
      (int32) 46,
      (int32) 110,
      (int32) 101,
      (int32) 116,
      (int32) 32,
      (int32) 51,
      (int32) 55,
      (int32) 50,
      (int32) 32,
      (int32) 109,
      (int32) 101,
      (int32) 112,
      (int32) 104,
      (int32) 117,
      (int32) 120,
      (int32) 116,
      (int32) 101,
      (int32) 115,
      (int32) 116,
      (int32) 99,
      (int32) 111,
      (int32) 110,
      (int32) 110,
      (int32) 101,
      (int32) 99,
      (int32) 32,
      (int32) 58,
      (int32) 45,
      (int32) 32,
      (int32) 89,
      (int32) 111,
      (int32) 117,
      (int32) 32,
      (int32) 99,
      (int32) 97,
      (int32) 110,
      (int32) 32,
      (int32) 109,
      (int32) 101,
      (int32) 101,
      (int32) 116,
      (int32) 32,
      (int32) 117,
      (int32) 115,
      (int32) 32,
      (int32) 97,
      (int32) 116,
      (int32) 32,
      (int32) 70,
      (int32) 79,
      (int32) 83,
      (int32) 83,
      (int32) 67,
      (int32) 79,
      (int32) 78,
      (int32) 32,
      (int32) 40,
      (int32) 104,
      (int32) 116,
      (int32) 116,
      (int32) 112,
      (int32) 58,
      (int32) 47,
      (int32) 47,
      (int32) 119,
      (int32) 119,
      (int32) 119,
      (int32) 46,
      (int32) 102,
      (int32) 111,
      (int32) 115,
      (int32) 115,
      (int32) 99,
      (int32) 111,
      (int32) 110,
      (int32) 46,
      (int32) 111,
      (int32) 114,
      (int32) 103,
      (int32) 41,
      (int32) 32,
      (int32) 119,
      (int32) 104,
      (int32) 101,
      (int32) 114,
      (int32) 101,
      (int32) 32,
      (int32) 119,
      (int32) 101,
      (int32) 32,
      (int32) 103,
      (int32) 101,
      (int32) 116
     },
     ([]int32) (len=101 cap=128) {
      (int32) 58,
      (int32) 116,
      (int32) 101,
      (int32) 112,
      (int32) 112,
      (int32) 101,
      (int32) 114,
      (int32) 46,
      (int32) 102,
      (int32) 114,
      (int32) 101,
      (int32) 101,
      (int32) 110,
      (int32) 111,
      (int32) 100,
      (int32) 101,
      (int32) 46,
      (int32) 110,
      (int32) 101,
      (int32) 116,
      (int32) 32,
      (int32) 51,
      (int32) 55,
      (int32) 50,
      (int32) 32,
      (int32) 109,
      (int32) 101,
      (int32) 112,
      (int32) 104,
      (int32) 117,
      (int32) 120,
      (int32) 116,
      (int32) 101,
      (int32) 115,
      (int32) 116,
      (int32) 99,
      (int32) 111,
      (int32) 110,
      (int32) 110,
      (int32) 101,
      (int32) 99,
      (int32) 32,
      (int32) 58,
      (int32) 45,
      (int32) 32,
      (int32) 116,
      (int32) 111,
      (int32) 103,
      (int32) 101,
      (int32) 116,
      (int32) 104,
      (int32) 101,
      (int32) 114,
      (int32) 32,
      (int32) 119,
      (int32) 105,
      (int32) 116,
      (int32) 104,
      (int32) 32,
      (int32) 108,
      (int32) 105,
      (int32) 107,
      (int32) 101,
      (int32) 45,
      (int32) 109,
      (int32) 105,
      (int32) 110,
      (int32) 100,
      (int32) 101,
      (int32) 100,
      (int32) 32,
      (int32) 70,
      (int32) 79,
      (int32) 83,
      (int32) 83,
      (int32) 32,
      (int32) 101,
      (int32) 110,
      (int32) 116,
      (int32) 104,
      (int32) 117,
      (int32) 115,
      (int32) 105,
      (int32) 97,
      (int32) 115,
      (int32) 116,
      (int32) 115,
      (int32) 32,
      (int32) 102,
      (int32) 111,
      (int32) 114,
      (int32) 32,
      (int32) 116,
      (int32) 97,
      (int32) 108,
      (int32) 107,
      (int32) 115,
      (int32) 32,
      (int32) 97,
      (int32) 110,
      (int32) 100
     },
     ([]int32) (len=69 cap=128) {
      (int32) 58,
      (int32) 116,
      (int32) 101,
      (int32) 112,
      (int32) 112,
      (int32) 101,
      (int32) 114,
      (int32) 46,
      (int32) 102,
      (int32) 114,
      (int32) 101,
      (int32) 101,
      (int32) 110,
      (int32) 111,
      (int32) 100,
      (int32) 101,
      (int32) 46,
      (int32) 110,
      (int32) 101,
      (int32) 116,
      (int32) 32,
      (int32) 51,
      (int32) 55,
      (int32) 50,
      (int32) 32,
      (int32) 109,
      (int32) 101,
      (int32) 112,
      (int32) 104,
      (int32) 117,
      (int32) 120,
      (int32) 116,
      (int32) 101,
      (int32) 115,
      (int32) 116,
      (int32) 99,
      (int32) 111,
      (int32) 110,
      (int32) 110,
      (int32) 101,
      (int32) 99,
      (int32) 32,
      (int32) 58,
      (int32) 45,
      (int32) 32,
      (int32) 114,
      (int32) 101,
      (int32) 97,
      (int32) 108,
      (int32) 45,
      (int32) 108,
      (int32) 105,
      (int32) 102,
      (int32) 101,
      (int32) 32,
      (int32) 99,
      (int32) 111,
      (int32) 108,
      (int32) 108,
      (int32) 97,
      (int32) 98,
      (int32) 111,
      (int32) 114,
      (int32) 97,
      (int32) 116,
      (int32) 105,
      (int32) 111,
      (int32) 110,
      (int32) 46
     },
     ([]int32) (len=64 cap=64) {
      (int32) 58,
      (int32) 116,
      (int32) 101,
      (int32) 112,
      (int32) 112,
      (int32) 101,
      (int32) 114,
      (int32) 46,
      (int32) 102,
      (int32) 114,
      (int32) 101,
      (int32) 101,
      (int32) 110,
      (int32) 111,
      (int32) 100,
      (int32) 101,
      (int32) 46,
      (int32) 110,
      (int32) 101,
      (int32) 116,
      (int32) 32,
      (int32) 51,
      (int32) 55,
      (int32) 54,
      (int32) 32,
      (int32) 109,
      (int32) 101,
      (int32) 112,
      (int32) 104,
      (int32) 117,
      (int32) 120,
      (int32) 116,
      (int32) 101,
      (int32) 115,
      (int32) 116,
      (int32) 99,
      (int32) 111,
      (int32) 110,
      (int32) 110,
      (int32) 101,
      (int32) 99,
      (int32) 32,
      (int32) 58,
      (int32) 69,
      (int32) 110,
      (int32) 100,
      (int32) 32,
      (int32) 111,
      (int32) 102,
      (int32) 32,
      (int32) 47,
      (int32) 77,
      (int32) 79,
      (int32) 84,
      (int32) 68,
      (int32) 32,
      (int32) 99,
      (int32) 111,
      (int32) 109,
      (int32) 109,
      (int32) 97,
      (int32) 110,
      (int32) 100,
      (int32) 46
     },
     ([]int32) (len=81 cap=128) {
      (int32) 58,
      (int32) 116,
      (int32) 101,
      (int32) 112,
      (int32) 112,
      (int32) 101,
      (int32) 114,
      (int32) 46,
      (int32) 102,
      (int32) 114,
      (int32) 101,
      (int32) 101,
      (int32) 110,
      (int32) 111,
      (int32) 100,
      (int32) 101,
      (int32) 46,
      (int32) 110,
      (int32) 101,
      (int32) 116,
      (int32) 32,
      (int32) 51,
      (int32) 55,
      (int32) 50,
      (int32) 32,
      (int32) 109,
      (int32) 101,
      (int32) 112,
      (int32) 104,
      (int32) 117,
      (int32) 120,
      (int32) 116,
      (int32) 101,
      (int32) 115,
      (int32) 116,
      (int32) 99,
      (int32) 111,
      (int32) 110,
      (int32) 110,
      (int32) 101,
      (int32) 99,
      (int32) 32,
      (int32) 58,
      (int32) 45,
      (int32) 32,
      (int32) 114,
      (int32) 117,
      (int32) 110,
      (int32) 110,
      (int32) 105,
      (int32) 110,
      (int32) 103,
      (int32) 32,
      (int32) 102,
      (int32) 111,
      (int32) 114,
      (int32) 32,
      (int32) 116,
      (int32) 104,
      (int32) 101,
      (int32) 105,
      (int32) 114,
      (int32) 32,
      (int32) 115,
      (int32) 117,
      (int32) 115,
      (int32) 116,
      (int32) 97,
      (int32) 105,
      (int32) 110,
      (int32) 101,
      (int32) 100,
      (int32) 32,
      (int32) 115,
      (int32) 117,
      (int32) 112,
      (int32) 112,
      (int32) 111,
      (int32) 114,
      (int32) 116,
      (int32) 46
     },
     ([]int32) (len=91 cap=128) {
      (int32) 58,
      (int32) 116,
      (int32) 101,
      (int32) 112,
      (int32) 112,
      (int32) 101,
      (int32) 114,
      (int32) 46,
      (int32) 102,
      (int32) 114,
      (int32) 101,
      (int32) 101,
      (int32) 110,
      (int32) 111,
      (int32) 100,
      (int32) 101,
      (int32) 46,
      (int32) 110,
      (int32) 101,
      (int32) 116,
      (int32) 32,
      (int32) 51,
      (int32) 55,
      (int32) 50,
      (int32) 32,
      (int32) 109,
      (int32) 101,
      (int32) 112,
      (int32) 104,
      (int32) 117,
      (int32) 120,
      (int32) 116,
      (int32) 101,
      (int32) 115,
      (int32) 116,
      (int32) 99,
      (int32) 111,
      (int32) 110,
      (int32) 110,
      (int32) 101,
      (int32) 99,
      (int32) 32,
      (int32) 58,
      (int32) 45,
      (int32) 32,
      (int32) 87,
      (int32) 101,
      (int32) 32,
      (int32) 119,
      (int32) 111,
      (int32) 117,
      (int32) 108,
      (int32) 100,
      (int32) 32,
      (int32) 108,
      (int32) 105,
      (int32) 107,
      (int32) 101,
      (int32) 32,
      (int32) 116,
      (int32) 111,
      (int32) 32,
      (int32) 116,
      (int32) 104,
      (int32) 97,
      (int32) 110,
      (int32) 107,
      (int32) 32,
      (int32) 80,
      (int32) 114,
      (int32) 105,
      (int32) 118,
      (int32) 97,
      (int32) 116,
      (int32) 101,
      (int32) 32,
      (int32) 73,
      (int32) 110,
      (int32) 116,
      (int32) 101,
      (int32) 114,
      (int32) 110,
      (int32) 101,
      (int32) 116,
      (int32) 32,
      (int32) 65,
      (int32) 99,
      (int32) 99,
      (int32) 101,
      (int32) 115,
      (int32) 115
     },
     ([]int32) (len=99 cap=128) {
      (int32) 58,
      (int32) 116,
      (int32) 101,
      (int32) 112,
      (int32) 112,
      (int32) 101,
      (int32) 114,
      (int32) 46,
      (int32) 102,
      (int32) 114,
      (int32) 101,
      (int32) 101,
      (int32) 110,
      (int32) 111,
      (int32) 100,
      (int32) 101,
      (int32) 46,
      (int32) 110,
      (int32) 101,
      (int32) 116,
      (int32) 32,
      (int32) 51,
      (int32) 55,
      (int32) 50,
      (int32) 32,
      (int32) 109,
      (int32) 101,
      (int32) 112,
      (int32) 104,
      (int32) 117,
      (int32) 120,
      (int32) 116,
      (int32) 101,
      (int32) 115,
      (int32) 116,
      (int32) 99,
      (int32) 111,
      (int32) 110,
      (int32) 110,
      (int32) 101,
      (int32) 99,
      (int32) 32,
      (int32) 58,
      (int32) 45,
      (int32) 32,
      (int32) 40,
      (int32) 104,
      (int32) 116,
      (int32) 116,
      (int32) 112,
      (int32) 115,
      (int32) 58,
      (int32) 47,
      (int32) 47,
      (int32) 119,
      (int32) 119,
      (int32) 119,
      (int32) 46,
      (int32) 112,
      (int32) 114,
      (int32) 105,
      (int32) 118,
      (int32) 97,
      (int32) 116,
      (int32) 101,
      (int32) 105,
      (int32) 110,
      (int32) 116,
      (int32) 101,
      (int32) 114,
      (int32) 110,
      (int32) 101,
      (int32) 116,
      (int32) 97,
      (int32) 99,
      (int32) 99,
      (int32) 101,
      (int32) 115,
      (int32) 115,
      (int32) 46,
      (int32) 99,
      (int32) 111,
      (int32) 109,
      (int32) 47,
      (int32) 41,
      (int32) 32,
      (int32) 97,
      (int32) 110,
      (int32) 100,
      (int32) 32,
      (int32) 116,
      (int32) 104,
      (int32) 101,
      (int32) 32,
      (int32) 111,
      (int32) 116,
      (int32) 104,
      (int32) 101,
      (int32) 114
     },
     ([]int32) (len=105 cap=128) {
      (int32) 58,
      (int32) 116,
      (int32) 101,
      (int32) 112,
      (int32) 112,
      (int32) 101,
      (int32) 114,
      (int32) 46,
      (int32) 102,
      (int32) 114,
      (int32) 101,
      (int32) 101,
      (int32) 110,
      (int32) 111,
      (int32) 100,
      (int32) 101,
      (int32) 46,
      (int32) 110,
      (int32) 101,
      (int32) 116,
      (int32) 32,
      (int32) 51,
      (int32) 55,
      (int32) 50,
      (int32) 32,
      (int32) 109,
      (int32) 101,
      (int32) 112,
      (int32) 104,
      (int32) 117,
      (int32) 120,
      (int32) 116,
      (int32) 101,
      (int32) 115,
      (int32) 116,
      (int32) 99,
      (int32) 111,
      (int32) 110,
      (int32) 110,
      (int32) 101,
      (int32) 99,
      (int32) 32,
      (int32) 58,
      (int32) 45,
      (int32) 32,
      (int32) 111,
      (int32) 114,
      (int32) 103,
      (int32) 97,
      (int32) 110,
      (int32) 105,
      (int32) 115,
      (int32) 97,
      (int32) 116,
      (int32) 105,
      (int32) 111,
      (int32) 110,
      (int32) 115,
      (int32) 32,
      (int32) 116,
      (int32) 104,
      (int32) 97,
      (int32) 116,
      (int32) 32,
      (int32) 104,
      (int32) 101,
      (int32) 108,
      (int32) 112,
      (int32) 32,
      (int32) 107,
      (int32) 101,
      (int32) 101,
      (int32) 112,
      (int32) 32,
      (int32) 102,
      (int32) 114,
      (int32) 101,
      (int32) 101,
      (int32) 110,
      (int32) 111,
      (int32) 100,
      (int32) 101,
      (int32) 32,
      (int32) 97,
      (int32) 110,
      (int32) 100,
      (int32) 32,
      (int32) 111,
      (int32) 117,
      (int32) 114,
      (int32) 32,
      (int32) 111,
      (int32) 116,
      (int32) 104,
      (int32) 101,
      (int32) 114,
      (int32) 32,
      (int32) 112,
      (int32) 114,
      (int32) 111,
      (int32) 106,
      (int32) 101,
      (int32) 99,
      (int32) 116,
      (int32) 115
     },
     ([]int32) (len=97 cap=128) {
      (int32) 58,
      (int32) 116,
      (int32) 101,
      (int32) 112,
      (int32) 112,
      (int32) 101,
      (int32) 114,
      (int32) 46,
      (int32) 102,
      (int32) 114,
      (int32) 101,
      (int32) 101,
      (int32) 110,
      (int32) 111,
      (int32) 100,
      (int32) 101,
      (int32) 46,
      (int32) 110,
      (int32) 101,
      (int32) 116,
      (int32) 32,
      (int32) 51,
      (int32) 55,
      (int32) 50,
      (int32) 32,
      (int32) 109,
      (int32) 101,
      (int32) 112,
      (int32) 104,
      (int32) 117,
      (int32) 120,
      (int32) 116,
      (int32) 101,
      (int32) 115,
      (int32) 116,
      (int32) 99,
      (int32) 111,
      (int32) 110,
      (int32) 110,
      (int32) 101,
      (int32) 99,
      (int32) 32,
      (int32) 58,
      (int32) 45,
      (int32) 32,
      (int32) 111,
      (int32) 102,
      (int32) 32,
      (int32) 116,
      (int32) 104,
      (int32) 105,
      (int32) 115,
      (int32) 32,
      (int32) 115,
      (int32) 101,
      (int32) 114,
      (int32) 118,
      (int32) 101,
      (int32) 114,
      (int32) 44,
      (int32) 32,
      (int32) 100,
      (int32) 101,
      (int32) 116,
      (int32) 97,
      (int32) 105,
      (int32) 108,
      (int32) 115,
      (int32) 32,
      (int32) 111,
      (int32) 102,
      (int32) 32,
      (int32) 119,
      (int32) 104,
      (int32) 105,
      (int32) 99,
      (int32) 104,
      (int32) 32,
      (int32) 99,
      (int32) 97,
      (int32) 110,
      (int32) 32,
      (int32) 98,
      (int32) 101,
      (int32) 32,
      (int32) 102,
      (int32) 111,
      (int32) 117,
      (int32) 110,
      (int32) 100,
      (int32) 32,
      (int32) 97,
      (int32) 98,
      (int32) 111,
      (int32) 118,
      (int32) 101,
      (int32) 46
     },
     ([]int32) (len=46 cap=64) {
      (int32) 58,
      (int32) 116,
      (int32) 101,
      (int32) 112,
      (int32) 112,
      (int32) 101,
      (int32) 114,
      (int32) 46,
      (int32) 102,
      (int32) 114,
      (int32) 101,
      (int32) 101,
      (int32) 110,
      (int32) 111,
      (int32) 100,
      (int32) 101,
      (int32) 46,
      (int32) 110,
      (int32) 101,
      (int32) 116,
      (int32) 32,
      (int32) 51,
      (int32) 55,
      (int32) 50,
      (int32) 32,
      (int32) 109,
      (int32) 101,
      (int32) 112,
      (int32) 104,
      (int32) 117,
      (int32) 120,
      (int32) 116,
      (int32) 101,
      (int32) 115,
      (int32) 116,
      (int32) 99,
      (int32) 111,
      (int32) 110,
      (int32) 110,
      (int32) 101,
      (int32) 99,
      (int32) 32,
      (int32) 58,
      (int32) 45,
      (int32) 32,
      (int32) 32
     },
     ([]int32) (len=93 cap=128) {
      (int32) 58,
      (int32) 116,
      (int32) 101,
      (int32) 112,
      (int32) 112,
      (int32) 101,
      (int32) 114,
      (int32) 46,
      (int32) 102,
      (int32) 114,
      (int32) 101,
      (int32) 101,
      (int32) 110,
      (int32) 111,
      (int32) 100,
      (int32) 101,
      (int32) 46,
      (int32) 110,
      (int32) 101,
      (int32) 116,
      (int32) 32,
      (int32) 51,
      (int32) 55,
      (int32) 50,
      (int32) 32,
      (int32) 109,
      (int32) 101,
      (int32) 112,
      (int32) 104,
      (int32) 117,
      (int32) 120,
      (int32) 116,
      (int32) 101,
      (int32) 115,
      (int32) 116,
      (int32) 99,
      (int32) 111,
      (int32) 110,
      (int32) 110,
      (int32) 101,
      (int32) 99,
      (int32) 32,
      (int32) 58,
      (int32) 45,
      (int32) 32,
      (int32) 73,
      (int32) 110,
      (int32) 32,
      (int32) 112,
      (int32) 97,
      (int32) 114,
      (int32) 116,
      (int32) 105,
      (int32) 99,
      (int32) 117,
      (int32) 108,
      (int32) 97,
      (int32) 114,
      (int32) 32,
      (int32) 119,
      (int32) 101,
      (int32) 32,
      (int32) 119,
      (int32) 111,
      (int32) 117,
      (int32) 108,
      (int32) 100,
      (int32) 32,
      (int32) 108,
      (int32) 105,
      (int32) 107,
      (int32) 101,
      (int32) 32,
      (int32) 116,
      (int32) 111,
      (int32) 32,
      (int32) 116,
      (int32) 104,
      (int32) 97,
      (int32) 110,
      (int32) 107,
      (int32) 32,
      (int32) 116,
      (int32) 104,
      (int32) 101,
      (int32) 32,
      (int32) 115,
      (int32) 112,
      (int32) 111,
      (int32) 110,
      (int32) 115,
      (int32) 111,
      (int32) 114
     },
     ([]int32) (len=46 cap=64) {
      (int32) 58,
      (int32) 116,
      (int32) 101,
      (int32) 112,
      (int32) 112,
      (int32) 101,
      (int32) 114,
      (int32) 46,
      (int32) 102,
      (int32) 114,
      (int32) 101,
      (int32) 101,
      (int32) 110,
      (int32) 111,
      (int32) 100,
      (int32) 101,
      (int32) 46,
      (int32) 110,
      (int32) 101,
      (int32) 116,
      (int32) 32,
      (int32) 51,
      (int32) 55,
      (int32) 50,
      (int32) 32,
      (int32) 109,
      (int32) 101,
      (int32) 112,
      (int32) 104,
      (int32) 117,
      (int32) 120,
      (int32) 116,
      (int32) 101,
      (int32) 115,
      (int32) 116,
      (int32) 99,
      (int32) 111,
      (int32) 110,
      (int32) 110,
      (int32) 101,
      (int32) 99,
      (int32) 32,
      (int32) 58,
      (int32) 45,
      (int32) 32,
      (int32) 32
     },
     ([]int32) (len=16 cap=16) {
      (int32) 71,
      (int32) 79,
      (int32) 32,
      (int32) 67,
      (int32) 79,
      (int32) 77,
      (int32) 60,
      (int32) 77,
      (int32) 65,
      (int32) 78,
      (int32) 68,
      (int32) 32,
      (int32) 106,
      (int32) 111,
      (int32) 105,
      (int32) 110
     },
     ([]int32) (len=20 cap=32) {
      (int32) 74,
      (int32) 111,
      (int32) 105,
      (int32) 110,
      (int32) 32,
      (int32) 65,
      (int32) 114,
      (int32) 103,
      (int32) 115,
      (int32) 32,
      (int32) 91,
      (int32) 106,
      (int32) 111,
      (int32) 105,
      (int32) 110,
      (int32) 32,
      (int32) 35,
      (int32) 105,
      (int32) 51,
      (int32) 93
     },
     ([]int32) <nil>
    },
    readOffset: (int) 0,
    readCache: (string) "",
    tainted: (bool) false,
    viewLines: ([]gocui.viewLine) (len=67 cap=134) {
     (gocui.viewLine) {
      linesX: (int) 0,
      linesY: (int) 0,
      line: ([]int32) <nil>
     },
     (gocui.viewLine) {
      linesX: (int) 0,
      linesY: (int) 1,
      line: ([]int32) (len=64 cap=64) {
       (int32) 32,
       (int32) 32,
       (int32) 9608,
       (int32) 9608,
       (int32) 9559,
       (int32) 32,
       (int32) 32,
       (int32) 9608,
       (int32) 9608,
       (int32) 9559,
       (int32) 32,
       (int32) 9608,
       (int32) 9608,
       (int32) 9608,
       (int32) 9608,
       (int32) 9608,
       (int32) 9608,
       (int32) 9559,
       (int32) 32,
       (int32) 9608,
       (int32) 9608,
       (int32) 9608,
       (int32) 9559,
       (int32) 32,
       (int32) 32,
       (int32) 32,
       (int32) 9608,
       (int32) 9608,
       (int32) 9608,
       (int32) 9559,
       (int32) 32,
       (int32) 9608,
       (int32) 9608,
       (int32) 9608,
       (int32) 9608,
       (int32) 9608,
       (int32) 9559,
       (int32) 32,
       (int32) 9608,
       (int32) 9608,
       (int32) 9608,
       (int32) 9559,
       (int32) 32,
       (int32) 32,
       (int32) 32,
       (int32) 9608,
       (int32) 9608,
       (int32) 9559,
       (int32) 9608,
       (int32) 9608,
       (int32) 9608,
       (int32) 9608,
       (int32) 9608,
       (int32) 9608,
       (int32) 9559,
       (int32) 32,
       (int32) 32,
       (int32) 9608,
       (int32) 9608,
       (int32) 9608,
       (int32) 9608,
       (int32) 9608,
       (int32) 9559,
       (int32) 32
      }
     },
     (gocui.viewLine) {
      linesX: (int) 0,
      linesY: (int) 2,
      line: ([]int32) (len=64 cap=64) {
       (int32) 32,
       (int32) 32,
       (int32) 9608,
       (int32) 9608,
       (int32) 9553,
       (int32) 32,
       (int32) 9608,
       (int32) 9608,
       (int32) 9556,
       (int32) 9565,
       (int32) 9608,
       (int32) 9608,
       (int32) 9556,
       (int32) 9552,
       (int32) 9552,
       (int32) 9552,
       (int32) 9608,
       (int32) 9608,
       (int32) 9559,
       (int32) 9608,
       (int32) 9608,
       (int32) 9608,
       (int32) 9608,
       (int32) 9559,
       (int32) 32,
       (int32) 9608,
       (int32) 9608,
       (int32) 9608,
       (int32) 9608,
       (int32) 9553,
       (int32) 9608,
       (int32) 9608,
       (int32) 9556,
       (int32) 9552,
       (int32) 9552,
       (int32) 9608,
       (int32) 9608,
       (int32) 9559,
       (int32) 9608,
       (int32) 9608,
       (int32) 9608,
       (int32) 9608,
       (int32) 9559,
       (int32) 32,
       (int32) 32,
       (int32) 9608,
       (int32) 9608,
       (int32) 9553,
       (int32) 9608,
       (int32) 9608,
       (int32) 9556,
       (int32) 9552,
       (int32) 9552,
       (int32) 9608,
       (int32) 9608,
       (int32) 9559,
       (int32) 9608,
       (int32) 9608,
       (int32) 9556,
       (int32) 9552,
       (int32) 9552,
       (int32) 9608,
       (int32) 9608,
       (int32) 9559
      }
     },
     (gocui.viewLine) {
      linesX: (int) 0,
      linesY: (int) 3,
      line: ([]int32) (len=64 cap=64) {
       (int32) 32,
       (int32) 32,
       (int32) 9608,
       (int32) 9608,
       (int32) 9608,
       (int32) 9608,
       (int32) 9608,
       (int32) 9556,
       (int32) 9565,
       (int32) 32,
       (int32) 9608,
       (int32) 9608,
       (int32) 9553,
       (int32) 32,
       (int32) 32,
       (int32) 32,
       (int32) 9608,
       (int32) 9608,
       (int32) 9553,
       (int32) 9608,
       (int32) 9608,
       (int32) 9556,
       (int32) 9608,
       (int32) 9608,
       (int32) 9608,
       (int32) 9608,
       (int32) 9556,
       (int32) 9608,
       (int32) 9608,
       (int32) 9553,
       (int32) 9608,
       (int32) 9608,
       (int32) 9608,
       (int32) 9608,
       (int32) 9608,
       (int32) 9608,
       (int32) 9608,
       (int32) 9553,
       (int32) 9608,
       (int32) 9608,
       (int32) 9556,
       (int32) 9608,
       (int32) 9608,
       (int32) 9559,
       (int32) 32,
       (int32) 9608,
       (int32) 9608,
       (int32) 9553,
       (int32) 9608,
       (int32) 9608,
       (int32) 9553,
       (int32) 32,
       (int32) 32,
       (int32) 9608,
       (int32) 9608,
       (int32) 9553,
       (int32) 9608,
       (int32) 9608,
       (int32) 9608,
       (int32) 9608,
       (int32) 9608,
       (int32) 9608,
       (int32) 9608,
       (int32) 9553
      }
     },
     (gocui.viewLine) {
      linesX: (int) 0,
      linesY: (int) 4,
      line: ([]int32) (len=64 cap=64) {
       (int32) 32,
       (int32) 32,
       (int32) 9608,
       (int32) 9608,
       (int32) 9556,
       (int32) 9552,
       (int32) 9608,
       (int32) 9608,
       (int32) 9559,
       (int32) 32,
       (int32) 9608,
       (int32) 9608,
       (int32) 9553,
       (int32) 32,
       (int32) 32,
       (int32) 32,
       (int32) 9608,
       (int32) 9608,
       (int32) 9553,
       (int32) 9608,
       (int32) 9608,
       (int32) 9553,
       (int32) 9562,
       (int32) 9608,
       (int32) 9608,
       (int32) 9556,
       (int32) 9565,
       (int32) 9608,
       (int32) 9608,
       (int32) 9553,
       (int32) 9608,
       (int32) 9608,
       (int32) 9556,
       (int32) 9552,
       (int32) 9552,
       (int32) 9608,
       (int32) 9608,
       (int32) 9553,
       (int32) 9608,
       (int32) 9608,
       (int32) 9553,
       (int32) 9562,
       (int32) 9608,
       (int32) 9608,
       (int32) 9559,
       (int32) 9608,
       (int32) 9608,
       (int32) 9553,
       (int32) 9608,
       (int32) 9608,
       (int32) 9553,
       (int32) 32,
       (int32) 32,
       (int32) 9608,
       (int32) 9608,
       (int32) 9553,
       (int32) 9608,
       (int32) 9608,
       (int32) 9556,
       (int32) 9552,
       (int32) 9552,
       (int32) 9608,
       (int32) 9608,
       (int32) 9553
      }
     },
     (gocui.viewLine) {
      linesX: (int) 0,
      linesY: (int) 5,
      line: ([]int32) (len=64 cap=64) {
       (int32) 32,
       (int32) 32,
       (int32) 9608,
       (int32) 9608,
       (int32) 9553,
       (int32) 32,
       (int32) 32,
       (int32) 9608,
       (int32) 9608,
       (int32) 9559,
       (int32) 9562,
       (int32) 9608,
       (int32) 9608,
       (int32) 9608,
       (int32) 9608,
       (int32) 9608,
       (int32) 9608,
       (int32) 9556,
       (int32) 9565,
       (int32) 9608,
       (int32) 9608,
       (int32) 9553,
       (int32) 32,
       (int32) 9562,
       (int32) 9552,
       (int32) 9565,
       (int32) 32,
       (int32) 9608,
       (int32) 9608,
       (int32) 9553,
       (int32) 9608,
       (int32) 9608,
       (int32) 9553,
       (int32) 32,
       (int32) 32,
       (int32) 9608,
       (int32) 9608,
       (int32) 9553,
       (int32) 9608,
       (int32) 9608,
       (int32) 9553,
       (int32) 32,
       (int32) 9562,
       (int32) 9608,
       (int32) 9608,
       (int32) 9608,
       (int32) 9608,
       (int32) 9553,
       (int32) 9608,
       (int32) 9608,
       (int32) 9608,
       (int32) 9608,
       (int32) 9608,
       (int32) 9608,
       (int32) 9556,
       (int32) 9565,
       (int32) 9608,
       (int32) 9608,
       (int32) 9553,
       (int32) 32,
       (int32) 32,
       (int32) 9608,
       (int32) 9608,
       (int32) 9553
      }
     },
     (gocui.viewLine) {
      linesX: (int) 0,
      linesY: (int) 6,
      line: ([]int32) (len=64 cap=64) {
       (int32) 32,
       (int32) 32,
       (int32) 9562,
       (int32) 9552,
       (int32) 9565,
       (int32) 32,
       (int32) 32,
       (int32) 9562,
       (int32) 9552,
       (int32) 9565,
       (int32) 32,
       (int32) 9562,
       (int32) 9552,
       (int32) 9552,
       (int32) 9552,
       (int32) 9552,
       (int32) 9552,
       (int32) 9565,
       (int32) 32,
       (int32) 9562,
       (int32) 9552,
       (int32) 9565,
       (int32) 32,
       (int32) 32,
       (int32) 32,
       (int32) 32,
       (int32) 32,
       (int32) 9562,
       (int32) 9552,
       (int32) 9565,
       (int32) 9562,
       (int32) 9552,
       (int32) 9565,
       (int32) 32,
       (int32) 32,
       (int32) 9562,
       (int32) 9552,
       (int32) 9565,
       (int32) 9562,
       (int32) 9552,
       (int32) 9565,
       (int32) 32,
       (int32) 32,
       (int32) 9562,
       (int32) 9552,
       (int32) 9552,
       (int32) 9552,
       (int32) 9565,
       (int32) 9562,
       (int32) 9552,
       (int32) 9552,
       (int32) 9552,
       (int32) 9552,
       (int32) 9552,
       (int32) 9565,
       (int32) 32,
       (int32) 9562,
       (int32) 9552,
       (int32) 9565,
       (int32) 32,
       (int32) 32,
       (int32) 9562,
       (int32) 9552,
       (int32) 9565
      }
     },
     (gocui.viewLine) {
      linesX: (int) 0,
      linesY: (int) 7,
      line: ([]int32) (len=55 cap=64) {
       (int32) 32,
       (int32) 32,
       (int32) 86,
       (int32) 101,
       (int32) 114,
       (int32) 115,
       (int32) 105,
       (int32) 111,
       (int32) 110,
       (int32) 58,
       (int32) 32,
       (int32) 48,
       (int32) 46,
       (int32) 49,
       (int32) 46,
       (int32) 48,
       (int32) 32,
       (int32) 83,
       (int32) 111,
       (int32) 117,
       (int32) 114,
       (int32) 99,
       (int32) 101,
       (int32) 32,
       (int32) 67,
       (int32) 111,
       (int32) 100,
       (int32) 101,
       (int32) 58,
       (int32) 32,
       (int32) 103,
       (int32) 105,
       (int32) 116,
       (int32) 104,
       (int32) 117,
       (int32) 98,
       (int32) 46,
       (int32) 99,
       (int32) 111,
       (int32) 109,
       (int32) 47,
       (int32) 109,
       (int32) 101,
       (int32) 112,
       (int32) 104,
       (int32) 117,
       (int32) 120,
       (int32) 47,
       (int32) 107,
       (int32) 111,
       (int32) 109,
       (int32) 97,
       (int32) 110,
       (int32) 100,
       (int32) 97
      }
     },
     (gocui.viewLine) {
      linesX: (int) 0,
      linesY: (int) 8,
      line: ([]int32) <nil>
     },
     (gocui.viewLine) {
      linesX: (int) 0,
      linesY: (int) 9,
      line: ([]int32) (len=19 cap=32) {
       (int32) 71,
       (int32) 79,
       (int32) 32,
       (int32) 67,
       (int32) 79,
       (int32) 77,
       (int32) 60,
       (int32) 77,
       (int32) 65,
       (int32) 78,
       (int32) 68,
       (int32) 32,
       (int32) 99,
       (int32) 111,
       (int32) 110,
       (int32) 110,
       (int32) 101,
       (int32) 99,
       (int32) 116
      }
     },
     (gocui.viewLine) {
      linesX: (int) 0,
      linesY: (int) 10,
      line: ([]int32) (len=29 cap=32) {
       (int32) 71,
       (int32) 111,
       (int32) 116,
       (int32) 32,
       (int32) 67,
       (int32) 111,
       (int32) 110,
       (int32) 110,
       (int32) 101,
       (int32) 99,
       (int32) 116,
       (int32) 32,
       (int32) 67,
       (int32) 111,
       (int32) 109,
       (int32) 109,
       (int32) 97,
       (int32) 110,
       (int32) 100,
       (int32) 32,
       (int32) 91,
       (int32) 99,
       (int32) 111,
       (int32) 110,
       (int32) 110,
       (int32) 101,
       (int32) 99,
       (int32) 116,
       (int32) 93
      }
     },
     (gocui.viewLine) {
      linesX: (int) 0,
      linesY: (int) 11,
      line: ([]int32) (len=56 cap=64) {
       (int32) 67,
       (int32) 111,
       (int32) 110,
       (int32) 110,
       (int32) 101,
       (int32) 99,
       (int32) 116,
       (int32) 101,
       (int32) 100,
       (int32) 32,
       (int32) 116,
       (int32) 111,
       (int32) 32,
       (int32) 105,
       (int32) 114,
       (int32) 99,
       (int32) 46,
       (int32) 102,
       (int32) 114,
       (int32) 101,
       (int32) 101,
       (int32) 110,
       (int32) 111,
       (int32) 100,
       (int32) 101,
       (int32) 46,
       (int32) 110,
       (int32) 101,
       (int32) 116,
       (int32) 58,
       (int32) 54,
       (int32) 54,
       (int32) 54,
       (int32) 55,
       (int32) 32,
       (int32) 40,
       (int32) 49,
       (int32) 57,
       (int32) 50,
       (int32) 46,
       (int32) 49,
       (int32) 56,
       (int32) 54,
       (int32) 46,
       (int32) 49,
       (int32) 53,
       (int32) 55,
       (int32) 46,
       (int32) 52,
       (int32) 51,
       (int32) 58,
       (int32) 54,
       (int32) 54,
       (int32) 54,
       (int32) 55,
       (int32) 41
      }
     },
     (gocui.viewLine) {
      linesX: (int) 0,
      linesY: (int) 12,
      line: ([]int32) (len=111 cap=128) {
       (int32) 58,
       (int32) 116,
       (int32) 101,
       (int32) 112,
       (int32) 112,
       (int32) 101,
       (int32) 114,
       (int32) 46,
       (int32) 102,
       (int32) 114,
       (int32) 101,
       (int32) 101,
       (int32) 110,
       (int32) 111,
       (int32) 100,
       (int32) 101,
       (int32) 46,
       (int32) 110,
       (int32) 101,
       (int32) 116,
       (int32) 32,
       (int32) 48,
       (int32) 48,
       (int32) 49,
       (int32) 32,
       (int32) 109,
       (int32) 101,
       (int32) 112,
       (int32) 104,
       (int32) 117,
       (int32) 120,
       (int32) 116,
       (int32) 101,
       (int32) 115,
       (int32) 116,
       (int32) 99,
       (int32) 111,
       (int32) 110,
       (int32) 110,
       (int32) 101,
       (int32) 99,
       (int32) 32,
       (int32) 58,
       (int32) 87,
       (int32) 101,
       (int32) 108,
       (int32) 99,
       (int32) 111,
       (int32) 109,
       (int32) 101,
       (int32) 32,
       (int32) 116,
       (int32) 111,
       (int32) 32,
       (int32) 116,
       (int32) 104,
       (int32) 101,
       (int32) 32,
       (int32) 102,
       (int32) 114,
       (int32) 101,
       (int32) 101,
       (int32) 110,
       (int32) 111,
       (int32) 100,
       (int32) 101,
       (int32) 32,
       (int32) 73,
       (int32) 110,
       (int32) 116,
       (int32) 101,
       (int32) 114,
       (int32) 110,
       (int32) 101,
       (int32) 116,
       (int32) 32,
       (int32) 82,
       (int32) 101,
       (int32) 108,
       (int32) 97,
       (int32) 121,
       (int32) 32,
       (int32) 67,
       (int32) 104,
       (int32) 97,
       (int32) 116,
       (int32) 32,
       (int32) 78,
       (int32) 101,
       (int32) 116,
       (int32) 119,
       (int32) 111,
       (int32) 114,
       (int32) 107,
       (int32) 32,
       (int32) 109,
       (int32) 101,
       (int32) 112,
       (int32) 104,
       (int32) 117,
       (int32) 120,
       (int32) 116,
       (int32) 101,
       (int32) 115,
       (int32) 116,
       (int32) 99,
       (int32) 111,
       (int32) 110,
       (int32) 110,
       (int32) 101,
       (int32) 99
      }
     },
     (gocui.viewLine) {
      linesX: (int) 0,
      linesY: (int) 13,
      line: ([]int32) (len=116 cap=256) {
       (int32) 58,
       (int32) 116,
       (int32) 101,
       (int32) 112,
       (int32) 112,
       (int32) 101,
       (int32) 114,
       (int32) 46,
       (int32) 102,
       (int32) 114,
       (int32) 101,
       (int32) 101,
       (int32) 110,
       (int32) 111,
       (int32) 100,
       (int32) 101,
       (int32) 46,
       (int32) 110,
       (int32) 101,
       (int32) 116,
       (int32) 32,
       (int32) 48,
       (int32) 48,
       (int32) 50,
       (int32) 32,
       (int32) 109,
       (int32) 101,
       (int32) 112,
       (int32) 104,
       (int32) 117,
       (int32) 120,
       (int32) 116,
       (int32) 101,
       (int32) 115,
       (int32) 116,
       (int32) 99,
       (int32) 111,
       (int32) 110,
       (int32) 110,
       (int32) 101,
       (int32) 99,
       (int32) 32,
       (int32) 58,
       (int32) 89,
       (int32) 111,
       (int32) 117,
       (int32) 114,
       (int32) 32,
       (int32) 104,
       (int32) 111,
       (int32) 115,
       (int32) 116,
       (int32) 32,
       (int32) 105,
       (int32) 115,
       (int32) 32,
       (int32) 116,
       (int32) 101,
       (int32) 112,
       (int32) 112,
       (int32) 101,
       (int32) 114,
       (int32) 46,
       (int32) 102,
       (int32) 114,
       (int32) 101,
       (int32) 101,
       (int32) 110,
       (int32) 111,
       (int32) 100,
       (int32) 101,
       (int32) 46,
       (int32) 110,
       (int32) 101,
       (int32) 116,
       (int32) 91,
       (int32) 49,
       (int32) 57,
       (int32) 50,
       (int32) 46,
       (int32) 49,
       (int32) 56,
       (int32) 54,
       (int32) 46,
       (int32) 49,
       (int32) 53,
       (int32) 55,
       (int32) 46,
       (int32) 52,
       (int32) 51,
       (int32) 47,
       (int32) 54,
       (int32) 54,
       (int32) 54,
       (int32) 55,
       (int32) 93,
       (int32) 44,
       (int32) 32,
       (int32) 114,
       (int32) 117,
       (int32) 110,
       (int32) 110,
       (int32) 105,
       (int32) 110,
       (int32) 103,
       (int32) 32,
       (int32) 118,
       (int32) 101,
       (int32) 114,
       (int32) 115,
       (int32) 105,
       (int32) 111,
       (int32) 110,
       (int32) 32,
       (int32) 105,
       (int32) 114
      }
     },
     (gocui.viewLine) {
      linesX: (int) 116,
      linesY: (int) 13,
      line: ([]int32) (len=14 cap=140) {
       (int32) 99,
       (int32) 100,
       (int32) 45,
       (int32) 115,
       (int32) 101,
       (int32) 118,
       (int32) 101,
       (int32) 110,
       (int32) 45,
       (int32) 49,
       (int32) 46,
       (int32) 49,
       (int32) 46,
       (int32) 51
      }
     },
     (gocui.viewLine) {
      linesX: (int) 0,
      linesY: (int) 14,
      line: ([]int32) (len=98 cap=128) {
       (int32) 58,
       (int32) 116,
       (int32) 101,
       (int32) 112,
       (int32) 112,
       (int32) 101,
       (int32) 114,
       (int32) 46,
       (int32) 102,
       (int32) 114,
       (int32) 101,
       (int32) 101,
       (int32) 110,
       (int32) 111,
       (int32) 100,
       (int32) 101,
       (int32) 46,
       (int32) 110,
       (int32) 101,
       (int32) 116,
       (int32) 32,
       (int32) 48,
       (int32) 48,
       (int32) 51,
       (int32) 32,
       (int32) 109,
       (int32) 101,
       (int32) 112,
       (int32) 104,
       (int32) 117,
       (int32) 120,
       (int32) 116,
       (int32) 101,
       (int32) 115,
       (int32) 116,
       (int32) 99,
       (int32) 111,
       (int32) 110,
       (int32) 110,
       (int32) 101,
       (int32) 99,
       (int32) 32,
       (int32) 58,
       (int32) 84,
       (int32) 104,
       (int32) 105,
       (int32) 115,
       (int32) 32,
       (int32) 115,
       (int32) 101,
       (int32) 114,
       (int32) 118,
       (int32) 101,
       (int32) 114,
       (int32) 32,
       (int32) 119,
       (int32) 97,
       (int32) 115,
       (int32) 32,
       (int32) 99,
       (int32) 114,
       (int32) 101,
       (int32) 97,
       (int32) 116,
       (int32) 101,
       (int32) 100,
       (int32) 32,
       (int32) 84,
       (int32) 104,
       (int32) 117,
       (int32) 32,
       (int32) 74,
       (int32) 117,
       (int32) 110,
       (int32) 32,
       (int32) 49,
       (int32) 56,
       (int32) 32,
       (int32) 50,
       (int32) 48,
       (int32) 49,
       (int32) 53,
       (int32) 32,
       (int32) 97,
       (int32) 116,
       (int32) 32,
       (int32) 49,
       (int32) 57,
       (int32) 58,
       (int32) 53,
       (int32) 55,
       (int32) 58,
       (int32) 49,
       (int32) 57,
       (int32) 32,
       (int32) 85,
       (int32) 84,
       (int32) 67
      }
     },
     (gocui.viewLine) {
      linesX: (int) 0,
      linesY: (int) 15,
      line: ([]int32) (len=116 cap=128) {
       (int32) 58,
       (int32) 116,
       (int32) 101,
       (int32) 112,
       (int32) 112,
       (int32) 101,
       (int32) 114,
       (int32) 46,
       (int32) 102,
       (int32) 114,
       (int32) 101,
       (int32) 101,
       (int32) 110,
       (int32) 111,
       (int32) 100,
       (int32) 101,
       (int32) 46,
       (int32) 110,
       (int32) 101,
       (int32) 116,
       (int32) 32,
       (int32) 48,
       (int32) 48,
       (int32) 53,
       (int32) 32,
       (int32) 109,
       (int32) 101,
       (int32) 112,
       (int32) 104,
       (int32) 117,
       (int32) 120,
       (int32) 116,
       (int32) 101,
       (int32) 115,
       (int32) 116,
       (int32) 99,
       (int32) 111,
       (int32) 110,
       (int32) 110,
       (int32) 101,
       (int32) 99,
       (int32) 32,
       (int32) 69,
       (int32) 88,
       (int32) 84,
       (int32) 66,
       (int32) 65,
       (int32) 78,
       (int32) 61,
       (int32) 36,
       (int32) 44,
       (int32) 97,
       (int32) 106,
       (int32) 114,
       (int32) 120,
       (int32) 122,
       (int32) 32,
       (int32) 87,
       (int32) 72,
       (int32) 79,
       (int32) 88,
       (int32) 32,
       (int32) 67,
       (int32) 76,
       (int32) 73,
       (int32) 69,
       (int32) 78,
       (int32) 84,
       (int32) 86,
       (int32) 69,
       (int32) 82,
       (int32) 61,
       (int32) 51,
       (int32) 46,
       (int32) 48,
       (int32) 32,
       (int32) 83,
       (int32) 65,
       (int32) 70,
       (int32) 69,
       (int32) 76,
       (int32) 73,
       (int32) 83,
       (int32) 84,
       (int32) 32,
       (int32) 69,
       (int32) 76,
       (int32) 73,
       (int32) 83,
       (int32) 84,
       (int32) 61,
       (int32) 67,
       (int32) 84,
       (int32) 85,
       (int32) 32,
       (int32) 58,
       (int32) 97,
       (int32) 114,
       (int32) 101,
       (int32) 32,
       (int32) 115,
       (int32) 117,
       (int32) 112,
       (int32) 112,
       (int32) 111,
       (int32) 114,
       (int32) 116,
       (int32) 101,
       (int32) 100,
       (int32) 32,
       (int32) 98,
       (int32) 121,
       (int32) 32,
       (int32) 116,
       (int32) 104,
       (int32) 105
      }
     },
     (gocui.viewLine) {
      linesX: (int) 116,
      linesY: (int) 15,
      line: ([]int32) (len=8 cap=12) {
       (int32) 115,
       (int32) 32,
       (int32) 115,
       (int32) 101,
       (int32) 114,
       (int32) 118,
       (int32) 101,
       (int32) 114
      }
     },
     (gocui.viewLine) {
      linesX: (int) 0,
      linesY: (int) 16,
      line: ([]int32) (len=116 cap=256) {
       (int32) 58,
       (int32) 116,
       (int32) 101,
       (int32) 112,
       (int32) 112,
       (int32) 101,
       (int32) 114,
       (int32) 46,
       (int32) 102,
       (int32) 114,
       (int32) 101,
       (int32) 101,
       (int32) 110,
       (int32) 111,
       (int32) 100,
       (int32) 101,
       (int32) 46,
       (int32) 110,
       (int32) 101,
       (int32) 116,
       (int32) 32,
       (int32) 48,
       (int32) 48,
       (int32) 52,
       (int32) 32,
       (int32) 109,
       (int32) 101,
       (int32) 112,
       (int32) 104,
       (int32) 117,
       (int32) 120,
       (int32) 116,
       (int32) 101,
       (int32) 115,
       (int32) 116,
       (int32) 99,
       (int32) 111,
       (int32) 110,
       (int32) 110,
       (int32) 101,
       (int32) 99,
       (int32) 32,
       (int32) 116,
       (int32) 101,
       (int32) 112,
       (int32) 112,
       (int32) 101,
       (int32) 114,
       (int32) 46,
       (int32) 102,
       (int32) 114,
       (int32) 101,
       (int32) 101,
       (int32) 110,
       (int32) 111,
       (int32) 100,
       (int32) 101,
       (int32) 46,
       (int32) 110,
       (int32) 101,
       (int32) 116,
       (int32) 32,
       (int32) 105,
       (int32) 114,
       (int32) 99,
       (int32) 100,
       (int32) 45,
       (int32) 115,
       (int32) 101,
       (int32) 118,
       (int32) 101,
       (int32) 110,
       (int32) 45,
       (int32) 49,
       (int32) 46,
       (int32) 49,
       (int32) 46,
       (int32) 51,
       (int32) 32,
       (int32) 68,
       (int32) 79,
       (int32) 81,
       (int32) 82,
       (int32) 83,
       (int32) 90,
       (int32) 97,
       (int32) 103,
       (int32) 104,
       (int32) 105,
       (int32) 108,
       (int32) 111,
       (int32) 112,
       (int32) 115,
       (int32) 119,
       (int32) 122,
       (int32) 32,
       (int32) 67,
       (int32) 70,
       (int32) 73,
       (int32) 76,
       (int32) 77,
       (int32) 80,
       (int32) 81,
       (int32) 83,
       (int32) 98,
       (int32) 99,
       (int32) 101,
       (int32) 102,
       (int32) 103,
       (int32) 105,
       (int32) 106,
       (int32) 107,
       (int32) 108,
       (int32) 109,
       (int32) 110,
       (int32) 111
      }
     },
     (gocui.viewLine) {
      linesX: (int) 116,
      linesY: (int) 16,
      line: ([]int32) (len=18 cap=140) {
       (int32) 112,
       (int32) 113,
       (int32) 114,
       (int32) 115,
       (int32) 116,
       (int32) 118,
       (int32) 122,
       (int32) 32,
       (int32) 98,
       (int32) 107,
       (int32) 108,
       (int32) 111,
       (int32) 118,
       (int32) 101,
       (int32) 113,
       (int32) 106,
       (int32) 102,
       (int32) 73
      }
     },
     (gocui.viewLine) {
      linesX: (int) 0,
      linesY: (int) 17,
      line: ([]int32) (len=116 cap=256) {
       (int32) 58,
       (int32) 116,
       (int32) 101,
       (int32) 112,
       (int32) 112,
       (int32) 101,
       (int32) 114,
       (int32) 46,
       (int32) 102,
       (int32) 114,
       (int32) 101,
       (int32) 101,
       (int32) 110,
       (int32) 111,
       (int32) 100,
       (int32) 101,
       (int32) 46,
       (int32) 110,
       (int32) 101,
       (int32) 116,
       (int32) 32,
       (int32) 48,
       (int32) 48,
       (int32) 53,
       (int32) 32,
       (int32) 109,
       (int32) 101,
       (int32) 112,
       (int32) 104,
       (int32) 117,
       (int32) 120,
       (int32) 116,
       (int32) 101,
       (int32) 115,
       (int32) 116,
       (int32) 99,
       (int32) 111,
       (int32) 110,
       (int32) 110,
       (int32) 101,
       (int32) 99,
       (int32) 32,
       (int32) 67,
       (int32) 72,
       (int32) 65,
       (int32) 78,
       (int32) 84,
       (int32) 89,
       (int32) 80,
       (int32) 69,
       (int32) 83,
       (int32) 61,
       (int32) 35,
       (int32) 32,
       (int32) 69,
       (int32) 88,
       (int32) 67,
       (int32) 69,
       (int32) 80,
       (int32) 84,
       (int32) 83,
       (int32) 32,
       (int32) 73,
       (int32) 78,
       (int32) 86,
       (int32) 69,
       (int32) 88,
       (int32) 32,
       (int32) 67,
       (int32) 72,
       (int32) 65,
       (int32) 78,
       (int32) 77,
       (int32) 79,
       (int32) 68,
       (int32) 69,
       (int32) 83,
       (int32) 61,
       (int32) 101,
       (int32) 73,
       (int32) 98,
       (int32) 113,
       (int32) 44,
       (int32) 107,
       (int32) 44,
       (int32) 102,
       (int32) 108,
       (int32) 106,
       (int32) 44,
       (int32) 67,
       (int32) 70,
       (int32) 76,
       (int32) 77,
       (int32) 80,
       (int32) 81,
       (int32) 83,
       (int32) 99,
       (int32) 103,
       (int32) 105,
       (int32) 109,
       (int32) 110,
       (int32) 112,
       (int32) 114,
       (int32) 115,
       (int32) 116,
       (int32) 122,
       (int32) 32,
       (int32) 67,
       (int32) 72,
       (int32) 65,
       (int32) 78,
       (int32) 76,
       (int32) 73,
       (int32) 77,
       (int32) 73,
       (int32) 84
      }
     },
     (gocui.viewLine) {
      linesX: (int) 116,
      linesY: (int) 17,
      line: ([]int32) (len=116 cap=140) {
       (int32) 61,
       (int32) 35,
       (int32) 58,
       (int32) 49,
       (int32) 50,
       (int32) 48,
       (int32) 32,
       (int32) 80,
       (int32) 82,
       (int32) 69,
       (int32) 70,
       (int32) 73,
       (int32) 88,
       (int32) 61,
       (int32) 40,
       (int32) 111,
       (int32) 118,
       (int32) 41,
       (int32) 64,
       (int32) 43,
       (int32) 32,
       (int32) 77,
       (int32) 65,
       (int32) 88,
       (int32) 76,
       (int32) 73,
       (int32) 83,
       (int32) 84,
       (int32) 61,
       (int32) 98,
       (int32) 113,
       (int32) 101,
       (int32) 73,
       (int32) 58,
       (int32) 49,
       (int32) 48,
       (int32) 48,
       (int32) 32,
       (int32) 77,
       (int32) 79,
       (int32) 68,
       (int32) 69,
       (int32) 83,
       (int32) 61,
       (int32) 52,
       (int32) 32,
       (int32) 78,
       (int32) 69,
       (int32) 84,
       (int32) 87,
       (int32) 79,
       (int32) 82,
       (int32) 75,
       (int32) 61,
       (int32) 102,
       (int32) 114,
       (int32) 101,
       (int32) 101,
       (int32) 110,
       (int32) 111,
       (int32) 100,
       (int32) 101,
       (int32) 32,
       (int32) 75,
       (int32) 78,
       (int32) 79,
       (int32) 67,
       (int32) 75,
       (int32) 32,
       (int32) 83,
       (int32) 84,
       (int32) 65,
       (int32) 84,
       (int32) 85,
       (int32) 83,
       (int32) 77,
       (int32) 83,
       (int32) 71,
       (int32) 61,
       (int32) 64,
       (int32) 43,
       (int32) 32,
       (int32) 67,
       (int32) 65,
       (int32) 76,
       (int32) 76,
       (int32) 69,
       (int32) 82,
       (int32) 73,
       (int32) 68,
       (int32) 61,
       (int32) 103,
       (int32) 32,
       (int32) 58,
       (int32) 97,
       (int32) 114,
       (int32) 101,
       (int32) 32,
       (int32) 115,
       (int32) 117,
       (int32) 112,
       (int32) 112,
       (int32) 111,
       (int32) 114,
       (int32) 116,
       (int32) 101,
       (int32) 100,
       (int32) 32,
       (int32) 98,
       (int32) 121,
       (int32) 32,
       (int32) 116,
       (int32) 104,
       (int32) 105,
       (int32) 115,
       (int32) 32
      }
     },
     (gocui.viewLine) {
      linesX: (int) 232,
      linesY: (int) 17,
      line: ([]int32) (len=6 cap=24) {
       (int32) 115,
       (int32) 101,
       (int32) 114,
       (int32) 118,
       (int32) 101,
       (int32) 114
      }
     },
     (gocui.viewLine) {
      linesX: (int) 0,
      linesY: (int) 18,
      line: ([]int32) (len=116 cap=512) {
       (int32) 58,
       (int32) 116,
       (int32) 101,
       (int32) 112,
       (int32) 112,
       (int32) 101,
       (int32) 114,
       (int32) 46,
       (int32) 102,
       (int32) 114,
       (int32) 101,
       (int32) 101,
       (int32) 110,
       (int32) 111,
       (int32) 100,
       (int32) 101,
       (int32) 46,
       (int32) 110,
       (int32) 101,
       (int32) 116,
       (int32) 32,
       (int32) 48,
       (int32) 48,
       (int32) 53,
       (int32) 32,
       (int32) 109,
       (int32) 101,
       (int32) 112,
       (int32) 104,
       (int32) 117,
       (int32) 120,
       (int32) 116,
       (int32) 101,
       (int32) 115,
       (int32) 116,
       (int32) 99,
       (int32) 111,
       (int32) 110,
       (int32) 110,
       (int32) 101,
       (int32) 99,
       (int32) 32,
       (int32) 67,
       (int32) 65,
       (int32) 83,
       (int32) 69,
       (int32) 77,
       (int32) 65,
       (int32) 80,
       (int32) 80,
       (int32) 73,
       (int32) 78,
       (int32) 71,
       (int32) 61,
       (int32) 114,
       (int32) 102,
       (int32) 99,
       (int32) 49,
       (int32) 52,
       (int32) 53,
       (int32) 57,
       (int32) 32,
       (int32) 67,
       (int32) 72,
       (int32) 65,
       (int32) 82,
       (int32) 83,
       (int32) 69,
       (int32) 84,
       (int32) 61,
       (int32) 97,
       (int32) 115,
       (int32) 99,
       (int32) 105,
       (int32) 105,
       (int32) 32,
       (int32) 78,
       (int32) 73,
       (int32) 67,
       (int32) 75,
       (int32) 76,
       (int32) 69,
       (int32) 78,
       (int32) 61,
       (int32) 49,
       (int32) 54,
       (int32) 32,
       (int32) 67,
       (int32) 72,
       (int32) 65,
       (int32) 78,
       (int32) 78,
       (int32) 69,
       (int32) 76,
       (int32) 76,
       (int32) 69,
       (int32) 78,
       (int32) 61,
       (int32) 53,
       (int32) 48,
       (int32) 32,
       (int32) 84,
       (int32) 79,
       (int32) 80,
       (int32) 73,
       (int32) 67,
       (int32) 76,
       (int32) 69,
       (int32) 78,
       (int32) 61,
       (int32) 51,
       (int32) 57,
       (int32) 48,
       (int32) 32,
       (int32) 69,
       (int32) 84
      }
     },
     (gocui.viewLine) {
      linesX: (int) 116,
      linesY: (int) 18,
      line: ([]int32) (len=116 cap=396) {
       (int32) 82,
       (int32) 65,
       (int32) 67,
       (int32) 69,
       (int32) 32,
       (int32) 67,
       (int32) 80,
       (int32) 82,
       (int32) 73,
       (int32) 86,
       (int32) 77,
       (int32) 83,
       (int32) 71,
       (int32) 32,
       (int32) 67,
       (int32) 78,
       (int32) 79,
       (int32) 84,
       (int32) 73,
       (int32) 67,
       (int32) 69,
       (int32) 32,
       (int32) 68,
       (int32) 69,
       (int32) 65,
       (int32) 70,
       (int32) 61,
       (int32) 68,
       (int32) 32,
       (int32) 77,
       (int32) 79,
       (int32) 78,
       (int32) 73,
       (int32) 84,
       (int32) 79,
       (int32) 82,
       (int32) 61,
       (int32) 49,
       (int32) 48,
       (int32) 48,
       (int32) 32,
       (int32) 70,
       (int32) 78,
       (int32) 67,
       (int32) 32,
       (int32) 84,
       (int32) 65,
       (int32) 82,
       (int32) 71,
       (int32) 77,
       (int32) 65,
       (int32) 88,
       (int32) 61,
       (int32) 78,
       (int32) 65,
       (int32) 77,
       (int32) 69,
       (int32) 83,
       (int32) 58,
       (int32) 49,
       (int32) 44,
       (int32) 76,
       (int32) 73,
       (int32) 83,
       (int32) 84,
       (int32) 58,
       (int32) 49,
       (int32) 44,
       (int32) 75,
       (int32) 73,
       (int32) 67,
       (int32) 75,
       (int32) 58,
       (int32) 49,
       (int32) 44,
       (int32) 87,
       (int32) 72,
       (int32) 79,
       (int32) 73,
       (int32) 83,
       (int32) 58,
       (int32) 49,
       (int32) 44,
       (int32) 80,
       (int32) 82,
       (int32) 73,
       (int32) 86,
       (int32) 77,
       (int32) 83,
       (int32) 71,
       (int32) 58,
       (int32) 52,
       (int32) 44,
       (int32) 78,
       (int32) 79,
       (int32) 84,
       (int32) 73,
       (int32) 67,
       (int32) 69,
       (int32) 58,
       (int32) 52,
       (int32) 44,
       (int32) 65,
       (int32) 67,
       (int32) 67,
       (int32) 69,
       (int32) 80,
       (int32) 84,
       (int32) 58,
       (int32) 44,
       (int32) 77,
       (int32) 79,
       (int32) 78,
       (int32) 73,
       (int32) 84,
       (int32) 79
      }
     },
     (gocui.viewLine) {
      linesX: (int) 232,
      linesY: (int) 18,
      line: ([]int32) (len=32 cap=280) {
       (int32) 82,
       (int32) 58,
       (int32) 32,
       (int32) 58,
       (int32) 97,
       (int32) 114,
       (int32) 101,
       (int32) 32,
       (int32) 115,
       (int32) 117,
       (int32) 112,
       (int32) 112,
       (int32) 111,
       (int32) 114,
       (int32) 116,
       (int32) 101,
       (int32) 100,
       (int32) 32,
       (int32) 98,
       (int32) 121,
       (int32) 32,
       (int32) 116,
       (int32) 104,
       (int32) 105,
       (int32) 115,
       (int32) 32,
       (int32) 115,
       (int32) 101,
       (int32) 114,
       (int32) 118,
       (int32) 101,
       (int32) 114
      }
     },
     (gocui.viewLine) {
      linesX: (int) 0,
      linesY: (int) 19,
      line: ([]int32) (len=101 cap=128) {
       (int32) 58,
       (int32) 116,
       (int32) 101,
       (int32) 112,
       (int32) 112,
       (int32) 101,
       (int32) 114,
       (int32) 46,
       (int32) 102,
       (int32) 114,
       (int32) 101,
       (int32) 101,
       (int32) 110,
       (int32) 111,
       (int32) 100,
       (int32) 101,
       (int32) 46,
       (int32) 110,
       (int32) 101,
       (int32) 116,
       (int32) 32,
       (int32) 51,
       (int32) 55,
       (int32) 50,
       (int32) 32,
       (int32) 109,
       (int32) 101,
       (int32) 112,
       (int32) 104,
       (int32) 117,
       (int32) 120,
       (int32) 116,
       (int32) 101,
       (int32) 115,
       (int32) 116,
       (int32) 99,
       (int32) 111,
       (int32) 110,
       (int32) 110,
       (int32) 101,
       (int32) 99,
       (int32) 32,
       (int32) 58,
       (int32) 45,
       (int32) 32,
       (int32) 39,
       (int32) 66,
       (int32) 101,
       (int32) 97,
       (int32) 117,
       (int32) 116,
       (int32) 121,
       (int32) 39,
       (int32) 32,
       (int32) 115,
       (int32) 104,
       (int32) 101,
       (int32) 32,
       (int32) 119,
       (int32) 111,
       (int32) 110,
       (int32) 32,
       (int32) 116,
       (int32) 104,
       (int32) 101,
       (int32) 32,
       (int32) 76,
       (int32) 111,
       (int32) 99,
       (int32) 117,
       (int32) 115,
       (int32) 32,
       (int32) 97,
       (int32) 119,
       (int32) 97,
       (int32) 114,
       (int32) 100,
       (int32) 32,
       (int32) 102,
       (int32) 111,
       (int32) 114,
       (int32) 32,
       (int32) 66,
       (int32) 101,
       (int32) 115,
       (int32) 116,
       (int32) 32,
       (int32) 70,
       (int32) 97,
       (int32) 110,
       (int32) 116,
       (int32) 97,
       (int32) 115,
       (int32) 121,
       (int32) 32,
       (int32) 78,
       (int32) 111,
       (int32) 118,
       (int32) 101,
       (int32) 108,
       (int32) 46
      }
     },
     (gocui.viewLine) {
      linesX: (int) 0,
      linesY: (int) 20,
      line: ([]int32) (len=86 cap=128) {
       (int32) 58,
       (int32) 116,
       (int32) 101,
       (int32) 112,
       (int32) 112,
       (int32) 101,
       (int32) 114,
       (int32) 46,
       (int32) 102,
       (int32) 114,
       (int32) 101,
       (int32) 101,
       (int32) 110,
       (int32) 111,
       (int32) 100,
       (int32) 101,
       (int32) 46,
       (int32) 110,
       (int32) 101,
       (int32) 116,
       (int32) 32,
       (int32) 51,
       (int32) 55,
       (int32) 53,
       (int32) 32,
       (int32) 109,
       (int32) 101,
       (int32) 112,
       (int32) 104,
       (int32) 117,
       (int32) 120,
       (int32) 116,
       (int32) 101,
       (int32) 115,
       (int32) 116,
       (int32) 99,
       (int32) 111,
       (int32) 110,
       (int32) 110,
       (int32) 101,
       (int32) 99,
       (int32) 32,
       (int32) 58,
       (int32) 45,
       (int32) 32,
       (int32) 116,
       (int32) 101,
       (int32) 112,
       (int32) 112,
       (int32) 101,
       (int32) 114,
       (int32) 46,
       (int32) 102,
       (int32) 114,
       (int32) 101,
       (int32) 101,
       (int32) 110,
       (int32) 111,
       (int32) 100,
       (int32) 101,
       (int32) 46,
       (int32) 110,
       (int32) 101,
       (int32) 116,
       (int32) 32,
       (int32) 77,
       (int32) 101,
       (int32) 115,
       (int32) 115,
       (int32) 97,
       (int32) 103,
       (int32) 101,
       (int32) 32,
       (int32) 111,
       (int32) 102,
       (int32) 32,
       (int32) 116,
       (int32) 104,
       (int32) 101,
       (int32) 32,
       (int32) 68,
       (int32) 97,
       (int32) 121,
       (int32) 32,
       (int32) 45,
       (int32) 32
      }
     },
     (gocui.viewLine) {
      linesX: (int) 0,
      linesY: (int) 21,
      line: ([]int32) (len=91 cap=128) {
       (int32) 58,
       (int32) 116,
       (int32) 101,
       (int32) 112,
       (int32) 112,
       (int32) 101,
       (int32) 114,
       (int32) 46,
       (int32) 102,
       (int32) 114,
       (int32) 101,
       (int32) 101,
       (int32) 110,
       (int32) 111,
       (int32) 100,
       (int32) 101,
       (int32) 46,
       (int32) 110,
       (int32) 101,
       (int32) 116,
       (int32) 32,
       (int32) 51,
       (int32) 55,
       (int32) 50,
       (int32) 32,
       (int32) 109,
       (int32) 101,
       (int32) 112,
       (int32) 104,
       (int32) 117,
       (int32) 120,
       (int32) 116,
       (int32) 101,
       (int32) 115,
       (int32) 116,
       (int32) 99,
       (int32) 111,
       (int32) 110,
       (int32) 110,
       (int32) 101,
       (int32) 99,
       (int32) 32,
       (int32) 58,
       (int32) 45,
       (int32) 32,
       (int32) 87,
       (int32) 101,
       (int32) 108,
       (int32) 99,
       (int32) 111,
       (int32) 109,
       (int32) 101,
       (int32) 32,
       (int32) 116,
       (int32) 111,
       (int32) 32,
       (int32) 116,
       (int32) 101,
       (int32) 112,
       (int32) 112,
       (int32) 101,
       (int32) 114,
       (int32) 46,
       (int32) 102,
       (int32) 114,
       (int32) 101,
       (int32) 101,
       (int32) 110,
       (int32) 111,
       (int32) 100,
       (int32) 101,
       (int32) 46,
       (int32) 110,
       (int32) 101,
       (int32) 116,
       (int32) 32,
       (int32) 105,
       (int32) 110,
       (int32) 32,
       (int32) 66,
       (int32) 117,
       (int32) 102,
       (int32) 102,
       (int32) 97,
       (int32) 108,
       (int32) 111,
       (int32) 44,
       (int32) 32,
       (int32) 78,
       (int32) 89,
       (int32) 46
      }
     },
     (gocui.viewLine) {
      linesX: (int) 0,
      linesY: (int) 22,
      line: ([]int32) (len=97 cap=128) {
       (int32) 58,
       (int32) 116,
       (int32) 101,
       (int32) 112,
       (int32) 112,
       (int32) 101,
       (int32) 114,
       (int32) 46,
       (int32) 102,
       (int32) 114,
       (int32) 101,
       (int32) 101,
       (int32) 110,
       (int32) 111,
       (int32) 100,
       (int32) 101,
       (int32) 46,
       (int32) 110,
       (int32) 101,
       (int32) 116,
       (int32) 32,
       (int32) 51,
       (int32) 55,
       (int32) 50,
       (int32) 32,
       (int32) 109,
       (int32) 101,
       (int32) 112,
       (int32) 104,
       (int32) 117,
       (int32) 120,
       (int32) 116,
       (int32) 101,
       (int32) 115,
       (int32) 116,
       (int32) 99,
       (int32) 111,
       (int32) 110,
       (int32) 110,
       (int32) 101,
       (int32) 99,
       (int32) 32,
       (int32) 58,
       (int32) 45,
       (int32) 32,
       (int32) 84,
       (int32) 104,
       (int32) 97,
       (int32) 110,
       (int32) 107,
       (int32) 115,
       (int32) 32,
       (int32) 116,
       (int32) 111,
       (int32) 32,
       (int32) 104,
       (int32) 116,
       (int32) 116,
       (int32) 112,
       (int32) 58,
       (int32) 47,
       (int32) 47,
       (int32) 119,
       (int32) 119,
       (int32) 119,
       (int32) 46,
       (int32) 115,
       (int32) 101,
       (int32) 114,
       (int32) 118,
       (int32) 101,
       (int32) 114,
       (int32) 109,
       (int32) 97,
       (int32) 110,
       (int32) 105,
       (int32) 97,
       (int32) 46,
       (int32) 99,
       (int32) 111,
       (int32) 109,
       (int32) 47,
       (int32) 32,
       (int32) 102,
       (int32) 111,
       (int32) 114,
       (int32) 32,
       (int32) 115,
       (int32) 112,
       (int32) 111,
       (int32) 110,
       (int32) 115,
       (int32) 111,
       (int32) 114,
       (int32) 105,
       (int32) 110,
       (int32) 103
      }
     },
     (gocui.viewLine) {
      linesX: (int) 0,
      linesY: (int) 23,
      line: ([]int32) (len=57 cap=64) {
       (int32) 58,
       (int32) 116,
       (int32) 101,
       (int32) 112,
       (int32) 112,
       (int32) 101,
       (int32) 114,
       (int32) 46,
       (int32) 102,
       (int32) 114,
       (int32) 101,
       (int32) 101,
       (int32) 110,
       (int32) 111,
       (int32) 100,
       (int32) 101,
       (int32) 46,
       (int32) 110,
       (int32) 101,
       (int32) 116,
       (int32) 32,
       (int32) 51,
       (int32) 55,
       (int32) 50,
       (int32) 32,
       (int32) 109,
       (int32) 101,
       (int32) 112,
       (int32) 104,
       (int32) 117,
       (int32) 120,
       (int32) 116,
       (int32) 101,
       (int32) 115,
       (int32) 116,
       (int32) 99,
       (int32) 111,
       (int32) 110,
       (int32) 110,
       (int32) 101,
       (int32) 99,
       (int32) 32,
       (int32) 58,
       (int32) 45,
       (int32) 32,
       (int32) 116,
       (int32) 104,
       (int32) 105,
       (int32) 115,
       (int32) 32,
       (int32) 115,
       (int32) 101,
       (int32) 114,
       (int32) 118,
       (int32) 101,
       (int32) 114,
       (int32) 33
      }
     },
     (gocui.viewLine) {
      linesX: (int) 0,
      linesY: (int) 24,
      line: ([]int32) (len=46 cap=64) {
       (int32) 58,
       (int32) 116,
       (int32) 101,
       (int32) 112,
       (int32) 112,
       (int32) 101,
       (int32) 114,
       (int32) 46,
       (int32) 102,
       (int32) 114,
       (int32) 101,
       (int32) 101,
       (int32) 110,
       (int32) 111,
       (int32) 100,
       (int32) 101,
       (int32) 46,
       (int32) 110,
       (int32) 101,
       (int32) 116,
       (int32) 32,
       (int32) 51,
       (int32) 55,
       (int32) 50,
       (int32) 32,
       (int32) 109,
       (int32) 101,
       (int32) 112,
       (int32) 104,
       (int32) 117,
       (int32) 120,
       (int32) 116,
       (int32) 101,
       (int32) 115,
       (int32) 116,
       (int32) 99,
       (int32) 111,
       (int32) 110,
       (int32) 110,
       (int32) 101,
       (int32) 99,
       (int32) 32,
       (int32) 58,
       (int32) 45,
       (int32) 32,
       (int32) 32
      }
     },
     (gocui.viewLine) {
      linesX: (int) 0,
      linesY: (int) 25,
      line: ([]int32) (len=46 cap=64) {
       (int32) 58,
       (int32) 116,
       (int32) 101,
       (int32) 112,
       (int32) 112,
       (int32) 101,
       (int32) 114,
       (int32) 46,
       (int32) 102,
       (int32) 114,
       (int32) 101,
       (int32) 101,
       (int32) 110,
       (int32) 111,
       (int32) 100,
       (int32) 101,
       (int32) 46,
       (int32) 110,
       (int32) 101,
       (int32) 116,
       (int32) 32,
       (int32) 51,
       (int32) 55,
       (int32) 50,
       (int32) 32,
       (int32) 109,
       (int32) 101,
       (int32) 112,
       (int32) 104,
       (int32) 117,
       (int32) 120,
       (int32) 116,
       (int32) 101,
       (int32) 115,
       (int32) 116,
       (int32) 99,
       (int32) 111,
       (int32) 110,
       (int32) 110,
       (int32) 101,
       (int32) 99,
       (int32) 32,
       (int32) 58,
       (int32) 45,
       (int32) 32,
       (int32) 32
      }
     },
     (gocui.viewLine) {
      linesX: (int) 0,
      linesY: (int) 26,
      line: ([]int32) (len=99 cap=128) {
       (int32) 58,
       (int32) 116,
       (int32) 101,
       (int32) 112,
       (int32) 112,
       (int32) 101,
       (int32) 114,
       (int32) 46,
       (int32) 102,
       (int32) 114,
       (int32) 101,
       (int32) 101,
       (int32) 110,
       (int32) 111,
       (int32) 100,
       (int32) 101,
       (int32) 46,
       (int32) 110,
       (int32) 101,
       (int32) 116,
       (int32) 32,
       (int32) 51,
       (int32) 55,
       (int32) 50,
       (int32) 32,
       (int32) 109,
       (int32) 101,
       (int32) 112,
       (int32) 104,
       (int32) 117,
       (int32) 120,
       (int32) 116,
       (int32) 101,
       (int32) 115,
       (int32) 116,
       (int32) 99,
       (int32) 111,
       (int32) 110,
       (int32) 110,
       (int32) 101,
       (int32) 99,
       (int32) 32,
       (int32) 58,
       (int32) 45,
       (int32) 32,
       (int32) 84,
       (int32) 69,
       (int32) 80,
       (int32) 80,
       (int32) 69,
       (int32) 82,
       (int32) 44,
       (int32) 32,
       (int32) 83,
       (int32) 72,
       (int32) 69,
       (int32) 82,
       (int32) 73,
       (int32) 32,
       (int32) 83,
       (int32) 46,
       (int32) 32,
       (int32) 40,
       (int32) 49,
       (int32) 57,
       (int32) 50,
       (int32) 57,
       (int32) 45,
       (int32) 41,
       (int32) 44,
       (int32) 32,
       (int32) 97,
       (int32) 110,
       (int32) 32,
       (int32) 65,
       (int32) 109,
       (int32) 101,
       (int32) 114,
       (int32) 105,
       (int32) 99,
       (int32) 97,
       (int32) 110,
       (int32) 32,
       (int32) 115,
       (int32) 99,
       (int32) 105,
       (int32) 101,
       (int32) 110,
       (int32) 99,
       (int32) 101,
       (int32) 32,
       (int32) 102,
       (int32) 105,
       (int32) 99,
       (int32) 116,
       (int32) 105,
       (int32) 111,
       (int32) 110,
       (int32) 44
      }
     },
     (gocui.viewLine) {
      linesX: (int) 0,
      linesY: (int) 27,
      line: ([]int32) (len=101 cap=128) {
       (int32) 58,
       (int32) 116,
       (int32) 101,
       (int32) 112,
       (int32) 112,
       (int32) 101,
       (int32) 114,
       (int32) 46,
       (int32) 102,
       (int32) 114,
       (int32) 101,
       (int32) 101,
       (int32) 110,
       (int32) 111,
       (int32) 100,
       (int32) 101,
       (int32) 46,
       (int32) 110,
       (int32) 101,
       (int32) 116,
       (int32) 32,
       (int32) 51,
       (int32) 55,
       (int32) 50,
       (int32) 32,
       (int32) 109,
       (int32) 101,
       (int32) 112,
       (int32) 104,
       (int32) 117,
       (int32) 120,
       (int32) 116,
       (int32) 101,
       (int32) 115,
       (int32) 116,
       (int32) 99,
       (int32) 111,
       (int32) 110,
       (int32) 110,
       (int32) 101,
       (int32) 99,
       (int32) 32,
       (int32) 58,
       (int32) 45,
       (int32) 32,
       (int32) 104,
       (int32) 111,
       (int32) 114,
       (int32) 114,
       (int32) 111,
       (int32) 114,
       (int32) 32,
       (int32) 97,
       (int32) 110,
       (int32) 100,
       (int32) 32,
       (int32) 109,
       (int32) 121,
       (int32) 115,
       (int32) 116,
       (int32) 101,
       (int32) 114,
       (int32) 121,
       (int32) 32,
       (int32) 110,
       (int32) 111,
       (int32) 118,
       (int32) 101,
       (int32) 108,
       (int32) 32,
       (int32) 97,
       (int32) 117,
       (int32) 116,
       (int32) 104,
       (int32) 111,
       (int32) 114,
       (int32) 44,
       (int32) 32,
       (int32) 98,
       (int32) 101,
       (int32) 104,
       (int32) 105,
       (int32) 110,
       (int32) 100,
       (int32) 32,
       (int32) 109,
       (int32) 111,
       (int32) 114,
       (int32) 101,
       (int32) 32,
       (int32) 116,
       (int32) 104,
       (int32) 97,
       (int32) 110,
       (int32) 32,
       (int32) 116,
       (int32) 104,
       (int32) 105,
       (int32) 114,
       (int32) 116,
       (int32) 121
      }
     },
     (gocui.viewLine) {
      linesX: (int) 0,
      linesY: (int) 28,
      line: ([]int32) (len=98 cap=128) {
       (int32) 58,
       (int32) 116,
       (int32) 101,
       (int32) 112,
       (int32) 112,
       (int32) 101,
       (int32) 114,
       (int32) 46,
       (int32) 102,
       (int32) 114,
       (int32) 101,
       (int32) 101,
       (int32) 110,
       (int32) 111,
       (int32) 100,
       (int32) 101,
       (int32) 46,
       (int32) 110,
       (int32) 101,
       (int32) 116,
       (int32) 32,
       (int32) 51,
       (int32) 55,
       (int32) 50,
       (int32) 32,
       (int32) 109,
       (int32) 101,
       (int32) 112,
       (int32) 104,
       (int32) 117,
       (int32) 120,
       (int32) 116,
       (int32) 101,
       (int32) 115,
       (int32) 116,
       (int32) 99,
       (int32) 111,
       (int32) 110,
       (int32) 110,
       (int32) 101,
       (int32) 99,
       (int32) 32,
       (int32) 58,
       (int32) 45,
       (int32) 32,
       (int32) 98,
       (int32) 111,
       (int32) 111,
       (int32) 107,
       (int32) 115,
       (int32) 44,
       (int32) 32,
       (int32) 109,
       (int32) 97,
       (int32) 110,
       (int32) 121,
       (int32) 32,
       (int32) 116,
       (int32) 104,
       (int32) 101,
       (int32) 109,
       (int32) 101,
       (int32) 100,
       (int32) 32,
       (int32) 117,
       (int32) 110,
       (int32) 97,
       (int32) 112,
       (int32) 111,
       (int32) 108,
       (int32) 111,
       (int32) 103,
       (int32) 101,
       (int32) 116,
       (int32) 105,
       (int32) 99,
       (int32) 97,
       (int32) 108,
       (int32) 108,
       (int32) 121,
       (int32) 32,
       (int32) 101,
       (int32) 99,
       (int32) 111,
       (int32) 45,
       (int32) 102,
       (int32) 101,
       (int32) 109,
       (int32) 105,
       (int32) 110,
       (int32) 105,
       (int32) 115,
       (int32) 116,
       (int32) 46,
       (int32) 32,
       (int32) 72,
       (int32) 101,
       (int32) 114
      }
     },
     (gocui.viewLine) {
      linesX: (int) 0,
      linesY: (int) 29,
      line: ([]int32) (len=101 cap=128) {
       (int32) 58,
       (int32) 116,
       (int32) 101,
       (int32) 112,
       (int32) 112,
       (int32) 101,
       (int32) 114,
       (int32) 46,
       (int32) 102,
       (int32) 114,
       (int32) 101,
       (int32) 101,
       (int32) 110,
       (int32) 111,
       (int32) 100,
       (int32) 101,
       (int32) 46,
       (int32) 110,
       (int32) 101,
       (int32) 116,
       (int32) 32,
       (int32) 51,
       (int32) 55,
       (int32) 50,
       (int32) 32,
       (int32) 109,
       (int32) 101,
       (int32) 112,
       (int32) 104,
       (int32) 117,
       (int32) 120,
       (int32) 116,
       (int32) 101,
       (int32) 115,
       (int32) 116,
       (int32) 99,
       (int32) 111,
       (int32) 110,
       (int32) 110,
       (int32) 101,
       (int32) 99,
       (int32) 32,
       (int32) 58,
       (int32) 45,
       (int32) 32,
       (int32) 119,
       (int32) 114,
       (int32) 105,
       (int32) 116,
       (int32) 105,
       (int32) 110,
       (int32) 103,
       (int32) 32,
       (int32) 99,
       (int32) 97,
       (int32) 114,
       (int32) 101,
       (int32) 101,
       (int32) 114,
       (int32) 32,
       (int32) 115,
       (int32) 116,
       (int32) 97,
       (int32) 114,
       (int32) 116,
       (int32) 101,
       (int32) 100,
       (int32) 32,
       (int32) 99,
       (int32) 111,
       (int32) 109,
       (int32) 112,
       (int32) 111,
       (int32) 115,
       (int32) 105,
       (int32) 110,
       (int32) 103,
       (int32) 32,
       (int32) 99,
       (int32) 104,
       (int32) 105,
       (int32) 108,
       (int32) 100,
       (int32) 114,
       (int32) 101,
       (int32) 110,
       (int32) 39,
       (int32) 115,
       (int32) 32,
       (int32) 115,
       (int32) 116,
       (int32) 111,
       (int32) 114,
       (int32) 105,
       (int32) 101,
       (int32) 115,
       (int32) 44,
       (int32) 32,
       (int32) 98,
       (int32) 117,
       (int32) 116
      }
     },
     (gocui.viewLine) {
      linesX: (int) 0,
      linesY: (int) 30,
      line: ([]int32) (len=96 cap=128) {
       (int32) 58,
       (int32) 116,
       (int32) 101,
       (int32) 112,
       (int32) 112,
       (int32) 101,
       (int32) 114,
       (int32) 46,
       (int32) 102,
       (int32) 114,
       (int32) 101,
       (int32) 101,
       (int32) 110,
       (int32) 111,
       (int32) 100,
       (int32) 101,
       (int32) 46,
       (int32) 110,
       (int32) 101,
       (int32) 116,
       (int32) 32,
       (int32) 51,
       (int32) 55,
       (int32) 50,
       (int32) 32,
       (int32) 109,
       (int32) 101,
       (int32) 112,
       (int32) 104,
       (int32) 117,
       (int32) 120,
       (int32) 116,
       (int32) 101,
       (int32) 115,
       (int32) 116,
       (int32) 99,
       (int32) 111,
       (int32) 110,
       (int32) 110,
       (int32) 101,
       (int32) 99,
       (int32) 32,
       (int32) 58,
       (int32) 45,
       (int32) 32,
       (int32) 109,
       (int32) 111,
       (int32) 118,
       (int32) 101,
       (int32) 100,
       (int32) 32,
       (int32) 116,
       (int32) 111,
       (int32) 32,
       (int32) 97,
       (int32) 100,
       (int32) 117,
       (int32) 108,
       (int32) 116,
       (int32) 32,
       (int32) 102,
       (int32) 105,
       (int32) 99,
       (int32) 116,
       (int32) 105,
       (int32) 111,
       (int32) 110,
       (int32) 32,
       (int32) 105,
       (int32) 110,
       (int32) 32,
       (int32) 49,
       (int32) 57,
       (int32) 56,
       (int32) 50,
       (int32) 46,
       (int32) 32,
       (int32) 87,
       (int32) 105,
       (int32) 116,
       (int32) 104,
       (int32) 32,
       (int32) 116,
       (int32) 104,
       (int32) 101,
       (int32) 32,
       (int32) 49,
       (int32) 57,
       (int32) 57,
       (int32) 49,
       (int32) 32,
       (int32) 110,
       (int32) 111,
       (int32) 118,
       (int32) 101,
       (int32) 108
      }
     },
     (gocui.viewLine) {
      linesX: (int) 0,
      linesY: (int) 31,
      line: ([]int32) (len=46 cap=64) {
       (int32) 58,
       (int32) 116,
       (int32) 101,
       (int32) 112,
       (int32) 112,
       (int32) 101,
       (int32) 114,
       (int32) 46,
       (int32) 102,
       (int32) 114,
       (int32) 101,
       (int32) 101,
       (int32) 110,
       (int32) 111,
       (int32) 100,
       (int32) 101,
       (int32) 46,
       (int32) 110,
       (int32) 101,
       (int32) 116,
       (int32) 32,
       (int32) 51,
       (int32) 55,
       (int32) 50,
       (int32) 32,
       (int32) 109,
       (int32) 101,
       (int32) 112,
       (int32) 104,
       (int32) 117,
       (int32) 120,
       (int32) 116,
       (int32) 101,
       (int32) 115,
       (int32) 116,
       (int32) 99,
       (int32) 111,
       (int32) 110,
       (int32) 110,
       (int32) 101,
       (int32) 99,
       (int32) 32,
       (int32) 58,
       (int32) 45,
       (int32) 32,
       (int32) 32
      }
     },
     (gocui.viewLine) {
      linesX: (int) 0,
      linesY: (int) 32,
      line: ([]int32) (len=104 cap=128) {
       (int32) 58,
       (int32) 116,
       (int32) 101,
       (int32) 112,
       (int32) 112,
       (int32) 101,
       (int32) 114,
       (int32) 46,
       (int32) 102,
       (int32) 114,
       (int32) 101,
       (int32) 101,
       (int32) 110,
       (int32) 111,
       (int32) 100,
       (int32) 101,
       (int32) 46,
       (int32) 110,
       (int32) 101,
       (int32) 116,
       (int32) 32,
       (int32) 51,
       (int32) 55,
       (int32) 50,
       (int32) 32,
       (int32) 109,
       (int32) 101,
       (int32) 112,
       (int32) 104,
       (int32) 117,
       (int32) 120,
       (int32) 116,
       (int32) 101,
       (int32) 115,
       (int32) 116,
       (int32) 99,
       (int32) 111,
       (int32) 110,
       (int32) 110,
       (int32) 101,
       (int32) 99,
       (int32) 32,
       (int32) 58,
       (int32) 45,
       (int32) 32,
       (int32) 72,
       (int32) 101,
       (int32) 114,
       (int32) 32,
       (int32) 111,
       (int32) 116,
       (int32) 104,
       (int32) 101,
       (int32) 114,
       (int32) 32,
       (int32) 119,
       (int32) 101,
       (int32) 108,
       (int32) 108,
       (int32) 45,
       (int32) 107,
       (int32) 110,
       (int32) 111,
       (int32) 119,
       (int32) 110,
       (int32) 32,
       (int32) 119,
       (int32) 111,
       (int32) 114,
       (int32) 107,
       (int32) 115,
       (int32) 32,
       (int32) 105,
       (int32) 110,
       (int32) 99,
       (int32) 108,
       (int32) 117,
       (int32) 100,
       (int32) 101,
       (int32) 32,
       (int32) 39,
       (int32) 71,
       (int32) 114,
       (int32) 97,
       (int32) 115,
       (int32) 115,
       (int32) 39,
       (int32) 32,
       (int32) 40,
       (int32) 49,
       (int32) 57,
       (int32) 56,
       (int32) 57,
       (int32) 44,
       (int32) 32,
       (int32) 110,
       (int32) 111,
       (int32) 109,
       (int32) 105,
       (int32) 110,
       (int32) 97,
       (int32) 116,
       (int32) 101,
       (int32) 100
      }
     },
     (gocui.viewLine) {
      linesX: (int) 0,
      linesY: (int) 33,
      line: ([]int32) (len=100 cap=128) {
       (int32) 58,
       (int32) 116,
       (int32) 101,
       (int32) 112,
       (int32) 112,
       (int32) 101,
       (int32) 114,
       (int32) 46,
       (int32) 102,
       (int32) 114,
       (int32) 101,
       (int32) 101,
       (int32) 110,
       (int32) 111,
       (int32) 100,
       (int32) 101,
       (int32) 46,
       (int32) 110,
       (int32) 101,
       (int32) 116,
       (int32) 32,
       (int32) 51,
       (int32) 55,
       (int32) 50,
       (int32) 32,
       (int32) 109,
       (int32) 101,
       (int32) 112,
       (int32) 104,
       (int32) 117,
       (int32) 120,
       (int32) 116,
       (int32) 101,
       (int32) 115,
       (int32) 116,
       (int32) 99,
       (int32) 111,
       (int32) 110,
       (int32) 110,
       (int32) 101,
       (int32) 99,
       (int32) 32,
       (int32) 58,
       (int32) 45,
       (int32) 32,
       (int32) 102,
       (int32) 111,
       (int32) 114,
       (int32) 32,
       (int32) 72,
       (int32) 117,
       (int32) 103,
       (int32) 111,
       (int32) 32,
       (int32) 97,
       (int32) 110,
       (int32) 100,
       (int32) 32,
       (int32) 76,
       (int32) 111,
       (int32) 99,
       (int32) 117,
       (int32) 115,
       (int32) 32,
       (int32) 65,
       (int32) 119,
       (int32) 97,
       (int32) 114,
       (int32) 100,
       (int32) 115,
       (int32) 32,
       (int32) 105,
       (int32) 110,
       (int32) 32,
       (int32) 49,
       (int32) 57,
       (int32) 57,
       (int32) 48,
       (int32) 41,
       (int32) 32,
       (int32) 97,
       (int32) 110,
       (int32) 100,
       (int32) 32,
       (int32) 39,
       (int32) 71,
       (int32) 97,
       (int32) 116,
       (int32) 101,
       (int32) 32,
       (int32) 116,
       (int32) 111,
       (int32) 32,
       (int32) 87,
       (int32) 111,
       (int32) 109,
       (int32) 101,
       (int32) 110,
       (int32) 39,
       (int32) 115
      }
     },
     (gocui.viewLine) {
      linesX: (int) 0,
      linesY: (int) 34,
      line: ([]int32) (len=61 cap=64) {
       (int32) 58,
       (int32) 116,
       (int32) 101,
       (int32) 112,
       (int32) 112,
       (int32) 101,
       (int32) 114,
       (int32) 46,
       (int32) 102,
       (int32) 114,
       (int32) 101,
       (int32) 101,
       (int32) 110,
       (int32) 111,
       (int32) 100,
       (int32) 101,
       (int32) 46,
       (int32) 110,
       (int32) 101,
       (int32) 116,
       (int32) 32,
       (int32) 51,
       (int32) 55,
       (int32) 50,
       (int32) 32,
       (int32) 109,
       (int32) 101,
       (int32) 112,
       (int32) 104,
       (int32) 117,
       (int32) 120,
       (int32) 116,
       (int32) 101,
       (int32) 115,
       (int32) 116,
       (int32) 99,
       (int32) 111,
       (int32) 110,
       (int32) 110,
       (int32) 101,
       (int32) 99,
       (int32) 32,
       (int32) 58,
       (int32) 45,
       (int32) 32,
       (int32) 67,
       (int32) 111,
       (int32) 117,
       (int32) 110,
       (int32) 116,
       (int32) 114,
       (int32) 121,
       (int32) 39,
       (int32) 32,
       (int32) 40,
       (int32) 49,
       (int32) 57,
       (int32) 56,
       (int32) 56,
       (int32) 41,
       (int32) 46
      }
     },
     (gocui.viewLine) {
      linesX: (int) 0,
      linesY: (int) 35,
      line: ([]int32) (len=46 cap=64) {
       (int32) 58,
       (int32) 116,
       (int32) 101,
       (int32) 112,
       (int32) 112,
       (int32) 101,
       (int32) 114,
       (int32) 46,
       (int32) 102,
       (int32) 114,
       (int32) 101,
       (int32) 101,
       (int32) 110,
       (int32) 111,
       (int32) 100,
       (int32) 101,
       (int32) 46,
       (int32) 110,
       (int32) 101,
       (int32) 116,
       (int32) 32,
       (int32) 51,
       (int32) 55,
       (int32) 50,
       (int32) 32,
       (int32) 109,
       (int32) 101,
       (int32) 112,
       (int32) 104,
       (int32) 117,
       (int32) 120,
       (int32) 116,
       (int32) 101,
       (int32) 115,
       (int32) 116,
       (int32) 99,
       (int32) 111,
       (int32) 110,
       (int32) 110,
       (int32) 101,
       (int32) 99,
       (int32) 32,
       (int32) 58,
       (int32) 45,
       (int32) 32,
       (int32) 32
      }
     },
     (gocui.viewLine) {
      linesX: (int) 0,
      linesY: (int) 36,
      line: ([]int32) (len=102 cap=128) {
       (int32) 58,
       (int32) 116,
       (int32) 101,
       (int32) 112,
       (int32) 112,
       (int32) 101,
       (int32) 114,
       (int32) 46,
       (int32) 102,
       (int32) 114,
       (int32) 101,
       (int32) 101,
       (int32) 110,
       (int32) 111,
       (int32) 100,
       (int32) 101,
       (int32) 46,
       (int32) 110,
       (int32) 101,
       (int32) 116,
       (int32) 32,
       (int32) 51,
       (int32) 55,
       (int32) 50,
       (int32) 32,
       (int32) 109,
       (int32) 101,
       (int32) 112,
       (int32) 104,
       (int32) 117,
       (int32) 120,
       (int32) 116,
       (int32) 101,
       (int32) 115,
       (int32) 116,
       (int32) 99,
       (int32) 111,
       (int32) 110,
       (int32) 110,
       (int32) 101,
       (int32) 99,
       (int32) 32,
       (int32) 58,
       (int32) 45,
       (int32) 32,
       (int32) 87,
       (int32) 101,
       (int32) 108,
       (int32) 99,
       (int32) 111,
       (int32) 109,
       (int32) 101,
       (int32) 32,
       (int32) 116,
       (int32) 111,
       (int32) 32,
       (int32) 102,
       (int32) 114,
       (int32) 101,
       (int32) 101,
       (int32) 110,
       (int32) 111,
       (int32) 100,
       (int32) 101,
       (int32) 32,
       (int32) 45,
       (int32) 32,
       (int32) 115,
       (int32) 117,
       (int32) 112,
       (int32) 112,
       (int32) 111,
       (int32) 114,
       (int32) 116,
       (int32) 105,
       (int32) 110,
       (int32) 103,
       (int32) 32,
       (int32) 116,
       (int32) 104,
       (int32) 101,
       (int32) 32,
       (int32) 102,
       (int32) 114,
       (int32) 101,
       (int32) 101,
       (int32) 32,
       (int32) 97,
       (int32) 110,
       (int32) 100,
       (int32) 32,
       (int32) 111,
       (int32) 112,
       (int32) 101,
       (int32) 110,
       (int32) 32,
       (int32) 115,
       (int32) 111,
       (int32) 117,
       (int32) 114,
       (int32) 99,
       (int32) 101
      }
     },
     (gocui.viewLine) {
      linesX: (int) 0,
      linesY: (int) 37,
      line: ([]int32) (len=77 cap=128) {
       (int32) 58,
       (int32) 116,
       (int32) 101,
       (int32) 112,
       (int32) 112,
       (int32) 101,
       (int32) 114,
       (int32) 46,
       (int32) 102,
       (int32) 114,
       (int32) 101,
       (int32) 101,
       (int32) 110,
       (int32) 111,
       (int32) 100,
       (int32) 101,
       (int32) 46,
       (int32) 110,
       (int32) 101,
       (int32) 116,
       (int32) 32,
       (int32) 51,
       (int32) 55,
       (int32) 50,
       (int32) 32,
       (int32) 109,
       (int32) 101,
       (int32) 112,
       (int32) 104,
       (int32) 117,
       (int32) 120,
       (int32) 116,
       (int32) 101,
       (int32) 115,
       (int32) 116,
       (int32) 99,
       (int32) 111,
       (int32) 110,
       (int32) 110,
       (int32) 101,
       (int32) 99,
       (int32) 32,
       (int32) 58,
       (int32) 45,
       (int32) 32,
       (int32) 115,
       (int32) 111,
       (int32) 102,
       (int32) 116,
       (int32) 119,
       (int32) 97,
       (int32) 114,
       (int32) 101,
       (int32) 32,
       (int32) 99,
       (int32) 111,
       (int32) 109,
       (int32) 109,
       (int32) 117,
       (int32) 110,
       (int32) 105,
       (int32) 116,
       (int32) 105,
       (int32) 101,
       (int32) 115,
       (int32) 32,
       (int32) 115,
       (int32) 105,
       (int32) 110,
       (int32) 99,
       (int32) 101,
       (int32) 32,
       (int32) 49,
       (int32) 57,
       (int32) 57,
       (int32) 56,
       (int32) 46
      }
     },
     (gocui.viewLine) {
      linesX: (int) 0,
      linesY: (int) 38,
      line: ([]int32) (len=46 cap=64) {
       (int32) 58,
       (int32) 116,
       (int32) 101,
       (int32) 112,
       (int32) 112,
       (int32) 101,
       (int32) 114,
       (int32) 46,
       (int32) 102,
       (int32) 114,
       (int32) 101,
       (int32) 101,
       (int32) 110,
       (int32) 111,
       (int32) 100,
       (int32) 101,
       (int32) 46,
       (int32) 110,
       (int32) 101,
       (int32) 116,
       (int32) 32,
       (int32) 51,
       (int32) 55,
       (int32) 50,
       (int32) 32,
       (int32) 109,
       (int32) 101,
       (int32) 112,
       (int32) 104,
       (int32) 117,
       (int32) 120,
       (int32) 116,
       (int32) 101,
       (int32) 115,
       (int32) 116,
       (int32) 99,
       (int32) 111,
       (int32) 110,
       (int32) 110,
       (int32) 101,
       (int32) 99,
       (int32) 32,
       (int32) 58,
       (int32) 45,
       (int32) 32,
       (int32) 32
      }
     },
     (gocui.viewLine) {
      linesX: (int) 0,
      linesY: (int) 39,
      line: ([]int32) (len=106 cap=128) {
       (int32) 58,
       (int32) 116,
       (int32) 101,
       (int32) 112,
       (int32) 112,
       (int32) 101,
       (int32) 114,
       (int32) 46,
       (int32) 102,
       (int32) 114,
       (int32) 101,
       (int32) 101,
       (int32) 110,
       (int32) 111,
       (int32) 100,
       (int32) 101,
       (int32) 46,
       (int32) 110,
       (int32) 101,
       (int32) 116,
       (int32) 32,
       (int32) 51,
       (int32) 55,
       (int32) 50,
       (int32) 32,
       (int32) 109,
       (int32) 101,
       (int32) 112,
       (int32) 104,
       (int32) 117,
       (int32) 120,
       (int32) 116,
       (int32) 101,
       (int32) 115,
       (int32) 116,
       (int32) 99,
       (int32) 111,
       (int32) 110,
       (int32) 110,
       (int32) 101,
       (int32) 99,
       (int32) 32,
       (int32) 58,
       (int32) 45,
       (int32) 32,
       (int32) 66,
       (int32) 121,
       (int32) 32,
       (int32) 99,
       (int32) 111,
       (int32) 110,
       (int32) 110,
       (int32) 101,
       (int32) 99,
       (int32) 116,
       (int32) 105,
       (int32) 110,
       (int32) 103,
       (int32) 32,
       (int32) 116,
       (int32) 111,
       (int32) 32,
       (int32) 102,
       (int32) 114,
       (int32) 101,
       (int32) 101,
       (int32) 110,
       (int32) 111,
       (int32) 100,
       (int32) 101,
       (int32) 32,
       (int32) 121,
       (int32) 111,
       (int32) 117,
       (int32) 32,
       (int32) 105,
       (int32) 110,
       (int32) 100,
       (int32) 105,
       (int32) 99,
       (int32) 97,
       (int32) 116,
       (int32) 101,
       (int32) 32,
       (int32) 116,
       (int32) 104,
       (int32) 97,
       (int32) 116,
       (int32) 32,
       (int32) 121,
       (int32) 111,
       (int32) 117,
       (int32) 32,
       (int32) 104,
       (int32) 97,
       (int32) 118,
       (int32) 101,
       (int32) 32,
       (int32) 114,
       (int32) 101,
       (int32) 97,
       (int32) 100,
       (int32) 32,
       (int32) 97,
       (int32) 110,
       (int32) 100
      }
     },
     (gocui.viewLine) {
      linesX: (int) 0,
      linesY: (int) 40,
      line: ([]int32) (len=102 cap=128) {
       (int32) 58,
       (int32) 116,
       (int32) 101,
       (int32) 112,
       (int32) 112,
       (int32) 101,
       (int32) 114,
       (int32) 46,
       (int32) 102,
       (int32) 114,
       (int32) 101,
       (int32) 101,
       (int32) 110,
       (int32) 111,
       (int32) 100,
       (int32) 101,
       (int32) 46,
       (int32) 110,
       (int32) 101,
       (int32) 116,
       (int32) 32,
       (int32) 51,
       (int32) 55,
       (int32) 50,
       (int32) 32,
       (int32) 109,
       (int32) 101,
       (int32) 112,
       (int32) 104,
       (int32) 117,
       (int32) 120,
       (int32) 116,
       (int32) 101,
       (int32) 115,
       (int32) 116,
       (int32) 99,
       (int32) 111,
       (int32) 110,
       (int32) 110,
       (int32) 101,
       (int32) 99,
       (int32) 32,
       (int32) 58,
       (int32) 45,
       (int32) 32,
       (int32) 97,
       (int32) 99,
       (int32) 99,
       (int32) 101,
       (int32) 112,
       (int32) 116,
       (int32) 32,
       (int32) 111,
       (int32) 117,
       (int32) 114,
       (int32) 32,
       (int32) 112,
       (int32) 111,
       (int32) 108,
       (int32) 105,
       (int32) 99,
       (int32) 105,
       (int32) 101,
       (int32) 115,
       (int32) 32,
       (int32) 97,
       (int32) 115,
       (int32) 32,
       (int32) 115,
       (int32) 101,
       (int32) 116,
       (int32) 32,
       (int32) 111,
       (int32) 117,
       (int32) 116,
       (int32) 32,
       (int32) 111,
       (int32) 110,
       (int32) 32,
       (int32) 104,
       (int32) 116,
       (int32) 116,
       (int32) 112,
       (int32) 58,
       (int32) 47,
       (int32) 47,
       (int32) 119,
       (int32) 119,
       (int32) 119,
       (int32) 46,
       (int32) 102,
       (int32) 114,
       (int32) 101,
       (int32) 101,
       (int32) 110,
       (int32) 111,
       (int32) 100,
       (int32) 101,
       (int32) 46,
       (int32) 110,
       (int32) 101,
       (int32) 116
      }
     },
     (gocui.viewLine) {
      linesX: (int) 0,
      linesY: (int) 41,
      line: ([]int32) (len=107 cap=128) {
       (int32) 58,
       (int32) 116,
       (int32) 101,
       (int32) 112,
       (int32) 112,
       (int32) 101,
       (int32) 114,
       (int32) 46,
       (int32) 102,
       (int32) 114,
       (int32) 101,
       (int32) 101,
       (int32) 110,
       (int32) 111,
       (int32) 100,
       (int32) 101,
       (int32) 46,
       (int32) 110,
       (int32) 101,
       (int32) 116,
       (int32) 32,
       (int32) 51,
       (int32) 55,
       (int32) 50,
       (int32) 32,
       (int32) 109,
       (int32) 101,
       (int32) 112,
       (int32) 104,
       (int32) 117,
       (int32) 120,
       (int32) 116,
       (int32) 101,
       (int32) 115,
       (int32) 116,
       (int32) 99,
       (int32) 111,
       (int32) 110,
       (int32) 110,
       (int32) 101,
       (int32) 99,
       (int32) 32,
       (int32) 58,
       (int32) 45,
       (int32) 32,
       (int32) 102,
       (int32) 114,
       (int32) 101,
       (int32) 101,
       (int32) 110,
       (int32) 111,
       (int32) 100,
       (int32) 101,
       (int32) 32,
       (int32) 114,
       (int32) 117,
       (int32) 110,
       (int32) 115,
       (int32) 32,
       (int32) 97,
       (int32) 110,
       (int32) 32,
       (int32) 111,
       (int32) 112,
       (int32) 101,
       (int32) 110,
       (int32) 32,
       (int32) 112,
       (int32) 114,
       (int32) 111,
       (int32) 120,
       (int32) 121,
       (int32) 32,
       (int32) 115,
       (int32) 99,
       (int32) 97,
       (int32) 110,
       (int32) 110,
       (int32) 101,
       (int32) 114,
       (int32) 46,
       (int32) 32,
       (int32) 80,
       (int32) 108,
       (int32) 101,
       (int32) 97,
       (int32) 115,
       (int32) 101,
       (int32) 32,
       (int32) 106,
       (int32) 111,
       (int32) 105,
       (int32) 110,
       (int32) 32,
       (int32) 35,
       (int32) 102,
       (int32) 114,
       (int32) 101,
       (int32) 101,
       (int32) 110,
       (int32) 111,
       (int32) 100,
       (int32) 101,
       (int32) 32,
       (int32) 102,
       (int32) 111,
       (int32) 114
      }
     },
     (gocui.viewLine) {
      linesX: (int) 0,
      linesY: (int) 42,
      line: ([]int32) (len=104 cap=128) {
       (int32) 58,
       (int32) 116,
       (int32) 101,
       (int32) 112,
       (int32) 112,
       (int32) 101,
       (int32) 114,
       (int32) 46,
       (int32) 102,
       (int32) 114,
       (int32) 101,
       (int32) 101,
       (int32) 110,
       (int32) 111,
       (int32) 100,
       (int32) 101,
       (int32) 46,
       (int32) 110,
       (int32) 101,
       (int32) 116,
       (int32) 32,
       (int32) 51,
       (int32) 55,
       (int32) 50,
       (int32) 32,
       (int32) 109,
       (int32) 101,
       (int32) 112,
       (int32) 104,
       (int32) 117,
       (int32) 120,
       (int32) 116,
       (int32) 101,
       (int32) 115,
       (int32) 116,
       (int32) 99,
       (int32) 111,
       (int32) 110,
       (int32) 110,
       (int32) 101,
       (int32) 99,
       (int32) 32,
       (int32) 58,
       (int32) 45,
       (int32) 32,
       (int32) 97,
       (int32) 110,
       (int32) 121,
       (int32) 32,
       (int32) 110,
       (int32) 101,
       (int32) 116,
       (int32) 119,
       (int32) 111,
       (int32) 114,
       (int32) 107,
       (int32) 45,
       (int32) 114,
       (int32) 101,
       (int32) 108,
       (int32) 97,
       (int32) 116,
       (int32) 101,
       (int32) 100,
       (int32) 32,
       (int32) 113,
       (int32) 117,
       (int32) 101,
       (int32) 115,
       (int32) 116,
       (int32) 105,
       (int32) 111,
       (int32) 110,
       (int32) 115,
       (int32) 32,
       (int32) 111,
       (int32) 114,
       (int32) 32,
       (int32) 113,
       (int32) 117,
       (int32) 101,
       (int32) 114,
       (int32) 105,
       (int32) 101,
       (int32) 115,
       (int32) 44,
       (int32) 32,
       (int32) 119,
       (int32) 104,
       (int32) 101,
       (int32) 114,
       (int32) 101,
       (int32) 32,
       (int32) 97,
       (int32) 32,
       (int32) 110,
       (int32) 117,
       (int32) 109,
       (int32) 98,
       (int32) 101,
       (int32) 114,
       (int32) 32,
       (int32) 111,
       (int32) 102
      }
     },
     (gocui.viewLine) {
      linesX: (int) 0,
      linesY: (int) 43,
      line: ([]int32) (len=107 cap=128) {
       (int32) 58,
       (int32) 116,
       (int32) 101,
       (int32) 112,
       (int32) 112,
       (int32) 101,
       (int32) 114,
       (int32) 46,
       (int32) 102,
       (int32) 114,
       (int32) 101,
       (int32) 101,
       (int32) 110,
       (int32) 111,
       (int32) 100,
       (int32) 101,
       (int32) 46,
       (int32) 110,
       (int32) 101,
       (int32) 116,
       (int32) 32,
       (int32) 51,
       (int32) 55,
       (int32) 50,
       (int32) 32,
       (int32) 109,
       (int32) 101,
       (int32) 112,
       (int32) 104,
       (int32) 117,
       (int32) 120,
       (int32) 116,
       (int32) 101,
       (int32) 115,
       (int32) 116,
       (int32) 99,
       (int32) 111,
       (int32) 110,
       (int32) 110,
       (int32) 101,
       (int32) 99,
       (int32) 32,
       (int32) 58,
       (int32) 45,
       (int32) 32,
       (int32) 118,
       (int32) 111,
       (int32) 108,
       (int32) 117,
       (int32) 110,
       (int32) 116,
       (int32) 101,
       (int32) 101,
       (int32) 114,
       (int32) 32,
       (int32) 115,
       (int32) 116,
       (int32) 97,
       (int32) 102,
       (int32) 102,
       (int32) 32,
       (int32) 97,
       (int32) 110,
       (int32) 100,
       (int32) 32,
       (int32) 104,
       (int32) 101,
       (int32) 108,
       (int32) 112,
       (int32) 102,
       (int32) 117,
       (int32) 108,
       (int32) 32,
       (int32) 117,
       (int32) 115,
       (int32) 101,
       (int32) 114,
       (int32) 115,
       (int32) 32,
       (int32) 119,
       (int32) 105,
       (int32) 108,
       (int32) 108,
       (int32) 32,
       (int32) 98,
       (int32) 101,
       (int32) 32,
       (int32) 104,
       (int32) 97,
       (int32) 112,
       (int32) 112,
       (int32) 121,
       (int32) 32,
       (int32) 116,
       (int32) 111,
       (int32) 32,
       (int32) 97,
       (int32) 115,
       (int32) 115,
       (int32) 105,
       (int32) 115,
       (int32) 116,
       (int32) 32,
       (int32) 121,
       (int32) 111,
       (int32) 117,
       (int32) 46
      }
     },
     (gocui.viewLine) {
      linesX: (int) 0,
      linesY: (int) 44,
      line: ([]int32) (len=46 cap=64) {
       (int32) 58,
       (int32) 116,
       (int32) 101,
       (int32) 112,
       (int32) 112,
       (int32) 101,
       (int32) 114,
       (int32) 46,
       (int32) 102,
       (int32) 114,
       (int32) 101,
       (int32) 101,
       (int32) 110,
       (int32) 111,
       (int32) 100,
       (int32) 101,
       (int32) 46,
       (int32) 110,
       (int32) 101,
       (int32) 116,
       (int32) 32,
       (int32) 51,
       (int32) 55,
       (int32) 50,
       (int32) 32,
       (int32) 109,
       (int32) 101,
       (int32) 112,
       (int32) 104,
       (int32) 117,
       (int32) 120,
       (int32) 116,
       (int32) 101,
       (int32) 115,
       (int32) 116,
       (int32) 99,
       (int32) 111,
       (int32) 110,
       (int32) 110,
       (int32) 101,
       (int32) 99,
       (int32) 32,
       (int32) 58,
       (int32) 45,
       (int32) 32,
       (int32) 32
      }
     },
     (gocui.viewLine) {
      linesX: (int) 0,
      linesY: (int) 45,
      line: ([]int32) (len=109 cap=128) {
       (int32) 58,
       (int32) 116,
       (int32) 101,
       (int32) 112,
       (int32) 112,
       (int32) 101,
       (int32) 114,
       (int32) 46,
       (int32) 102,
       (int32) 114,
       (int32) 101,
       (int32) 101,
       (int32) 110,
       (int32) 111,
       (int32) 100,
       (int32) 101,
       (int32) 46,
       (int32) 110,
       (int32) 101,
       (int32) 116,
       (int32) 32,
       (int32) 51,
       (int32) 55,
       (int32) 50,
       (int32) 32,
       (int32) 109,
       (int32) 101,
       (int32) 112,
       (int32) 104,
       (int32) 117,
       (int32) 120,
       (int32) 116,
       (int32) 101,
       (int32) 115,
       (int32) 116,
       (int32) 99,
       (int32) 111,
       (int32) 110,
       (int32) 110,
       (int32) 101,
       (int32) 99,
       (int32) 32,
       (int32) 58,
       (int32) 45,
       (int32) 32,
       (int32) 89,
       (int32) 111,
       (int32) 117,
       (int32) 32,
       (int32) 99,
       (int32) 97,
       (int32) 110,
       (int32) 32,
       (int32) 109,
       (int32) 101,
       (int32) 101,
       (int32) 116,
       (int32) 32,
       (int32) 117,
       (int32) 115,
       (int32) 32,
       (int32) 97,
       (int32) 116,
       (int32) 32,
       (int32) 70,
       (int32) 79,
       (int32) 83,
       (int32) 83,
       (int32) 67,
       (int32) 79,
       (int32) 78,
       (int32) 32,
       (int32) 40,
       (int32) 104,
       (int32) 116,
       (int32) 116,
       (int32) 112,
       (int32) 58,
       (int32) 47,
       (int32) 47,
       (int32) 119,
       (int32) 119,
       (int32) 119,
       (int32) 46,
       (int32) 102,
       (int32) 111,
       (int32) 115,
       (int32) 115,
       (int32) 99,
       (int32) 111,
       (int32) 110,
       (int32) 46,
       (int32) 111,
       (int32) 114,
       (int32) 103,
       (int32) 41,
       (int32) 32,
       (int32) 119,
       (int32) 104,
       (int32) 101,
       (int32) 114,
       (int32) 101,
       (int32) 32,
       (int32) 119,
       (int32) 101,
       (int32) 32,
       (int32) 103,
       (int32) 101,
       (int32) 116
      }
     },
     (gocui.viewLine) {
      linesX: (int) 0,
      linesY: (int) 46,
      line: ([]int32) (len=101 cap=128) {
       (int32) 58,
       (int32) 116,
       (int32) 101,
       (int32) 112,
       (int32) 112,
       (int32) 101,
       (int32) 114,
       (int32) 46,
       (int32) 102,
       (int32) 114,
       (int32) 101,
       (int32) 101,
       (int32) 110,
       (int32) 111,
       (int32) 100,
       (int32) 101,
       (int32) 46,
       (int32) 110,
       (int32) 101,
       (int32) 116,
       (int32) 32,
       (int32) 51,
       (int32) 55,
       (int32) 50,
       (int32) 32,
       (int32) 109,
       (int32) 101,
       (int32) 112,
       (int32) 104,
       (int32) 117,
       (int32) 120,
       (int32) 116,
       (int32) 101,
       (int32) 115,
       (int32) 116,
       (int32) 99,
       (int32) 111,
       (int32) 110,
       (int32) 110,
       (int32) 101,
       (int32) 99,
       (int32) 32,
       (int32) 58,
       (int32) 45,
       (int32) 32,
       (int32) 116,
       (int32) 111,
       (int32) 103,
       (int32) 101,
       (int32) 116,
       (int32) 104,
       (int32) 101,
       (int32) 114,
       (int32) 32,
       (int32) 119,
       (int32) 105,
       (int32) 116,
       (int32) 104,
       (int32) 32,
       (int32) 108,
       (int32) 105,
       (int32) 107,
       (int32) 101,
       (int32) 45,
       (int32) 109,
       (int32) 105,
       (int32) 110,
       (int32) 100,
       (int32) 101,
       (int32) 100,
       (int32) 32,
       (int32) 70,
       (int32) 79,
       (int32) 83,
       (int32) 83,
       (int32) 32,
       (int32) 101,
       (int32) 110,
       (int32) 116,
       (int32) 104,
       (int32) 117,
       (int32) 115,
       (int32) 105,
       (int32) 97,
       (int32) 115,
       (int32) 116,
       (int32) 115,
       (int32) 32,
       (int32) 102,
       (int32) 111,
       (int32) 114,
       (int32) 32,
       (int32) 116,
       (int32) 97,
       (int32) 108,
       (int32) 107,
       (int32) 115,
       (int32) 32,
       (int32) 97,
       (int32) 110,
       (int32) 100
      }
     },
     (gocui.viewLine) {
      linesX: (int) 0,
      linesY: (int) 47,
      line: ([]int32) (len=69 cap=128) {
       (int32) 58,
       (int32) 116,
       (int32) 101,
       (int32) 112,
       (int32) 112,
       (int32) 101,
       (int32) 114,
       (int32) 46,
       (int32) 102,
       (int32) 114,
       (int32) 101,
       (int32) 101,
       (int32) 110,
       (int32) 111,
       (int32) 100,
       (int32) 101,
       (int32) 46,
       (int32) 110,
       (int32) 101,
       (int32) 116,
       (int32) 32,
       (int32) 51,
       (int32) 55,
       (int32) 50,
       (int32) 32,
       (int32) 109,
       (int32) 101,
       (int32) 112,
       (int32) 104,
       (int32) 117,
       (int32) 120,
       (int32) 116,
       (int32) 101,
       (int32) 115,
       (int32) 116,
       (int32) 99,
       (int32) 111,
       (int32) 110,
       (int32) 110,
       (int32) 101,
       (int32) 99,
       (int32) 32,
       (int32) 58,
       (int32) 45,
       (int32) 32,
       (int32) 114,
       (int32) 101,
       (int32) 97,
       (int32) 108,
       (int32) 45,
       (int32) 108,
       (int32) 105,
       (int32) 102,
       (int32) 101,
       (int32) 32,
       (int32) 99,
       (int32) 111,
       (int32) 108,
       (int32) 108,
       (int32) 97,
       (int32) 98,
       (int32) 111,
       (int32) 114,
       (int32) 97,
       (int32) 116,
       (int32) 105,
       (int32) 111,
       (int32) 110,
       (int32) 46
      }
     },
     (gocui.viewLine) {
      linesX: (int) 0,
      linesY: (int) 48,
      line: ([]int32) (len=64 cap=64) {
       (int32) 58,
       (int32) 116,
       (int32) 101,
       (int32) 112,
       (int32) 112,
       (int32) 101,
       (int32) 114,
       (int32) 46,
       (int32) 102,
       (int32) 114,
       (int32) 101,
       (int32) 101,
       (int32) 110,
       (int32) 111,
       (int32) 100,
       (int32) 101,
       (int32) 46,
       (int32) 110,
       (int32) 101,
       (int32) 116,
       (int32) 32,
       (int32) 51,
       (int32) 55,
       (int32) 54,
       (int32) 32,
       (int32) 109,
       (int32) 101,
       (int32) 112,
       (int32) 104,
       (int32) 117,
       (int32) 120,
       (int32) 116,
       (int32) 101,
       (int32) 115,
       (int32) 116,
       (int32) 99,
       (int32) 111,
       (int32) 110,
       (int32) 110,
       (int32) 101,
       (int32) 99,
       (int32) 32,
       (int32) 58,
       (int32) 69,
       (int32) 110,
       (int32) 100,
       (int32) 32,
       (int32) 111,
       (int32) 102,
       (int32) 32,
       (int32) 47,
       (int32) 77,
       (int32) 79,
       (int32) 84,
       (int32) 68,
       (int32) 32,
       (int32) 99,
       (int32) 111,
       (int32) 109,
       (int32) 109,
       (int32) 97,
       (int32) 110,
       (int32) 100,
       (int32) 46
      }
     },
     (gocui.viewLine) {
      linesX: (int) 0,
      linesY: (int) 49,
      line: ([]int32) (len=81 cap=128) {
       (int32) 58,
       (int32) 116,
       (int32) 101,
       (int32) 112,
       (int32) 112,
       (int32) 101,
       (int32) 114,
       (int32) 46,
       (int32) 102,
       (int32) 114,
       (int32) 101,
       (int32) 101,
       (int32) 110,
       (int32) 111,
       (int32) 100,
       (int32) 101,
       (int32) 46,
       (int32) 110,
       (int32) 101,
       (int32) 116,
       (int32) 32,
       (int32) 51,
       (int32) 55,
       (int32) 50,
       (int32) 32,
       (int32) 109,
       (int32) 101,
       (int32) 112,
       (int32) 104,
       (int32) 117,
       (int32) 120,
       (int32) 116,
       (int32) 101,
       (int32) 115,
       (int32) 116,
       (int32) 99,
       (int32) 111,
       (int32) 110,
       (int32) 110,
       (int32) 101,
       (int32) 99,
       (int32) 32,
       (int32) 58,
       (int32) 45,
       (int32) 32,
       (int32) 114,
       (int32) 117,
       (int32) 110,
       (int32) 110,
       (int32) 105,
       (int32) 110,
       (int32) 103,
       (int32) 32,
       (int32) 102,
       (int32) 111,
       (int32) 114,
       (int32) 32,
       (int32) 116,
       (int32) 104,
       (int32) 101,
       (int32) 105,
       (int32) 114,
       (int32) 32,
       (int32) 115,
       (int32) 117,
       (int32) 115,
       (int32) 116,
       (int32) 97,
       (int32) 105,
       (int32) 110,
       (int32) 101,
       (int32) 100,
       (int32) 32,
       (int32) 115,
       (int32) 117,
       (int32) 112,
       (int32) 112,
       (int32) 111,
       (int32) 114,
       (int32) 116,
       (int32) 46
      }
     },
     (gocui.viewLine) {
      linesX: (int) 0,
      linesY: (int) 50,
      line: ([]int32) (len=91 cap=128) {
       (int32) 58,
       (int32) 116,
       (int32) 101,
       (int32) 112,
       (int32) 112,
       (int32) 101,
       (int32) 114,
       (int32) 46,
       (int32) 102,
       (int32) 114,
       (int32) 101,
       (int32) 101,
       (int32) 110,
       (int32) 111,
       (int32) 100,
       (int32) 101,
       (int32) 46,
       (int32) 110,
       (int32) 101,
       (int32) 116,
       (int32) 32,
       (int32) 51,
       (int32) 55,
       (int32) 50,
       (int32) 32,
       (int32) 109,
       (int32) 101,
       (int32) 112,
       (int32) 104,
       (int32) 117,
       (int32) 120,
       (int32) 116,
       (int32) 101,
       (int32) 115,
       (int32) 116,
       (int32) 99,
       (int32) 111,
       (int32) 110,
       (int32) 110,
       (int32) 101,
       (int32) 99,
       (int32) 32,
       (int32) 58,
       (int32) 45,
       (int32) 32,
       (int32) 87,
       (int32) 101,
       (int32) 32,
       (int32) 119,
       (int32) 111,
       (int32) 117,
       (int32) 108,
       (int32) 100,
       (int32) 32,
       (int32) 108,
       (int32) 105,
       (int32) 107,
       (int32) 101,
       (int32) 32,
       (int32) 116,
       (int32) 111,
       (int32) 32,
       (int32) 116,
       (int32) 104,
       (int32) 97,
       (int32) 110,
       (int32) 107,
       (int32) 32,
       (int32) 80,
       (int32) 114,
       (int32) 105,
       (int32) 118,
       (int32) 97,
       (int32) 116,
       (int32) 101,
       (int32) 32,
       (int32) 73,
       (int32) 110,
       (int32) 116,
       (int32) 101,
       (int32) 114,
       (int32) 110,
       (int32) 101,
       (int32) 116,
       (int32) 32,
       (int32) 65,
       (int32) 99,
       (int32) 99,
       (int32) 101,
       (int32) 115,
       (int32) 115
      }
     },
     (gocui.viewLine) {
      linesX: (int) 0,
      linesY: (int) 51,
      line: ([]int32) (len=99 cap=128) {
       (int32) 58,
       (int32) 116,
       (int32) 101,
       (int32) 112,
       (int32) 112,
       (int32) 101,
       (int32) 114,
       (int32) 46,
       (int32) 102,
       (int32) 114,
       (int32) 101,
       (int32) 101,
       (int32) 110,
       (int32) 111,
       (int32) 100,
       (int32) 101,
       (int32) 46,
       (int32) 110,
       (int32) 101,
       (int32) 116,
       (int32) 32,
       (int32) 51,
       (int32) 55,
       (int32) 50,
       (int32) 32,
       (int32) 109,
       (int32) 101,
       (int32) 112,
       (int32) 104,
       (int32) 117,
       (int32) 120,
       (int32) 116,
       (int32) 101,
       (int32) 115,
       (int32) 116,
       (int32) 99,
       (int32) 111,
       (int32) 110,
       (int32) 110,
       (int32) 101,
       (int32) 99,
       (int32) 32,
       (int32) 58,
       (int32) 45,
       (int32) 32,
       (int32) 40,
       (int32) 104,
       (int32) 116,
       (int32) 116,
       (int32) 112,
       (int32) 115,
       (int32) 58,
       (int32) 47,
       (int32) 47,
       (int32) 119,
       (int32) 119,
       (int32) 119,
       (int32) 46,
       (int32) 112,
       (int32) 114,
       (int32) 105,
       (int32) 118,
       (int32) 97,
       (int32) 116,
       (int32) 101,
       (int32) 105,
       (int32) 110,
       (int32) 116,
       (int32) 101,
       (int32) 114,
       (int32) 110,
       (int32) 101,
       (int32) 116,
       (int32) 97,
       (int32) 99,
       (int32) 99,
       (int32) 101,
       (int32) 115,
       (int32) 115,
       (int32) 46,
       (int32) 99,
       (int32) 111,
       (int32) 109,
       (int32) 47,
       (int32) 41,
       (int32) 32,
       (int32) 97,
       (int32) 110,
       (int32) 100,
       (int32) 32,
       (int32) 116,
       (int32) 104,
       (int32) 101,
       (int32) 32,
       (int32) 111,
       (int32) 116,
       (int32) 104,
       (int32) 101,
       (int32) 114
      }
     },
     (gocui.viewLine) {
      linesX: (int) 0,
      linesY: (int) 52,
      line: ([]int32) (len=105 cap=128) {
       (int32) 58,
       (int32) 116,
       (int32) 101,
       (int32) 112,
       (int32) 112,
       (int32) 101,
       (int32) 114,
       (int32) 46,
       (int32) 102,
       (int32) 114,
       (int32) 101,
       (int32) 101,
       (int32) 110,
       (int32) 111,
       (int32) 100,
       (int32) 101,
       (int32) 46,
       (int32) 110,
       (int32) 101,
       (int32) 116,
       (int32) 32,
       (int32) 51,
       (int32) 55,
       (int32) 50,
       (int32) 32,
       (int32) 109,
       (int32) 101,
       (int32) 112,
       (int32) 104,
       (int32) 117,
       (int32) 120,
       (int32) 116,
       (int32) 101,
       (int32) 115,
       (int32) 116,
       (int32) 99,
       (int32) 111,
       (int32) 110,
       (int32) 110,
       (int32) 101,
       (int32) 99,
       (int32) 32,
       (int32) 58,
       (int32) 45,
       (int32) 32,
       (int32) 111,
       (int32) 114,
       (int32) 103,
       (int32) 97,
       (int32) 110,
       (int32) 105,
       (int32) 115,
       (int32) 97,
       (int32) 116,
       (int32) 105,
       (int32) 111,
       (int32) 110,
       (int32) 115,
       (int32) 32,
       (int32) 116,
       (int32) 104,
       (int32) 97,
       (int32) 116,
       (int32) 32,
       (int32) 104,
       (int32) 101,
       (int32) 108,
       (int32) 112,
       (int32) 32,
       (int32) 107,
       (int32) 101,
       (int32) 101,
       (int32) 112,
       (int32) 32,
       (int32) 102,
       (int32) 114,
       (int32) 101,
       (int32) 101,
       (int32) 110,
       (int32) 111,
       (int32) 100,
       (int32) 101,
       (int32) 32,
       (int32) 97,
       (int32) 110,
       (int32) 100,
       (int32) 32,
       (int32) 111,
       (int32) 117,
       (int32) 114,
       (int32) 32,
       (int32) 111,
       (int32) 116,
       (int32) 104,
       (int32) 101,
       (int32) 114,
       (int32) 32,
       (int32) 112,
       (int32) 114,
       (int32) 111,
       (int32) 106,
       (int32) 101,
       (int32) 99,
       (int32) 116,
       (int32) 115
      }
     },
     (gocui.viewLine) {
      linesX: (int) 0,
      linesY: (int) 53,
      line: ([]int32) (len=97 cap=128) {
       (int32) 58,
       (int32) 116,
       (int32) 101,
       (int32) 112,
       (int32) 112,
       (int32) 101,
       (int32) 114,
       (int32) 46,
       (int32) 102,
       (int32) 114,
       (int32) 101,
       (int32) 101,
       (int32) 110,
       (int32) 111,
       (int32) 100,
       (int32) 101,
       (int32) 46,
       (int32) 110,
       (int32) 101,
       (int32) 116,
       (int32) 32,
       (int32) 51,
       (int32) 55,
       (int32) 50,
       (int32) 32,
       (int32) 109,
       (int32) 101,
       (int32) 112,
       (int32) 104,
       (int32) 117,
       (int32) 120,
       (int32) 116,
       (int32) 101,
       (int32) 115,
       (int32) 116,
       (int32) 99,
       (int32) 111,
       (int32) 110,
       (int32) 110,
       (int32) 101,
       (int32) 99,
       (int32) 32,
       (int32) 58,
       (int32) 45,
       (int32) 32,
       (int32) 111,
       (int32) 102,
       (int32) 32,
       (int32) 116,
       (int32) 104,
       (int32) 105,
       (int32) 115,
       (int32) 32,
       (int32) 115,
       (int32) 101,
       (int32) 114,
       (int32) 118,
       (int32) 101,
       (int32) 114,
       (int32) 44,
       (int32) 32,
       (int32) 100,
       (int32) 101,
       (int32) 116,
       (int32) 97,
       (int32) 105,
       (int32) 108,
       (int32) 115,
       (int32) 32,
       (int32) 111,
       (int32) 102,
       (int32) 32,
       (int32) 119,
       (int32) 104,
       (int32) 105,
       (int32) 99,
       (int32) 104,
       (int32) 32,
       (int32) 99,
       (int32) 97,
       (int32) 110,
       (int32) 32,
       (int32) 98,
       (int32) 101,
       (int32) 32,
       (int32) 102,
       (int32) 111,
       (int32) 117,
       (int32) 110,
       (int32) 100,
       (int32) 32,
       (int32) 97,
       (int32) 98,
       (int32) 111,
       (int32) 118,
       (int32) 101,
       (int32) 46
      }
     },
     (gocui.viewLine) {
      linesX: (int) 0,
      linesY: (int) 54,
      line: ([]int32) (len=46 cap=64) {
       (int32) 58,
       (int32) 116,
       (int32) 101,
       (int32) 112,
       (int32) 112,
       (int32) 101,
       (int32) 114,
       (int32) 46,
       (int32) 102,
       (int32) 114,
       (int32) 101,
       (int32) 101,
       (int32) 110,
       (int32) 111,
       (int32) 100,
       (int32) 101,
       (int32) 46,
       (int32) 110,
       (int32) 101,
       (int32) 116,
       (int32) 32,
       (int32) 51,
       (int32) 55,
       (int32) 50,
       (int32) 32,
       (int32) 109,
       (int32) 101,
       (int32) 112,
       (int32) 104,
       (int32) 117,
       (int32) 120,
       (int32) 116,
       (int32) 101,
       (int32) 115,
       (int32) 116,
       (int32) 99,
       (int32) 111,
       (int32) 110,
       (int32) 110,
       (int32) 101,
       (int32) 99,
       (int32) 32,
       (int32) 58,
       (int32) 45,
       (int32) 32,
       (int32) 32
      }
     },
     (gocui.viewLine) {
      linesX: (int) 0,
      linesY: (int) 55,
      line: ([]int32) (len=93 cap=128) {
       (int32) 58,
       (int32) 116,
       (int32) 101,
       (int32) 112,
       (int32) 112,
       (int32) 101,
       (int32) 114,
       (int32) 46,
       (int32) 102,
       (int32) 114,
       (int32) 101,
       (int32) 101,
       (int32) 110,
       (int32) 111,
       (int32) 100,
       (int32) 101,
       (int32) 46,
       (int32) 110,
       (int32) 101,
       (int32) 116,
       (int32) 32,
       (int32) 51,
       (int32) 55,
       (int32) 50,
       (int32) 32,
       (int32) 109,
       (int32) 101,
       (int32) 112,
       (int32) 104,
       (int32) 117,
       (int32) 120,
       (int32) 116,
       (int32) 101,
       (int32) 115,
       (int32) 116,
       (int32) 99,
       (int32) 111,
       (int32) 110,
       (int32) 110,
       (int32) 101,
       (int32) 99,
       (int32) 32,
       (int32) 58,
       (int32) 45,
       (int32) 32,
       (int32) 73,
       (int32) 110,
       (int32) 32,
       (int32) 112,
       (int32) 97,
       (int32) 114,
       (int32) 116,
       (int32) 105,
       (int32) 99,
       (int32) 117,
       (int32) 108,
       (int32) 97,
       (int32) 114,
       (int32) 32,
       (int32) 119,
       (int32) 101,
       (int32) 32,
       (int32) 119,
       (int32) 111,
       (int32) 117,
       (int32) 108,
       (int32) 100,
       (int32) 32,
       (int32) 108,
       (int32) 105,
       (int32) 107,
       (int32) 101,
       (int32) 32,
       (int32) 116,
       (int32) 111,
       (int32) 32,
       (int32) 116,
       (int32) 104,
       (int32) 97,
       (int32) 110,
       (int32) 107,
       (int32) 32,
       (int32) 116,
       (int32) 104,
       (int32) 101,
       (int32) 32,
       (int32) 115,
       (int32) 112,
       (int32) 111,
       (int32) 110,
       (int32) 115,
       (int32) 111,
       (int32) 114
      }
     },
     (gocui.viewLine) {
      linesX: (int) 0,
      linesY: (int) 56,
      line: ([]int32) (len=46 cap=64) {
       (int32) 58,
       (int32) 116,
       (int32) 101,
       (int32) 112,
       (int32) 112,
       (int32) 101,
       (int32) 114,
       (int32) 46,
       (int32) 102,
       (int32) 114,
       (int32) 101,
       (int32) 101,
       (int32) 110,
       (int32) 111,
       (int32) 100,
       (int32) 101,
       (int32) 46,
       (int32) 110,
       (int32) 101,
       (int32) 116,
       (int32) 32,
       (int32) 51,
       (int32) 55,
       (int32) 50,
       (int32) 32,
       (int32) 109,
       (int32) 101,
       (int32) 112,
       (int32) 104,
       (int32) 117,
       (int32) 120,
       (int32) 116,
       (int32) 101,
       (int32) 115,
       (int32) 116,
       (int32) 99,
       (int32) 111,
       (int32) 110,
       (int32) 110,
       (int32) 101,
       (int32) 99,
       (int32) 32,
       (int32) 58,
       (int32) 45,
       (int32) 32,
       (int32) 32
      }
     },
     (gocui.viewLine) {
      linesX: (int) 0,
      linesY: (int) 57,
      line: ([]int32) (len=16 cap=16) {
       (int32) 71,
       (int32) 79,
       (int32) 32,
       (int32) 67,
       (int32) 79,
       (int32) 77,
       (int32) 60,
       (int32) 77,
       (int32) 65,
       (int32) 78,
       (int32) 68,
       (int32) 32,
       (int32) 106,
       (int32) 111,
       (int32) 105,
       (int32) 110
      }
     },
     (gocui.viewLine) {
      linesX: (int) 0,
      linesY: (int) 58,
      line: ([]int32) (len=20 cap=32) {
       (int32) 74,
       (int32) 111,
       (int32) 105,
       (int32) 110,
       (int32) 32,
       (int32) 65,
       (int32) 114,
       (int32) 103,
       (int32) 115,
       (int32) 32,
       (int32) 91,
       (int32) 106,
       (int32) 111,
       (int32) 105,
       (int32) 110,
       (int32) 32,
       (int32) 35,
       (int32) 105,
       (int32) 51,
       (int32) 93
      }
     },
     (gocui.viewLine) {
      linesX: (int) 0,
      linesY: (int) 59,
      line: ([]int32) <nil>
     }
    },
    BgColor: (gocui.Attribute) 1,
    FgColor: (gocui.Attribute) 7,
    SelBgColor: (gocui.Attribute) 0,
    SelFgColor: (gocui.Attribute) 0,
    Editable: (bool) false,
    Overwrite: (bool) false,
    Highlight: (bool) true,
    Frame: (bool) true,
    Wrap: (bool) true,
    Autoscroll: (bool) true
   }),
   buf: ([]uint8) (len=57 cap=64) {
    00000000  43 6f 6e 6e 65 63 74 65  64 20 74 6f 20 69 72 63  |Connected to irc|
    00000010  2e 66 72 65 65 6e 6f 64  65 2e 6e 65 74 3a 36 36  |.freenode.net:66|
    00000020  36 37 20 28 31 39 32 2e  31 38 36 2e 31 35 37 2e  |67 (192.186.157.|
    00000030  34 33 3a 36 36 36 37 29  0a                       |43:6667).|
   }
  }),
  stopped: (bool) false
 })
})

logsutil.go:25: LINE /exit
logscommand.go:40: XXX IN REGISTER 0xc82001a1b0 0xc82001a1b0
logskomanda.go:56: BEFORE REGISTER 0xc8200a2280 0xc8200a2280
logskomanda.go:108: BEFORE REGISTER 0xc8200a2280 0xc8200a2280
logslayout.go:34: LAYOUT 0xc8200a2280 0xc8200a2280
logsutil.go:25: LINE /connect
logsutil.go:25: LINE /join #cooltestword
logsutil.go:25: LINE asdasd
logsserver.go:80: MSG #cooltestword mephux unaffiliated/mephux [#cooltestword asdfasdf]
logsutil.go:25: LINE 
logsutil.go:25: LINE 
logsutil.go:25: LINE /join #i3
logsstatus.go:57: TOPIC :tepper.freenode.net 332 mephuxtestconnec #i3 :i3 v4.11 released | i3status 2.10 released | i3lock 2.7 released | http://code.i3wm.org/ | http://i3wm.org/ | http://faq.i3wm.org/ | http://build.i3wm.org/download-count.txt | paste at http://p.nnev.de/ | file upload at https://transfer.sh/
logsserver.go:80: MSG #cooltestword mephux unaffiliated/mephux [#cooltestword clear]
logsserver.go:80: MSG #cooltestword mephux unaffiliated/mephux [#cooltestword clear]
logsutil.go:25: LINE /exit
logscommand.go:40: XXX IN REGISTER 0xc82001a240 0xc82001a240
logskomanda.go:56: BEFORE REGISTER 0xc8200a2280 0xc8200a2280
logskomanda.go:108: BEFORE REGISTER 0xc8200a2280 0xc8200a2280
logslayout.go:34: LAYOUT 0xc8200a2280 0xc8200a2280
logsutil.go:25: LINE /connect
logsutil.go:25: LINE /join #i3
logsstatus.go:57: TOPIC :tepper.freenode.net 332 mephuxtestconnec #i3 :i3 v4.11 released | i3status 2.10 released | i3lock 2.7 released | http://code.i3wm.org/ | http://i3wm.org/ | http://faq.i3wm.org/ | http://build.i3wm.org/download-count.txt | paste at http://p.nnev.de/ | file upload at https://transfer.sh/
logsutil.go:25: LINE /exit
logscommand.go:40: XXX IN REGISTER 0xc82001a240 0xc82001a240
logskomanda.go:56: BEFORE REGISTER 0xc8200a2280 0xc8200a2280
logskomanda.go:108: BEFORE REGISTER 0xc8200a2280 0xc8200a2280
logslayout.go:34: LAYOUT 0xc8200a2280 0xc8200a2280
logsutil.go:25: LINE /connect
logsutil.go:25: LINE /join #cooltestword
logsutil.go:25: LINE /part #cooltestword
logsutil.go:25: LINE /join #cooltextword
logsutil.go:25: LINE /join #test
logsstatus.go:57: TOPIC :tepper.freenode.net 332 mephuxtestconnec #test :Welcome to freenode's test channel | Note: This is NOT #flood! Be nice, do NOT spam and do NOT paste senseless crap here. Try to be nice and helpful. Test and develop your bot in channel #botwar.
logsstatus.go:62: TOPIC mephuxtestconnec ::: #test
logscommand.go:40: XXX IN REGISTER 0xc82001a240 0xc82001a240
logskomanda.go:56: BEFORE REGISTER 0xc8200a2280 0xc8200a2280
logskomanda.go:108: BEFORE REGISTER 0xc8200a2280 0xc8200a2280
logslayout.go:34: LAYOUT 0xc8200a2280 0xc8200a2280
logsutil.go:25: LINE /connect
logsutil.go:25: LINE /join #test
logsstatus.go:57: TOPIC :tepper.freenode.net 332 mephuxtestconnec #test :Welcome to freenode's test channel | Note: This is NOT #flood! Be nice, do NOT spam and do NOT paste senseless crap here. Try to be nice and helpful. Test and develop your bot in channel #botwar.
logsstatus.go:62: TOPIC #test ::: Welcome to freenode's test channel | Note: This is NOT #flood! Be nice, do NOT spam and do NOT paste senseless crap here. Try to be nice and helpful. Test and develop your bot in channel #botwar.
logsutil.go:25: LINE /join #flood
logsstatus.go:57: TOPIC :tepper.freenode.net 332 mephuxtestconnec #flood :Topic for #flood: Please don't paste useless stuff, such as ascii art or the nicks in #flood | If you abuse this channel, you will be banned temporarily | Remove comments from lengthy files (ex: grep -v '^#' file) | For large amounts of text, consider a paste site (like http://pastie.org/ or http://channels.debian.net/paste/), or a separate channel | Problems? /msg dondelelcaro, Udon
logsstatus.go:62: TOPIC #flood ::: Topic for #flood: Please don't paste useless stuff, such as ascii art or the nicks in #flood | If you abuse this channel, you will be banned temporarily | Remove comments from lengthy files (ex: grep -v '^#' file) | For large amounts of text, consider a paste site (like http://pastie.org/ or http://channels.debian.net/paste/), or a separate channel | Problems? /msg dondelelcaro, Udon
logsutil.go:25: LINE 
logsutil.go:25: LINE 
logsutil.go:25: LINE 
logsutil.go:25: LINE 
logsutil.go:25: LINE 
logsutil.go:25: LINE /part
logsutil.go:25: LINE /part #flood
logsutil.go:25: LINE /part test
logsutil.go:25: LINE /part #test
logsutil.go:25: LINE /exit
logscommand.go:40: XXX IN REGISTER 0xc82001a1b0 0xc82001a1b0
logskomanda.go:56: BEFORE REGISTER 0xc8200a2280 0xc8200a2280
logskomanda.go:108: BEFORE REGISTER 0xc8200a2280 0xc8200a2280
logslayout.go:34: LAYOUT 0xc8200a2280 0xc8200a2280
logsutil.go:25: LINE /connect
logsutil.go:25: LINE /join #cooltestword
logsstatus.go:57: TOPIC :tepper.freenode.net 332 mephuxtestconnec #cooltestword :word
logsstatus.go:62: TOPIC #cooltestword ::: word
logsutil.go:25: LINE /join #flood
logsstatus.go:57: TOPIC :tepper.freenode.net 332 mephuxtestconnec #flood :Topic for #flood: Please don't paste useless stuff, such as ascii art or the nicks in #flood | If you abuse this channel, you will be banned temporarily | Remove comments from lengthy files (ex: grep -v '^#' file) | For large amounts of text, consider a paste site (like http://pastie.org/ or http://channels.debian.net/paste/), or a separate channel | Problems? /msg dondelelcaro, Udon
logsstatus.go:62: TOPIC #flood ::: Topic for #flood: Please don't paste useless stuff, such as ascii art or the nicks in #flood | If you abuse this channel, you will be banned temporarily | Remove comments from lengthy files (ex: grep -v '^#' file) | For large amounts of text, consider a paste site (like http://pastie.org/ or http://channels.debian.net/paste/), or a separate channel | Problems? /msg dondelelcaro, Udon
logsutil.go:25: LINE /part #flood
logsutil.go:25: LINE word
logscommand.go:40: XXX IN REGISTER 0xc82001a240 0xc82001a240
logskomanda.go:56: BEFORE REGISTER 0xc8200a2280 0xc8200a2280
logskomanda.go:108: BEFORE REGISTER 0xc8200a2280 0xc8200a2280
logslayout.go:34: LAYOUT 0xc8200a2280 0xc8200a2280
logsutil.go:25: LINE /connect
logsutil.go:25: LINE /exit
logscommand.go:40: XXX IN REGISTER 0xc82001a240 0xc82001a240
logskomanda.go:56: BEFORE REGISTER 0xc8200a2280 0xc8200a2280
logskomanda.go:108: BEFORE REGISTER 0xc8200a2280 0xc8200a2280
logslayout.go:34: LAYOUT 0xc8200a2280 0xc8200a2280
logsutil.go:25: LINE /connect
logsutil.go:25: LINE /join #flood
logsstatus.go:57: TOPIC :tepper.freenode.net 332 mephuxtestconnec #flood :Topic for #flood: Please don't paste useless stuff, such as ascii art or the nicks in #flood | If you abuse this channel, you will be banned temporarily | Remove comments from lengthy files (ex: grep -v '^#' file) | For large amounts of text, consider a paste site (like http://pastie.org/ or http://channels.debian.net/paste/), or a separate channel | Problems? /msg dondelelcaro, Udon
logsstatus.go:62: TOPIC #flood ::: Topic for #flood: Please don't paste useless stuff, such as ascii art or the nicks in #flood | If you abuse this channel, you will be banned temporarily | Remove comments from lengthy files (ex: grep -v '^#' file) | For large amounts of text, consider a paste site (like http://pastie.org/ or http://channels.debian.net/paste/), or a separate channel | Problems? /msg dondelelcaro, Udon
logsutil.go:25: LINE /part #flood
logsutil.go:25: LINE /join #cooltestword
logsstatus.go:57: TOPIC :tepper.freenode.net 332 mephuxtestconnec #cooltestword :word
logsstatus.go:62: TOPIC #cooltestword ::: word
logsutil.go:25: LINE 
logsutil.go:25: LINE 
logsutil.go:25: LINE 
logsutil.go:25: LINE 
logsutil.go:25: LINE 
logsutil.go:25: LINE asdfasdf
logsutil.go:25: LINE 
logsutil.go:25: LINE 
logsutil.go:25: LINE 
logsutil.go:25: LINE 
logsutil.go:25: LINE 
logsutil.go:25: LINE szfsdfsde
logsutil.go:25: LINE /topic
logsutil.go:25: LINE adsfasdf
logsutil.go:25: LINE 
logsutil.go:25: LINE 
logsutil.go:25: LINE asdf
logsutil.go:25: LINE 
logsutil.go:25: LINE 
logsutil.go:25: LINE 
logsutil.go:25: LINE /exit
logscommand.go:40: XXX IN REGISTER 0xc82001a240 0xc82001a240
logskomanda.go:56: BEFORE REGISTER 0xc8200a2280 0xc8200a2280
logskomanda.go:108: BEFORE REGISTER 0xc8200a2280 0xc8200a2280
logslayout.go:34: LAYOUT 0xc8200a2280 0xc8200a2280
logsutil.go:25: LINE /connect
logsutil.go:25: LINE /join #cooltestword
logsutil.go:25: LINE asd
logsutil.go:25: LINE asdasd
logsutil.go:25: LINE /exit
logscommand.go:40: XXX IN REGISTER 0xc82001a1b0 0xc82001a1b0
logskomanda.go:56: BEFORE REGISTER 0xc8200a2280 0xc8200a2280
logskomanda.go:108: BEFORE REGISTER 0xc8200a2280 0xc8200a2280
logslayout.go:34: LAYOUT 0xc8200a2280 0xc8200a2280
logsutil.go:25: LINE /connect
logsutil.go:25: LINE /join #cooltestword
logsutil.go:25: LINE asdlkasjdhfkl
logsutil.go:25: LINE a;lsdjkf;l
logsutil.go:147: RESIZE -10000000 37 -9999883 40
logsutil.go:147: RESIZE -1 -1 116 37
logsutil.go:131: SET CHANNEL #cooltestword
logsutil.go:147: RESIZE -10000000 37 -9999883 40
logsutil.go:147: RESIZE -1 -1 116 37
logsutil.go:131: SET CHANNEL status
logsutil.go:147: RESIZE -10000000 37 -9999883 40
logsutil.go:147: RESIZE -1 -1 116 37
logsutil.go:131: SET CHANNEL #cooltestword
logsutil.go:147: RESIZE -10000000 37 -9999883 40
logsutil.go:147: RESIZE -1 -1 116 37
logsutil.go:131: SET CHANNEL status
logsutil.go:147: RESIZE -10000000 37 -9999883 40
logsutil.go:147: RESIZE -1 -1 116 37
logsutil.go:131: SET CHANNEL #cooltestword
logsutil.go:147: RESIZE -10000000 37 -9999883 40
logsutil.go:147: RESIZE -1 -1 116 37
logsutil.go:131: SET CHANNEL status
logsutil.go:147: RESIZE -10000000 37 -9999883 40
logsutil.go:147: RESIZE -1 -1 116 37
logsutil.go:131: SET CHANNEL #cooltestword
logsutil.go:147: RESIZE -10000000 37 -9999883 40
logsutil.go:147: RESIZE -1 -1 116 37
logsutil.go:131: SET CHANNEL status
logsutil.go:147: RESIZE -10000000 37 -9999883 40
logsutil.go:147: RESIZE -1 -1 116 37
logsutil.go:131: SET CHANNEL #cooltestword
logsutil.go:147: RESIZE -10000000 37 -9999883 40
logsutil.go:147: RESIZE -1 -1 116 37
logsutil.go:131: SET CHANNEL status
logsutil.go:147: RESIZE -10000000 37 -9999883 40
logsutil.go:147: RESIZE -1 -1 116 37
logsutil.go:131: SET CHANNEL #cooltestword
logsutil.go:147: RESIZE -10000000 37 -9999883 40
logsutil.go:147: RESIZE -1 -1 116 37
logsutil.go:131: SET CHANNEL status
logsutil.go:147: RESIZE -10000000 37 -9999883 40
logsutil.go:147: RESIZE -1 -1 116 37
logsutil.go:131: SET CHANNEL #cooltestword
logsutil.go:147: RESIZE -10000000 37 -9999883 40
logsutil.go:147: RESIZE -1 -1 116 37
logsutil.go:131: SET CHANNEL status
logsutil.go:147: RESIZE -10000000 37 -9999883 40
logsutil.go:147: RESIZE -1 -1 116 37
logsutil.go:131: SET CHANNEL #cooltestword
logsutil.go:147: RESIZE -10000000 37 -9999883 40
logsutil.go:147: RESIZE -1 -1 116 37
logsutil.go:131: SET CHANNEL status
logsutil.go:25: LINE /part 
logsutil.go:25: LINE /part
logsutil.go:25: LINE /exit
logscommand.go:40: XXX IN REGISTER 0xc82001a1b0 0xc82001a1b0
logskomanda.go:56: BEFORE REGISTER 0xc8200a2280 0xc8200a2280
logskomanda.go:108: BEFORE REGISTER 0xc8200a2280 0xc8200a2280
logslayout.go:34: LAYOUT 0xc8200a2280 0xc8200a2280
logsutil.go:25: LINE /part
logsutil.go:25: LINE /connect
logsutil.go:25: LINE /join #cooltestword
logsutil.go:25: LINE lksadjhflkasdf
logsutil.go:25: LINE as;ldjfhlkasdf
logsutil.go:25: LINE asldfjhlakisd
logsutil.go:25: LINE /part
logsutil.go:25: LINE /exit
logscommand.go:40: XXX IN REGISTER 0xc82001a1b0 0xc82001a1b0
logskomanda.go:56: BEFORE REGISTER 0xc8200a2280 0xc8200a2280
logskomanda.go:108: BEFORE REGISTER 0xc8200a2280 0xc8200a2280
logslayout.go:34: LAYOUT 0xc8200a2280 0xc8200a2280
logsutil.go:25: LINE /connect
logsutil.go:25: LINE /join #cooltestword
logsutil.go:25: LINE /join 
logsutil.go:25: LINE 
logsutil.go:25: LINE 
logsutil.go:25: LINE /join #cooltestword
logsutil.go:25: LINE /exit
logscommand.go:40: XXX IN REGISTER 0xc82001a1b0 0xc82001a1b0
logskomanda.go:56: BEFORE REGISTER 0xc8200a2280 0xc8200a2280
logskomanda.go:108: BEFORE REGISTER 0xc8200a2280 0xc8200a2280
logslayout.go:34: LAYOUT 0xc8200a2280 0xc8200a2280
logsutil.go:25: LINE exit
logsutil.go:25: LINE /xit
logsutil.go:25: LINE /exit
logscommand.go:40: XXX IN REGISTER 0xc82001a1b0 0xc82001a1b0
logskomanda.go:56: BEFORE REGISTER 0xc8200a2280 0xc8200a2280
logskomanda.go:108: BEFORE REGISTER 0xc8200a2280 0xc8200a2280
logslayout.go:34: LAYOUT 0xc8200a2280 0xc8200a2280
logsutil.go:25: LINE /connect
logsutil.go:25: LINE /join #cooltestword
logsutil.go:25: LINE /exit
logscommand.go:40: XXX IN REGISTER 0xc82001a1b0 0xc82001a1b0
logskomanda.go:56: BEFORE REGISTER 0xc8200a2280 0xc8200a2280
logskomanda.go:108: BEFORE REGISTER 0xc8200a2280 0xc8200a2280
logslayout.go:34: LAYOUT 0xc8200a2280 0xc8200a2280
logsutil.go:25: LINE /connect
logsutil.go:25: LINE /join #cooltestword
logsutil.go:25: LINE /exit
logscommand.go:40: XXX IN REGISTER 0xc82001a1b0 0xc82001a1b0
logskomanda.go:56: BEFORE REGISTER 0xc8200a2280 0xc8200a2280
logskomanda.go:108: BEFORE REGISTER 0xc8200a2280 0xc8200a2280
logslayout.go:34: LAYOUT 0xc8200a2280 0xc8200a2280
logsutil.go:25: LINE /connect
logsutil.go:25: LINE /join #cooltestword
logsutil.go:25: LINE a;lksjdhflkasdf
logsutil.go:25: LINE asdklfjhkjasdf
logsutil.go:25: LINE asdklfjhalksdf
logsutil.go:25: LINE /part
logsutil.go:158: RESIZE -10000000 37 -9999883 40
logsutil.go:158: RESIZE -1 -1 116 37
logsutil.go:142: SET CHANNEL #cooltestword
logsutil.go:158: RESIZE -10000000 37 -9999883 40
logsutil.go:158: RESIZE -1 -1 116 37
logsutil.go:142: SET CHANNEL status
logsutil.go:158: RESIZE -10000000 37 -9999883 40
logsutil.go:158: RESIZE -1 -1 116 37
logsutil.go:142: SET CHANNEL #cooltestword
logsutil.go:25: LINE /part #cooltestword
logsutil.go:25: LINE /part
logsutil.go:25: LINE /exit
logscommand.go:40: XXX IN REGISTER 0xc82001a240 0xc82001a240
logskomanda.go:56: BEFORE REGISTER 0xc8200a2280 0xc8200a2280
logskomanda.go:108: BEFORE REGISTER 0xc8200a2280 0xc8200a2280
logslayout.go:34: LAYOUT 0xc8200a2280 0xc8200a2280
logsutil.go:25: LINE /exit
logscommand.go:40: XXX IN REGISTER 0xc82001a1b0 0xc82001a1b0
logskomanda.go:56: BEFORE REGISTER 0xc8200a2280 0xc8200a2280
logskomanda.go:108: BEFORE REGISTER 0xc8200a2280 0xc8200a2280
logslayout.go:34: LAYOUT 0xc8200a2280 0xc8200a2280
logsutil.go:25: LINE /connect
logsutil.go:25: LINE /join #cooltestword
logsutil.go:25: LINE flak;sjdhflkajsdf
logsutil.go:25: LINE sadfkhasdkf
logsutil.go:25: LINE aklsjdhfkiasd
logsutil.go:25: LINE /part
logsutil.go:25: LINE /part
logslayout.go:34: LAYOUT 0xc8200a2280 0xc8200a2280
logsutil.go:25: LINE 
logsutil.go:25: LINE 
logsutil.go:25: LINE 
logsutil.go:25: LINE 
logsutil.go:25: LINE 
logsutil.go:25: LINE 
logsutil.go:25: LINE 
logsutil.go:25: LINE /join #cooltestword
logsutil.go:25: LINE 
logsutil.go:25: LINE 
logsutil.go:25: LINE asdfljasd
logsutil.go:25: LINE asd
logsutil.go:25: LINE f
logsutil.go:25: LINE asdf
logsutil.go:25: LINE 
logsutil.go:25: LINE 
logsutil.go:25: LINE sadf
logsutil.go:25: LINE /part
logsutil.go:25: LINE /exit
logscommand.go:40: XXX IN REGISTER 0xc82001a240 0xc82001a240
logskomanda.go:56: BEFORE REGISTER 0xc8200a2280 0xc8200a2280
logskomanda.go:108: BEFORE REGISTER 0xc8200a2280 0xc8200a2280
logslayout.go:34: LAYOUT 0xc8200a2280 0xc8200a2280
logsutil.go:26: LINE /connect
logsutil.go:26: LINE /join #cooltestword
logsutil.go:26: LINE l;skadjfhlkasdf
logsutil.go:26: LINE asd;fljal;sdf
logsutil.go:26: LINE asd;lfja;sldf
logsutil.go:26: LINE l;asdjkf
logsutil.go:26: LINE /part
logsutil.go:26: LINE /part
logsutil.go:26: LINE /part
logsutil.go:26: LINE /part
logsutil.go:26: LINE /join #cooltestword
logsutil.go:26: LINE klsajdfasd
logsutil.go:26: LINE asdf
logsutil.go:26: LINE asdf
logsserver.go:94: MSG #cooltestword mephux unaffiliated/mephux [#cooltestword sup]
logsserver.go:94: MSG #cooltestword mephux unaffiliated/mephux [#cooltestword sup]
logsserver.go:94: MSG #cooltestword mephux unaffiliated/mephux [#cooltestword sup]
logsserver.go:94: MSG #cooltestword mephux unaffiliated/mephux [#cooltestword sup]
logsserver.go:94: MSG #cooltestword mephux unaffiliated/mephux [#cooltestword yolllaa]
logsserver.go:94: MSG #cooltestword mephux unaffiliated/mephux [#cooltestword yolllaa]
logsutil.go:26: LINE /part
logsutil.go:26: LINE /exit
logscommand.go:40: XXX IN REGISTER 0xc82001a1b0 0xc82001a1b0
logskomanda.go:56: BEFORE REGISTER 0xc8200a2280 0xc8200a2280
logskomanda.go:108: BEFORE REGISTER 0xc8200a2280 0xc8200a2280
logslayout.go:34: LAYOUT 0xc8200a2280 0xc8200a2280
logsutil.go:26: LINE /connect
logsutil.go:26: LINE /join #cooltestword
logsutil.go:26: LINE asdf
logsutil.go:26: LINE asdf
logsutil.go:26: LINE asdf
logsutil.go:26: LINE asdf
logsutil.go:26: LINE asdf
logsstatus.go:91: MSG #cooltestword mephux unaffiliated/mephux [#cooltestword cool]
logsutil.go:26: LINE /part
logsutil.go:26: LINE /join #cooltestword
logsstatus.go:91: MSG #cooltestword mephux unaffiliated/mephux [#cooltestword hey]
logsutil.go:26: LINE hey
logsutil.go:26: LINE /exit
logscommand.go:40: XXX IN REGISTER 0xc82001a1b0 0xc82001a1b0
logskomanda.go:56: BEFORE REGISTER 0xc8200a2280 0xc8200a2280
logskomanda.go:108: BEFORE REGISTER 0xc8200a2280 0xc8200a2280
logslayout.go:34: LAYOUT 0xc8200a2280 0xc8200a2280
logsutil.go:26: LINE /connect
logsutil.go:26: LINE /join #cooltestword
logsutil.go:26: LINE hey
logsutil.go:26: LINE WTF
logsutil.go:26: LINE /part
logsutil.go:26: LINE /exit
